Resetting environment
Deactivating conda environment (if any)
Purging all modules
Done! Environment has been torn down
Allocating resources with slurm...
Loading cuda and miniforge...
Activating conda environment...
Redirecting into the NEXRAD repo...
Done! Environment has now been set up
Mon Apr 27 16:24:24 2026       
+-----------------------------------------------------------------------------------------+
| NVIDIA-SMI 575.57.08              Driver Version: 575.57.08      CUDA Version: 12.9     |
|-----------------------------------------+------------------------+----------------------+
| GPU  Name                 Persistence-M | Bus-Id          Disp.A | Volatile Uncorr. ECC |
| Fan  Temp   Perf          Pwr:Usage/Cap |           Memory-Usage | GPU-Util  Compute M. |
|                                         |                        |               MIG M. |
|=========================================+========================+======================|
|   0  NVIDIA H200 NVL                On  |   00000001:15:00.0 Off |                    0 |
| N/A   43C    P0             74W /  450W |       0MiB / 143771MiB |      0%      Default |
|                                         |                        |             Disabled |
+-----------------------------------------+------------------------+----------------------+
                                                                                         
+-----------------------------------------------------------------------------------------+
| Processes:                                                                              |
|  GPU   GI   CI              PID   Type   Process name                        GPU Memory |
|        ID   ID                                                               Usage      |
|=========================================================================================|
|  No running processes found                                                             |
+-----------------------------------------------------------------------------------------+
==============================================
CONUS Radar Prediction Pipeline
  Model: resnet
  Weights: /cluster/tufts/capstone25skyblue/eelkus01/NEXRADTurbulencePrediction/model_training/trained_model_outputs/2026-04-17T14:42:23.042415_best_resnet_model_w_seed_42.pth
  Time: 2025-12-19T16:33:00
  Grid step: 0.5 deg
==============================================

STEP 1: Generating CONUS grid and finding radar files...
  Generating grid CSV...
  Grid CSV has 23869 rows
  Piping through get_radars_for_pirep.py to find radar scans...
  Radar CSV has 23869 rows

STEP 2: Downloading radar data and running predictions...
Device: cuda
Model: resnet
Input CSV: 23868 rows
Using LRU radar cache (max 70 files in memory)
  Processed 500/23868 (500 no radar) [440s] cache: 31/70 files, hits=2409 misses=31 evictions=0 errors=0
  Processed 1000/23868 (995 no radar) [779s] cache: 31/70 files, hits=4837 misses=31 evictions=0 errors=0
  Processed 1500/23868 (1492 no radar) [1114s] cache: 31/70 files, hits=7241 misses=31 evictions=0 errors=0
  Processed 2000/23868 (1990 no radar) [1463s] cache: 32/70 files, hits=9640 misses=32 evictions=0 errors=0
  Processed 2500/23868 (2487 no radar) [1802s] cache: 33/70 files, hits=12027 misses=33 evictions=0 errors=0

Python exit code: 0
Output files:
total 12767
drwxrws--- 2 eelkus01 capstone25skyblue     4096 Apr 26 17:01 .
drwxrws--- 2 eelkus01 capstone25skyblue     4096 Apr 27 16:13 ..
-rw-rw---- 1 eelkus01 capstone25skyblue  1837229 Apr 27 16:24 conus_grid.csv
-rw-rw---- 1 eelkus01 capstone25skyblue 11235838 Apr 27 16:25 conus_with_radars.csv
Deactivating conda environment (if any)
Purging all modules
Done! Environment has been torn down
All done!
