Resetting environment
Deactivating conda environment (if any)
Purging all modules
Done! Environment has been torn down
Allocating resources with slurm...
Loading cuda and miniforge...
Activating conda environment...
Redirecting into the NEXRAD repo...
Done! Environment has now been set up
Sun Apr 26 20:57:11 2026       
+-----------------------------------------------------------------------------------------+
| NVIDIA-SMI 575.57.08              Driver Version: 575.57.08      CUDA Version: 12.9     |
|-----------------------------------------+------------------------+----------------------+
| GPU  Name                 Persistence-M | Bus-Id          Disp.A | Volatile Uncorr. ECC |
| Fan  Temp   Perf          Pwr:Usage/Cap |           Memory-Usage | GPU-Util  Compute M. |
|                                         |                        |               MIG M. |
|=========================================+========================+======================|
|   0  NVIDIA L40S                    On  |   00000000:40:00.0 Off |                    0 |
| N/A   34C    P8             34W /  350W |       0MiB /  46068MiB |      0%      Default |
|                                         |                        |                  N/A |
+-----------------------------------------+------------------------+----------------------+
                                                                                         
+-----------------------------------------------------------------------------------------+
| Processes:                                                                              |
|  GPU   GI   CI              PID   Type   Process name                        GPU Memory |
|        ID   ID                                                               Usage      |
|=========================================================================================|
|  No running processes found                                                             |
+-----------------------------------------------------------------------------------------+
==============================================
CONUS Radar Prediction Pipeline
  Model: resnet
  Weights: /cluster/tufts/capstone25skyblue/eelkus01/NEXRADTurbulencePrediction/model_training/trained_model_outputs/2026-04-17T14:42:23.042415_best_resnet_model_w_seed_42.pth
  Time: 2026-04-24T10:00:00
  Grid step: 0.5 deg
==============================================

STEP 1: Generating CONUS grid and finding radar files...
  Generating grid CSV...
  Grid CSV has 23869 rows
  Piping through get_radars_for_pirep.py to find radar scans...
  Radar CSV has 23869 rows

STEP 2: Downloading radar data and running predictions...
Device: cuda
Model: resnet
Input CSV: 23868 rows
Preloading 139 unique radar files...
  Preloaded 20/139 files (0 errors) [29s]
  Preloaded 40/139 files (0 errors) [58s]
  Preloaded 60/139 files (0 errors) [86s]

Python exit code: 0
Output files:
total 12661
drwxrws--- 2 eelkus01 capstone25skyblue     4096 Apr 26 17:01 .
drwxrws--- 2 eelkus01 capstone25skyblue     4096 Apr 26 20:53 ..
-rw-rw---- 1 eelkus01 capstone25skyblue  1837229 Apr 26 20:57 conus_grid.csv
-rw-rw---- 1 eelkus01 capstone25skyblue 11126498 Apr 26 20:57 conus_with_radars.csv
Deactivating conda environment (if any)
Purging all modules
Done! Environment has been torn down
All done!
