Resetting environment
Deactivating conda environment (if any)
Purging all modules
Done! Environment has been torn down
Allocating resources with slurm...
Loading cuda and miniforge...
Activating conda environment...
Redirecting into the NEXRAD repo...
Done! Environment has now been set up
Training ensemble model
  Seed: 42
  Radar: resnet (/cluster/tufts/capstone25skyblue/eelkus01/NEXRADTurbulencePrediction/model_training/trained_model_outputs/2026-04-17T14:42:23.042415_best_resnet_model_w_seed_42.pth)
  Satellite: /cluster/tufts/capstone25skyblue/eelkus01/SatelliteTurbulencePrediction/src/trained_model_outputs/2026_04_18_01_00_conv3d_seed_42.pth (data: /cluster/tufts/capstone25skyblue/eelkus01/SatelliteTurbulencePrediction/model_inputs)
Device: cuda

Loading radar model and generating predictions...
Radar predictions: 27181 samples
  severe_prob: min=0.0000, max=1.0000, mean=0.6537

Loading satellite model and generating predictions...
WARNING: Satellite model not available. Using dummy predictions.

Building ensemble features...
Ensemble dataset: 27181 samples, 6 features
Label distribution: 0=9109, 1=18072

Training ensemble model...
  L2=0.01: avg CV loss=0.6356
  L2=0.001: avg CV loss=0.6869
  L2=0.0001: avg CV loss=0.7754
  L2=0: avg CV loss=0.6496
Best L2: 0.01 (loss: 0.6356)

Retraining on full training set...

Evaluating on test set...

Ensemble Results:
  Accuracy: 2629/4077 (64.48%)
  Precision: 0.6455
  Recall: 0.9950
  F1: 0.7830
  Confusion: TP=2613, FP=1435, TN=16, FN=13
  Prob stats: min=0.0244, max=0.9440, mean=0.7280

Model saved to /cluster/tufts/capstone25skyblue/eelkus01/NEXRADTurbulencePrediction/model_training/trained_model_outputs/2026_04_29_10_05_ensemble_seed_42.pth
Results saved to /cluster/tufts/capstone25skyblue/eelkus01/NEXRADTurbulencePrediction/model_training/trained_model_outputs/2026_04_29_10_05_ensemble_seed_42_results.json
Per-sample predictions saved to /cluster/tufts/capstone25skyblue/eelkus01/NEXRADTurbulencePrediction/model_training/trained_model_outputs/2026_04_29_10_05_ensemble_seed_42_predictions.csv (4077 rows)
Python exit code: 0
Deactivating conda environment (if any)
Purging all modules
Done! Environment has been torn down
All done!
