srun: error: Unable to create step for job 414872: Invalid generic resource (gres) specification
**** get_sigmets.py: Download and clean Convective SIGMETs ****
Fetching SIGMETs from IEM for september 2022...
URL params: sts=2022-09-01T00:00:00Z, ets=2022-10-01T00:00:00Z
Response status: 200
Response was 780.2 KB
Loaded 7185 raw SIGMET records
Dropped 0 rows with missing time/geometry
Processed 7185 valid SIGMET records
Writing 7185 SIGMETs to output
Writing CSV to: /cluster/tufts/capstone25skyblue/eelkus01/NEXRADTurbulencePrediction/pireps/sigmet_data/2022/09_sigmets.csv
Finished writing SIGMET CSV
**** Welcome! This script will take a month and year and return a csv file ****
**** with pireps that mention turbulence from this month and year          ****
Performing GET request, this may take a moment...
Request was 8.04 Mb
Attempting to create dataframe from csv file
Successfully created dataframe from CSV file
Cleaning dataframe
Loaded columns: ['URGENT', 'AIRCRAFT', 'REPORT', 'TURBULENCE', 'PRODUCT_ID', 'FL', 'LAT', 'LON', 'datetime']
Classifying levels of turbulence
We dropped 30065/60784 pireps with unknown turbulence intensity
Dropping pireps w/ NA flight level, latitude, or longitude
We dropped 1859/30719 pireps with unknown flight level, latitude, or longitude
Severe PIREPs: 132, Non-severe PIREPs sampled: 132/28728
Final dataset size: 264/28860 pireps
Fetching SIGMETs to annotate PIREPs...
Fetching SIGMETs from IEM for september 2022...
URL params: sts=2022-09-01T00:00:00Z, ets=2022-10-01T00:00:00Z
Response status: 200
Response was 780.2 KB
Loaded 7185 raw SIGMET records
Dropped 0 rows with missing time/geometry
Processed 7185 valid SIGMET records
SIGMETs found for 50 PIREPs
Writing 264 pireps with altitude and turbulence to csv
Writing csv to output file: /cluster/tufts/capstone25skyblue/eelkus01/NEXRADTurbulencePrediction/pireps/clean_pirep_data/2022/09_turb_pireps.csv
Finished writing csv output
