srun: error: Unable to create step for job 414701: Invalid generic resource (gres) specification
**** get_sigmets.py: Download and clean Convective SIGMETs ****
Fetching SIGMETs from IEM for september 2008...
URL params: sts=2008-09-01T00:00:00Z, ets=2008-10-01T00:00:00Z
Response status: 200
Response was 390.4 KB
Loaded 3408 raw SIGMET records
Dropped 0 rows with missing time/geometry
Processed 3408 valid SIGMET records
Writing 3408 SIGMETs to output
Writing CSV to: /cluster/tufts/capstone25skyblue/eelkus01/NEXRADTurbulencePrediction/pireps/sigmet_data/2008/09_sigmets.csv
Finished writing SIGMET CSV
**** Welcome! This script will take a month and year and return a csv file ****
**** with pireps that mention turbulence from this month and year          ****
Performing GET request, this may take a moment...
Request was 4.13 Mb
Attempting to create dataframe from csv file
Successfully created dataframe from CSV file
Cleaning dataframe
Loaded columns: ['URGENT', 'AIRCRAFT', 'REPORT', 'TURBULENCE', 'PRODUCT_ID', 'FL', 'LAT', 'LON', 'datetime']
Classifying levels of turbulence
We dropped 13578/27184 pireps with unknown turbulence intensity
Dropping pireps w/ NA flight level, latitude, or longitude
We dropped 1549/13606 pireps with unknown flight level, latitude, or longitude
Severe PIREPs: 99, Non-severe PIREPs sampled: 99/11958
Final dataset size: 198/12057 pireps
Fetching SIGMETs to annotate PIREPs...
Fetching SIGMETs from IEM for september 2008...
URL params: sts=2008-09-01T00:00:00Z, ets=2008-10-01T00:00:00Z
Response status: 200
Response was 390.4 KB
Loaded 3408 raw SIGMET records
Dropped 0 rows with missing time/geometry
Processed 3408 valid SIGMET records
SIGMETs found for 31 PIREPs
Writing 198 pireps with altitude and turbulence to csv
Writing csv to output file: /cluster/tufts/capstone25skyblue/eelkus01/NEXRADTurbulencePrediction/pireps/clean_pirep_data/2008/09_turb_pireps.csv
Finished writing csv output
