srun: error: Unable to create step for job 414882: Invalid generic resource (gres) specification
**** get_sigmets.py: Download and clean Convective SIGMETs ****
Fetching SIGMETs from IEM for july 2023...
URL params: sts=2023-07-01T00:00:00Z, ets=2023-08-01T00:00:00Z
Response status: 200
Response was 1270.9 KB
Loaded 11474 raw SIGMET records
Dropped 0 rows with missing time/geometry
Processed 11474 valid SIGMET records
Writing 11474 SIGMETs to output
Writing CSV to: /cluster/tufts/capstone25skyblue/eelkus01/NEXRADTurbulencePrediction/pireps/sigmet_data/2023/07_sigmets.csv
Finished writing SIGMET CSV
**** Welcome! This script will take a month and year and return a csv file ****
**** with pireps that mention turbulence from this month and year          ****
Performing GET request, this may take a moment...
Request was 9.21 Mb
Attempting to create dataframe from csv file
Successfully created dataframe from CSV file
Cleaning dataframe
Loaded columns: ['URGENT', 'AIRCRAFT', 'REPORT', 'TURBULENCE', 'PRODUCT_ID', 'FL', 'LAT', 'LON', 'datetime']
Classifying levels of turbulence
We dropped 31409/69874 pireps with unknown turbulence intensity
Dropping pireps w/ NA flight level, latitude, or longitude
We dropped 1131/38465 pireps with unknown flight level, latitude, or longitude
Severe PIREPs: 182, Non-severe PIREPs sampled: 182/37152
Final dataset size: 364/37334 pireps
Fetching SIGMETs to annotate PIREPs...
Fetching SIGMETs from IEM for july 2023...
URL params: sts=2023-07-01T00:00:00Z, ets=2023-08-01T00:00:00Z
Response status: 200
Response was 1270.9 KB
Loaded 11474 raw SIGMET records
Dropped 0 rows with missing time/geometry
Processed 11474 valid SIGMET records
SIGMETs found for 132 PIREPs
Writing 364 pireps with altitude and turbulence to csv
Writing csv to output file: /cluster/tufts/capstone25skyblue/eelkus01/NEXRADTurbulencePrediction/pireps/clean_pirep_data/2023/07_turb_pireps.csv
Finished writing csv output
