srun: error: Unable to create step for job 414794: Invalid generic resource (gres) specification
**** get_sigmets.py: Download and clean Convective SIGMETs ****
Fetching SIGMETs from IEM for may 2016...
URL params: sts=2016-05-01T00:00:00Z, ets=2016-06-01T00:00:00Z
Response status: 200
Response was 573.0 KB
Loaded 4936 raw SIGMET records
Dropped 0 rows with missing time/geometry
Processed 4936 valid SIGMET records
Writing 4936 SIGMETs to output
Writing CSV to: /cluster/tufts/capstone25skyblue/eelkus01/NEXRADTurbulencePrediction/pireps/sigmet_data/2016/05_sigmets.csv
Finished writing SIGMET CSV
**** Welcome! This script will take a month and year and return a csv file ****
**** with pireps that mention turbulence from this month and year          ****
Performing GET request, this may take a moment...
Request was 5.35 Mb
Attempting to create dataframe from csv file
Successfully created dataframe from CSV file
Cleaning dataframe
Loaded columns: ['URGENT', 'AIRCRAFT', 'REPORT', 'TURBULENCE', 'PRODUCT_ID', 'FL', 'LAT', 'LON', 'datetime']
Classifying levels of turbulence
We dropped 21628/38360 pireps with unknown turbulence intensity
Dropping pireps w/ NA flight level, latitude, or longitude
We dropped 1029/16732 pireps with unknown flight level, latitude, or longitude
Severe PIREPs: 204, Non-severe PIREPs sampled: 204/15499
Final dataset size: 408/15703 pireps
Fetching SIGMETs to annotate PIREPs...
Fetching SIGMETs from IEM for may 2016...
URL params: sts=2016-05-01T00:00:00Z, ets=2016-06-01T00:00:00Z
Response status: 200
Response was 573.0 KB
Loaded 4936 raw SIGMET records
Dropped 0 rows with missing time/geometry
Processed 4936 valid SIGMET records
SIGMETs found for 84 PIREPs
Writing 408 pireps with altitude and turbulence to csv
Writing csv to output file: /cluster/tufts/capstone25skyblue/eelkus01/NEXRADTurbulencePrediction/pireps/clean_pirep_data/2016/05_turb_pireps.csv
Finished writing csv output
