srun: error: Unable to create step for job 414726: Invalid generic resource (gres) specification
**** get_sigmets.py: Download and clean Convective SIGMETs ****
Fetching SIGMETs from IEM for october 2010...
URL params: sts=2010-10-01T00:00:00Z, ets=2010-11-01T00:00:00Z
Response status: 200
Response was 295.5 KB
Loaded 2351 raw SIGMET records
Dropped 0 rows with missing time/geometry
Processed 2351 valid SIGMET records
Writing 2351 SIGMETs to output
Writing CSV to: /cluster/tufts/capstone25skyblue/eelkus01/NEXRADTurbulencePrediction/pireps/sigmet_data/2010/10_sigmets.csv
Finished writing SIGMET CSV
**** Welcome! This script will take a month and year and return a csv file ****
**** with pireps that mention turbulence from this month and year          ****
Performing GET request, this may take a moment...
Request was 2.35 Mb
Attempting to create dataframe from csv file
Successfully created dataframe from CSV file
Cleaning dataframe
Loaded columns: ['URGENT', 'AIRCRAFT', 'REPORT', 'TURBULENCE', 'PRODUCT_ID', 'FL', 'LAT', 'LON', 'datetime']
Classifying levels of turbulence
We dropped 6861/14742 pireps with unknown turbulence intensity
Dropping pireps w/ NA flight level, latitude, or longitude
We dropped 606/7881 pireps with unknown flight level, latitude, or longitude
Severe PIREPs: 73, Non-severe PIREPs sampled: 73/7202
Final dataset size: 146/7275 pireps
Fetching SIGMETs to annotate PIREPs...
Fetching SIGMETs from IEM for october 2010...
URL params: sts=2010-10-01T00:00:00Z, ets=2010-11-01T00:00:00Z
Response status: 200
Response was 295.5 KB
Loaded 2351 raw SIGMET records
Dropped 0 rows with missing time/geometry
Processed 2351 valid SIGMET records
SIGMETs found for 13 PIREPs
Writing 146 pireps with altitude and turbulence to csv
Writing csv to output file: /cluster/tufts/capstone25skyblue/eelkus01/NEXRADTurbulencePrediction/pireps/clean_pirep_data/2010/10_turb_pireps.csv
Finished writing csv output
