srun: error: Unable to create step for job 414782: Invalid generic resource (gres) specification
**** get_sigmets.py: Download and clean Convective SIGMETs ****
Fetching SIGMETs from IEM for may 2015...
URL params: sts=2015-05-01T00:00:00Z, ets=2015-06-01T00:00:00Z
Response status: 200
Response was 234.6 KB
Loaded 2021 raw SIGMET records
Dropped 0 rows with missing time/geometry
Processed 2021 valid SIGMET records
Writing 2021 SIGMETs to output
Writing CSV to: /cluster/tufts/capstone25skyblue/eelkus01/NEXRADTurbulencePrediction/pireps/sigmet_data/2015/05_sigmets.csv
Finished writing SIGMET CSV
**** Welcome! This script will take a month and year and return a csv file ****
**** with pireps that mention turbulence from this month and year          ****
Performing GET request, this may take a moment...
Request was 3.77 Mb
Attempting to create dataframe from csv file
Successfully created dataframe from CSV file
Cleaning dataframe
Loaded columns: ['URGENT', 'AIRCRAFT', 'REPORT', 'TURBULENCE', 'PRODUCT_ID', 'FL', 'LAT', 'LON', 'datetime']
Classifying levels of turbulence
We dropped 12629/26528 pireps with unknown turbulence intensity
Dropping pireps w/ NA flight level, latitude, or longitude
We dropped 904/13899 pireps with unknown flight level, latitude, or longitude
Severe PIREPs: 157, Non-severe PIREPs sampled: 157/12838
Final dataset size: 314/12995 pireps
Fetching SIGMETs to annotate PIREPs...
Fetching SIGMETs from IEM for may 2015...
URL params: sts=2015-05-01T00:00:00Z, ets=2015-06-01T00:00:00Z
Response status: 200
Response was 234.6 KB
Loaded 2021 raw SIGMET records
Dropped 0 rows with missing time/geometry
Processed 2021 valid SIGMET records
SIGMETs found for 16 PIREPs
Writing 314 pireps with altitude and turbulence to csv
Writing csv to output file: /cluster/tufts/capstone25skyblue/eelkus01/NEXRADTurbulencePrediction/pireps/clean_pirep_data/2015/05_turb_pireps.csv
Finished writing csv output
