srun: error: Unable to create step for job 414880: Invalid generic resource (gres) specification
**** get_sigmets.py: Download and clean Convective SIGMETs ****
Fetching SIGMETs from IEM for may 2023...
URL params: sts=2023-05-01T00:00:00Z, ets=2023-06-01T00:00:00Z
Response status: 200
Response was 918.4 KB
Loaded 8222 raw SIGMET records
Dropped 0 rows with missing time/geometry
Processed 8222 valid SIGMET records
Writing 8222 SIGMETs to output
Writing CSV to: /cluster/tufts/capstone25skyblue/eelkus01/NEXRADTurbulencePrediction/pireps/sigmet_data/2023/05_sigmets.csv
Finished writing SIGMET CSV
**** Welcome! This script will take a month and year and return a csv file ****
**** with pireps that mention turbulence from this month and year          ****
Performing GET request, this may take a moment...
Request was 9.91 Mb
Attempting to create dataframe from csv file
Successfully created dataframe from CSV file
Cleaning dataframe
Loaded columns: ['URGENT', 'AIRCRAFT', 'REPORT', 'TURBULENCE', 'PRODUCT_ID', 'FL', 'LAT', 'LON', 'datetime']
Classifying levels of turbulence
We dropped 37912/74052 pireps with unknown turbulence intensity
Dropping pireps w/ NA flight level, latitude, or longitude
We dropped 1402/36140 pireps with unknown flight level, latitude, or longitude
Severe PIREPs: 214, Non-severe PIREPs sampled: 214/34524
Final dataset size: 428/34738 pireps
Fetching SIGMETs to annotate PIREPs...
Fetching SIGMETs from IEM for may 2023...
URL params: sts=2023-05-01T00:00:00Z, ets=2023-06-01T00:00:00Z
Response status: 200
Response was 918.4 KB
Loaded 8222 raw SIGMET records
Dropped 0 rows with missing time/geometry
Processed 8222 valid SIGMET records
SIGMETs found for 97 PIREPs
Writing 428 pireps with altitude and turbulence to csv
Writing csv to output file: /cluster/tufts/capstone25skyblue/eelkus01/NEXRADTurbulencePrediction/pireps/clean_pirep_data/2023/05_turb_pireps.csv
Finished writing csv output
