srun: error: Unable to create step for job 414734: Invalid generic resource (gres) specification
**** get_sigmets.py: Download and clean Convective SIGMETs ****
Fetching SIGMETs from IEM for june 2011...
URL params: sts=2011-06-01T00:00:00Z, ets=2011-07-01T00:00:00Z
Response status: 200
Response was 698.2 KB
Loaded 5466 raw SIGMET records
Dropped 0 rows with missing time/geometry
Processed 5466 valid SIGMET records
Writing 5466 SIGMETs to output
Writing CSV to: /cluster/tufts/capstone25skyblue/eelkus01/NEXRADTurbulencePrediction/pireps/sigmet_data/2011/06_sigmets.csv
Finished writing SIGMET CSV
**** Welcome! This script will take a month and year and return a csv file ****
**** with pireps that mention turbulence from this month and year          ****
Performing GET request, this may take a moment...
Request was 3.86 Mb
Attempting to create dataframe from csv file
Successfully created dataframe from CSV file
Cleaning dataframe
Loaded columns: ['URGENT', 'AIRCRAFT', 'REPORT', 'TURBULENCE', 'PRODUCT_ID', 'FL', 'LAT', 'LON', 'datetime']
Classifying levels of turbulence
We dropped 10719/25390 pireps with unknown turbulence intensity
Dropping pireps w/ NA flight level, latitude, or longitude
We dropped 1045/14671 pireps with unknown flight level, latitude, or longitude
Severe PIREPs: 193, Non-severe PIREPs sampled: 193/13433
Final dataset size: 386/13626 pireps
Fetching SIGMETs to annotate PIREPs...
Fetching SIGMETs from IEM for june 2011...
URL params: sts=2011-06-01T00:00:00Z, ets=2011-07-01T00:00:00Z
Response status: 200
Response was 698.2 KB
Loaded 5466 raw SIGMET records
Dropped 0 rows with missing time/geometry
Processed 5466 valid SIGMET records
SIGMETs found for 71 PIREPs
Writing 386 pireps with altitude and turbulence to csv
Writing csv to output file: /cluster/tufts/capstone25skyblue/eelkus01/NEXRADTurbulencePrediction/pireps/clean_pirep_data/2011/06_turb_pireps.csv
Finished writing csv output
