srun: error: Unable to create step for job 414839: Invalid generic resource (gres) specification
**** get_sigmets.py: Download and clean Convective SIGMETs ****
Fetching SIGMETs from IEM for january 2020...
URL params: sts=2020-01-01T00:00:00Z, ets=2020-02-01T00:00:00Z
Response status: 200
Response was 158.7 KB
Loaded 1386 raw SIGMET records
Dropped 0 rows with missing time/geometry
Processed 1386 valid SIGMET records
Writing 1386 SIGMETs to output
Writing CSV to: /cluster/tufts/capstone25skyblue/eelkus01/NEXRADTurbulencePrediction/pireps/sigmet_data/2020/01_sigmets.csv
Finished writing SIGMET CSV
**** Welcome! This script will take a month and year and return a csv file ****
**** with pireps that mention turbulence from this month and year          ****
Performing GET request, this may take a moment...
Request was 11.25 Mb
Attempting to create dataframe from csv file
Successfully created dataframe from CSV file
Cleaning dataframe
Loaded columns: ['URGENT', 'AIRCRAFT', 'REPORT', 'TURBULENCE', 'PRODUCT_ID', 'FL', 'LAT', 'LON', 'datetime']
Classifying levels of turbulence
We dropped 44311/80580 pireps with unknown turbulence intensity
Dropping pireps w/ NA flight level, latitude, or longitude
We dropped 1684/36269 pireps with unknown flight level, latitude, or longitude
Severe PIREPs: 406, Non-severe PIREPs sampled: 406/34179
Final dataset size: 812/34585 pireps
Fetching SIGMETs to annotate PIREPs...
Fetching SIGMETs from IEM for january 2020...
URL params: sts=2020-01-01T00:00:00Z, ets=2020-02-01T00:00:00Z
Response status: 200
Response was 158.7 KB
Loaded 1386 raw SIGMET records
Dropped 0 rows with missing time/geometry
Processed 1386 valid SIGMET records
SIGMETs found for 44 PIREPs
Writing 812 pireps with altitude and turbulence to csv
Writing csv to output file: /cluster/tufts/capstone25skyblue/eelkus01/NEXRADTurbulencePrediction/pireps/clean_pirep_data/2020/01_turb_pireps.csv
Finished writing csv output
