srun: error: Unable to create step for job 414873: Invalid generic resource (gres) specification
**** get_sigmets.py: Download and clean Convective SIGMETs ****
Fetching SIGMETs from IEM for october 2022...
URL params: sts=2022-10-01T00:00:00Z, ets=2022-11-01T00:00:00Z
Response status: 200
Response was 397.3 KB
Loaded 3567 raw SIGMET records
Dropped 0 rows with missing time/geometry
Processed 3567 valid SIGMET records
Writing 3567 SIGMETs to output
Writing CSV to: /cluster/tufts/capstone25skyblue/eelkus01/NEXRADTurbulencePrediction/pireps/sigmet_data/2022/10_sigmets.csv
Finished writing SIGMET CSV
**** Welcome! This script will take a month and year and return a csv file ****
**** with pireps that mention turbulence from this month and year          ****
Performing GET request, this may take a moment...
Request was 9.41 Mb
Attempting to create dataframe from csv file
Successfully created dataframe from CSV file
Cleaning dataframe
Loaded columns: ['URGENT', 'AIRCRAFT', 'REPORT', 'TURBULENCE', 'PRODUCT_ID', 'FL', 'LAT', 'LON', 'datetime']
Classifying levels of turbulence
We dropped 34809/70159 pireps with unknown turbulence intensity
Dropping pireps w/ NA flight level, latitude, or longitude
We dropped 2176/35350 pireps with unknown flight level, latitude, or longitude
Severe PIREPs: 191, Non-severe PIREPs sampled: 191/32983
Final dataset size: 382/33174 pireps
Fetching SIGMETs to annotate PIREPs...
Fetching SIGMETs from IEM for october 2022...
URL params: sts=2022-10-01T00:00:00Z, ets=2022-11-01T00:00:00Z
Response status: 200
Response was 397.3 KB
Loaded 3567 raw SIGMET records
Dropped 0 rows with missing time/geometry
Processed 3567 valid SIGMET records
SIGMETs found for 32 PIREPs
Writing 382 pireps with altitude and turbulence to csv
Writing csv to output file: /cluster/tufts/capstone25skyblue/eelkus01/NEXRADTurbulencePrediction/pireps/clean_pirep_data/2022/10_turb_pireps.csv
Finished writing csv output
