srun: error: Unable to create step for job 414740: Invalid generic resource (gres) specification
**** get_sigmets.py: Download and clean Convective SIGMETs ****
Fetching SIGMETs from IEM for december 2011...
URL params: sts=2011-12-01T00:00:00Z, ets=2012-01-01T00:00:00Z
Response status: 200
Response was 96.7 KB
Loaded 804 raw SIGMET records
Dropped 0 rows with missing time/geometry
Processed 804 valid SIGMET records
Writing 804 SIGMETs to output
Writing CSV to: /cluster/tufts/capstone25skyblue/eelkus01/NEXRADTurbulencePrediction/pireps/sigmet_data/2011/12_sigmets.csv
Finished writing SIGMET CSV
**** Welcome! This script will take a month and year and return a csv file ****
**** with pireps that mention turbulence from this month and year          ****
Performing GET request, this may take a moment...
Request was 6.63 Mb
Attempting to create dataframe from csv file
Successfully created dataframe from CSV file
Cleaning dataframe
Loaded columns: ['URGENT', 'AIRCRAFT', 'REPORT', 'TURBULENCE', 'PRODUCT_ID', 'FL', 'LAT', 'LON', 'datetime']
Classifying levels of turbulence
We dropped 23247/43529 pireps with unknown turbulence intensity
Dropping pireps w/ NA flight level, latitude, or longitude
We dropped 1575/20282 pireps with unknown flight level, latitude, or longitude
Severe PIREPs: 319, Non-severe PIREPs sampled: 319/18388
Final dataset size: 638/18707 pireps
Fetching SIGMETs to annotate PIREPs...
Fetching SIGMETs from IEM for december 2011...
URL params: sts=2011-12-01T00:00:00Z, ets=2012-01-01T00:00:00Z
Response status: 200
Response was 96.7 KB
Loaded 804 raw SIGMET records
Dropped 0 rows with missing time/geometry
Processed 804 valid SIGMET records
SIGMETs found for 12 PIREPs
Writing 638 pireps with altitude and turbulence to csv
Writing csv to output file: /cluster/tufts/capstone25skyblue/eelkus01/NEXRADTurbulencePrediction/pireps/clean_pirep_data/2011/12_turb_pireps.csv
Finished writing csv output
