srun: error: Unable to create step for job 414741: Invalid generic resource (gres) specification
**** get_sigmets.py: Download and clean Convective SIGMETs ****
Fetching SIGMETs from IEM for january 2012...
URL params: sts=2012-01-01T00:00:00Z, ets=2012-02-01T00:00:00Z
Response status: 200
Response was 116.0 KB
Loaded 979 raw SIGMET records
Dropped 0 rows with missing time/geometry
Processed 979 valid SIGMET records
Writing 979 SIGMETs to output
Writing CSV to: /cluster/tufts/capstone25skyblue/eelkus01/NEXRADTurbulencePrediction/pireps/sigmet_data/2012/01_sigmets.csv
Finished writing SIGMET CSV
**** Welcome! This script will take a month and year and return a csv file ****
**** with pireps that mention turbulence from this month and year          ****
Performing GET request, this may take a moment...
Request was 6.10 Mb
Attempting to create dataframe from csv file
Successfully created dataframe from CSV file
Cleaning dataframe
Loaded columns: ['URGENT', 'AIRCRAFT', 'REPORT', 'TURBULENCE', 'PRODUCT_ID', 'FL', 'LAT', 'LON', 'datetime']
Classifying levels of turbulence
We dropped 19983/39534 pireps with unknown turbulence intensity
Dropping pireps w/ NA flight level, latitude, or longitude
We dropped 1434/19551 pireps with unknown flight level, latitude, or longitude
Severe PIREPs: 277, Non-severe PIREPs sampled: 277/17840
Final dataset size: 554/18117 pireps
Fetching SIGMETs to annotate PIREPs...
Fetching SIGMETs from IEM for january 2012...
URL params: sts=2012-01-01T00:00:00Z, ets=2012-02-01T00:00:00Z
Response status: 200
Response was 116.0 KB
Loaded 979 raw SIGMET records
Dropped 0 rows with missing time/geometry
Processed 979 valid SIGMET records
SIGMETs found for 15 PIREPs
Writing 554 pireps with altitude and turbulence to csv
Writing csv to output file: /cluster/tufts/capstone25skyblue/eelkus01/NEXRADTurbulencePrediction/pireps/clean_pirep_data/2012/01_turb_pireps.csv
Finished writing csv output
