srun: error: Unable to create step for job 414694: Invalid generic resource (gres) specification
**** get_sigmets.py: Download and clean Convective SIGMETs ****
Fetching SIGMETs from IEM for february 2008...
URL params: sts=2008-02-01T00:00:00Z, ets=2008-03-01T00:00:00Z
Response status: 200
Response was 128.0 KB
Loaded 1102 raw SIGMET records
Dropped 0 rows with missing time/geometry
Processed 1102 valid SIGMET records
Writing 1102 SIGMETs to output
Writing CSV to: /cluster/tufts/capstone25skyblue/eelkus01/NEXRADTurbulencePrediction/pireps/sigmet_data/2008/02_sigmets.csv
Finished writing SIGMET CSV
**** Welcome! This script will take a month and year and return a csv file ****
**** with pireps that mention turbulence from this month and year          ****
Performing GET request, this may take a moment...
Request was 6.92 Mb
Attempting to create dataframe from csv file
Successfully created dataframe from CSV file
Cleaning dataframe
Loaded columns: ['URGENT', 'AIRCRAFT', 'REPORT', 'TURBULENCE', 'PRODUCT_ID', 'FL', 'LAT', 'LON', 'datetime']
Classifying levels of turbulence
We dropped 24841/45663 pireps with unknown turbulence intensity
Dropping pireps w/ NA flight level, latitude, or longitude
We dropped 2137/20822 pireps with unknown flight level, latitude, or longitude
Severe PIREPs: 421, Non-severe PIREPs sampled: 421/18264
Final dataset size: 842/18685 pireps
Fetching SIGMETs to annotate PIREPs...
Fetching SIGMETs from IEM for february 2008...
URL params: sts=2008-02-01T00:00:00Z, ets=2008-03-01T00:00:00Z
Response status: 200
Response was 128.0 KB
Loaded 1102 raw SIGMET records
Dropped 0 rows with missing time/geometry
Processed 1102 valid SIGMET records
SIGMETs found for 43 PIREPs
Writing 842 pireps with altitude and turbulence to csv
Writing csv to output file: /cluster/tufts/capstone25skyblue/eelkus01/NEXRADTurbulencePrediction/pireps/clean_pirep_data/2008/02_turb_pireps.csv
Finished writing csv output
