srun: error: Unable to create step for job 414792: Invalid generic resource (gres) specification
**** get_sigmets.py: Download and clean Convective SIGMETs ****
Fetching SIGMETs from IEM for march 2016...
URL params: sts=2016-03-01T00:00:00Z, ets=2016-04-01T00:00:00Z
Response status: 200
Response was 248.4 KB
Loaded 2173 raw SIGMET records
Dropped 0 rows with missing time/geometry
Processed 2173 valid SIGMET records
Writing 2173 SIGMETs to output
Writing CSV to: /cluster/tufts/capstone25skyblue/eelkus01/NEXRADTurbulencePrediction/pireps/sigmet_data/2016/03_sigmets.csv
Finished writing SIGMET CSV
**** Welcome! This script will take a month and year and return a csv file ****
**** with pireps that mention turbulence from this month and year          ****
Performing GET request, this may take a moment...
Request was 6.91 Mb
Attempting to create dataframe from csv file
Successfully created dataframe from CSV file
Cleaning dataframe
Loaded columns: ['URGENT', 'AIRCRAFT', 'REPORT', 'TURBULENCE', 'PRODUCT_ID', 'FL', 'LAT', 'LON', 'datetime']
Classifying levels of turbulence
We dropped 25471/48973 pireps with unknown turbulence intensity
Dropping pireps w/ NA flight level, latitude, or longitude
We dropped 1167/23502 pireps with unknown flight level, latitude, or longitude
Severe PIREPs: 337, Non-severe PIREPs sampled: 337/21998
Final dataset size: 674/22335 pireps
Fetching SIGMETs to annotate PIREPs...
Fetching SIGMETs from IEM for march 2016...
URL params: sts=2016-03-01T00:00:00Z, ets=2016-04-01T00:00:00Z
Response status: 200
Response was 248.4 KB
Loaded 2173 raw SIGMET records
Dropped 0 rows with missing time/geometry
Processed 2173 valid SIGMET records
SIGMETs found for 57 PIREPs
Writing 674 pireps with altitude and turbulence to csv
Writing csv to output file: /cluster/tufts/capstone25skyblue/eelkus01/NEXRADTurbulencePrediction/pireps/clean_pirep_data/2016/03_turb_pireps.csv
Finished writing csv output
