srun: error: Unable to create step for job 414719: Invalid generic resource (gres) specification
**** get_sigmets.py: Download and clean Convective SIGMETs ****
Fetching SIGMETs from IEM for march 2010...
URL params: sts=2010-03-01T00:00:00Z, ets=2010-04-01T00:00:00Z
Response status: 200
Response was 169.0 KB
Loaded 1325 raw SIGMET records
Dropped 0 rows with missing time/geometry
Processed 1325 valid SIGMET records
Writing 1325 SIGMETs to output
Writing CSV to: /cluster/tufts/capstone25skyblue/eelkus01/NEXRADTurbulencePrediction/pireps/sigmet_data/2010/03_sigmets.csv
Finished writing SIGMET CSV
**** Welcome! This script will take a month and year and return a csv file ****
**** with pireps that mention turbulence from this month and year          ****
Performing GET request, this may take a moment...
Request was 5.80 Mb
Attempting to create dataframe from csv file
Successfully created dataframe from CSV file
Cleaning dataframe
Loaded columns: ['URGENT', 'AIRCRAFT', 'REPORT', 'TURBULENCE', 'PRODUCT_ID', 'FL', 'LAT', 'LON', 'datetime']
Classifying levels of turbulence
We dropped 19113/38281 pireps with unknown turbulence intensity
Dropping pireps w/ NA flight level, latitude, or longitude
We dropped 1704/19168 pireps with unknown flight level, latitude, or longitude
Severe PIREPs: 322, Non-severe PIREPs sampled: 322/17142
Final dataset size: 644/17464 pireps
Fetching SIGMETs to annotate PIREPs...
Fetching SIGMETs from IEM for march 2010...
URL params: sts=2010-03-01T00:00:00Z, ets=2010-04-01T00:00:00Z
Response status: 200
Response was 169.0 KB
Loaded 1325 raw SIGMET records
Dropped 0 rows with missing time/geometry
Processed 1325 valid SIGMET records
SIGMETs found for 48 PIREPs
Writing 644 pireps with altitude and turbulence to csv
Writing csv to output file: /cluster/tufts/capstone25skyblue/eelkus01/NEXRADTurbulencePrediction/pireps/clean_pirep_data/2010/03_turb_pireps.csv
Finished writing csv output
