srun: error: Unable to create step for job 414829: Invalid generic resource (gres) specification
**** get_sigmets.py: Download and clean Convective SIGMETs ****
Fetching SIGMETs from IEM for march 2019...
URL params: sts=2019-03-01T00:00:00Z, ets=2019-04-01T00:00:00Z
Response status: 200
Response was 262.6 KB
Loaded 2277 raw SIGMET records
Dropped 0 rows with missing time/geometry
Processed 2277 valid SIGMET records
Writing 2277 SIGMETs to output
Writing CSV to: /cluster/tufts/capstone25skyblue/eelkus01/NEXRADTurbulencePrediction/pireps/sigmet_data/2019/03_sigmets.csv
Finished writing SIGMET CSV
**** Welcome! This script will take a month and year and return a csv file ****
**** with pireps that mention turbulence from this month and year          ****
Performing GET request, this may take a moment...
Request was 8.83 Mb
Attempting to create dataframe from csv file
Successfully created dataframe from CSV file
Cleaning dataframe
Loaded columns: ['URGENT', 'AIRCRAFT', 'REPORT', 'TURBULENCE', 'PRODUCT_ID', 'FL', 'LAT', 'LON', 'datetime']
Classifying levels of turbulence
We dropped 30363/63201 pireps with unknown turbulence intensity
Dropping pireps w/ NA flight level, latitude, or longitude
We dropped 1464/32838 pireps with unknown flight level, latitude, or longitude
Severe PIREPs: 244, Non-severe PIREPs sampled: 244/31130
Final dataset size: 488/31374 pireps
Fetching SIGMETs to annotate PIREPs...
Fetching SIGMETs from IEM for march 2019...
URL params: sts=2019-03-01T00:00:00Z, ets=2019-04-01T00:00:00Z
Response status: 200
Response was 262.6 KB
Loaded 2277 raw SIGMET records
Dropped 0 rows with missing time/geometry
Processed 2277 valid SIGMET records
SIGMETs found for 31 PIREPs
Writing 488 pireps with altitude and turbulence to csv
Writing csv to output file: /cluster/tufts/capstone25skyblue/eelkus01/NEXRADTurbulencePrediction/pireps/clean_pirep_data/2019/03_turb_pireps.csv
Finished writing csv output
