srun: error: Unable to create step for job 414908: Invalid generic resource (gres) specification
**** get_sigmets.py: Download and clean Convective SIGMETs ****
Fetching SIGMETs from IEM for september 2025...
URL params: sts=2025-09-01T00:00:00Z, ets=2025-10-01T00:00:00Z
Response status: 200
Response was 990.1 KB
Loaded 9390 raw SIGMET records
Dropped 0 rows with missing time/geometry
Processed 9390 valid SIGMET records
Writing 9390 SIGMETs to output
Writing CSV to: /cluster/tufts/capstone25skyblue/eelkus01/NEXRADTurbulencePrediction/pireps/sigmet_data/2025/09_sigmets.csv
Finished writing SIGMET CSV
**** Welcome! This script will take a month and year and return a csv file ****
**** with pireps that mention turbulence from this month and year          ****
Performing GET request, this may take a moment...
Request was 14.61 Mb
Attempting to create dataframe from csv file
Successfully created dataframe from CSV file
Cleaning dataframe
Loaded columns: ['URGENT', 'AIRCRAFT', 'REPORT', 'TURBULENCE', 'PRODUCT_ID', 'FL', 'LAT', 'LON', 'datetime']
Classifying levels of turbulence
We dropped 38985/92121 pireps with unknown turbulence intensity
Dropping pireps w/ NA flight level, latitude, or longitude
We dropped 2524/53136 pireps with unknown flight level, latitude, or longitude
Severe PIREPs: 114, Non-severe PIREPs sampled: 114/50498
Final dataset size: 228/50612 pireps
Fetching SIGMETs to annotate PIREPs...
Fetching SIGMETs from IEM for september 2025...
URL params: sts=2025-09-01T00:00:00Z, ets=2025-10-01T00:00:00Z
Response status: 200
Response was 990.1 KB
Loaded 9390 raw SIGMET records
Dropped 0 rows with missing time/geometry
Processed 9390 valid SIGMET records
SIGMETs found for 61 PIREPs
Writing 228 pireps with altitude and turbulence to csv
Writing csv to output file: /cluster/tufts/capstone25skyblue/eelkus01/NEXRADTurbulencePrediction/pireps/clean_pirep_data/2025/09_turb_pireps.csv
Finished writing csv output
