srun: error: Unable to create step for job 414729: Invalid generic resource (gres) specification
**** get_sigmets.py: Download and clean Convective SIGMETs ****
Fetching SIGMETs from IEM for january 2011...
URL params: sts=2011-01-01T00:00:00Z, ets=2011-02-01T00:00:00Z
Response status: 200
Response was 88.3 KB
Loaded 735 raw SIGMET records
Dropped 0 rows with missing time/geometry
Processed 735 valid SIGMET records
Writing 735 SIGMETs to output
Writing CSV to: /cluster/tufts/capstone25skyblue/eelkus01/NEXRADTurbulencePrediction/pireps/sigmet_data/2011/01_sigmets.csv
Finished writing SIGMET CSV
**** Welcome! This script will take a month and year and return a csv file ****
**** with pireps that mention turbulence from this month and year          ****
Performing GET request, this may take a moment...
Request was 4.54 Mb
Attempting to create dataframe from csv file
Successfully created dataframe from CSV file
Cleaning dataframe
Loaded columns: ['URGENT', 'AIRCRAFT', 'REPORT', 'TURBULENCE', 'PRODUCT_ID', 'FL', 'LAT', 'LON', 'datetime']
Classifying levels of turbulence
We dropped 17602/29278 pireps with unknown turbulence intensity
Dropping pireps w/ NA flight level, latitude, or longitude
We dropped 802/11676 pireps with unknown flight level, latitude, or longitude
Severe PIREPs: 104, Non-severe PIREPs sampled: 104/10770
Final dataset size: 208/10874 pireps
Fetching SIGMETs to annotate PIREPs...
Fetching SIGMETs from IEM for january 2011...
URL params: sts=2011-01-01T00:00:00Z, ets=2011-02-01T00:00:00Z
Response status: 200
Response was 88.3 KB
Loaded 735 raw SIGMET records
Dropped 0 rows with missing time/geometry
Processed 735 valid SIGMET records
SIGMETs found for 8 PIREPs
Writing 208 pireps with altitude and turbulence to csv
Writing csv to output file: /cluster/tufts/capstone25skyblue/eelkus01/NEXRADTurbulencePrediction/pireps/clean_pirep_data/2011/01_turb_pireps.csv
Finished writing csv output
