srun: error: Unable to create step for job 414748: Invalid generic resource (gres) specification
**** get_sigmets.py: Download and clean Convective SIGMETs ****
Fetching SIGMETs from IEM for august 2012...
URL params: sts=2012-08-01T00:00:00Z, ets=2012-09-01T00:00:00Z
Response status: 200
Response was 825.7 KB
Loaded 6557 raw SIGMET records
Dropped 0 rows with missing time/geometry
Processed 6557 valid SIGMET records
Writing 6557 SIGMETs to output
Writing CSV to: /cluster/tufts/capstone25skyblue/eelkus01/NEXRADTurbulencePrediction/pireps/sigmet_data/2012/08_sigmets.csv
Finished writing SIGMET CSV
**** Welcome! This script will take a month and year and return a csv file ****
**** with pireps that mention turbulence from this month and year          ****
Performing GET request, this may take a moment...
Request was 3.29 Mb
Attempting to create dataframe from csv file
Successfully created dataframe from CSV file
Cleaning dataframe
Loaded columns: ['URGENT', 'AIRCRAFT', 'REPORT', 'TURBULENCE', 'PRODUCT_ID', 'FL', 'LAT', 'LON', 'datetime']
Classifying levels of turbulence
We dropped 11063/21480 pireps with unknown turbulence intensity
Dropping pireps w/ NA flight level, latitude, or longitude
We dropped 890/10417 pireps with unknown flight level, latitude, or longitude
Severe PIREPs: 127, Non-severe PIREPs sampled: 127/9400
Final dataset size: 254/9527 pireps
Fetching SIGMETs to annotate PIREPs...
Fetching SIGMETs from IEM for august 2012...
URL params: sts=2012-08-01T00:00:00Z, ets=2012-09-01T00:00:00Z
Response status: 200
Response was 825.7 KB
Loaded 6557 raw SIGMET records
Dropped 0 rows with missing time/geometry
Processed 6557 valid SIGMET records
SIGMETs found for 48 PIREPs
Writing 254 pireps with altitude and turbulence to csv
Writing csv to output file: /cluster/tufts/capstone25skyblue/eelkus01/NEXRADTurbulencePrediction/pireps/clean_pirep_data/2012/08_turb_pireps.csv
Finished writing csv output
