srun: error: Unable to create step for job 414737: Invalid generic resource (gres) specification
**** get_sigmets.py: Download and clean Convective SIGMETs ****
Fetching SIGMETs from IEM for september 2011...
URL params: sts=2011-09-01T00:00:00Z, ets=2011-10-01T00:00:00Z
Response status: 200
Response was 487.7 KB
Loaded 3992 raw SIGMET records
Dropped 0 rows with missing time/geometry
Processed 3992 valid SIGMET records
Writing 3992 SIGMETs to output
Writing CSV to: /cluster/tufts/capstone25skyblue/eelkus01/NEXRADTurbulencePrediction/pireps/sigmet_data/2011/09_sigmets.csv
Finished writing SIGMET CSV
**** Welcome! This script will take a month and year and return a csv file ****
**** with pireps that mention turbulence from this month and year          ****
Performing GET request, this may take a moment...
Request was 4.07 Mb
Attempting to create dataframe from csv file
Successfully created dataframe from CSV file
Cleaning dataframe
Loaded columns: ['URGENT', 'AIRCRAFT', 'REPORT', 'TURBULENCE', 'PRODUCT_ID', 'FL', 'LAT', 'LON', 'datetime']
Classifying levels of turbulence
We dropped 13722/26606 pireps with unknown turbulence intensity
Dropping pireps w/ NA flight level, latitude, or longitude
We dropped 1137/12884 pireps with unknown flight level, latitude, or longitude
Severe PIREPs: 156, Non-severe PIREPs sampled: 156/11591
Final dataset size: 312/11747 pireps
Fetching SIGMETs to annotate PIREPs...
Fetching SIGMETs from IEM for september 2011...
URL params: sts=2011-09-01T00:00:00Z, ets=2011-10-01T00:00:00Z
Response status: 200
Response was 487.7 KB
Loaded 3992 raw SIGMET records
Dropped 0 rows with missing time/geometry
Processed 3992 valid SIGMET records
SIGMETs found for 28 PIREPs
Writing 312 pireps with altitude and turbulence to csv
Writing csv to output file: /cluster/tufts/capstone25skyblue/eelkus01/NEXRADTurbulencePrediction/pireps/clean_pirep_data/2011/09_turb_pireps.csv
Finished writing csv output
