srun: error: Unable to create step for job 414808: Invalid generic resource (gres) specification
**** get_sigmets.py: Download and clean Convective SIGMETs ****
Fetching SIGMETs from IEM for june 2017...
URL params: sts=2017-06-01T00:00:00Z, ets=2017-07-01T00:00:00Z
Response status: 200
Response was 614.4 KB
Loaded 5427 raw SIGMET records
Dropped 0 rows with missing time/geometry
Processed 5427 valid SIGMET records
Writing 5427 SIGMETs to output
Writing CSV to: /cluster/tufts/capstone25skyblue/eelkus01/NEXRADTurbulencePrediction/pireps/sigmet_data/2017/06_sigmets.csv
Finished writing SIGMET CSV
**** Welcome! This script will take a month and year and return a csv file ****
**** with pireps that mention turbulence from this month and year          ****
Performing GET request, this may take a moment...
Request was 5.54 Mb
Attempting to create dataframe from csv file
Successfully created dataframe from CSV file
Cleaning dataframe
Loaded columns: ['URGENT', 'AIRCRAFT', 'REPORT', 'TURBULENCE', 'PRODUCT_ID', 'FL', 'LAT', 'LON', 'datetime']
Classifying levels of turbulence
We dropped 22587/40224 pireps with unknown turbulence intensity
Dropping pireps w/ NA flight level, latitude, or longitude
We dropped 822/17637 pireps with unknown flight level, latitude, or longitude
Severe PIREPs: 166, Non-severe PIREPs sampled: 166/16649
Final dataset size: 332/16815 pireps
Fetching SIGMETs to annotate PIREPs...
Fetching SIGMETs from IEM for june 2017...
URL params: sts=2017-06-01T00:00:00Z, ets=2017-07-01T00:00:00Z
Response status: 200
Response was 614.4 KB
Loaded 5427 raw SIGMET records
Dropped 0 rows with missing time/geometry
Processed 5427 valid SIGMET records
SIGMETs found for 55 PIREPs
Writing 332 pireps with altitude and turbulence to csv
Writing csv to output file: /cluster/tufts/capstone25skyblue/eelkus01/NEXRADTurbulencePrediction/pireps/clean_pirep_data/2017/06_turb_pireps.csv
Finished writing csv output
