srun: error: Unable to create step for job 414710: Invalid generic resource (gres) specification
**** get_sigmets.py: Download and clean Convective SIGMETs ****
Fetching SIGMETs from IEM for june 2009...
URL params: sts=2009-06-01T00:00:00Z, ets=2009-07-01T00:00:00Z
Response status: 200
Response was 771.8 KB
Loaded 6503 raw SIGMET records
Dropped 0 rows with missing time/geometry
Processed 6503 valid SIGMET records
Writing 6503 SIGMETs to output
Writing CSV to: /cluster/tufts/capstone25skyblue/eelkus01/NEXRADTurbulencePrediction/pireps/sigmet_data/2009/06_sigmets.csv
Finished writing SIGMET CSV
**** Welcome! This script will take a month and year and return a csv file ****
**** with pireps that mention turbulence from this month and year          ****
Performing GET request, this may take a moment...
Request was 3.84 Mb
Attempting to create dataframe from csv file
Successfully created dataframe from CSV file
Cleaning dataframe
Loaded columns: ['URGENT', 'AIRCRAFT', 'REPORT', 'TURBULENCE', 'PRODUCT_ID', 'FL', 'LAT', 'LON', 'datetime']
Classifying levels of turbulence
We dropped 12446/25476 pireps with unknown turbulence intensity
Dropping pireps w/ NA flight level, latitude, or longitude
We dropped 1272/13030 pireps with unknown flight level, latitude, or longitude
Severe PIREPs: 130, Non-severe PIREPs sampled: 130/11628
Final dataset size: 260/11758 pireps
Fetching SIGMETs to annotate PIREPs...
Fetching SIGMETs from IEM for june 2009...
URL params: sts=2009-06-01T00:00:00Z, ets=2009-07-01T00:00:00Z
Response status: 200
Response was 771.8 KB
Loaded 6503 raw SIGMET records
Dropped 0 rows with missing time/geometry
Processed 6503 valid SIGMET records
SIGMETs found for 45 PIREPs
Writing 260 pireps with altitude and turbulence to csv
Writing csv to output file: /cluster/tufts/capstone25skyblue/eelkus01/NEXRADTurbulencePrediction/pireps/clean_pirep_data/2009/06_turb_pireps.csv
Finished writing csv output
