srun: error: Unable to create step for job 414901: Invalid generic resource (gres) specification
**** get_sigmets.py: Download and clean Convective SIGMETs ****
Fetching SIGMETs from IEM for february 2025...
URL params: sts=2025-02-01T00:00:00Z, ets=2025-03-01T00:00:00Z
Response status: 200
Response was 139.0 KB
Loaded 1234 raw SIGMET records
Dropped 0 rows with missing time/geometry
Processed 1234 valid SIGMET records
Writing 1234 SIGMETs to output
Writing CSV to: /cluster/tufts/capstone25skyblue/eelkus01/NEXRADTurbulencePrediction/pireps/sigmet_data/2025/02_sigmets.csv
Finished writing SIGMET CSV
**** Welcome! This script will take a month and year and return a csv file ****
**** with pireps that mention turbulence from this month and year          ****
Performing GET request, this may take a moment...
Request was 19.05 Mb
Attempting to create dataframe from csv file
Successfully created dataframe from CSV file
Cleaning dataframe
Loaded columns: ['URGENT', 'AIRCRAFT', 'REPORT', 'TURBULENCE', 'PRODUCT_ID', 'FL', 'LAT', 'LON', 'datetime']
Classifying levels of turbulence
We dropped 52572/113254 pireps with unknown turbulence intensity
Dropping pireps w/ NA flight level, latitude, or longitude
We dropped 4222/60682 pireps with unknown flight level, latitude, or longitude
Severe PIREPs: 294, Non-severe PIREPs sampled: 294/56166
Final dataset size: 588/56460 pireps
Fetching SIGMETs to annotate PIREPs...
Fetching SIGMETs from IEM for february 2025...
URL params: sts=2025-02-01T00:00:00Z, ets=2025-03-01T00:00:00Z
Response status: 200
Response was 139.0 KB
Loaded 1234 raw SIGMET records
Dropped 0 rows with missing time/geometry
Processed 1234 valid SIGMET records
SIGMETs found for 35 PIREPs
Writing 588 pireps with altitude and turbulence to csv
Writing csv to output file: /cluster/tufts/capstone25skyblue/eelkus01/NEXRADTurbulencePrediction/pireps/clean_pirep_data/2025/02_turb_pireps.csv
Finished writing csv output
