srun: error: Unable to create step for job 414910: Invalid generic resource (gres) specification
**** get_sigmets.py: Download and clean Convective SIGMETs ****
Fetching SIGMETs from IEM for november 2025...
URL params: sts=2025-11-01T00:00:00Z, ets=2025-12-01T00:00:00Z
Response status: 200
Response was 265.5 KB
Loaded 2407 raw SIGMET records
Dropped 0 rows with missing time/geometry
Processed 2407 valid SIGMET records
Writing 2407 SIGMETs to output
Writing CSV to: /cluster/tufts/capstone25skyblue/eelkus01/NEXRADTurbulencePrediction/pireps/sigmet_data/2025/11_sigmets.csv
Finished writing SIGMET CSV
**** Welcome! This script will take a month and year and return a csv file ****
**** with pireps that mention turbulence from this month and year          ****
Performing GET request, this may take a moment...
Request was 17.39 Mb
Attempting to create dataframe from csv file
Successfully created dataframe from CSV file
Cleaning dataframe
Loaded columns: ['URGENT', 'AIRCRAFT', 'REPORT', 'TURBULENCE', 'PRODUCT_ID', 'FL', 'LAT', 'LON', 'datetime']
Classifying levels of turbulence
We dropped 55163/109325 pireps with unknown turbulence intensity
Dropping pireps w/ NA flight level, latitude, or longitude
We dropped 3305/54162 pireps with unknown flight level, latitude, or longitude
Severe PIREPs: 255, Non-severe PIREPs sampled: 255/50602
Final dataset size: 510/50857 pireps
Fetching SIGMETs to annotate PIREPs...
Fetching SIGMETs from IEM for november 2025...
URL params: sts=2025-11-01T00:00:00Z, ets=2025-12-01T00:00:00Z
Response status: 200
Response was 265.5 KB
Loaded 2407 raw SIGMET records
Dropped 0 rows with missing time/geometry
Processed 2407 valid SIGMET records
SIGMETs found for 56 PIREPs
Writing 510 pireps with altitude and turbulence to csv
Writing csv to output file: /cluster/tufts/capstone25skyblue/eelkus01/NEXRADTurbulencePrediction/pireps/clean_pirep_data/2025/11_turb_pireps.csv
Finished writing csv output
