srun: error: Unable to create step for job 414886: Invalid generic resource (gres) specification
**** get_sigmets.py: Download and clean Convective SIGMETs ****
Fetching SIGMETs from IEM for november 2023...
URL params: sts=2023-11-01T00:00:00Z, ets=2023-12-01T00:00:00Z
Response status: 200
Response was 196.3 KB
Loaded 1774 raw SIGMET records
Dropped 0 rows with missing time/geometry
Processed 1774 valid SIGMET records
Writing 1774 SIGMETs to output
Writing CSV to: /cluster/tufts/capstone25skyblue/eelkus01/NEXRADTurbulencePrediction/pireps/sigmet_data/2023/11_sigmets.csv
Finished writing SIGMET CSV
**** Welcome! This script will take a month and year and return a csv file ****
**** with pireps that mention turbulence from this month and year          ****
Performing GET request, this may take a moment...
Request was 11.41 Mb
Attempting to create dataframe from csv file
Successfully created dataframe from CSV file
Cleaning dataframe
Loaded columns: ['URGENT', 'AIRCRAFT', 'REPORT', 'TURBULENCE', 'PRODUCT_ID', 'FL', 'LAT', 'LON', 'datetime']
Classifying levels of turbulence
We dropped 42175/85182 pireps with unknown turbulence intensity
Dropping pireps w/ NA flight level, latitude, or longitude
We dropped 1485/43007 pireps with unknown flight level, latitude, or longitude
Severe PIREPs: 255, Non-severe PIREPs sampled: 255/41267
Final dataset size: 510/41522 pireps
Fetching SIGMETs to annotate PIREPs...
Fetching SIGMETs from IEM for november 2023...
URL params: sts=2023-11-01T00:00:00Z, ets=2023-12-01T00:00:00Z
Response status: 200
Response was 196.3 KB
Loaded 1774 raw SIGMET records
Dropped 0 rows with missing time/geometry
Processed 1774 valid SIGMET records
SIGMETs found for 31 PIREPs
Writing 510 pireps with altitude and turbulence to csv
Writing csv to output file: /cluster/tufts/capstone25skyblue/eelkus01/NEXRADTurbulencePrediction/pireps/clean_pirep_data/2023/11_turb_pireps.csv
Finished writing csv output
