srun: error: Unable to create step for job 414855: Invalid generic resource (gres) specification
**** get_sigmets.py: Download and clean Convective SIGMETs ****
Fetching SIGMETs from IEM for april 2021...
URL params: sts=2021-04-01T00:00:00Z, ets=2021-05-01T00:00:00Z
Response status: 200
Response was 338.3 KB
Loaded 3020 raw SIGMET records
Dropped 0 rows with missing time/geometry
Processed 3020 valid SIGMET records
Writing 3020 SIGMETs to output
Writing CSV to: /cluster/tufts/capstone25skyblue/eelkus01/NEXRADTurbulencePrediction/pireps/sigmet_data/2021/04_sigmets.csv
Finished writing SIGMET CSV
**** Welcome! This script will take a month and year and return a csv file ****
**** with pireps that mention turbulence from this month and year          ****
Performing GET request, this may take a moment...
Request was 6.59 Mb
Attempting to create dataframe from csv file
Successfully created dataframe from CSV file
Cleaning dataframe
Loaded columns: ['URGENT', 'AIRCRAFT', 'REPORT', 'TURBULENCE', 'PRODUCT_ID', 'FL', 'LAT', 'LON', 'datetime']
Classifying levels of turbulence
We dropped 23159/44648 pireps with unknown turbulence intensity
Dropping pireps w/ NA flight level, latitude, or longitude
We dropped 1334/21489 pireps with unknown flight level, latitude, or longitude
Severe PIREPs: 172, Non-severe PIREPs sampled: 172/19983
Final dataset size: 344/20155 pireps
Fetching SIGMETs to annotate PIREPs...
Fetching SIGMETs from IEM for april 2021...
URL params: sts=2021-04-01T00:00:00Z, ets=2021-05-01T00:00:00Z
Response status: 200
Response was 338.3 KB
Loaded 3020 raw SIGMET records
Dropped 0 rows with missing time/geometry
Processed 3020 valid SIGMET records
SIGMETs found for 33 PIREPs
Writing 344 pireps with altitude and turbulence to csv
Writing csv to output file: /cluster/tufts/capstone25skyblue/eelkus01/NEXRADTurbulencePrediction/pireps/clean_pirep_data/2021/04_turb_pireps.csv
Finished writing csv output
