srun: error: Unable to create step for job 414860: Invalid generic resource (gres) specification
**** get_sigmets.py: Download and clean Convective SIGMETs ****
Fetching SIGMETs from IEM for september 2021...
URL params: sts=2021-09-01T00:00:00Z, ets=2021-10-01T00:00:00Z
Response status: 200
Response was 779.0 KB
Loaded 7106 raw SIGMET records
Dropped 0 rows with missing time/geometry
Processed 7106 valid SIGMET records
Writing 7106 SIGMETs to output
Writing CSV to: /cluster/tufts/capstone25skyblue/eelkus01/NEXRADTurbulencePrediction/pireps/sigmet_data/2021/09_sigmets.csv
Finished writing SIGMET CSV
**** Welcome! This script will take a month and year and return a csv file ****
**** with pireps that mention turbulence from this month and year          ****
Performing GET request, this may take a moment...
Request was 5.96 Mb
Attempting to create dataframe from csv file
Successfully created dataframe from CSV file
Cleaning dataframe
Loaded columns: ['URGENT', 'AIRCRAFT', 'REPORT', 'TURBULENCE', 'PRODUCT_ID', 'FL', 'LAT', 'LON', 'datetime']
Classifying levels of turbulence
We dropped 22041/44570 pireps with unknown turbulence intensity
Dropping pireps w/ NA flight level, latitude, or longitude
We dropped 1323/22529 pireps with unknown flight level, latitude, or longitude
Severe PIREPs: 167, Non-severe PIREPs sampled: 167/21039
Final dataset size: 334/21206 pireps
Fetching SIGMETs to annotate PIREPs...
Fetching SIGMETs from IEM for september 2021...
URL params: sts=2021-09-01T00:00:00Z, ets=2021-10-01T00:00:00Z
Response status: 200
Response was 779.0 KB
Loaded 7106 raw SIGMET records
Dropped 0 rows with missing time/geometry
Processed 7106 valid SIGMET records
SIGMETs found for 59 PIREPs
Writing 334 pireps with altitude and turbulence to csv
Writing csv to output file: /cluster/tufts/capstone25skyblue/eelkus01/NEXRADTurbulencePrediction/pireps/clean_pirep_data/2021/09_turb_pireps.csv
Finished writing csv output
