srun: error: Unable to create step for job 414770: Invalid generic resource (gres) specification
**** get_sigmets.py: Download and clean Convective SIGMETs ****
Fetching SIGMETs from IEM for may 2014...
URL params: sts=2014-05-01T00:00:00Z, ets=2014-06-01T00:00:00Z
Response status: 200
Response was 480.8 KB
Loaded 4024 raw SIGMET records
Dropped 0 rows with missing time/geometry
Processed 4024 valid SIGMET records
Writing 4024 SIGMETs to output
Writing CSV to: /cluster/tufts/capstone25skyblue/eelkus01/NEXRADTurbulencePrediction/pireps/sigmet_data/2014/05_sigmets.csv
Finished writing SIGMET CSV
**** Welcome! This script will take a month and year and return a csv file ****
**** with pireps that mention turbulence from this month and year          ****
Performing GET request, this may take a moment...
Request was 3.87 Mb
Attempting to create dataframe from csv file
Successfully created dataframe from CSV file
Cleaning dataframe
Loaded columns: ['URGENT', 'AIRCRAFT', 'REPORT', 'TURBULENCE', 'PRODUCT_ID', 'FL', 'LAT', 'LON', 'datetime']
Classifying levels of turbulence
We dropped 11689/25607 pireps with unknown turbulence intensity
Dropping pireps w/ NA flight level, latitude, or longitude
We dropped 928/13918 pireps with unknown flight level, latitude, or longitude
Severe PIREPs: 191, Non-severe PIREPs sampled: 191/12799
Final dataset size: 382/12990 pireps
Fetching SIGMETs to annotate PIREPs...
Fetching SIGMETs from IEM for may 2014...
URL params: sts=2014-05-01T00:00:00Z, ets=2014-06-01T00:00:00Z
Response status: 200
Response was 480.8 KB
Loaded 4024 raw SIGMET records
Dropped 0 rows with missing time/geometry
Processed 4024 valid SIGMET records
SIGMETs found for 48 PIREPs
Writing 382 pireps with altitude and turbulence to csv
Writing csv to output file: /cluster/tufts/capstone25skyblue/eelkus01/NEXRADTurbulencePrediction/pireps/clean_pirep_data/2014/05_turb_pireps.csv
Finished writing csv output
