srun: error: Unable to create step for job 414842: Invalid generic resource (gres) specification
**** get_sigmets.py: Download and clean Convective SIGMETs ****
Fetching SIGMETs from IEM for april 2020...
URL params: sts=2020-04-01T00:00:00Z, ets=2020-05-01T00:00:00Z
Response status: 200
Response was 387.2 KB
Loaded 3378 raw SIGMET records
Dropped 0 rows with missing time/geometry
Processed 3378 valid SIGMET records
Writing 3378 SIGMETs to output
Writing CSV to: /cluster/tufts/capstone25skyblue/eelkus01/NEXRADTurbulencePrediction/pireps/sigmet_data/2020/04_sigmets.csv
Finished writing SIGMET CSV
**** Welcome! This script will take a month and year and return a csv file ****
**** with pireps that mention turbulence from this month and year          ****
Performing GET request, this may take a moment...
Request was 2.91 Mb
Attempting to create dataframe from csv file
Successfully created dataframe from CSV file
Cleaning dataframe
Loaded columns: ['URGENT', 'AIRCRAFT', 'REPORT', 'TURBULENCE', 'PRODUCT_ID', 'FL', 'LAT', 'LON', 'datetime']
Classifying levels of turbulence
We dropped 11786/21040 pireps with unknown turbulence intensity
Dropping pireps w/ NA flight level, latitude, or longitude
We dropped 702/9254 pireps with unknown flight level, latitude, or longitude
Severe PIREPs: 102, Non-severe PIREPs sampled: 102/8450
Final dataset size: 204/8552 pireps
Fetching SIGMETs to annotate PIREPs...
Fetching SIGMETs from IEM for april 2020...
URL params: sts=2020-04-01T00:00:00Z, ets=2020-05-01T00:00:00Z
Response status: 200
Response was 387.2 KB
Loaded 3378 raw SIGMET records
Dropped 0 rows with missing time/geometry
Processed 3378 valid SIGMET records
SIGMETs found for 27 PIREPs
Writing 204 pireps with altitude and turbulence to csv
Writing csv to output file: /cluster/tufts/capstone25skyblue/eelkus01/NEXRADTurbulencePrediction/pireps/clean_pirep_data/2020/04_turb_pireps.csv
Finished writing csv output
