srun: error: Unable to create step for job 414859: Invalid generic resource (gres) specification
**** get_sigmets.py: Download and clean Convective SIGMETs ****
Fetching SIGMETs from IEM for august 2021...
URL params: sts=2021-08-01T00:00:00Z, ets=2021-09-01T00:00:00Z
Response status: 200
Response was 1222.2 KB
Loaded 11138 raw SIGMET records
Dropped 0 rows with missing time/geometry
Processed 11138 valid SIGMET records
Writing 11138 SIGMETs to output
Writing CSV to: /cluster/tufts/capstone25skyblue/eelkus01/NEXRADTurbulencePrediction/pireps/sigmet_data/2021/08_sigmets.csv
Finished writing SIGMET CSV
**** Welcome! This script will take a month and year and return a csv file ****
**** with pireps that mention turbulence from this month and year          ****
Performing GET request, this may take a moment...
Request was 6.07 Mb
Attempting to create dataframe from csv file
Successfully created dataframe from CSV file
Cleaning dataframe
Loaded columns: ['URGENT', 'AIRCRAFT', 'REPORT', 'TURBULENCE', 'PRODUCT_ID', 'FL', 'LAT', 'LON', 'datetime']
Classifying levels of turbulence
We dropped 24093/45607 pireps with unknown turbulence intensity
Dropping pireps w/ NA flight level, latitude, or longitude
We dropped 1242/21514 pireps with unknown flight level, latitude, or longitude
Severe PIREPs: 140, Non-severe PIREPs sampled: 140/20132
Final dataset size: 280/20272 pireps
Fetching SIGMETs to annotate PIREPs...
Fetching SIGMETs from IEM for august 2021...
URL params: sts=2021-08-01T00:00:00Z, ets=2021-09-01T00:00:00Z
Response status: 200
Response was 1222.2 KB
Loaded 11138 raw SIGMET records
Dropped 0 rows with missing time/geometry
Processed 11138 valid SIGMET records
SIGMETs found for 80 PIREPs
Writing 280 pireps with altitude and turbulence to csv
Writing csv to output file: /cluster/tufts/capstone25skyblue/eelkus01/NEXRADTurbulencePrediction/pireps/clean_pirep_data/2021/08_turb_pireps.csv
Finished writing csv output
