srun: error: Unable to create step for job 414850: Invalid generic resource (gres) specification
**** get_sigmets.py: Download and clean Convective SIGMETs ****
Fetching SIGMETs from IEM for december 2020...
URL params: sts=2020-12-01T00:00:00Z, ets=2021-01-01T00:00:00Z
Response status: 200
Response was 140.2 KB
Loaded 1199 raw SIGMET records
Dropped 0 rows with missing time/geometry
Processed 1199 valid SIGMET records
Writing 1199 SIGMETs to output
Writing CSV to: /cluster/tufts/capstone25skyblue/eelkus01/NEXRADTurbulencePrediction/pireps/sigmet_data/2020/12_sigmets.csv
Finished writing SIGMET CSV
**** Welcome! This script will take a month and year and return a csv file ****
**** with pireps that mention turbulence from this month and year          ****
Performing GET request, this may take a moment...
Request was 7.07 Mb
Attempting to create dataframe from csv file
Successfully created dataframe from CSV file
Cleaning dataframe
Loaded columns: ['URGENT', 'AIRCRAFT', 'REPORT', 'TURBULENCE', 'PRODUCT_ID', 'FL', 'LAT', 'LON', 'datetime']
Classifying levels of turbulence
We dropped 26377/51197 pireps with unknown turbulence intensity
Dropping pireps w/ NA flight level, latitude, or longitude
We dropped 1270/24820 pireps with unknown flight level, latitude, or longitude
Severe PIREPs: 262, Non-severe PIREPs sampled: 262/23288
Final dataset size: 524/23550 pireps
Fetching SIGMETs to annotate PIREPs...
Fetching SIGMETs from IEM for december 2020...
URL params: sts=2020-12-01T00:00:00Z, ets=2021-01-01T00:00:00Z
Response status: 200
Response was 140.2 KB
Loaded 1199 raw SIGMET records
Dropped 0 rows with missing time/geometry
Processed 1199 valid SIGMET records
SIGMETs found for 17 PIREPs
Writing 524 pireps with altitude and turbulence to csv
Writing csv to output file: /cluster/tufts/capstone25skyblue/eelkus01/NEXRADTurbulencePrediction/pireps/clean_pirep_data/2020/12_turb_pireps.csv
Finished writing csv output
