srun: error: Unable to create step for job 414881: Invalid generic resource (gres) specification
**** get_sigmets.py: Download and clean Convective SIGMETs ****
Fetching SIGMETs from IEM for june 2023...
URL params: sts=2023-06-01T00:00:00Z, ets=2023-07-01T00:00:00Z
Response status: 200
Response was 1029.9 KB
Loaded 9293 raw SIGMET records
Dropped 0 rows with missing time/geometry
Processed 9293 valid SIGMET records
Writing 9293 SIGMETs to output
Writing CSV to: /cluster/tufts/capstone25skyblue/eelkus01/NEXRADTurbulencePrediction/pireps/sigmet_data/2023/06_sigmets.csv
Finished writing SIGMET CSV
**** Welcome! This script will take a month and year and return a csv file ****
**** with pireps that mention turbulence from this month and year          ****
Performing GET request, this may take a moment...
Request was 9.90 Mb
Attempting to create dataframe from csv file
Successfully created dataframe from CSV file
Cleaning dataframe
Loaded columns: ['URGENT', 'AIRCRAFT', 'REPORT', 'TURBULENCE', 'PRODUCT_ID', 'FL', 'LAT', 'LON', 'datetime']
Classifying levels of turbulence
We dropped 38643/74513 pireps with unknown turbulence intensity
Dropping pireps w/ NA flight level, latitude, or longitude
We dropped 1281/35870 pireps with unknown flight level, latitude, or longitude
Severe PIREPs: 262, Non-severe PIREPs sampled: 262/34327
Final dataset size: 524/34589 pireps
Fetching SIGMETs to annotate PIREPs...
Fetching SIGMETs from IEM for june 2023...
URL params: sts=2023-06-01T00:00:00Z, ets=2023-07-01T00:00:00Z
Response status: 200
Response was 1029.9 KB
Loaded 9293 raw SIGMET records
Dropped 0 rows with missing time/geometry
Processed 9293 valid SIGMET records
SIGMETs found for 161 PIREPs
Writing 524 pireps with altitude and turbulence to csv
Writing csv to output file: /cluster/tufts/capstone25skyblue/eelkus01/NEXRADTurbulencePrediction/pireps/clean_pirep_data/2023/06_turb_pireps.csv
Finished writing csv output
