srun: error: Unable to create step for job 414865: Invalid generic resource (gres) specification
**** get_sigmets.py: Download and clean Convective SIGMETs ****
Fetching SIGMETs from IEM for february 2022...
URL params: sts=2022-02-01T00:00:00Z, ets=2022-03-01T00:00:00Z
Response status: 200
Response was 124.8 KB
Loaded 1076 raw SIGMET records
Dropped 0 rows with missing time/geometry
Processed 1076 valid SIGMET records
Writing 1076 SIGMETs to output
Writing CSV to: /cluster/tufts/capstone25skyblue/eelkus01/NEXRADTurbulencePrediction/pireps/sigmet_data/2022/02_sigmets.csv
Finished writing SIGMET CSV
**** Welcome! This script will take a month and year and return a csv file ****
**** with pireps that mention turbulence from this month and year          ****
Performing GET request, this may take a moment...
Request was 9.04 Mb
Attempting to create dataframe from csv file
Successfully created dataframe from CSV file
Cleaning dataframe
Loaded columns: ['URGENT', 'AIRCRAFT', 'REPORT', 'TURBULENCE', 'PRODUCT_ID', 'FL', 'LAT', 'LON', 'datetime']
Classifying levels of turbulence
We dropped 34786/67225 pireps with unknown turbulence intensity
Dropping pireps w/ NA flight level, latitude, or longitude
We dropped 2146/32439 pireps with unknown flight level, latitude, or longitude
Severe PIREPs: 274, Non-severe PIREPs sampled: 274/30019
Final dataset size: 548/30293 pireps
Fetching SIGMETs to annotate PIREPs...
Fetching SIGMETs from IEM for february 2022...
URL params: sts=2022-02-01T00:00:00Z, ets=2022-03-01T00:00:00Z
Response status: 200
Response was 124.8 KB
Loaded 1076 raw SIGMET records
Dropped 0 rows with missing time/geometry
Processed 1076 valid SIGMET records
SIGMETs found for 6 PIREPs
Writing 548 pireps with altitude and turbulence to csv
Writing csv to output file: /cluster/tufts/capstone25skyblue/eelkus01/NEXRADTurbulencePrediction/pireps/clean_pirep_data/2022/02_turb_pireps.csv
Finished writing csv output
