srun: error: Unable to create step for job 414780: Invalid generic resource (gres) specification
**** get_sigmets.py: Download and clean Convective SIGMETs ****
Fetching SIGMETs from IEM for march 2015...
URL params: sts=2015-03-01T00:00:00Z, ets=2015-04-01T00:00:00Z
Response status: 200
Response was 119.4 KB
Loaded 1008 raw SIGMET records
Dropped 0 rows with missing time/geometry
Processed 1008 valid SIGMET records
Writing 1008 SIGMETs to output
Writing CSV to: /cluster/tufts/capstone25skyblue/eelkus01/NEXRADTurbulencePrediction/pireps/sigmet_data/2015/03_sigmets.csv
Finished writing SIGMET CSV
**** Welcome! This script will take a month and year and return a csv file ****
**** with pireps that mention turbulence from this month and year          ****
Performing GET request, this may take a moment...
Request was 4.95 Mb
Attempting to create dataframe from csv file
Successfully created dataframe from CSV file
Cleaning dataframe
Loaded columns: ['URGENT', 'AIRCRAFT', 'REPORT', 'TURBULENCE', 'PRODUCT_ID', 'FL', 'LAT', 'LON', 'datetime']
Classifying levels of turbulence
We dropped 16861/34413 pireps with unknown turbulence intensity
Dropping pireps w/ NA flight level, latitude, or longitude
We dropped 1171/17552 pireps with unknown flight level, latitude, or longitude
Severe PIREPs: 165, Non-severe PIREPs sampled: 165/16216
Final dataset size: 330/16381 pireps
Fetching SIGMETs to annotate PIREPs...
Fetching SIGMETs from IEM for march 2015...
URL params: sts=2015-03-01T00:00:00Z, ets=2015-04-01T00:00:00Z
Response status: 200
Response was 119.4 KB
Loaded 1008 raw SIGMET records
Dropped 0 rows with missing time/geometry
Processed 1008 valid SIGMET records
SIGMETs found for 6 PIREPs
Writing 330 pireps with altitude and turbulence to csv
Writing csv to output file: /cluster/tufts/capstone25skyblue/eelkus01/NEXRADTurbulencePrediction/pireps/clean_pirep_data/2015/03_turb_pireps.csv
Finished writing csv output
