srun: error: Unable to create step for job 414695: Invalid generic resource (gres) specification
**** get_sigmets.py: Download and clean Convective SIGMETs ****
Fetching SIGMETs from IEM for march 2008...
URL params: sts=2008-03-01T00:00:00Z, ets=2008-04-01T00:00:00Z
Response status: 200
Response was 172.9 KB
Loaded 1409 raw SIGMET records
Dropped 0 rows with missing time/geometry
Processed 1409 valid SIGMET records
Writing 1409 SIGMETs to output
Writing CSV to: /cluster/tufts/capstone25skyblue/eelkus01/NEXRADTurbulencePrediction/pireps/sigmet_data/2008/03_sigmets.csv
Finished writing SIGMET CSV
**** Welcome! This script will take a month and year and return a csv file ****
**** with pireps that mention turbulence from this month and year          ****
Performing GET request, this may take a moment...
Request was 6.10 Mb
Attempting to create dataframe from csv file
Successfully created dataframe from CSV file
Cleaning dataframe
Loaded columns: ['URGENT', 'AIRCRAFT', 'REPORT', 'TURBULENCE', 'PRODUCT_ID', 'FL', 'LAT', 'LON', 'datetime']
Classifying levels of turbulence
We dropped 18878/40317 pireps with unknown turbulence intensity
Dropping pireps w/ NA flight level, latitude, or longitude
We dropped 2111/21439 pireps with unknown flight level, latitude, or longitude
Severe PIREPs: 308, Non-severe PIREPs sampled: 308/19020
Final dataset size: 616/19328 pireps
Fetching SIGMETs to annotate PIREPs...
Fetching SIGMETs from IEM for march 2008...
URL params: sts=2008-03-01T00:00:00Z, ets=2008-04-01T00:00:00Z
Response status: 200
Response was 172.9 KB
Loaded 1409 raw SIGMET records
Dropped 0 rows with missing time/geometry
Processed 1409 valid SIGMET records
SIGMETs found for 56 PIREPs
Writing 616 pireps with altitude and turbulence to csv
Writing csv to output file: /cluster/tufts/capstone25skyblue/eelkus01/NEXRADTurbulencePrediction/pireps/clean_pirep_data/2008/03_turb_pireps.csv
Finished writing csv output
