srun: error: Unable to create step for job 414757: Invalid generic resource (gres) specification
**** get_sigmets.py: Download and clean Convective SIGMETs ****
Fetching SIGMETs from IEM for may 2013...
URL params: sts=2013-05-01T00:00:00Z, ets=2013-06-01T00:00:00Z
Response status: 200
Response was 569.0 KB
Loaded 4474 raw SIGMET records
Dropped 0 rows with missing time/geometry
Processed 4474 valid SIGMET records
Writing 4474 SIGMETs to output
Writing CSV to: /cluster/tufts/capstone25skyblue/eelkus01/NEXRADTurbulencePrediction/pireps/sigmet_data/2013/05_sigmets.csv
Finished writing SIGMET CSV
**** Welcome! This script will take a month and year and return a csv file ****
**** with pireps that mention turbulence from this month and year          ****
Performing GET request, this may take a moment...
Request was 4.12 Mb
Attempting to create dataframe from csv file
Successfully created dataframe from CSV file
Cleaning dataframe
Loaded columns: ['URGENT', 'AIRCRAFT', 'REPORT', 'TURBULENCE', 'PRODUCT_ID', 'FL', 'LAT', 'LON', 'datetime']
Classifying levels of turbulence
We dropped 12963/27261 pireps with unknown turbulence intensity
Dropping pireps w/ NA flight level, latitude, or longitude
We dropped 1162/14298 pireps with unknown flight level, latitude, or longitude
Severe PIREPs: 177, Non-severe PIREPs sampled: 177/12959
Final dataset size: 354/13136 pireps
Fetching SIGMETs to annotate PIREPs...
Fetching SIGMETs from IEM for may 2013...
URL params: sts=2013-05-01T00:00:00Z, ets=2013-06-01T00:00:00Z
Response status: 200
Response was 569.0 KB
Loaded 4474 raw SIGMET records
Dropped 0 rows with missing time/geometry
Processed 4474 valid SIGMET records
SIGMETs found for 51 PIREPs
Writing 354 pireps with altitude and turbulence to csv
Writing csv to output file: /cluster/tufts/capstone25skyblue/eelkus01/NEXRADTurbulencePrediction/pireps/clean_pirep_data/2013/05_turb_pireps.csv
Finished writing csv output
