srun: error: Unable to create step for job 414805: Invalid generic resource (gres) specification
**** get_sigmets.py: Download and clean Convective SIGMETs ****
Fetching SIGMETs from IEM for march 2017...
URL params: sts=2017-03-01T00:00:00Z, ets=2017-04-01T00:00:00Z
Response status: 200
Response was 212.9 KB
Loaded 1748 raw SIGMET records
Dropped 0 rows with missing time/geometry
Processed 1748 valid SIGMET records
Writing 1748 SIGMETs to output
Writing CSV to: /cluster/tufts/capstone25skyblue/eelkus01/NEXRADTurbulencePrediction/pireps/sigmet_data/2017/03_sigmets.csv
Finished writing SIGMET CSV
**** Welcome! This script will take a month and year and return a csv file ****
**** with pireps that mention turbulence from this month and year          ****
Performing GET request, this may take a moment...
Request was 8.10 Mb
Attempting to create dataframe from csv file
Successfully created dataframe from CSV file
Cleaning dataframe
Loaded columns: ['URGENT', 'AIRCRAFT', 'REPORT', 'TURBULENCE', 'PRODUCT_ID', 'FL', 'LAT', 'LON', 'datetime']
Classifying levels of turbulence
We dropped 30473/57862 pireps with unknown turbulence intensity
Dropping pireps w/ NA flight level, latitude, or longitude
We dropped 1516/27389 pireps with unknown flight level, latitude, or longitude
Severe PIREPs: 309, Non-severe PIREPs sampled: 309/25564
Final dataset size: 618/25873 pireps
Fetching SIGMETs to annotate PIREPs...
Fetching SIGMETs from IEM for march 2017...
URL params: sts=2017-03-01T00:00:00Z, ets=2017-04-01T00:00:00Z
Response status: 200
Response was 212.9 KB
Loaded 1748 raw SIGMET records
Dropped 0 rows with missing time/geometry
Processed 1748 valid SIGMET records
SIGMETs found for 25 PIREPs
Writing 618 pireps with altitude and turbulence to csv
Writing csv to output file: /cluster/tufts/capstone25skyblue/eelkus01/NEXRADTurbulencePrediction/pireps/clean_pirep_data/2017/03_turb_pireps.csv
Finished writing csv output
