srun: error: Unable to create step for job 414833: Invalid generic resource (gres) specification
**** get_sigmets.py: Download and clean Convective SIGMETs ****
Fetching SIGMETs from IEM for july 2019...
URL params: sts=2019-07-01T00:00:00Z, ets=2019-08-01T00:00:00Z
Response status: 200
Response was 1061.5 KB
Loaded 9560 raw SIGMET records
Dropped 0 rows with missing time/geometry
Processed 9560 valid SIGMET records
Writing 9560 SIGMETs to output
Writing CSV to: /cluster/tufts/capstone25skyblue/eelkus01/NEXRADTurbulencePrediction/pireps/sigmet_data/2019/07_sigmets.csv
Finished writing SIGMET CSV
**** Welcome! This script will take a month and year and return a csv file ****
**** with pireps that mention turbulence from this month and year          ****
Performing GET request, this may take a moment...
Request was 4.52 Mb
Attempting to create dataframe from csv file
Successfully created dataframe from CSV file
Cleaning dataframe
Loaded columns: ['URGENT', 'AIRCRAFT', 'REPORT', 'TURBULENCE', 'PRODUCT_ID', 'FL', 'LAT', 'LON', 'datetime']
Classifying levels of turbulence
We dropped 17206/33107 pireps with unknown turbulence intensity
Dropping pireps w/ NA flight level, latitude, or longitude
We dropped 664/15901 pireps with unknown flight level, latitude, or longitude
Severe PIREPs: 119, Non-severe PIREPs sampled: 119/15118
Final dataset size: 238/15237 pireps
Fetching SIGMETs to annotate PIREPs...
Fetching SIGMETs from IEM for july 2019...
URL params: sts=2019-07-01T00:00:00Z, ets=2019-08-01T00:00:00Z
Response status: 200
Response was 1061.5 KB
Loaded 9560 raw SIGMET records
Dropped 0 rows with missing time/geometry
Processed 9560 valid SIGMET records
SIGMETs found for 65 PIREPs
Writing 238 pireps with altitude and turbulence to csv
Writing csv to output file: /cluster/tufts/capstone25skyblue/eelkus01/NEXRADTurbulencePrediction/pireps/clean_pirep_data/2019/07_turb_pireps.csv
Finished writing csv output
