srun: error: Unable to create step for job 414895: Invalid generic resource (gres) specification
**** get_sigmets.py: Download and clean Convective SIGMETs ****
Fetching SIGMETs from IEM for august 2024...
URL params: sts=2024-08-01T00:00:00Z, ets=2024-09-01T00:00:00Z
Response status: 200
Response was 1093.8 KB
Loaded 10027 raw SIGMET records
Dropped 0 rows with missing time/geometry
Processed 10027 valid SIGMET records
Writing 10027 SIGMETs to output
Writing CSV to: /cluster/tufts/capstone25skyblue/eelkus01/NEXRADTurbulencePrediction/pireps/sigmet_data/2024/08_sigmets.csv
Finished writing SIGMET CSV
**** Welcome! This script will take a month and year and return a csv file ****
**** with pireps that mention turbulence from this month and year          ****
Performing GET request, this may take a moment...
Request was 11.18 Mb
Attempting to create dataframe from csv file
Successfully created dataframe from CSV file
Cleaning dataframe
Loaded columns: ['URGENT', 'AIRCRAFT', 'REPORT', 'TURBULENCE', 'PRODUCT_ID', 'FL', 'LAT', 'LON', 'datetime']
Classifying levels of turbulence
We dropped 33368/71241 pireps with unknown turbulence intensity
Dropping pireps w/ NA flight level, latitude, or longitude
We dropped 1325/37873 pireps with unknown flight level, latitude, or longitude
Severe PIREPs: 113, Non-severe PIREPs sampled: 113/36435
Final dataset size: 226/36548 pireps
Fetching SIGMETs to annotate PIREPs...
Fetching SIGMETs from IEM for august 2024...
URL params: sts=2024-08-01T00:00:00Z, ets=2024-09-01T00:00:00Z
Response status: 200
Response was 1093.8 KB
Loaded 10027 raw SIGMET records
Dropped 0 rows with missing time/geometry
Processed 10027 valid SIGMET records
SIGMETs found for 74 PIREPs
Writing 226 pireps with altitude and turbulence to csv
Writing csv to output file: /cluster/tufts/capstone25skyblue/eelkus01/NEXRADTurbulencePrediction/pireps/clean_pirep_data/2024/08_turb_pireps.csv
Finished writing csv output
