srun: error: Unable to create step for job 414840: Invalid generic resource (gres) specification
**** get_sigmets.py: Download and clean Convective SIGMETs ****
Fetching SIGMETs from IEM for february 2020...
URL params: sts=2020-02-01T00:00:00Z, ets=2020-03-01T00:00:00Z
Response status: 200
Response was 139.9 KB
Loaded 1230 raw SIGMET records
Dropped 0 rows with missing time/geometry
Processed 1230 valid SIGMET records
Writing 1230 SIGMETs to output
Writing CSV to: /cluster/tufts/capstone25skyblue/eelkus01/NEXRADTurbulencePrediction/pireps/sigmet_data/2020/02_sigmets.csv
Finished writing SIGMET CSV
**** Welcome! This script will take a month and year and return a csv file ****
**** with pireps that mention turbulence from this month and year          ****
Performing GET request, this may take a moment...
Request was 10.36 Mb
Attempting to create dataframe from csv file
Successfully created dataframe from CSV file
Cleaning dataframe
Loaded columns: ['URGENT', 'AIRCRAFT', 'REPORT', 'TURBULENCE', 'PRODUCT_ID', 'FL', 'LAT', 'LON', 'datetime']
Classifying levels of turbulence
We dropped 38200/74793 pireps with unknown turbulence intensity
Dropping pireps w/ NA flight level, latitude, or longitude
We dropped 1651/36593 pireps with unknown flight level, latitude, or longitude
Severe PIREPs: 437, Non-severe PIREPs sampled: 437/34505
Final dataset size: 874/34942 pireps
Fetching SIGMETs to annotate PIREPs...
Fetching SIGMETs from IEM for february 2020...
URL params: sts=2020-02-01T00:00:00Z, ets=2020-03-01T00:00:00Z
Response status: 200
Response was 139.9 KB
Loaded 1230 raw SIGMET records
Dropped 0 rows with missing time/geometry
Processed 1230 valid SIGMET records
SIGMETs found for 73 PIREPs
Writing 874 pireps with altitude and turbulence to csv
Writing csv to output file: /cluster/tufts/capstone25skyblue/eelkus01/NEXRADTurbulencePrediction/pireps/clean_pirep_data/2020/02_turb_pireps.csv
Finished writing csv output
