srun: error: Unable to create step for job 414897: Invalid generic resource (gres) specification
**** get_sigmets.py: Download and clean Convective SIGMETs ****
Fetching SIGMETs from IEM for october 2024...
URL params: sts=2024-10-01T00:00:00Z, ets=2024-11-01T00:00:00Z
Response status: 200
Response was 303.9 KB
Loaded 2782 raw SIGMET records
Dropped 0 rows with missing time/geometry
Processed 2782 valid SIGMET records
Writing 2782 SIGMETs to output
Writing CSV to: /cluster/tufts/capstone25skyblue/eelkus01/NEXRADTurbulencePrediction/pireps/sigmet_data/2024/10_sigmets.csv
Finished writing SIGMET CSV
**** Welcome! This script will take a month and year and return a csv file ****
**** with pireps that mention turbulence from this month and year          ****
Performing GET request, this may take a moment...
Request was 10.05 Mb
Attempting to create dataframe from csv file
Successfully created dataframe from CSV file
Cleaning dataframe
Loaded columns: ['URGENT', 'AIRCRAFT', 'REPORT', 'TURBULENCE', 'PRODUCT_ID', 'FL', 'LAT', 'LON', 'datetime']
Classifying levels of turbulence
We dropped 23624/56237 pireps with unknown turbulence intensity
Dropping pireps w/ NA flight level, latitude, or longitude
We dropped 1828/32613 pireps with unknown flight level, latitude, or longitude
Severe PIREPs: 148, Non-severe PIREPs sampled: 148/30637
Final dataset size: 296/30785 pireps
Fetching SIGMETs to annotate PIREPs...
Fetching SIGMETs from IEM for october 2024...
URL params: sts=2024-10-01T00:00:00Z, ets=2024-11-01T00:00:00Z
Response status: 200
Response was 303.9 KB
Loaded 2782 raw SIGMET records
Dropped 0 rows with missing time/geometry
Processed 2782 valid SIGMET records
SIGMETs found for 14 PIREPs
Writing 296 pireps with altitude and turbulence to csv
Writing csv to output file: /cluster/tufts/capstone25skyblue/eelkus01/NEXRADTurbulencePrediction/pireps/clean_pirep_data/2024/10_turb_pireps.csv
Finished writing csv output
