srun: error: Unable to create step for job 414727: Invalid generic resource (gres) specification
**** get_sigmets.py: Download and clean Convective SIGMETs ****
Fetching SIGMETs from IEM for november 2010...
URL params: sts=2010-11-01T00:00:00Z, ets=2010-12-01T00:00:00Z
Response status: 200
Response was 124.5 KB
Loaded 1056 raw SIGMET records
Dropped 0 rows with missing time/geometry
Processed 1056 valid SIGMET records
Writing 1056 SIGMETs to output
Writing CSV to: /cluster/tufts/capstone25skyblue/eelkus01/NEXRADTurbulencePrediction/pireps/sigmet_data/2010/11_sigmets.csv
Finished writing SIGMET CSV
**** Welcome! This script will take a month and year and return a csv file ****
**** with pireps that mention turbulence from this month and year          ****
Performing GET request, this may take a moment...
Request was 3.37 Mb
Attempting to create dataframe from csv file
Successfully created dataframe from CSV file
Cleaning dataframe
Loaded columns: ['URGENT', 'AIRCRAFT', 'REPORT', 'TURBULENCE', 'PRODUCT_ID', 'FL', 'LAT', 'LON', 'datetime']
Classifying levels of turbulence
We dropped 11261/21619 pireps with unknown turbulence intensity
Dropping pireps w/ NA flight level, latitude, or longitude
We dropped 830/10358 pireps with unknown flight level, latitude, or longitude
Severe PIREPs: 150, Non-severe PIREPs sampled: 150/9378
Final dataset size: 300/9528 pireps
Fetching SIGMETs to annotate PIREPs...
Fetching SIGMETs from IEM for november 2010...
URL params: sts=2010-11-01T00:00:00Z, ets=2010-12-01T00:00:00Z
Response status: 200
Response was 124.5 KB
Loaded 1056 raw SIGMET records
Dropped 0 rows with missing time/geometry
Processed 1056 valid SIGMET records
SIGMETs found for 12 PIREPs
Writing 300 pireps with altitude and turbulence to csv
Writing csv to output file: /cluster/tufts/capstone25skyblue/eelkus01/NEXRADTurbulencePrediction/pireps/clean_pirep_data/2010/11_turb_pireps.csv
Finished writing csv output
