srun: error: Unable to create step for job 414795: Invalid generic resource (gres) specification
**** get_sigmets.py: Download and clean Convective SIGMETs ****
Fetching SIGMETs from IEM for june 2016...
URL params: sts=2016-06-01T00:00:00Z, ets=2016-07-01T00:00:00Z
Response status: 200
Response was 726.9 KB
Loaded 6199 raw SIGMET records
Dropped 0 rows with missing time/geometry
Processed 6199 valid SIGMET records
Writing 6199 SIGMETs to output
Writing CSV to: /cluster/tufts/capstone25skyblue/eelkus01/NEXRADTurbulencePrediction/pireps/sigmet_data/2016/06_sigmets.csv
Finished writing SIGMET CSV
**** Welcome! This script will take a month and year and return a csv file ****
**** with pireps that mention turbulence from this month and year          ****
Performing GET request, this may take a moment...
Request was 3.29 Mb
Attempting to create dataframe from csv file
Successfully created dataframe from CSV file
Cleaning dataframe
Loaded columns: ['URGENT', 'AIRCRAFT', 'REPORT', 'TURBULENCE', 'PRODUCT_ID', 'FL', 'LAT', 'LON', 'datetime']
Classifying levels of turbulence
We dropped 12390/23641 pireps with unknown turbulence intensity
Dropping pireps w/ NA flight level, latitude, or longitude
We dropped 708/11251 pireps with unknown flight level, latitude, or longitude
Severe PIREPs: 140, Non-severe PIREPs sampled: 140/10403
Final dataset size: 280/10543 pireps
Fetching SIGMETs to annotate PIREPs...
Fetching SIGMETs from IEM for june 2016...
URL params: sts=2016-06-01T00:00:00Z, ets=2016-07-01T00:00:00Z
Response status: 200
Response was 726.9 KB
Loaded 6199 raw SIGMET records
Dropped 0 rows with missing time/geometry
Processed 6199 valid SIGMET records
SIGMETs found for 37 PIREPs
Writing 280 pireps with altitude and turbulence to csv
Writing csv to output file: /cluster/tufts/capstone25skyblue/eelkus01/NEXRADTurbulencePrediction/pireps/clean_pirep_data/2016/06_turb_pireps.csv
Finished writing csv output
