srun: error: Unable to create step for job 414761: Invalid generic resource (gres) specification
**** get_sigmets.py: Download and clean Convective SIGMETs ****
Fetching SIGMETs from IEM for september 2013...
URL params: sts=2013-09-01T00:00:00Z, ets=2013-10-01T00:00:00Z
Response status: 200
Response was 574.7 KB
Loaded 4738 raw SIGMET records
Dropped 0 rows with missing time/geometry
Processed 4738 valid SIGMET records
Writing 4738 SIGMETs to output
Writing CSV to: /cluster/tufts/capstone25skyblue/eelkus01/NEXRADTurbulencePrediction/pireps/sigmet_data/2013/09_sigmets.csv
Finished writing SIGMET CSV
**** Welcome! This script will take a month and year and return a csv file ****
**** with pireps that mention turbulence from this month and year          ****
Performing GET request, this may take a moment...
Request was 3.30 Mb
Attempting to create dataframe from csv file
Successfully created dataframe from CSV file
Cleaning dataframe
Loaded columns: ['URGENT', 'AIRCRAFT', 'REPORT', 'TURBULENCE', 'PRODUCT_ID', 'FL', 'LAT', 'LON', 'datetime']
Classifying levels of turbulence
We dropped 10467/21475 pireps with unknown turbulence intensity
Dropping pireps w/ NA flight level, latitude, or longitude
We dropped 923/11008 pireps with unknown flight level, latitude, or longitude
Severe PIREPs: 123, Non-severe PIREPs sampled: 123/9962
Final dataset size: 246/10085 pireps
Fetching SIGMETs to annotate PIREPs...
Fetching SIGMETs from IEM for september 2013...
URL params: sts=2013-09-01T00:00:00Z, ets=2013-10-01T00:00:00Z
Response status: 200
Response was 574.7 KB
Loaded 4738 raw SIGMET records
Dropped 0 rows with missing time/geometry
Processed 4738 valid SIGMET records
SIGMETs found for 31 PIREPs
Writing 246 pireps with altitude and turbulence to csv
Writing csv to output file: /cluster/tufts/capstone25skyblue/eelkus01/NEXRADTurbulencePrediction/pireps/clean_pirep_data/2013/09_turb_pireps.csv
Finished writing csv output
