srun: error: Unable to create step for job 414700: Invalid generic resource (gres) specification
**** get_sigmets.py: Download and clean Convective SIGMETs ****
Fetching SIGMETs from IEM for august 2008...
URL params: sts=2008-08-01T00:00:00Z, ets=2008-09-01T00:00:00Z
Response status: 200
Response was 703.0 KB
Loaded 5985 raw SIGMET records
Dropped 0 rows with missing time/geometry
Processed 5985 valid SIGMET records
Writing 5985 SIGMETs to output
Writing CSV to: /cluster/tufts/capstone25skyblue/eelkus01/NEXRADTurbulencePrediction/pireps/sigmet_data/2008/08_sigmets.csv
Finished writing SIGMET CSV
**** Welcome! This script will take a month and year and return a csv file ****
**** with pireps that mention turbulence from this month and year          ****
Performing GET request, this may take a moment...
Request was 4.52 Mb
Attempting to create dataframe from csv file
Successfully created dataframe from CSV file
Cleaning dataframe
Loaded columns: ['URGENT', 'AIRCRAFT', 'REPORT', 'TURBULENCE', 'PRODUCT_ID', 'FL', 'LAT', 'LON', 'datetime']
Classifying levels of turbulence
We dropped 16027/29616 pireps with unknown turbulence intensity
Dropping pireps w/ NA flight level, latitude, or longitude
We dropped 1380/13589 pireps with unknown flight level, latitude, or longitude
Severe PIREPs: 134, Non-severe PIREPs sampled: 134/12075
Final dataset size: 268/12209 pireps
Fetching SIGMETs to annotate PIREPs...
Fetching SIGMETs from IEM for august 2008...
URL params: sts=2008-08-01T00:00:00Z, ets=2008-09-01T00:00:00Z
Response status: 200
Response was 703.0 KB
Loaded 5985 raw SIGMET records
Dropped 0 rows with missing time/geometry
Processed 5985 valid SIGMET records
SIGMETs found for 68 PIREPs
Writing 268 pireps with altitude and turbulence to csv
Writing csv to output file: /cluster/tufts/capstone25skyblue/eelkus01/NEXRADTurbulencePrediction/pireps/clean_pirep_data/2008/08_turb_pireps.csv
Finished writing csv output
