srun: error: Unable to create step for job 414830: Invalid generic resource (gres) specification
**** get_sigmets.py: Download and clean Convective SIGMETs ****
Fetching SIGMETs from IEM for april 2019...
URL params: sts=2019-04-01T00:00:00Z, ets=2019-05-01T00:00:00Z
Response status: 200
Response was 407.4 KB
Loaded 3521 raw SIGMET records
Dropped 0 rows with missing time/geometry
Processed 3521 valid SIGMET records
Writing 3521 SIGMETs to output
Writing CSV to: /cluster/tufts/capstone25skyblue/eelkus01/NEXRADTurbulencePrediction/pireps/sigmet_data/2019/04_sigmets.csv
Finished writing SIGMET CSV
**** Welcome! This script will take a month and year and return a csv file ****
**** with pireps that mention turbulence from this month and year          ****
Performing GET request, this may take a moment...
Request was 9.02 Mb
Attempting to create dataframe from csv file
Traceback (most recent call last):
  File "/cluster/tufts/capstone25skyblue/eelkus01/NEXRADTurbulencePrediction/pireps/clean_pireps.py", line 121, in <module>
    pireps = pd.read_csv(StringIO(r.text), on_bad_lines='skip')
             ^^^^^^^^^^^^^^^^^^^^^^^^^^^^^^^^^^^^^^^^^^^^^^^^^^
  File "/cluster/tufts/capstone25skyblue/condaenv26/nexrad_env/lib/python3.12/site-packages/pandas/io/parsers/readers.py", line 873, in read_csv
    return _read(filepath_or_buffer, kwds)
           ^^^^^^^^^^^^^^^^^^^^^^^^^^^^^^^
  File "/cluster/tufts/capstone25skyblue/condaenv26/nexrad_env/lib/python3.12/site-packages/pandas/io/parsers/readers.py", line 306, in _read
    return parser.read(nrows)
           ^^^^^^^^^^^^^^^^^^
  File "/cluster/tufts/capstone25skyblue/condaenv26/nexrad_env/lib/python3.12/site-packages/pandas/io/parsers/readers.py", line 1947, in read
    ) = self._engine.read(  # type: ignore[attr-defined]
        ^^^^^^^^^^^^^^^^^^^^^^^^^^^^^^^^^^^^^^^^^^^^^^^^
  File "/cluster/tufts/capstone25skyblue/condaenv26/nexrad_env/lib/python3.12/site-packages/pandas/io/parsers/c_parser_wrapper.py", line 215, in read
    chunks = self._reader.read_low_memory(nrows)
             ^^^^^^^^^^^^^^^^^^^^^^^^^^^^^^^^^^^
  File "pandas/_libs/parsers.pyx", line 832, in pandas._libs.parsers.TextReader.read_low_memory
  File "pandas/_libs/parsers.pyx", line 897, in pandas._libs.parsers.TextReader._read_rows
  File "pandas/_libs/parsers.pyx", line 868, in pandas._libs.parsers.TextReader._tokenize_rows
  File "pandas/_libs/parsers.pyx", line 885, in pandas._libs.parsers.TextReader._check_tokenize_status
  File "pandas/_libs/parsers.pyx", line 2084, in pandas._libs.parsers.raise_parser_error
pandas.errors.ParserError: Error tokenizing data. C error: EOF inside string starting at row 64751
