srun: error: Unable to create step for job 414900: Invalid generic resource (gres) specification
**** get_sigmets.py: Download and clean Convective SIGMETs ****
Fetching SIGMETs from IEM for january 2025...
URL params: sts=2025-01-01T00:00:00Z, ets=2025-02-01T00:00:00Z
Response status: 200
Response was 102.3 KB
Loaded 870 raw SIGMET records
Dropped 0 rows with missing time/geometry
Processed 870 valid SIGMET records
Writing 870 SIGMETs to output
Writing CSV to: /cluster/tufts/capstone25skyblue/eelkus01/NEXRADTurbulencePrediction/pireps/sigmet_data/2025/01_sigmets.csv
Finished writing SIGMET CSV
**** Welcome! This script will take a month and year and return a csv file ****
**** with pireps that mention turbulence from this month and year          ****
Performing GET request, this may take a moment...
Request was 17.97 Mb
Attempting to create dataframe from csv file
Successfully created dataframe from CSV file
Cleaning dataframe
Loaded columns: ['URGENT', 'AIRCRAFT', 'REPORT', 'TURBULENCE', 'PRODUCT_ID', 'FL', 'LAT', 'LON', 'datetime']
Classifying levels of turbulence
We dropped 49494/107918 pireps with unknown turbulence intensity
Dropping pireps w/ NA flight level, latitude, or longitude
We dropped 4395/58424 pireps with unknown flight level, latitude, or longitude
Severe PIREPs: 356, Non-severe PIREPs sampled: 356/53673
Final dataset size: 712/54029 pireps
Fetching SIGMETs to annotate PIREPs...
Fetching SIGMETs from IEM for january 2025...
URL params: sts=2025-01-01T00:00:00Z, ets=2025-02-01T00:00:00Z
Response status: 200
Response was 102.3 KB
Loaded 870 raw SIGMET records
Dropped 0 rows with missing time/geometry
Processed 870 valid SIGMET records
SIGMETs found for 28 PIREPs
Writing 712 pireps with altitude and turbulence to csv
Writing csv to output file: /cluster/tufts/capstone25skyblue/eelkus01/NEXRADTurbulencePrediction/pireps/clean_pirep_data/2025/01_turb_pireps.csv
Finished writing csv output
