srun: error: Unable to create step for job 414709: Invalid generic resource (gres) specification
**** get_sigmets.py: Download and clean Convective SIGMETs ****
Fetching SIGMETs from IEM for may 2009...
URL params: sts=2009-05-01T00:00:00Z, ets=2009-06-01T00:00:00Z
Response status: 200
Response was 591.9 KB
Loaded 4939 raw SIGMET records
Dropped 0 rows with missing time/geometry
Processed 4939 valid SIGMET records
Writing 4939 SIGMETs to output
Writing CSV to: /cluster/tufts/capstone25skyblue/eelkus01/NEXRADTurbulencePrediction/pireps/sigmet_data/2009/05_sigmets.csv
Finished writing SIGMET CSV
**** Welcome! This script will take a month and year and return a csv file ****
**** with pireps that mention turbulence from this month and year          ****
Performing GET request, this may take a moment...
Request was 4.86 Mb
Attempting to create dataframe from csv file
Successfully created dataframe from CSV file
Cleaning dataframe
Loaded columns: ['URGENT', 'AIRCRAFT', 'REPORT', 'TURBULENCE', 'PRODUCT_ID', 'FL', 'LAT', 'LON', 'datetime']
Classifying levels of turbulence
We dropped 15772/32603 pireps with unknown turbulence intensity
Dropping pireps w/ NA flight level, latitude, or longitude
We dropped 1659/16831 pireps with unknown flight level, latitude, or longitude
Severe PIREPs: 183, Non-severe PIREPs sampled: 183/14989
Final dataset size: 366/15172 pireps
Fetching SIGMETs to annotate PIREPs...
Fetching SIGMETs from IEM for may 2009...
URL params: sts=2009-05-01T00:00:00Z, ets=2009-06-01T00:00:00Z
Response status: 200
Response was 591.9 KB
Loaded 4939 raw SIGMET records
Dropped 0 rows with missing time/geometry
Processed 4939 valid SIGMET records
SIGMETs found for 59 PIREPs
Writing 366 pireps with altitude and turbulence to csv
Writing csv to output file: /cluster/tufts/capstone25skyblue/eelkus01/NEXRADTurbulencePrediction/pireps/clean_pirep_data/2009/05_turb_pireps.csv
Finished writing csv output
