srun: error: Unable to create step for job 414826: Invalid generic resource (gres) specification
**** get_sigmets.py: Download and clean Convective SIGMETs ****
Fetching SIGMETs from IEM for december 2018...
URL params: sts=2018-12-01T00:00:00Z, ets=2019-01-01T00:00:00Z
Response status: 200
Response was 179.2 KB
Loaded 1518 raw SIGMET records
Dropped 0 rows with missing time/geometry
Processed 1518 valid SIGMET records
Writing 1518 SIGMETs to output
Writing CSV to: /cluster/tufts/capstone25skyblue/eelkus01/NEXRADTurbulencePrediction/pireps/sigmet_data/2018/12_sigmets.csv
Finished writing SIGMET CSV
**** Welcome! This script will take a month and year and return a csv file ****
**** with pireps that mention turbulence from this month and year          ****
Performing GET request, this may take a moment...
Request was 10.45 Mb
Attempting to create dataframe from csv file
Successfully created dataframe from CSV file
Cleaning dataframe
Loaded columns: ['URGENT', 'AIRCRAFT', 'REPORT', 'TURBULENCE', 'PRODUCT_ID', 'FL', 'LAT', 'LON', 'datetime']
Classifying levels of turbulence
We dropped 39360/75072 pireps with unknown turbulence intensity
Dropping pireps w/ NA flight level, latitude, or longitude
We dropped 1590/35712 pireps with unknown flight level, latitude, or longitude
Severe PIREPs: 409, Non-severe PIREPs sampled: 409/33713
Final dataset size: 818/34122 pireps
Fetching SIGMETs to annotate PIREPs...
Fetching SIGMETs from IEM for december 2018...
URL params: sts=2018-12-01T00:00:00Z, ets=2019-01-01T00:00:00Z
Response status: 200
Response was 179.2 KB
Loaded 1518 raw SIGMET records
Dropped 0 rows with missing time/geometry
Processed 1518 valid SIGMET records
SIGMETs found for 62 PIREPs
Writing 818 pireps with altitude and turbulence to csv
Writing csv to output file: /cluster/tufts/capstone25skyblue/eelkus01/NEXRADTurbulencePrediction/pireps/clean_pirep_data/2018/12_turb_pireps.csv
Finished writing csv output
