srun: error: Unable to create step for job 414835: Invalid generic resource (gres) specification
**** get_sigmets.py: Download and clean Convective SIGMETs ****
Fetching SIGMETs from IEM for september 2019...
URL params: sts=2019-09-01T00:00:00Z, ets=2019-10-01T00:00:00Z
Response status: 200
Response was 678.8 KB
Loaded 6125 raw SIGMET records
Dropped 0 rows with missing time/geometry
Processed 6125 valid SIGMET records
Writing 6125 SIGMETs to output
Writing CSV to: /cluster/tufts/capstone25skyblue/eelkus01/NEXRADTurbulencePrediction/pireps/sigmet_data/2019/09_sigmets.csv
Finished writing SIGMET CSV
**** Welcome! This script will take a month and year and return a csv file ****
**** with pireps that mention turbulence from this month and year          ****
Performing GET request, this may take a moment...
Request was 5.23 Mb
Attempting to create dataframe from csv file
Successfully created dataframe from CSV file
Cleaning dataframe
Loaded columns: ['URGENT', 'AIRCRAFT', 'REPORT', 'TURBULENCE', 'PRODUCT_ID', 'FL', 'LAT', 'LON', 'datetime']
Classifying levels of turbulence
We dropped 17353/38157 pireps with unknown turbulence intensity
Dropping pireps w/ NA flight level, latitude, or longitude
We dropped 941/20804 pireps with unknown flight level, latitude, or longitude
Severe PIREPs: 182, Non-severe PIREPs sampled: 182/19681
Final dataset size: 364/19863 pireps
Fetching SIGMETs to annotate PIREPs...
Fetching SIGMETs from IEM for september 2019...
URL params: sts=2019-09-01T00:00:00Z, ets=2019-10-01T00:00:00Z
Response status: 200
Response was 678.8 KB
Loaded 6125 raw SIGMET records
Dropped 0 rows with missing time/geometry
Processed 6125 valid SIGMET records
SIGMETs found for 42 PIREPs
Writing 364 pireps with altitude and turbulence to csv
Writing csv to output file: /cluster/tufts/capstone25skyblue/eelkus01/NEXRADTurbulencePrediction/pireps/clean_pirep_data/2019/09_turb_pireps.csv
Finished writing csv output
