srun: error: Unable to create step for job 414775: Invalid generic resource (gres) specification
**** get_sigmets.py: Download and clean Convective SIGMETs ****
Fetching SIGMETs from IEM for october 2014...
URL params: sts=2014-10-01T00:00:00Z, ets=2014-11-01T00:00:00Z
Response status: 200
Response was 275.4 KB
Loaded 2269 raw SIGMET records
Dropped 0 rows with missing time/geometry
Processed 2269 valid SIGMET records
Writing 2269 SIGMETs to output
Writing CSV to: /cluster/tufts/capstone25skyblue/eelkus01/NEXRADTurbulencePrediction/pireps/sigmet_data/2014/10_sigmets.csv
Finished writing SIGMET CSV
**** Welcome! This script will take a month and year and return a csv file ****
**** with pireps that mention turbulence from this month and year          ****
Performing GET request, this may take a moment...
Request was 4.84 Mb
Attempting to create dataframe from csv file
Successfully created dataframe from CSV file
Cleaning dataframe
Loaded columns: ['URGENT', 'AIRCRAFT', 'REPORT', 'TURBULENCE', 'PRODUCT_ID', 'FL', 'LAT', 'LON', 'datetime']
Classifying levels of turbulence
We dropped 16181/32162 pireps with unknown turbulence intensity
Dropping pireps w/ NA flight level, latitude, or longitude
We dropped 1068/15981 pireps with unknown flight level, latitude, or longitude
Severe PIREPs: 146, Non-severe PIREPs sampled: 146/14767
Final dataset size: 292/14913 pireps
Fetching SIGMETs to annotate PIREPs...
Fetching SIGMETs from IEM for october 2014...
URL params: sts=2014-10-01T00:00:00Z, ets=2014-11-01T00:00:00Z
Response status: 200
Response was 275.4 KB
Loaded 2269 raw SIGMET records
Dropped 0 rows with missing time/geometry
Processed 2269 valid SIGMET records
SIGMETs found for 13 PIREPs
Writing 292 pireps with altitude and turbulence to csv
Writing csv to output file: /cluster/tufts/capstone25skyblue/eelkus01/NEXRADTurbulencePrediction/pireps/clean_pirep_data/2014/10_turb_pireps.csv
Finished writing csv output
