srun: error: Unable to create step for job 414841: Invalid generic resource (gres) specification
**** get_sigmets.py: Download and clean Convective SIGMETs ****
Fetching SIGMETs from IEM for march 2020...
URL params: sts=2020-03-01T00:00:00Z, ets=2020-04-01T00:00:00Z
Response status: 200
Response was 284.9 KB
Loaded 2486 raw SIGMET records
Dropped 0 rows with missing time/geometry
Processed 2486 valid SIGMET records
Writing 2486 SIGMETs to output
Writing CSV to: /cluster/tufts/capstone25skyblue/eelkus01/NEXRADTurbulencePrediction/pireps/sigmet_data/2020/03_sigmets.csv
Finished writing SIGMET CSV
**** Welcome! This script will take a month and year and return a csv file ****
**** with pireps that mention turbulence from this month and year          ****
Performing GET request, this may take a moment...
Request was 8.87 Mb
Attempting to create dataframe from csv file
Successfully created dataframe from CSV file
Cleaning dataframe
Loaded columns: ['URGENT', 'AIRCRAFT', 'REPORT', 'TURBULENCE', 'PRODUCT_ID', 'FL', 'LAT', 'LON', 'datetime']
Classifying levels of turbulence
We dropped 31425/63925 pireps with unknown turbulence intensity
Dropping pireps w/ NA flight level, latitude, or longitude
We dropped 1614/32500 pireps with unknown flight level, latitude, or longitude
Severe PIREPs: 347, Non-severe PIREPs sampled: 347/30539
Final dataset size: 694/30886 pireps
Fetching SIGMETs to annotate PIREPs...
Fetching SIGMETs from IEM for march 2020...
URL params: sts=2020-03-01T00:00:00Z, ets=2020-04-01T00:00:00Z
Response status: 200
Response was 284.9 KB
Loaded 2486 raw SIGMET records
Dropped 0 rows with missing time/geometry
Processed 2486 valid SIGMET records
SIGMETs found for 69 PIREPs
Writing 694 pireps with altitude and turbulence to csv
Writing csv to output file: /cluster/tufts/capstone25skyblue/eelkus01/NEXRADTurbulencePrediction/pireps/clean_pirep_data/2020/03_turb_pireps.csv
Finished writing csv output
