srun: error: Unable to create step for job 414837: Invalid generic resource (gres) specification
**** get_sigmets.py: Download and clean Convective SIGMETs ****
Fetching SIGMETs from IEM for november 2019...
URL params: sts=2019-11-01T00:00:00Z, ets=2019-12-01T00:00:00Z
Response status: 200
Response was 193.3 KB
Loaded 1725 raw SIGMET records
Dropped 0 rows with missing time/geometry
Processed 1725 valid SIGMET records
Writing 1725 SIGMETs to output
Writing CSV to: /cluster/tufts/capstone25skyblue/eelkus01/NEXRADTurbulencePrediction/pireps/sigmet_data/2019/11_sigmets.csv
Finished writing SIGMET CSV
**** Welcome! This script will take a month and year and return a csv file ****
**** with pireps that mention turbulence from this month and year          ****
Performing GET request, this may take a moment...
Request was 9.05 Mb
Attempting to create dataframe from csv file
Successfully created dataframe from CSV file
Cleaning dataframe
Loaded columns: ['URGENT', 'AIRCRAFT', 'REPORT', 'TURBULENCE', 'PRODUCT_ID', 'FL', 'LAT', 'LON', 'datetime']
Classifying levels of turbulence
We dropped 33618/65139 pireps with unknown turbulence intensity
Dropping pireps w/ NA flight level, latitude, or longitude
We dropped 1397/31521 pireps with unknown flight level, latitude, or longitude
Severe PIREPs: 258, Non-severe PIREPs sampled: 258/29866
Final dataset size: 516/30124 pireps
Fetching SIGMETs to annotate PIREPs...
Fetching SIGMETs from IEM for november 2019...
URL params: sts=2019-11-01T00:00:00Z, ets=2019-12-01T00:00:00Z
Response status: 200
Response was 193.3 KB
Loaded 1725 raw SIGMET records
Dropped 0 rows with missing time/geometry
Processed 1725 valid SIGMET records
SIGMETs found for 22 PIREPs
Writing 516 pireps with altitude and turbulence to csv
Writing csv to output file: /cluster/tufts/capstone25skyblue/eelkus01/NEXRADTurbulencePrediction/pireps/clean_pirep_data/2019/11_turb_pireps.csv
Finished writing csv output
