srun: error: Unable to create step for job 414772: Invalid generic resource (gres) specification
**** get_sigmets.py: Download and clean Convective SIGMETs ****
Fetching SIGMETs from IEM for july 2014...
URL params: sts=2014-07-01T00:00:00Z, ets=2014-08-01T00:00:00Z
Response status: 200
Response was 830.7 KB
Loaded 6842 raw SIGMET records
Dropped 0 rows with missing time/geometry
Processed 6842 valid SIGMET records
Writing 6842 SIGMETs to output
Writing CSV to: /cluster/tufts/capstone25skyblue/eelkus01/NEXRADTurbulencePrediction/pireps/sigmet_data/2014/07_sigmets.csv
Finished writing SIGMET CSV
**** Welcome! This script will take a month and year and return a csv file ****
**** with pireps that mention turbulence from this month and year          ****
Performing GET request, this may take a moment...
Request was 3.36 Mb
Attempting to create dataframe from csv file
Successfully created dataframe from CSV file
Cleaning dataframe
Loaded columns: ['URGENT', 'AIRCRAFT', 'REPORT', 'TURBULENCE', 'PRODUCT_ID', 'FL', 'LAT', 'LON', 'datetime']
Classifying levels of turbulence
We dropped 10772/22408 pireps with unknown turbulence intensity
Dropping pireps w/ NA flight level, latitude, or longitude
We dropped 666/11636 pireps with unknown flight level, latitude, or longitude
Severe PIREPs: 117, Non-severe PIREPs sampled: 117/10853
Final dataset size: 234/10970 pireps
Fetching SIGMETs to annotate PIREPs...
Fetching SIGMETs from IEM for july 2014...
URL params: sts=2014-07-01T00:00:00Z, ets=2014-08-01T00:00:00Z
Response status: 200
Response was 830.7 KB
Loaded 6842 raw SIGMET records
Dropped 0 rows with missing time/geometry
Processed 6842 valid SIGMET records
SIGMETs found for 32 PIREPs
Writing 234 pireps with altitude and turbulence to csv
Writing csv to output file: /cluster/tufts/capstone25skyblue/eelkus01/NEXRADTurbulencePrediction/pireps/clean_pirep_data/2014/07_turb_pireps.csv
Finished writing csv output
