srun: error: Unable to create step for job 414762: Invalid generic resource (gres) specification
**** get_sigmets.py: Download and clean Convective SIGMETs ****
Fetching SIGMETs from IEM for october 2013...
URL params: sts=2013-10-01T00:00:00Z, ets=2013-11-01T00:00:00Z
Response status: 200
Response was 256.8 KB
Loaded 2068 raw SIGMET records
Dropped 0 rows with missing time/geometry
Processed 2068 valid SIGMET records
Writing 2068 SIGMETs to output
Writing CSV to: /cluster/tufts/capstone25skyblue/eelkus01/NEXRADTurbulencePrediction/pireps/sigmet_data/2013/10_sigmets.csv
Finished writing SIGMET CSV
**** Welcome! This script will take a month and year and return a csv file ****
**** with pireps that mention turbulence from this month and year          ****
Performing GET request, this may take a moment...
Request was 4.49 Mb
Attempting to create dataframe from csv file
Successfully created dataframe from CSV file
Cleaning dataframe
Loaded columns: ['URGENT', 'AIRCRAFT', 'REPORT', 'TURBULENCE', 'PRODUCT_ID', 'FL', 'LAT', 'LON', 'datetime']
Classifying levels of turbulence
We dropped 15651/29612 pireps with unknown turbulence intensity
Dropping pireps w/ NA flight level, latitude, or longitude
We dropped 1072/13961 pireps with unknown flight level, latitude, or longitude
Severe PIREPs: 136, Non-severe PIREPs sampled: 136/12753
Final dataset size: 272/12889 pireps
Fetching SIGMETs to annotate PIREPs...
Fetching SIGMETs from IEM for october 2013...
URL params: sts=2013-10-01T00:00:00Z, ets=2013-11-01T00:00:00Z
Response status: 200
Response was 256.8 KB
Loaded 2068 raw SIGMET records
Dropped 0 rows with missing time/geometry
Processed 2068 valid SIGMET records
SIGMETs found for 17 PIREPs
Writing 272 pireps with altitude and turbulence to csv
Writing csv to output file: /cluster/tufts/capstone25skyblue/eelkus01/NEXRADTurbulencePrediction/pireps/clean_pirep_data/2013/10_turb_pireps.csv
Finished writing csv output
