srun: error: Unable to create step for job 414749: Invalid generic resource (gres) specification
**** get_sigmets.py: Download and clean Convective SIGMETs ****
Fetching SIGMETs from IEM for september 2012...
URL params: sts=2012-09-01T00:00:00Z, ets=2012-10-01T00:00:00Z
Response status: 200
Response was 459.5 KB
Loaded 3518 raw SIGMET records
Dropped 0 rows with missing time/geometry
Processed 3518 valid SIGMET records
Writing 3518 SIGMETs to output
Writing CSV to: /cluster/tufts/capstone25skyblue/eelkus01/NEXRADTurbulencePrediction/pireps/sigmet_data/2012/09_sigmets.csv
Finished writing SIGMET CSV
**** Welcome! This script will take a month and year and return a csv file ****
**** with pireps that mention turbulence from this month and year          ****
Performing GET request, this may take a moment...
Request was 3.87 Mb
Attempting to create dataframe from csv file
Successfully created dataframe from CSV file
Cleaning dataframe
Loaded columns: ['URGENT', 'AIRCRAFT', 'REPORT', 'TURBULENCE', 'PRODUCT_ID', 'FL', 'LAT', 'LON', 'datetime']
Classifying levels of turbulence
We dropped 12076/25177 pireps with unknown turbulence intensity
Dropping pireps w/ NA flight level, latitude, or longitude
We dropped 1284/13101 pireps with unknown flight level, latitude, or longitude
Severe PIREPs: 138, Non-severe PIREPs sampled: 138/11679
Final dataset size: 276/11817 pireps
Fetching SIGMETs to annotate PIREPs...
Fetching SIGMETs from IEM for september 2012...
URL params: sts=2012-09-01T00:00:00Z, ets=2012-10-01T00:00:00Z
Response status: 200
Response was 459.5 KB
Loaded 3518 raw SIGMET records
Dropped 0 rows with missing time/geometry
Processed 3518 valid SIGMET records
SIGMETs found for 29 PIREPs
Writing 276 pireps with altitude and turbulence to csv
Writing csv to output file: /cluster/tufts/capstone25skyblue/eelkus01/NEXRADTurbulencePrediction/pireps/clean_pirep_data/2012/09_turb_pireps.csv
Finished writing csv output
