srun: error: Unable to create step for job 414832: Invalid generic resource (gres) specification
**** get_sigmets.py: Download and clean Convective SIGMETs ****
Fetching SIGMETs from IEM for june 2019...
URL params: sts=2019-06-01T00:00:00Z, ets=2019-07-01T00:00:00Z
Response status: 200
Response was 929.0 KB
Loaded 8193 raw SIGMET records
Dropped 0 rows with missing time/geometry
Processed 8193 valid SIGMET records
Writing 8193 SIGMETs to output
Writing CSV to: /cluster/tufts/capstone25skyblue/eelkus01/NEXRADTurbulencePrediction/pireps/sigmet_data/2019/06_sigmets.csv
Finished writing SIGMET CSV
**** Welcome! This script will take a month and year and return a csv file ****
**** with pireps that mention turbulence from this month and year          ****
Performing GET request, this may take a moment...
Request was 6.19 Mb
Attempting to create dataframe from csv file
Successfully created dataframe from CSV file
Cleaning dataframe
Loaded columns: ['URGENT', 'AIRCRAFT', 'REPORT', 'TURBULENCE', 'PRODUCT_ID', 'FL', 'LAT', 'LON', 'datetime']
Classifying levels of turbulence
We dropped 21273/45252 pireps with unknown turbulence intensity
Dropping pireps w/ NA flight level, latitude, or longitude
We dropped 981/23979 pireps with unknown flight level, latitude, or longitude
Severe PIREPs: 184, Non-severe PIREPs sampled: 184/22814
Final dataset size: 368/22998 pireps
Fetching SIGMETs to annotate PIREPs...
Fetching SIGMETs from IEM for june 2019...
URL params: sts=2019-06-01T00:00:00Z, ets=2019-07-01T00:00:00Z
Response status: 200
Response was 929.0 KB
Loaded 8193 raw SIGMET records
Dropped 0 rows with missing time/geometry
Processed 8193 valid SIGMET records
SIGMETs found for 92 PIREPs
Writing 368 pireps with altitude and turbulence to csv
Writing csv to output file: /cluster/tufts/capstone25skyblue/eelkus01/NEXRADTurbulencePrediction/pireps/clean_pirep_data/2019/06_turb_pireps.csv
Finished writing csv output
