srun: error: Unable to create step for job 414720: Invalid generic resource (gres) specification
**** get_sigmets.py: Download and clean Convective SIGMETs ****
Fetching SIGMETs from IEM for april 2010...
URL params: sts=2010-04-01T00:00:00Z, ets=2010-05-01T00:00:00Z
Response status: 200
Response was 239.8 KB
Loaded 1911 raw SIGMET records
Dropped 0 rows with missing time/geometry
Processed 1911 valid SIGMET records
Writing 1911 SIGMETs to output
Writing CSV to: /cluster/tufts/capstone25skyblue/eelkus01/NEXRADTurbulencePrediction/pireps/sigmet_data/2010/04_sigmets.csv
Finished writing SIGMET CSV
**** Welcome! This script will take a month and year and return a csv file ****
**** with pireps that mention turbulence from this month and year          ****
Performing GET request, this may take a moment...
Request was 5.22 Mb
Attempting to create dataframe from csv file
Successfully created dataframe from CSV file
Cleaning dataframe
Loaded columns: ['URGENT', 'AIRCRAFT', 'REPORT', 'TURBULENCE', 'PRODUCT_ID', 'FL', 'LAT', 'LON', 'datetime']
Classifying levels of turbulence
We dropped 15612/34491 pireps with unknown turbulence intensity
Dropping pireps w/ NA flight level, latitude, or longitude
We dropped 1574/18879 pireps with unknown flight level, latitude, or longitude
Severe PIREPs: 218, Non-severe PIREPs sampled: 218/17087
Final dataset size: 436/17305 pireps
Fetching SIGMETs to annotate PIREPs...
Fetching SIGMETs from IEM for april 2010...
URL params: sts=2010-04-01T00:00:00Z, ets=2010-05-01T00:00:00Z
Response status: 200
Response was 239.8 KB
Loaded 1911 raw SIGMET records
Dropped 0 rows with missing time/geometry
Processed 1911 valid SIGMET records
SIGMETs found for 25 PIREPs
Writing 436 pireps with altitude and turbulence to csv
Writing csv to output file: /cluster/tufts/capstone25skyblue/eelkus01/NEXRADTurbulencePrediction/pireps/clean_pirep_data/2010/04_turb_pireps.csv
Finished writing csv output
