srun: error: Unable to create step for job 414754: Invalid generic resource (gres) specification
**** get_sigmets.py: Download and clean Convective SIGMETs ****
Fetching SIGMETs from IEM for february 2013...
URL params: sts=2013-02-01T00:00:00Z, ets=2013-03-01T00:00:00Z
Response status: 200
Response was 114.2 KB
Loaded 944 raw SIGMET records
Dropped 0 rows with missing time/geometry
Processed 944 valid SIGMET records
Writing 944 SIGMETs to output
Writing CSV to: /cluster/tufts/capstone25skyblue/eelkus01/NEXRADTurbulencePrediction/pireps/sigmet_data/2013/02_sigmets.csv
Finished writing SIGMET CSV
**** Welcome! This script will take a month and year and return a csv file ****
**** with pireps that mention turbulence from this month and year          ****
Performing GET request, this may take a moment...
Request was 5.55 Mb
Attempting to create dataframe from csv file
Successfully created dataframe from CSV file
Cleaning dataframe
Loaded columns: ['URGENT', 'AIRCRAFT', 'REPORT', 'TURBULENCE', 'PRODUCT_ID', 'FL', 'LAT', 'LON', 'datetime']
Classifying levels of turbulence
We dropped 20153/36644 pireps with unknown turbulence intensity
Dropping pireps w/ NA flight level, latitude, or longitude
We dropped 1403/16491 pireps with unknown flight level, latitude, or longitude
Severe PIREPs: 212, Non-severe PIREPs sampled: 212/14876
Final dataset size: 424/15088 pireps
Fetching SIGMETs to annotate PIREPs...
Fetching SIGMETs from IEM for february 2013...
URL params: sts=2013-02-01T00:00:00Z, ets=2013-03-01T00:00:00Z
Response status: 200
Response was 114.2 KB
Loaded 944 raw SIGMET records
Dropped 0 rows with missing time/geometry
Processed 944 valid SIGMET records
SIGMETs found for 26 PIREPs
Writing 424 pireps with altitude and turbulence to csv
Writing csv to output file: /cluster/tufts/capstone25skyblue/eelkus01/NEXRADTurbulencePrediction/pireps/clean_pirep_data/2013/02_turb_pireps.csv
Finished writing csv output
