srun: error: Unable to create step for job 414725: Invalid generic resource (gres) specification
**** get_sigmets.py: Download and clean Convective SIGMETs ****
Fetching SIGMETs from IEM for september 2010...
URL params: sts=2010-09-01T00:00:00Z, ets=2010-10-01T00:00:00Z
Response status: 200
Response was 406.1 KB
Loaded 3403 raw SIGMET records
Dropped 0 rows with missing time/geometry
Processed 3403 valid SIGMET records
Writing 3403 SIGMETs to output
Writing CSV to: /cluster/tufts/capstone25skyblue/eelkus01/NEXRADTurbulencePrediction/pireps/sigmet_data/2010/09_sigmets.csv
Finished writing SIGMET CSV
**** Welcome! This script will take a month and year and return a csv file ****
**** with pireps that mention turbulence from this month and year          ****
Performing GET request, this may take a moment...
Request was 3.82 Mb
Attempting to create dataframe from csv file
Successfully created dataframe from CSV file
Cleaning dataframe
Loaded columns: ['URGENT', 'AIRCRAFT', 'REPORT', 'TURBULENCE', 'PRODUCT_ID', 'FL', 'LAT', 'LON', 'datetime']
Classifying levels of turbulence
We dropped 11706/24917 pireps with unknown turbulence intensity
Dropping pireps w/ NA flight level, latitude, or longitude
We dropped 942/13211 pireps with unknown flight level, latitude, or longitude
Severe PIREPs: 135, Non-severe PIREPs sampled: 135/12134
Final dataset size: 270/12269 pireps
Fetching SIGMETs to annotate PIREPs...
Fetching SIGMETs from IEM for september 2010...
URL params: sts=2010-09-01T00:00:00Z, ets=2010-10-01T00:00:00Z
Response status: 200
Response was 406.1 KB
Loaded 3403 raw SIGMET records
Dropped 0 rows with missing time/geometry
Processed 3403 valid SIGMET records
SIGMETs found for 25 PIREPs
Writing 270 pireps with altitude and turbulence to csv
Writing csv to output file: /cluster/tufts/capstone25skyblue/eelkus01/NEXRADTurbulencePrediction/pireps/clean_pirep_data/2010/09_turb_pireps.csv
Finished writing csv output
