srun: error: Unable to create step for job 414789: Invalid generic resource (gres) specification
**** get_sigmets.py: Download and clean Convective SIGMETs ****
Fetching SIGMETs from IEM for december 2015...
URL params: sts=2015-12-01T00:00:00Z, ets=2016-01-01T00:00:00Z
Response status: 200
Response was 184.5 KB
Loaded 1592 raw SIGMET records
Dropped 0 rows with missing time/geometry
Processed 1592 valid SIGMET records
Writing 1592 SIGMETs to output
Writing CSV to: /cluster/tufts/capstone25skyblue/eelkus01/NEXRADTurbulencePrediction/pireps/sigmet_data/2015/12_sigmets.csv
Finished writing SIGMET CSV
**** Welcome! This script will take a month and year and return a csv file ****
**** with pireps that mention turbulence from this month and year          ****
Performing GET request, this may take a moment...
Request was 6.89 Mb
Attempting to create dataframe from csv file
Successfully created dataframe from CSV file
Cleaning dataframe
Loaded columns: ['URGENT', 'AIRCRAFT', 'REPORT', 'TURBULENCE', 'PRODUCT_ID', 'FL', 'LAT', 'LON', 'datetime']
Classifying levels of turbulence
We dropped 25465/48304 pireps with unknown turbulence intensity
Dropping pireps w/ NA flight level, latitude, or longitude
We dropped 1363/22839 pireps with unknown flight level, latitude, or longitude
Severe PIREPs: 344, Non-severe PIREPs sampled: 344/21132
Final dataset size: 688/21476 pireps
Fetching SIGMETs to annotate PIREPs...
Fetching SIGMETs from IEM for december 2015...
URL params: sts=2015-12-01T00:00:00Z, ets=2016-01-01T00:00:00Z
Response status: 200
Response was 184.5 KB
Loaded 1592 raw SIGMET records
Dropped 0 rows with missing time/geometry
Processed 1592 valid SIGMET records
SIGMETs found for 37 PIREPs
Writing 688 pireps with altitude and turbulence to csv
Writing csv to output file: /cluster/tufts/capstone25skyblue/eelkus01/NEXRADTurbulencePrediction/pireps/clean_pirep_data/2015/12_turb_pireps.csv
Finished writing csv output
