srun: error: Unable to create step for job 414771: Invalid generic resource (gres) specification
**** get_sigmets.py: Download and clean Convective SIGMETs ****
Fetching SIGMETs from IEM for june 2014...
URL params: sts=2014-06-01T00:00:00Z, ets=2014-07-01T00:00:00Z
Response status: 200
Response was 706.0 KB
Loaded 5843 raw SIGMET records
Dropped 0 rows with missing time/geometry
Processed 5843 valid SIGMET records
Writing 5843 SIGMETs to output
Writing CSV to: /cluster/tufts/capstone25skyblue/eelkus01/NEXRADTurbulencePrediction/pireps/sigmet_data/2014/06_sigmets.csv
Finished writing SIGMET CSV
**** Welcome! This script will take a month and year and return a csv file ****
**** with pireps that mention turbulence from this month and year          ****
Performing GET request, this may take a moment...
Request was 3.59 Mb
Attempting to create dataframe from csv file
Successfully created dataframe from CSV file
Cleaning dataframe
Loaded columns: ['URGENT', 'AIRCRAFT', 'REPORT', 'TURBULENCE', 'PRODUCT_ID', 'FL', 'LAT', 'LON', 'datetime']
Classifying levels of turbulence
We dropped 10209/23978 pireps with unknown turbulence intensity
Dropping pireps w/ NA flight level, latitude, or longitude
We dropped 813/13769 pireps with unknown flight level, latitude, or longitude
Severe PIREPs: 150, Non-severe PIREPs sampled: 150/12806
Final dataset size: 300/12956 pireps
Fetching SIGMETs to annotate PIREPs...
Fetching SIGMETs from IEM for june 2014...
URL params: sts=2014-06-01T00:00:00Z, ets=2014-07-01T00:00:00Z
Response status: 200
Response was 706.0 KB
Loaded 5843 raw SIGMET records
Dropped 0 rows with missing time/geometry
Processed 5843 valid SIGMET records
SIGMETs found for 54 PIREPs
Writing 300 pireps with altitude and turbulence to csv
Writing csv to output file: /cluster/tufts/capstone25skyblue/eelkus01/NEXRADTurbulencePrediction/pireps/clean_pirep_data/2014/06_turb_pireps.csv
Finished writing csv output
