srun: error: Unable to create step for job 414773: Invalid generic resource (gres) specification
**** get_sigmets.py: Download and clean Convective SIGMETs ****
Fetching SIGMETs from IEM for august 2014...
URL params: sts=2014-08-01T00:00:00Z, ets=2014-09-01T00:00:00Z
Response status: 200
Response was 801.1 KB
Loaded 6846 raw SIGMET records
Dropped 0 rows with missing time/geometry
Processed 6846 valid SIGMET records
Writing 6846 SIGMETs to output
Writing CSV to: /cluster/tufts/capstone25skyblue/eelkus01/NEXRADTurbulencePrediction/pireps/sigmet_data/2014/08_sigmets.csv
Finished writing SIGMET CSV
**** Welcome! This script will take a month and year and return a csv file ****
**** with pireps that mention turbulence from this month and year          ****
Performing GET request, this may take a moment...
Request was 3.60 Mb
Attempting to create dataframe from csv file
Successfully created dataframe from CSV file
Cleaning dataframe
Loaded columns: ['URGENT', 'AIRCRAFT', 'REPORT', 'TURBULENCE', 'PRODUCT_ID', 'FL', 'LAT', 'LON', 'datetime']
Classifying levels of turbulence
We dropped 11421/24066 pireps with unknown turbulence intensity
Dropping pireps w/ NA flight level, latitude, or longitude
We dropped 677/12645 pireps with unknown flight level, latitude, or longitude
Severe PIREPs: 126, Non-severe PIREPs sampled: 126/11842
Final dataset size: 252/11968 pireps
Fetching SIGMETs to annotate PIREPs...
Fetching SIGMETs from IEM for august 2014...
URL params: sts=2014-08-01T00:00:00Z, ets=2014-09-01T00:00:00Z
Response status: 200
Response was 801.1 KB
Loaded 6846 raw SIGMET records
Dropped 0 rows with missing time/geometry
Processed 6846 valid SIGMET records
SIGMETs found for 54 PIREPs
Writing 252 pireps with altitude and turbulence to csv
Writing csv to output file: /cluster/tufts/capstone25skyblue/eelkus01/NEXRADTurbulencePrediction/pireps/clean_pirep_data/2014/08_turb_pireps.csv
Finished writing csv output
