srun: error: Unable to create step for job 414821: Invalid generic resource (gres) specification
**** get_sigmets.py: Download and clean Convective SIGMETs ****
Fetching SIGMETs from IEM for july 2018...
URL params: sts=2018-07-01T00:00:00Z, ets=2018-08-01T00:00:00Z
Response status: 200
Response was 1006.6 KB
Loaded 8715 raw SIGMET records
Dropped 0 rows with missing time/geometry
Processed 8715 valid SIGMET records
Writing 8715 SIGMETs to output
Writing CSV to: /cluster/tufts/capstone25skyblue/eelkus01/NEXRADTurbulencePrediction/pireps/sigmet_data/2018/07_sigmets.csv
Finished writing SIGMET CSV
**** Welcome! This script will take a month and year and return a csv file ****
**** with pireps that mention turbulence from this month and year          ****
Performing GET request, this may take a moment...
Request was 4.96 Mb
Attempting to create dataframe from csv file
Successfully created dataframe from CSV file
Cleaning dataframe
Loaded columns: ['URGENT', 'AIRCRAFT', 'REPORT', 'TURBULENCE', 'PRODUCT_ID', 'FL', 'LAT', 'LON', 'datetime']
Classifying levels of turbulence
We dropped 18777/36364 pireps with unknown turbulence intensity
Dropping pireps w/ NA flight level, latitude, or longitude
We dropped 772/17587 pireps with unknown flight level, latitude, or longitude
Severe PIREPs: 162, Non-severe PIREPs sampled: 162/16653
Final dataset size: 324/16815 pireps
Fetching SIGMETs to annotate PIREPs...
Fetching SIGMETs from IEM for july 2018...
URL params: sts=2018-07-01T00:00:00Z, ets=2018-08-01T00:00:00Z
Response status: 200
Response was 1006.6 KB
Loaded 8715 raw SIGMET records
Dropped 0 rows with missing time/geometry
Processed 8715 valid SIGMET records
SIGMETs found for 63 PIREPs
Writing 324 pireps with altitude and turbulence to csv
Writing csv to output file: /cluster/tufts/capstone25skyblue/eelkus01/NEXRADTurbulencePrediction/pireps/clean_pirep_data/2018/07_turb_pireps.csv
Finished writing csv output
