srun: error: Unable to create step for job 414848: Invalid generic resource (gres) specification
**** get_sigmets.py: Download and clean Convective SIGMETs ****
Fetching SIGMETs from IEM for october 2020...
URL params: sts=2020-10-01T00:00:00Z, ets=2020-11-01T00:00:00Z
Response status: 200
Response was 295.9 KB
Loaded 2643 raw SIGMET records
Dropped 0 rows with missing time/geometry
Processed 2643 valid SIGMET records
Writing 2643 SIGMETs to output
Writing CSV to: /cluster/tufts/capstone25skyblue/eelkus01/NEXRADTurbulencePrediction/pireps/sigmet_data/2020/10_sigmets.csv
Finished writing SIGMET CSV
**** Welcome! This script will take a month and year and return a csv file ****
**** with pireps that mention turbulence from this month and year          ****
Performing GET request, this may take a moment...
Request was 6.38 Mb
Attempting to create dataframe from csv file
Successfully created dataframe from CSV file
Cleaning dataframe
Loaded columns: ['URGENT', 'AIRCRAFT', 'REPORT', 'TURBULENCE', 'PRODUCT_ID', 'FL', 'LAT', 'LON', 'datetime']
Classifying levels of turbulence
We dropped 25766/47399 pireps with unknown turbulence intensity
Dropping pireps w/ NA flight level, latitude, or longitude
We dropped 1134/21633 pireps with unknown flight level, latitude, or longitude
Severe PIREPs: 202, Non-severe PIREPs sampled: 202/20297
Final dataset size: 404/20499 pireps
Fetching SIGMETs to annotate PIREPs...
Fetching SIGMETs from IEM for october 2020...
URL params: sts=2020-10-01T00:00:00Z, ets=2020-11-01T00:00:00Z
Response status: 200
Response was 295.9 KB
Loaded 2643 raw SIGMET records
Dropped 0 rows with missing time/geometry
Processed 2643 valid SIGMET records
SIGMETs found for 15 PIREPs
Writing 404 pireps with altitude and turbulence to csv
Writing csv to output file: /cluster/tufts/capstone25skyblue/eelkus01/NEXRADTurbulencePrediction/pireps/clean_pirep_data/2020/10_turb_pireps.csv
Finished writing csv output
