srun: error: Unable to create step for job 414875: Invalid generic resource (gres) specification
**** get_sigmets.py: Download and clean Convective SIGMETs ****
Fetching SIGMETs from IEM for december 2022...
URL params: sts=2022-12-01T00:00:00Z, ets=2023-01-01T00:00:00Z
Response status: 200
Response was 228.9 KB
Loaded 2076 raw SIGMET records
Dropped 0 rows with missing time/geometry
Processed 2076 valid SIGMET records
Writing 2076 SIGMETs to output
Writing CSV to: /cluster/tufts/capstone25skyblue/eelkus01/NEXRADTurbulencePrediction/pireps/sigmet_data/2022/12_sigmets.csv
Finished writing SIGMET CSV
**** Welcome! This script will take a month and year and return a csv file ****
**** with pireps that mention turbulence from this month and year          ****
Performing GET request, this may take a moment...
Request was 14.01 Mb
Attempting to create dataframe from csv file
Successfully created dataframe from CSV file
Cleaning dataframe
Loaded columns: ['URGENT', 'AIRCRAFT', 'REPORT', 'TURBULENCE', 'PRODUCT_ID', 'FL', 'LAT', 'LON', 'datetime']
Classifying levels of turbulence
We dropped 59200/100179 pireps with unknown turbulence intensity
Dropping pireps w/ NA flight level, latitude, or longitude
We dropped 2326/40979 pireps with unknown flight level, latitude, or longitude
Severe PIREPs: 276, Non-severe PIREPs sampled: 276/38377
Final dataset size: 552/38653 pireps
Fetching SIGMETs to annotate PIREPs...
Fetching SIGMETs from IEM for december 2022...
URL params: sts=2022-12-01T00:00:00Z, ets=2023-01-01T00:00:00Z
Response status: 200
Response was 228.9 KB
Loaded 2076 raw SIGMET records
Dropped 0 rows with missing time/geometry
Processed 2076 valid SIGMET records
SIGMETs found for 57 PIREPs
Writing 552 pireps with altitude and turbulence to csv
Writing csv to output file: /cluster/tufts/capstone25skyblue/eelkus01/NEXRADTurbulencePrediction/pireps/clean_pirep_data/2022/12_turb_pireps.csv
Finished writing csv output
