Resetting environment
Deactivating conda environment (if any)
Purging all modules
Done! Environment has been torn down
Allocating resources with slurm...
Loading cuda and miniforge...
Activating conda environment...
Redirecting into the NEXRAD repo...
Done! Environment has now been set up
Processing 2011/05
Running radar_data_to_model_input on /cluster/tufts/capstone25skyblue/eelkus01/NEXRADTurbulencePrediction/radars/pirep_with_radar_data/2011/05.csv
Reading from file: /cluster/tufts/capstone25skyblue/eelkus01/NEXRADTurbulencePrediction/radars/pirep_with_radar_data/2011/05.csv and outputting to directory: /cluster/tufts/capstone25skyblue/eelkus01/NEXRADTurbulencePrediction/model_inputs/2011_05
ERROR: Failed to read radar file s3://unidata-nexrad-level2/2011/05/09/PHMO/PHMO20110509_073029_V04.gz: IndexError: list index out of range
Completed 5% of df
Completed 10% of df
Completed 15% of df
Completed 20% of df
Completed 25% of df
ERROR: Failed to read radar file s3://unidata-nexrad-level2/2011/05/31/KARX/KARX20110531_150621_V03.gz: OSError: unknown compression record
Completed 30% of df
Completed 35% of df
Completed 40% of df
Completed 45% of df
Completed 50% of df
Completed 55% of df
Completed 60% of df
Completed 65% of df
Completed 70% of df
Completed 75% of df
Completed 80% of df
ERROR: Failed to read radar file s3://unidata-nexrad-level2/2011/05/09/PHMO/PHMO20110509_014607_V04.gz: IndexError: list index out of range
Completed 85% of df
ERROR: Failed to read radar file s3://unidata-nexrad-level2/2011/05/24/KOUN/KOUN20110524_222108_V06.gz: BadGzipFile: Not a gzipped file (b'\x00\x00')
Completed 90% of df
ERROR: Failed to read radar file s3://unidata-nexrad-level2/2011/05/06/PHMO/PHMO20110506_212908_V04.gz: IndexError: list index out of range
Completed 95% of df
Completed 100% of df
Python script exit code: 0
Compressing output directory into /cluster/tufts/capstone25skyblue/eelkus01/NEXRADTurbulencePrediction/model_inputs/compressed/2011_05.tar.xz
2011_05/
2011_05/0000000_2011_5_df_row.nc
2011_05/0000001_2011_5_df_row.nc
2011_05/0000004_2011_5_df_row.nc
2011_05/0000005_2011_5_df_row.nc
2011_05/0000007_2011_5_df_row.nc
2011_05/0000009_2011_5_df_row.nc
2011_05/0000010_2011_5_df_row.nc
2011_05/0000016_2011_5_df_row.nc
2011_05/0000017_2011_5_df_row.nc
2011_05/0000019_2011_5_df_row.nc
2011_05/0000020_2011_5_df_row.nc
2011_05/0000025_2011_5_df_row.nc
2011_05/0000027_2011_5_df_row.nc
2011_05/0000032_2011_5_df_row.nc
2011_05/0000035_2011_5_df_row.nc
2011_05/0000036_2011_5_df_row.nc
2011_05/0000037_2011_5_df_row.nc
2011_05/0000046_2011_5_df_row.nc
2011_05/0000053_2011_5_df_row.nc
2011_05/0000055_2011_5_df_row.nc
2011_05/0000056_2011_5_df_row.nc
2011_05/0000057_2011_5_df_row.nc
2011_05/0000063_2011_5_df_row.nc
2011_05/0000066_2011_5_df_row.nc
2011_05/0000068_2011_5_df_row.nc
2011_05/0000072_2011_5_df_row.nc
2011_05/0000074_2011_5_df_row.nc
2011_05/0000075_2011_5_df_row.nc
2011_05/0000086_2011_5_df_row.nc
2011_05/0000088_2011_5_df_row.nc
2011_05/0000093_2011_5_df_row.nc
2011_05/0000096_2011_5_df_row.nc
2011_05/0000097_2011_5_df_row.nc
2011_05/0000100_2011_5_df_row.nc
2011_05/0000102_2011_5_df_row.nc
2011_05/0000104_2011_5_df_row.nc
2011_05/0000106_2011_5_df_row.nc
2011_05/0000109_2011_5_df_row.nc
2011_05/0000113_2011_5_df_row.nc
2011_05/0000114_2011_5_df_row.nc
2011_05/0000117_2011_5_df_row.nc
2011_05/0000119_2011_5_df_row.nc
2011_05/0000121_2011_5_df_row.nc
2011_05/0000129_2011_5_df_row.nc
2011_05/0000134_2011_5_df_row.nc
2011_05/0000135_2011_5_df_row.nc
2011_05/0000143_2011_5_df_row.nc
2011_05/0000148_2011_5_df_row.nc
2011_05/0000149_2011_5_df_row.nc
2011_05/0000154_2011_5_df_row.nc
2011_05/0000158_2011_5_df_row.nc
2011_05/0000161_2011_5_df_row.nc
2011_05/0000166_2011_5_df_row.nc
2011_05/0000169_2011_5_df_row.nc
2011_05/0000171_2011_5_df_row.nc
2011_05/0000174_2011_5_df_row.nc
2011_05/0000176_2011_5_df_row.nc
2011_05/0000178_2011_5_df_row.nc
2011_05/0000179_2011_5_df_row.nc
2011_05/0000183_2011_5_df_row.nc
2011_05/0000184_2011_5_df_row.nc
2011_05/0000189_2011_5_df_row.nc
2011_05/0000196_2011_5_df_row.nc
2011_05/0000197_2011_5_df_row.nc
2011_05/0000199_2011_5_df_row.nc
2011_05/0000203_2011_5_df_row.nc
2011_05/0000204_2011_5_df_row.nc
2011_05/0000205_2011_5_df_row.nc
2011_05/0000207_2011_5_df_row.nc
2011_05/0000208_2011_5_df_row.nc
2011_05/0000209_2011_5_df_row.nc
2011_05/0000211_2011_5_df_row.nc
2011_05/0000212_2011_5_df_row.nc
2011_05/0000216_2011_5_df_row.nc
2011_05/0000217_2011_5_df_row.nc
2011_05/0000218_2011_5_df_row.nc
2011_05/0000220_2011_5_df_row.nc
2011_05/0000222_2011_5_df_row.nc
2011_05/0000228_2011_5_df_row.nc
2011_05/0000230_2011_5_df_row.nc
2011_05/0000231_2011_5_df_row.nc
2011_05/0000236_2011_5_df_row.nc
2011_05/0000241_2011_5_df_row.nc
2011_05/0000242_2011_5_df_row.nc
2011_05/0000257_2011_5_df_row.nc
2011_05/0000258_2011_5_df_row.nc
2011_05/0000261_2011_5_df_row.nc
2011_05/0000269_2011_5_df_row.nc
2011_05/0000271_2011_5_df_row.nc
2011_05/0000272_2011_5_df_row.nc
2011_05/0000276_2011_5_df_row.nc
2011_05/0000279_2011_5_df_row.nc
2011_05/0000281_2011_5_df_row.nc
2011_05/0000285_2011_5_df_row.nc
2011_05/0000288_2011_5_df_row.nc
2011_05/0000291_2011_5_df_row.nc
2011_05/0000292_2011_5_df_row.nc
2011_05/0000293_2011_5_df_row.nc
2011_05/0000294_2011_5_df_row.nc
2011_05/0000299_2011_5_df_row.nc
2011_05/0000305_2011_5_df_row.nc
2011_05/0000306_2011_5_df_row.nc
2011_05/0000308_2011_5_df_row.nc
2011_05/0000313_2011_5_df_row.nc
2011_05/0000318_2011_5_df_row.nc
2011_05/0000327_2011_5_df_row.nc
2011_05/0000334_2011_5_df_row.nc
2011_05/0000335_2011_5_df_row.nc
2011_05/0000336_2011_5_df_row.nc
2011_05/0000342_2011_5_df_row.nc
2011_05/0000343_2011_5_df_row.nc
2011_05/0000346_2011_5_df_row.nc
2011_05/0000350_2011_5_df_row.nc
2011_05/0000353_2011_5_df_row.nc
2011_05/0000355_2011_5_df_row.nc
2011_05/0000362_2011_5_df_row.nc
2011_05/0000363_2011_5_df_row.nc
2011_05/0000364_2011_5_df_row.nc
2011_05/0000366_2011_5_df_row.nc
2011_05/0000367_2011_5_df_row.nc
2011_05/0000368_2011_5_df_row.nc
2011_05/0000370_2011_5_df_row.nc
2011_05/0000372_2011_5_df_row.nc
2011_05/0000374_2011_5_df_row.nc
2011_05/0000375_2011_5_df_row.nc
2011_05/0000376_2011_5_df_row.nc
2011_05/0000378_2011_5_df_row.nc
2011_05/0000379_2011_5_df_row.nc
2011_05/0000381_2011_5_df_row.nc
2011_05/0000385_2011_5_df_row.nc
2011_05/0000387_2011_5_df_row.nc
2011_05/0000389_2011_5_df_row.nc
2011_05/0000391_2011_5_df_row.nc
2011_05/0000392_2011_5_df_row.nc
2011_05/0000395_2011_5_df_row.nc
2011_05/0000399_2011_5_df_row.nc
2011_05/0000400_2011_5_df_row.nc
2011_05/0000404_2011_5_df_row.nc
2011_05/0000405_2011_5_df_row.nc
2011_05/0000406_2011_5_df_row.nc
2011_05/0000408_2011_5_df_row.nc
2011_05/0000409_2011_5_df_row.nc
2011_05/0000414_2011_5_df_row.nc
2011_05/0000417_2011_5_df_row.nc
2011_05/0000422_2011_5_df_row.nc
2011_05/0000426_2011_5_df_row.nc
2011_05/0000428_2011_5_df_row.nc
2011_05/0000434_2011_5_df_row.nc
2011_05/0000436_2011_5_df_row.nc
2011_05/0000437_2011_5_df_row.nc
2011_05/0000441_2011_5_df_row.nc
Removing uncompressed directory /cluster/tufts/capstone25skyblue/eelkus01/NEXRADTurbulencePrediction/model_inputs/2011_05
Deactivating conda environment (if any)
Purging all modules
Done! Environment has been torn down
All done!
