Resetting environment
Deactivating conda environment (if any)
Purging all modules
Done! Environment has been torn down
Allocating resources with slurm...
Loading cuda and miniforge...
Activating conda environment...
Redirecting into the NEXRAD repo...
Done! Environment has now been set up
Processing 2023/01
Running radar_data_to_model_input on /cluster/tufts/capstone25skyblue/eelkus01/NEXRADTurbulencePrediction/radars/pirep_with_radar_data/2023/01.csv
Reading from file: /cluster/tufts/capstone25skyblue/eelkus01/NEXRADTurbulencePrediction/radars/pirep_with_radar_data/2023/01.csv and outputting to directory: /cluster/tufts/capstone25skyblue/eelkus01/NEXRADTurbulencePrediction/model_inputs/2023_01
Completed 5% of df
Completed 10% of df
Completed 15% of df
Completed 20% of df
Completed 25% of df
Completed 30% of df
Completed 35% of df
Completed 40% of df
Completed 45% of df
Completed 50% of df
Completed 55% of df
Completed 60% of df
Completed 65% of df
Completed 70% of df
ERROR: Timed out reading s3://unidata-nexrad-level2/2023/01/12/KOHX/KOHX20230112_171452_V06
ERROR: Timed out reading s3://unidata-nexrad-level2/2023/01/12/KHTX/KHTX20230112_171536_V06
ERROR: Timed out reading s3://unidata-nexrad-level2/2023/01/15/KCXX/KCXX20230115_030413_V06
ERROR: Timed out reading s3://unidata-nexrad-level2/2023/01/05/KFWS/KFWS20230105_023117_V06
ERROR: Timed out reading s3://unidata-nexrad-level2/2023/01/05/KSHV/KSHV20230105_023025_V06
ERROR: Timed out reading s3://unidata-nexrad-level2/2023/01/05/KHGX/KHGX20230105_023145_V06
ERROR: Timed out reading s3://unidata-nexrad-level2/2023/01/20/KEPZ/KEPZ20230120_202309_V06
ERROR: Timed out reading s3://unidata-nexrad-level2/2023/01/20/KABX/KABX20230120_202332_V06
ERROR: Timed out reading s3://unidata-nexrad-level2/2023/01/20/KMAF/KMAF20230120_202259_V06
ERROR: Timed out reading s3://unidata-nexrad-level2/2023/01/12/KJKL/KJKL20230112_172656_V06
ERROR: Timed out reading s3://unidata-nexrad-level2/2023/01/24/KTWX/KTWX20230124_230619_V06
ERROR: Timed out reading s3://unidata-nexrad-level2/2023/01/27/KGYX/KGYX20230127_113206_V06
ERROR: Timed out reading s3://unidata-nexrad-level2/2023/01/27/KBOX/KBOX20230127_113123_V06
ERROR: Timed out reading s3://unidata-nexrad-level2/2023/01/27/KCXX/KCXX20230127_113104_V06
ERROR: Timed out reading s3://unidata-nexrad-level2/2023/01/26/KGYX/KGYX20230126_030158_V06
ERROR: Timed out reading s3://unidata-nexrad-level2/2023/01/08/KMLB/KMLB20230108_150704_V06
ERROR: Timed out reading s3://unidata-nexrad-level2/2023/01/08/KAMX/KAMX20230108_150159_V06
ERROR: Timed out reading s3://unidata-nexrad-level2/2023/01/08/KTBW/KTBW20230108_150413_V06
ERROR: Timed out reading s3://unidata-nexrad-level2/2023/01/08/KJAX/KJAX20230108_150606_V06
ERROR: Timed out reading s3://unidata-nexrad-level2/2023/01/13/KHNX/KHNX20230113_230327_V06
ERROR: Timed out reading s3://unidata-nexrad-level2/2023/01/13/KBBX/KBBX20230113_230203_V06
ERROR: Timed out reading s3://unidata-nexrad-level2/2023/01/13/KVBX/KVBX20230113_230056_V06
ERROR: Timed out reading s3://unidata-nexrad-level2/2023/01/19/KDIX/KDIX20230119_234319_V06
ERROR: Timed out reading s3://unidata-nexrad-level2/2023/01/19/KENX/KENX20230119_234006_V06
ERROR: Timed out reading s3://unidata-nexrad-level2/2023/01/19/KBOX/KBOX20230119_234103_V06
ERROR: Timed out reading s3://unidata-nexrad-level2/2023/01/19/KDOX/KDOX20230119_234049_V06
ERROR: Timed out reading s3://unidata-nexrad-level2/2023/01/21/KLBB/KLBB20230121_043037_V06
ERROR: Timed out reading s3://unidata-nexrad-level2/2023/01/21/KFDX/KFDX20230121_043326_V06
ERROR: Timed out reading s3://unidata-nexrad-level2/2023/01/02/KLBB/KLBB20230102_182535_V06
ERROR: Timed out reading s3://unidata-nexrad-level2/2023/01/23/KICX/KICX20230123_172117_V06
ERROR: Timed out reading s3://unidata-nexrad-level2/2023/01/23/KNKX/KNKX20230123_172446_V06
ERROR: Timed out reading s3://unidata-nexrad-level2/2023/01/04/KIND/KIND20230104_003103_V06
ERROR: Timed out reading s3://unidata-nexrad-level2/2023/01/14/KRGX/KRGX20230114_162317_V06
ERROR: Timed out reading s3://unidata-nexrad-level2/2023/01/14/KDAX/KDAX20230114_162246_V06
ERROR: Timed out reading s3://unidata-nexrad-level2/2023/01/14/KMUX/KMUX20230114_162102_V06
ERROR: Timed out reading s3://unidata-nexrad-level2/2023/01/14/KBBX/KBBX20230114_162310_V06
ERROR: Timed out reading s3://unidata-nexrad-level2/2023/01/02/KDDC/KDDC20230102_225047_V06
ERROR: Timed out reading s3://unidata-nexrad-level2/2023/01/02/KVNX/KVNX20230102_224719_V06
ERROR: Timed out reading s3://unidata-nexrad-level2/2023/01/02/KICT/KICT20230102_224731_V06
ERROR: Timed out reading s3://unidata-nexrad-level2/2023/01/02/KPUX/KPUX20230102_225016_V06
ERROR: Timed out reading s3://unidata-nexrad-level2/2023/01/29/KJKL/KJKL20230129_115939_V06
ERROR: Timed out reading s3://unidata-nexrad-level2/2023/01/29/KILN/KILN20230129_115719_V06
ERROR: Timed out reading s3://unidata-nexrad-level2/2023/01/29/KRLX/KRLX20230129_120127_V06
ERROR: Timed out reading s3://unidata-nexrad-level2/2023/01/29/KIND/KIND20230129_120010_V06
Completed 75% of df
ERROR: Timed out reading s3://unidata-nexrad-level2/2023/01/06/KOKX/KOKX20230106_011325_V06
ERROR: Timed out reading s3://unidata-nexrad-level2/2023/01/06/KGYX/KGYX20230106_011820_V06
ERROR: Timed out reading s3://unidata-nexrad-level2/2023/01/23/KEYX/KEYX20230123_004440_V06
ERROR: Timed out reading s3://unidata-nexrad-level2/2023/01/03/KJKL/KJKL20230103_172055_V06
ERROR: Timed out reading s3://unidata-nexrad-level2/2023/01/03/KPBZ/KPBZ20230103_172239_V06
ERROR: Timed out reading s3://unidata-nexrad-level2/2023/01/03/KCLE/KCLE20230103_171713_V06
ERROR: Timed out reading s3://unidata-nexrad-level2/2023/01/03/KMUX/KMUX20230103_235554_V06
ERROR: Timed out reading s3://unidata-nexrad-level2/2023/01/03/KDAX/KDAX20230103_235546_V06
ERROR: Timed out reading s3://unidata-nexrad-level2/2023/01/03/KBBX/KBBX20230103_235230_V06
ERROR: Timed out reading s3://unidata-nexrad-level2/2023/01/25/KJKL/KJKL20230125_170302_V06
ERROR: Timed out reading s3://unidata-nexrad-level2/2023/01/25/KFCX/KFCX20230125_170242_V06
ERROR: Timed out reading s3://unidata-nexrad-level2/2023/01/25/KILN/KILN20230125_170405_V06
ERROR: Timed out reading s3://unidata-nexrad-level2/2023/01/25/KPBZ/KPBZ20230125_170245_V06
ERROR: Timed out reading s3://unidata-nexrad-level2/2023/01/12/KLZK/KLZK20230112_025246_V06
ERROR: Timed out reading s3://unidata-nexrad-level2/2023/01/12/KGWX/KGWX20230112_024639_V06
ERROR: Timed out reading s3://unidata-nexrad-level2/2023/01/12/KPAH/KPAH20230112_025333_V06
ERROR: Timed out reading s3://unidata-nexrad-level2/2023/01/12/KSRX/KSRX20230112_024912_V06
ERROR: Timed out reading s3://unidata-nexrad-level2/2023/01/20/KMAX/KMAX20230120_150805_V06
ERROR: Timed out reading s3://unidata-nexrad-level2/2023/01/20/KLGX/KLGX20230120_150612_V06
ERROR: Timed out reading s3://unidata-nexrad-level2/2023/01/20/KATX/KATX20230120_150520_V06
ERROR: Timed out reading s3://unidata-nexrad-level2/2023/01/23/KVWX/KVWX20230123_005647_V06
ERROR: Timed out reading s3://unidata-nexrad-level2/2023/01/23/KHPX/KHPX20230123_005559_V06
ERROR: Timed out reading s3://unidata-nexrad-level2/2023/01/23/KOHX/KOHX20230123_005702_V06
ERROR: Timed out reading s3://unidata-nexrad-level2/2023/01/23/KIND/KIND20230123_005823_V06
ERROR: Timed out reading s3://unidata-nexrad-level2/2023/01/12/KIND/KIND20230112_143257_V06
ERROR: Timed out reading s3://unidata-nexrad-level2/2023/01/12/KVWX/KVWX20230112_143100_V06
ERROR: Timed out reading s3://unidata-nexrad-level2/2023/01/12/KLSX/KLSX20230112_142807_V06
ERROR: Timed out reading s3://unidata-nexrad-level2/2023/01/24/KGYX/KGYX20230124_073906_V06
ERROR: Timed out reading s3://unidata-nexrad-level2/2023/01/24/KBOX/KBOX20230124_074059_V06
ERROR: Timed out reading s3://unidata-nexrad-level2/2023/01/24/KCXX/KCXX20230124_074146_V06
ERROR: Timed out reading s3://unidata-nexrad-level2/2023/01/10/KFSX/KFSX20230110_192532_V06
ERROR: Timed out reading s3://unidata-nexrad-level2/2023/01/10/KIWA/KIWA20230110_192238_V06
ERROR: Timed out reading s3://unidata-nexrad-level2/2023/01/10/KICX/KICX20230110_192527_V06
ERROR: Timed out reading s3://unidata-nexrad-level2/2023/01/20/KESX/KESX20230120_180759_V06
ERROR: Timed out reading s3://unidata-nexrad-level2/2023/01/20/KSOX/KSOX20230120_181034_V06
ERROR: Timed out reading s3://unidata-nexrad-level2/2023/01/20/KVTX/KVTX20230120_180430_V06
ERROR: Timed out reading s3://unidata-nexrad-level2/2023/01/13/KDIX/KDIX20230113_052340_V06
ERROR: Timed out reading s3://unidata-nexrad-level2/2023/01/13/KLWX/KLWX20230113_051925_V06
ERROR: Timed out reading s3://unidata-nexrad-level2/2023/01/13/KAKQ/KAKQ20230113_052203_V06
ERROR: Timed out reading s3://unidata-nexrad-level2/2023/01/13/KOKX/KOKX20230113_052228_V06
ERROR: Timed out reading s3://unidata-nexrad-level2/2023/01/23/KEYX/KEYX20230123_084032_V06
ERROR: Timed out reading s3://unidata-nexrad-level2/2023/01/23/KYUX/KYUX20230123_084202_V06
ERROR: Timed out reading s3://unidata-nexrad-level2/2023/01/29/KFWS/KFWS20230129_175358_V06
ERROR: Timed out reading s3://unidata-nexrad-level2/2023/01/29/KDYX/KDYX20230129_175645_V06
ERROR: Timed out reading s3://unidata-nexrad-level2/2023/01/29/KEWX/KEWX20230129_175422_V06
ERROR: Timed out reading s3://unidata-nexrad-level2/2023/01/29/KSJT/KSJT20230129_175525_V06
ERROR: Timed out reading s3://unidata-nexrad-level2/2023/01/14/KCYS/KCYS20230114_233156_V06
ERROR: Timed out reading s3://unidata-nexrad-level2/2023/01/14/KPUX/KPUX20230114_232839_V06
ERROR: Timed out reading s3://unidata-nexrad-level2/2023/01/14/KGJX/KGJX20230114_233032_V06
ERROR: Timed out reading s3://unidata-nexrad-level2/2023/01/23/KEYX/KEYX20230123_134941_V06
ERROR: Timed out reading s3://unidata-nexrad-level2/2023/01/23/KVTX/KVTX20230123_134043_V06
ERROR: Timed out reading s3://unidata-nexrad-level2/2023/01/23/KESX/KESX20230123_134536_V06
ERROR: Timed out reading s3://unidata-nexrad-level2/2023/01/04/KDVN/KDVN20230104_223403_V06
ERROR: Timed out reading s3://unidata-nexrad-level2/2023/01/04/KIND/KIND20230104_223322_V06
ERROR: Timed out reading s3://unidata-nexrad-level2/2023/01/04/KVWX/KVWX20230104_223241_V06
ERROR: Timed out reading s3://unidata-nexrad-level2/2023/01/26/KEYX/KEYX20230126_192337_V06
ERROR: Timed out reading s3://unidata-nexrad-level2/2023/01/26/KVBX/KVBX20230126_192229_V06
ERROR: Timed out reading s3://unidata-nexrad-level2/2023/01/26/KNKX/KNKX20230126_192641_V06
ERROR: Timed out reading s3://unidata-nexrad-level2/2023/01/28/KPBZ/KPBZ20230128_205626_V06
ERROR: Timed out reading s3://unidata-nexrad-level2/2023/01/28/KDTX/KDTX20230128_205651_V06
ERROR: Timed out reading s3://unidata-nexrad-level2/2023/01/28/KRLX/KRLX20230128_210035_V06
ERROR: Timed out reading s3://unidata-nexrad-level2/2023/01/04/KMUX/KMUX20230104_220226_V06
ERROR: Timed out reading s3://unidata-nexrad-level2/2023/01/04/KDAX/KDAX20230104_220247_V06
ERROR: Timed out reading s3://unidata-nexrad-level2/2023/01/04/KVBX/KVBX20230104_220328_V06
ERROR: Timed out reading s3://unidata-nexrad-level2/2023/01/04/KBBX/KBBX20230104_215907_V06
ERROR: Timed out reading s3://unidata-nexrad-level2/2023/01/13/KHNX/KHNX20230113_011821_V06
ERROR: Timed out reading s3://unidata-nexrad-level2/2023/01/13/KEYX/KEYX20230113_011159_V06
ERROR: Timed out reading s3://unidata-nexrad-level2/2023/01/23/KESX/KESX20230123_192237_V06
ERROR: Timed out reading s3://unidata-nexrad-level2/2023/01/21/KDMX/KDMX20230121_184137_V06
ERROR: Timed out reading s3://unidata-nexrad-level2/2023/01/09/KSOX/KSOX20230109_180159_V06
ERROR: Timed out reading s3://unidata-nexrad-level2/2023/01/09/KVTX/KVTX20230109_180022_V06
ERROR: Timed out reading s3://unidata-nexrad-level2/2023/01/09/KVBX/KVBX20230109_180248_V06
ERROR: Timed out reading s3://unidata-nexrad-level2/2023/01/23/KHNX/KHNX20230123_005557_V06
ERROR: Timed out reading s3://unidata-nexrad-level2/2023/01/04/KEYX/KEYX20230104_135529_V06
ERROR: Timed out reading s3://unidata-nexrad-level2/2023/01/04/KVTX/KVTX20230104_135353_V06
ERROR: Timed out reading s3://unidata-nexrad-level2/2023/01/04/KVBX/KVBX20230104_135703_V06
ERROR: Timed out reading s3://unidata-nexrad-level2/2023/01/04/KHNX/KHNX20230104_135237_V06
ERROR: Timed out reading s3://unidata-nexrad-level2/2023/01/02/KSGF/KSGF20230102_220552_V06
ERROR: Timed out reading s3://unidata-nexrad-level2/2023/01/02/KTWX/KTWX20230102_220530_V06
ERROR: Timed out reading s3://unidata-nexrad-level2/2023/01/02/KICT/KICT20230102_220313_V06
ERROR: Timed out reading s3://unidata-nexrad-level2/2023/01/02/KINX/KINX20230102_220353_V06
ERROR: Timed out reading s3://unidata-nexrad-level2/2023/01/31/KVTX/KVTX20230131_191839_V06
ERROR: Timed out reading s3://unidata-nexrad-level2/2023/01/31/KNKX/KNKX20230131_192100_V06
ERROR: Timed out reading s3://unidata-nexrad-level2/2023/01/13/KGYX/KGYX20230113_120048_V06
ERROR: Timed out reading s3://unidata-nexrad-level2/2023/01/13/KOKX/KOKX20230113_115657_V06
ERROR: Timed out reading s3://unidata-nexrad-level2/2023/01/13/KENX/KENX20230113_115920_V06
ERROR: Timed out reading s3://unidata-nexrad-level2/2023/01/13/KCXX/KCXX20230113_120022_V06
ERROR: Timed out reading s3://unidata-nexrad-level2/2023/01/13/KPBZ/KPBZ20230113_004731_V06
ERROR: Timed out reading s3://unidata-nexrad-level2/2023/01/13/KCCX/KCCX20230113_004857_V06
ERROR: Timed out reading s3://unidata-nexrad-level2/2023/01/13/KDTX/KDTX20230113_004627_V06
ERROR: Timed out reading s3://unidata-nexrad-level2/2023/01/13/KBUF/KBUF20230113_004745_V06
ERROR: Timed out reading s3://unidata-nexrad-level2/2023/01/19/KDOX/KDOX20230119_140807_V06
ERROR: Timed out reading s3://unidata-nexrad-level2/2023/01/19/KDIX/KDIX20230119_141015_V06
ERROR: Timed out reading s3://unidata-nexrad-level2/2023/01/19/KCCX/KCCX20230119_140950_V06
ERROR: Timed out reading s3://unidata-nexrad-level2/2023/01/05/KPOE/KPOE20230105_135630_V06
ERROR: Timed out reading s3://unidata-nexrad-level2/2023/01/05/KLCH/KLCH20230105_135557_V06
ERROR: Timed out reading s3://unidata-nexrad-level2/2023/01/05/KDGX/KDGX20230105_135334_V06
Completed 80% of df
ERROR: Timed out reading s3://unidata-nexrad-level2/2023/01/22/KMUX/KMUX20230122_225706_V06
ERROR: Timed out reading s3://unidata-nexrad-level2/2023/01/22/KDAX/KDAX20230122_225954_V06
ERROR: Timed out reading s3://unidata-nexrad-level2/2023/01/22/KRGX/KRGX20230122_225858_V06
ERROR: Timed out reading s3://unidata-nexrad-level2/2023/01/21/KIND/KIND20230121_112043_V06
ERROR: Timed out reading s3://unidata-nexrad-level2/2023/01/21/KLVX/KLVX20230121_112023_V06
ERROR: Timed out reading s3://unidata-nexrad-level2/2023/01/21/KIWX/KIWX20230121_112134_V06
ERROR: Timed out reading s3://unidata-nexrad-level2/2023/01/11/KBBX/KBBX20230111_043245_V06
ERROR: Timed out reading s3://unidata-nexrad-level2/2023/01/11/KDAX/KDAX20230111_043237_V06
ERROR: Timed out reading s3://unidata-nexrad-level2/2023/01/11/KMUX/KMUX20230111_043014_V06
ERROR: Timed out reading s3://unidata-nexrad-level2/2023/01/11/KHNX/KHNX20230111_043401_V06
ERROR: Timed out reading s3://unidata-nexrad-level2/2023/01/23/KOKX/KOKX20230123_161931_V06
ERROR: Timed out reading s3://unidata-nexrad-level2/2023/01/23/KENX/KENX20230123_161922_V06
ERROR: Timed out reading s3://unidata-nexrad-level2/2023/01/23/KCXX/KCXX20230123_161858_V06
ERROR: Timed out reading s3://unidata-nexrad-level2/2023/01/16/KGYX/KGYX20230116_005114_V06
ERROR: Timed out reading s3://unidata-nexrad-level2/2023/01/16/KBOX/KBOX20230116_005300_V06
ERROR: Timed out reading s3://unidata-nexrad-level2/2023/01/16/KCXX/KCXX20230116_005305_V06
ERROR: Timed out reading s3://unidata-nexrad-level2/2023/01/16/KOKX/KOKX20230116_005204_V06
ERROR: Timed out reading s3://unidata-nexrad-level2/2023/01/19/KFFC/KFFC20230119_201433_V06
ERROR: Timed out reading s3://unidata-nexrad-level2/2023/01/04/KTLH/KTLH20230104_202946_V06
ERROR: Timed out reading s3://unidata-nexrad-level2/2023/01/04/KVAX/KVAX20230104_202734_V06
ERROR: Timed out reading s3://unidata-nexrad-level2/2023/01/04/KMLB/KMLB20230104_202946_V06
ERROR: Timed out reading s3://unidata-nexrad-level2/2023/01/28/KMKX/KMKX20230128_202720_V06
ERROR: Timed out reading s3://unidata-nexrad-level2/2023/01/28/KIWX/KIWX20230128_203019_V06
ERROR: Timed out reading s3://unidata-nexrad-level2/2023/01/28/KILX/KILX20230128_202749_V06
ERROR: Timed out reading s3://unidata-nexrad-level2/2023/01/28/KGRR/KGRR20230128_202741_V06
ERROR: Timed out reading s3://unidata-nexrad-level2/2023/01/18/KSHV/KSHV20230118_164940_V06
ERROR: Timed out reading s3://unidata-nexrad-level2/2023/01/18/KGRK/KGRK20230118_165151_V06
ERROR: Timed out reading s3://unidata-nexrad-level2/2023/01/18/KPOE/KPOE20230118_165155_V06
ERROR: Timed out reading s3://unidata-nexrad-level2/2023/01/18/KLCH/KLCH20230118_165305_V06
ERROR: Timed out reading s3://unidata-nexrad-level2/2023/01/05/KEYX/KEYX20230105_170844_V06
ERROR: Timed out reading s3://unidata-nexrad-level2/2023/01/05/KSOX/KSOX20230105_171111_V06
ERROR: Timed out reading s3://unidata-nexrad-level2/2023/01/05/KVBX/KVBX20230105_171218_V06
ERROR: Timed out reading s3://unidata-nexrad-level2/2023/01/05/KNKX/KNKX20230105_171450_V06
ERROR: Timed out reading s3://unidata-nexrad-level2/2023/01/18/KARX/KARX20230118_171710_V06
ERROR: Timed out reading s3://unidata-nexrad-level2/2023/01/18/KDVN/KDVN20230118_171823_V06
ERROR: Timed out reading s3://unidata-nexrad-level2/2023/01/18/KLOT/KLOT20230118_171708_V06
ERROR: Timed out reading s3://unidata-nexrad-level2/2023/01/04/KMUX/KMUX20230104_165603_V06
ERROR: Timed out reading s3://unidata-nexrad-level2/2023/01/04/KRGX/KRGX20230104_165806_V06
ERROR: Timed out reading s3://unidata-nexrad-level2/2023/01/04/KHNX/KHNX20230104_165827_V06
ERROR: Timed out reading s3://unidata-nexrad-level2/2023/01/23/KEYX/KEYX20230123_160013_V06
ERROR: Timed out reading s3://unidata-nexrad-level2/2023/01/23/KICX/KICX20230123_160250_V06
ERROR: Timed out reading s3://unidata-nexrad-level2/2023/01/23/KNKX/KNKX20230123_155718_V06
ERROR: Timed out reading s3://unidata-nexrad-level2/2023/01/05/KICT/KICT20230105_214908_V06
ERROR: Timed out reading s3://unidata-nexrad-level2/2023/01/05/KINX/KINX20230105_214712_V06
ERROR: Timed out reading s3://unidata-nexrad-level2/2023/01/05/KSGF/KSGF20230105_214545_V06
ERROR: Timed out reading s3://unidata-nexrad-level2/2023/01/04/PAKC/PAKC20230104_205552_V06
ERROR: Timed out reading s3://unidata-nexrad-level2/2023/01/14/KSOX/KSOX20230114_194554_V06
ERROR: Timed out reading s3://unidata-nexrad-level2/2023/01/14/KEYX/KEYX20230114_195013_V06
ERROR: Timed out reading s3://unidata-nexrad-level2/2023/01/14/KVBX/KVBX20230114_194954_V06
ERROR: Timed out reading s3://unidata-nexrad-level2/2023/01/14/KNKX/KNKX20230114_194944_V06
ERROR: Timed out reading s3://unidata-nexrad-level2/2023/01/29/KIND/KIND20230129_120438_V06
ERROR: Timed out reading s3://unidata-nexrad-level2/2023/01/29/KGRR/KGRR20230129_115948_V06
ERROR: Timed out reading s3://unidata-nexrad-level2/2023/01/21/KCXX/KCXX20230121_203426_V06
ERROR: Timed out reading s3://unidata-nexrad-level2/2023/01/19/KILN/KILN20230119_203528_V06
ERROR: Timed out reading s3://unidata-nexrad-level2/2023/01/12/PAHG/PAHG20230112_234454_V06
ERROR: Timed out reading s3://unidata-nexrad-level2/2023/01/12/PAKC/PAKC20230112_234410_V06
ERROR: Timed out reading s3://unidata-nexrad-level2/2023/01/22/KSRX/KSRX20230122_235140_V06
ERROR: Timed out reading s3://unidata-nexrad-level2/2023/01/22/KTLX/KTLX20230122_235101_V06
ERROR: Timed out reading s3://unidata-nexrad-level2/2023/01/19/KRLX/KRLX20230119_115108_V06
ERROR: Timed out reading s3://unidata-nexrad-level2/2023/01/19/KRAX/KRAX20230119_114819_V06
ERROR: Timed out reading s3://unidata-nexrad-level2/2023/01/09/KVBX/KVBX20230109_215834_V06
ERROR: Timed out reading s3://unidata-nexrad-level2/2023/01/09/KVTX/KVTX20230109_215356_V06
ERROR: Timed out reading s3://unidata-nexrad-level2/2023/01/09/KEYX/KEYX20230109_215416_V06
ERROR: Timed out reading s3://unidata-nexrad-level2/2023/01/12/KLGX/KLGX20230112_183448_V06
ERROR: Timed out reading s3://unidata-nexrad-level2/2023/01/12/KMAX/KMAX20230112_183240_V06
ERROR: Timed out reading s3://unidata-nexrad-level2/2023/01/12/KBHX/KBHX20230112_183130_V06
ERROR: Timed out reading s3://unidata-nexrad-level2/2023/01/18/KGRR/KGRR20230118_230343_V06
ERROR: Timed out reading s3://unidata-nexrad-level2/2023/01/18/KDTX/KDTX20230118_230423_V06
ERROR: Timed out reading s3://unidata-nexrad-level2/2023/01/14/KBIS/KBIS20230114_161125_V06
ERROR: Timed out reading s3://unidata-nexrad-level2/2023/01/14/KMVX/KMVX20230114_160837_V06
ERROR: Timed out reading s3://unidata-nexrad-level2/2023/01/14/KFSD/KFSD20230114_160240_V06
ERROR: Timed out reading s3://unidata-nexrad-level2/2023/01/14/KMBX/KMBX20230114_160841_V06
ERROR: Timed out reading s3://unidata-nexrad-level2/2023/01/08/KNQA/KNQA20230108_094628_V06
ERROR: Timed out reading s3://unidata-nexrad-level2/2023/01/08/KDGX/KDGX20230108_094938_V06
ERROR: Timed out reading s3://unidata-nexrad-level2/2023/01/08/KGWX/KGWX20230108_095130_V06
ERROR: Timed out reading s3://unidata-nexrad-level2/2023/01/08/KSHV/KSHV20230108_094931_V06
ERROR: Timed out reading s3://unidata-nexrad-level2/2023/01/05/KMUX/KMUX20230105_041901_V06
ERROR: Timed out reading s3://unidata-nexrad-level2/2023/01/05/KVBX/KVBX20230105_041743_V06
ERROR: Timed out reading s3://unidata-nexrad-level2/2023/01/05/KDAX/KDAX20230105_041902_V06
ERROR: Timed out reading s3://unidata-nexrad-level2/2023/01/05/KVTX/KVTX20230105_041830_V06
ERROR: Timed out reading s3://unidata-nexrad-level2/2023/01/20/KEYX/KEYX20230120_233842_V06
ERROR: Timed out reading s3://unidata-nexrad-level2/2023/01/20/KICX/KICX20230120_234143_V06
ERROR: Timed out reading s3://unidata-nexrad-level2/2023/01/20/KYUX/KYUX20230120_233943_V06
ERROR: Timed out reading s3://unidata-nexrad-level2/2023/01/14/KGJX/KGJX20230114_182735_V06
Completed 85% of df
ERROR: Timed out reading s3://unidata-nexrad-level2/2023/01/04/KVTX/KVTX20230104_163500_V06
ERROR: Timed out reading s3://unidata-nexrad-level2/2023/01/04/KVBX/KVBX20230104_163519_V06
ERROR: Timed out reading s3://unidata-nexrad-level2/2023/01/04/KEYX/KEYX20230104_163339_V06
ERROR: Timed out reading s3://unidata-nexrad-level2/2023/01/04/KMUX/KMUX20230104_163504_V06
ERROR: Timed out reading s3://unidata-nexrad-level2/2023/01/07/KLOT/KLOT20230107_041814_V06
ERROR: Timed out reading s3://unidata-nexrad-level2/2023/01/07/KIWX/KIWX20230107_041901_V06
ERROR: Timed out reading s3://unidata-nexrad-level2/2023/01/23/KGYX/KGYX20230123_024009_V06
ERROR: Timed out reading s3://unidata-nexrad-level2/2023/01/23/KCXX/KCXX20230123_024354_V06
ERROR: Timed out reading s3://unidata-nexrad-level2/2023/01/21/KLBB/KLBB20230121_183818_V06
ERROR: Timed out reading s3://unidata-nexrad-level2/2023/01/21/KVNX/KVNX20230121_183643_V06
ERROR: Timed out reading s3://unidata-nexrad-level2/2023/01/16/PAIH/PAIH20230116_030151_V06
ERROR: Timed out reading s3://unidata-nexrad-level2/2023/01/16/PAPD/PAPD20230116_025522_V06
ERROR: Timed out reading s3://unidata-nexrad-level2/2023/01/26/KRLX/KRLX20230126_005928_V06
ERROR: Timed out reading s3://unidata-nexrad-level2/2023/01/26/KJKL/KJKL20230126_010023_V06
ERROR: Timed out reading s3://unidata-nexrad-level2/2023/01/26/KMRX/KMRX20230126_005917_V06
ERROR: Timed out reading s3://unidata-nexrad-level2/2023/01/25/KDGX/KDGX20230125_030929_V06
ERROR: Timed out reading s3://unidata-nexrad-level2/2023/01/04/KLIX/KLIX20230104_045933_V06
ERROR: Timed out reading s3://unidata-nexrad-level2/2023/01/04/KMXX/KMXX20230104_050037_V06
ERROR: Timed out reading s3://unidata-nexrad-level2/2023/01/01/KFSD/KFSD20230101_151402_V06
ERROR: Timed out reading s3://unidata-nexrad-level2/2023/01/01/KABR/KABR20230101_151608_V06
ERROR: Timed out reading s3://unidata-nexrad-level2/2023/01/23/KBUF/KBUF20230123_031150_V06
ERROR: Timed out reading s3://unidata-nexrad-level2/2023/01/14/KRAX/KRAX20230114_203510_V06
ERROR: Timed out reading s3://unidata-nexrad-level2/2023/01/14/KRLX/KRLX20230114_203020_V06
ERROR: Timed out reading s3://unidata-nexrad-level2/2023/01/14/KAKQ/KAKQ20230114_203154_V06
ERROR: Timed out reading s3://unidata-nexrad-level2/2023/01/09/KHNX/KHNX20230109_181726_V06
ERROR: Timed out reading s3://unidata-nexrad-level2/2023/01/09/KVTX/KVTX20230109_181438_V06
ERROR: Timed out reading s3://unidata-nexrad-level2/2023/01/09/KEYX/KEYX20230109_181811_V06
ERROR: Timed out reading s3://unidata-nexrad-level2/2023/01/02/KFDR/KFDR20230102_145604_V06
ERROR: Timed out reading s3://unidata-nexrad-level2/2023/01/14/KMLB/KMLB20230114_040929_V06
ERROR: Timed out reading s3://unidata-nexrad-level2/2023/01/24/KINX/KINX20230124_133241_V06
ERROR: Timed out reading s3://unidata-nexrad-level2/2023/01/24/KSRX/KSRX20230124_133633_V06
ERROR: Timed out reading s3://unidata-nexrad-level2/2023/01/24/KLZK/KLZK20230124_132938_V06
ERROR: Timed out reading s3://unidata-nexrad-level2/2023/01/14/KPAH/KPAH20230114_224017_V06
ERROR: Timed out reading s3://unidata-nexrad-level2/2023/01/14/KLVX/KLVX20230114_224134_V06
ERROR: Timed out reading s3://unidata-nexrad-level2/2023/01/14/KIND/KIND20230114_224349_V06
ERROR: Timed out reading s3://unidata-nexrad-level2/2023/01/09/KCBX/KCBX20230109_204645_V06
ERROR: Timed out reading s3://unidata-nexrad-level2/2023/01/09/KOTX/KOTX20230109_204806_V06
ERROR: Timed out reading s3://unidata-nexrad-level2/2023/01/09/KMSX/KMSX20230109_204227_V06
ERROR: Timed out reading s3://unidata-nexrad-level2/2023/01/02/KCBW/KCBW20230102_184511_V06
ERROR: Timed out reading s3://unidata-nexrad-level2/2023/01/02/KBOX/KBOX20230102_184459_V06
ERROR: Timed out reading s3://unidata-nexrad-level2/2023/01/15/KGYX/KGYX20230115_232615_V06
ERROR: Timed out reading s3://unidata-nexrad-level2/2023/01/15/KBOX/KBOX20230115_232853_V06
ERROR: Timed out reading s3://unidata-nexrad-level2/2023/01/15/KCXX/KCXX20230115_232416_V06
ERROR: Timed out reading s3://unidata-nexrad-level2/2023/01/24/KMTX/KMTX20230124_004908_V06
ERROR: Timed out reading s3://unidata-nexrad-level2/2023/01/24/KCBX/KCBX20230124_004847_V06
ERROR: Timed out reading s3://unidata-nexrad-level2/2023/01/24/KRIW/KRIW20230124_004700_V06
ERROR: Timed out reading s3://unidata-nexrad-level2/2023/01/24/KMSX/KMSX20230124_004312_V06
ERROR: Timed out reading s3://unidata-nexrad-level2/2023/01/01/KAMA/KAMA20230101_170927_V06
ERROR: Timed out reading s3://unidata-nexrad-level2/2023/01/01/KPUX/KPUX20230101_170703_V06
ERROR: Timed out reading s3://unidata-nexrad-level2/2023/01/01/KLBB/KLBB20230101_170651_V06
ERROR: Timed out reading s3://unidata-nexrad-level2/2023/01/20/KOKX/KOKX20230120_012445_V06
ERROR: Timed out reading s3://unidata-nexrad-level2/2023/01/20/KDOX/KDOX20230120_012123_V06
ERROR: Timed out reading s3://unidata-nexrad-level2/2023/01/20/KBGM/KBGM20230120_012208_V06
ERROR: Timed out reading s3://unidata-nexrad-level2/2023/01/20/KLWX/KLWX20230120_012238_V06
ERROR: Timed out reading s3://unidata-nexrad-level2/2023/01/05/KCAE/KCAE20230105_190054_V06
ERROR: Timed out reading s3://unidata-nexrad-level2/2023/01/30/KDAX/KDAX20230130_195506_V06
ERROR: Timed out reading s3://unidata-nexrad-level2/2023/01/30/KHNX/KHNX20230130_195354_V06
ERROR: Timed out reading s3://unidata-nexrad-level2/2023/01/30/KBBX/KBBX20230130_195647_V06
ERROR: Timed out reading s3://unidata-nexrad-level2/2023/01/30/KVBX/KVBX20230130_195548_V06
ERROR: Timed out reading s3://unidata-nexrad-level2/2023/01/26/KDOX/KDOX20230126_034143_V06
ERROR: Timed out reading s3://unidata-nexrad-level2/2023/01/26/KLWX/KLWX20230126_034106_V06
ERROR: Timed out reading s3://unidata-nexrad-level2/2023/01/23/KVTX/KVTX20230123_175411_V06
ERROR: Timed out reading s3://unidata-nexrad-level2/2023/01/23/KVBX/KVBX20230123_175219_V06
ERROR: Timed out reading s3://unidata-nexrad-level2/2023/01/02/KAMX/KAMX20230102_121555_V06
ERROR: Timed out reading s3://unidata-nexrad-level2/2023/01/02/KTBW/KTBW20230102_121112_V06
ERROR: Timed out reading s3://unidata-nexrad-level2/2023/01/02/KBYX/KBYX20230102_121405_V06
Completed 90% of df
Completed 95% of df
Completed 100% of df
Python script exit code: 0
Compressing output directory into /cluster/tufts/capstone25skyblue/eelkus01/NEXRADTurbulencePrediction/model_inputs/compressed/2023_01.tar.xz
2023_01/
2023_01/0000005_2023_1_df_row.nc
2023_01/0000007_2023_1_df_row.nc
2023_01/0000008_2023_1_df_row.nc
2023_01/0000017_2023_1_df_row.nc
2023_01/0000020_2023_1_df_row.nc
2023_01/0000021_2023_1_df_row.nc
2023_01/0000023_2023_1_df_row.nc
2023_01/0000025_2023_1_df_row.nc
2023_01/0000028_2023_1_df_row.nc
2023_01/0000030_2023_1_df_row.nc
2023_01/0000039_2023_1_df_row.nc
2023_01/0000041_2023_1_df_row.nc
2023_01/0000042_2023_1_df_row.nc
2023_01/0000048_2023_1_df_row.nc
2023_01/0000050_2023_1_df_row.nc
2023_01/0000051_2023_1_df_row.nc
2023_01/0000052_2023_1_df_row.nc
2023_01/0000053_2023_1_df_row.nc
2023_01/0000057_2023_1_df_row.nc
2023_01/0000058_2023_1_df_row.nc
2023_01/0000059_2023_1_df_row.nc
2023_01/0000062_2023_1_df_row.nc
2023_01/0000063_2023_1_df_row.nc
2023_01/0000069_2023_1_df_row.nc
2023_01/0000073_2023_1_df_row.nc
2023_01/0000081_2023_1_df_row.nc
2023_01/0000082_2023_1_df_row.nc
2023_01/0000083_2023_1_df_row.nc
2023_01/0000086_2023_1_df_row.nc
2023_01/0000088_2023_1_df_row.nc
2023_01/0000092_2023_1_df_row.nc
2023_01/0000096_2023_1_df_row.nc
2023_01/0000097_2023_1_df_row.nc
2023_01/0000098_2023_1_df_row.nc
2023_01/0000099_2023_1_df_row.nc
2023_01/0000104_2023_1_df_row.nc
2023_01/0000106_2023_1_df_row.nc
2023_01/0000107_2023_1_df_row.nc
2023_01/0000108_2023_1_df_row.nc
2023_01/0000115_2023_1_df_row.nc
2023_01/0000116_2023_1_df_row.nc
2023_01/0000119_2023_1_df_row.nc
2023_01/0000120_2023_1_df_row.nc
2023_01/0000123_2023_1_df_row.nc
2023_01/0000128_2023_1_df_row.nc
2023_01/0000130_2023_1_df_row.nc
2023_01/0000133_2023_1_df_row.nc
2023_01/0000135_2023_1_df_row.nc
2023_01/0000136_2023_1_df_row.nc
2023_01/0000140_2023_1_df_row.nc
2023_01/0000143_2023_1_df_row.nc
2023_01/0000145_2023_1_df_row.nc
2023_01/0000150_2023_1_df_row.nc
2023_01/0000154_2023_1_df_row.nc
2023_01/0000155_2023_1_df_row.nc
2023_01/0000157_2023_1_df_row.nc
2023_01/0000158_2023_1_df_row.nc
2023_01/0000159_2023_1_df_row.nc
2023_01/0000161_2023_1_df_row.nc
2023_01/0000163_2023_1_df_row.nc
2023_01/0000165_2023_1_df_row.nc
2023_01/0000167_2023_1_df_row.nc
2023_01/0000169_2023_1_df_row.nc
2023_01/0000170_2023_1_df_row.nc
2023_01/0000173_2023_1_df_row.nc
2023_01/0000175_2023_1_df_row.nc
2023_01/0000176_2023_1_df_row.nc
2023_01/0000177_2023_1_df_row.nc
2023_01/0000182_2023_1_df_row.nc
2023_01/0000187_2023_1_df_row.nc
2023_01/0000189_2023_1_df_row.nc
2023_01/0000197_2023_1_df_row.nc
2023_01/0000200_2023_1_df_row.nc
2023_01/0000201_2023_1_df_row.nc
2023_01/0000203_2023_1_df_row.nc
2023_01/0000204_2023_1_df_row.nc
2023_01/0000208_2023_1_df_row.nc
2023_01/0000212_2023_1_df_row.nc
2023_01/0000214_2023_1_df_row.nc
2023_01/0000215_2023_1_df_row.nc
2023_01/0000216_2023_1_df_row.nc
2023_01/0000222_2023_1_df_row.nc
2023_01/0000225_2023_1_df_row.nc
2023_01/0000232_2023_1_df_row.nc
2023_01/0000234_2023_1_df_row.nc
2023_01/0000238_2023_1_df_row.nc
2023_01/0000242_2023_1_df_row.nc
2023_01/0000243_2023_1_df_row.nc
2023_01/0000249_2023_1_df_row.nc
2023_01/0000254_2023_1_df_row.nc
2023_01/0000255_2023_1_df_row.nc
2023_01/0000260_2023_1_df_row.nc
2023_01/0000261_2023_1_df_row.nc
2023_01/0000263_2023_1_df_row.nc
2023_01/0000264_2023_1_df_row.nc
2023_01/0000267_2023_1_df_row.nc
2023_01/0000268_2023_1_df_row.nc
2023_01/0000271_2023_1_df_row.nc
2023_01/0000274_2023_1_df_row.nc
2023_01/0000275_2023_1_df_row.nc
2023_01/0000281_2023_1_df_row.nc
2023_01/0000297_2023_1_df_row.nc
2023_01/0000306_2023_1_df_row.nc
2023_01/0000307_2023_1_df_row.nc
2023_01/0000308_2023_1_df_row.nc
2023_01/0000314_2023_1_df_row.nc
2023_01/0000318_2023_1_df_row.nc
2023_01/0000324_2023_1_df_row.nc
2023_01/0000329_2023_1_df_row.nc
2023_01/0000330_2023_1_df_row.nc
2023_01/0000331_2023_1_df_row.nc
2023_01/0000333_2023_1_df_row.nc
2023_01/0000337_2023_1_df_row.nc
2023_01/0000338_2023_1_df_row.nc
2023_01/0000339_2023_1_df_row.nc
2023_01/0000343_2023_1_df_row.nc
2023_01/0000344_2023_1_df_row.nc
2023_01/0000357_2023_1_df_row.nc
2023_01/0000359_2023_1_df_row.nc
2023_01/0000361_2023_1_df_row.nc
2023_01/0000363_2023_1_df_row.nc
2023_01/0000364_2023_1_df_row.nc
2023_01/0000365_2023_1_df_row.nc
2023_01/0000370_2023_1_df_row.nc
2023_01/0000371_2023_1_df_row.nc
2023_01/0000377_2023_1_df_row.nc
2023_01/0000383_2023_1_df_row.nc
2023_01/0000386_2023_1_df_row.nc
2023_01/0000393_2023_1_df_row.nc
2023_01/0000396_2023_1_df_row.nc
2023_01/0000399_2023_1_df_row.nc
2023_01/0000402_2023_1_df_row.nc
2023_01/0000403_2023_1_df_row.nc
2023_01/0000404_2023_1_df_row.nc
2023_01/0000407_2023_1_df_row.nc
2023_01/0000414_2023_1_df_row.nc
2023_01/0000415_2023_1_df_row.nc
2023_01/0000416_2023_1_df_row.nc
2023_01/0000418_2023_1_df_row.nc
2023_01/0000419_2023_1_df_row.nc
2023_01/0000422_2023_1_df_row.nc
2023_01/0000424_2023_1_df_row.nc
2023_01/0000427_2023_1_df_row.nc
2023_01/0000433_2023_1_df_row.nc
2023_01/0000438_2023_1_df_row.nc
2023_01/0000441_2023_1_df_row.nc
2023_01/0000442_2023_1_df_row.nc
2023_01/0000451_2023_1_df_row.nc
2023_01/0000453_2023_1_df_row.nc
2023_01/0000456_2023_1_df_row.nc
2023_01/0000457_2023_1_df_row.nc
2023_01/0000461_2023_1_df_row.nc
2023_01/0000465_2023_1_df_row.nc
2023_01/0000467_2023_1_df_row.nc
2023_01/0000469_2023_1_df_row.nc
2023_01/0000479_2023_1_df_row.nc
2023_01/0000480_2023_1_df_row.nc
2023_01/0000483_2023_1_df_row.nc
2023_01/0000484_2023_1_df_row.nc
2023_01/0000486_2023_1_df_row.nc
2023_01/0000488_2023_1_df_row.nc
2023_01/0000489_2023_1_df_row.nc
2023_01/0000493_2023_1_df_row.nc
2023_01/0000500_2023_1_df_row.nc
2023_01/0000501_2023_1_df_row.nc
2023_01/0000503_2023_1_df_row.nc
2023_01/0000505_2023_1_df_row.nc
2023_01/0000516_2023_1_df_row.nc
2023_01/0000517_2023_1_df_row.nc
2023_01/0000520_2023_1_df_row.nc
2023_01/0000527_2023_1_df_row.nc
2023_01/0000533_2023_1_df_row.nc
2023_01/0000537_2023_1_df_row.nc
2023_01/0000543_2023_1_df_row.nc
2023_01/0000549_2023_1_df_row.nc
2023_01/0000556_2023_1_df_row.nc
2023_01/0000562_2023_1_df_row.nc
2023_01/0000563_2023_1_df_row.nc
2023_01/0000565_2023_1_df_row.nc
2023_01/0000566_2023_1_df_row.nc
2023_01/0000567_2023_1_df_row.nc
2023_01/0000572_2023_1_df_row.nc
2023_01/0000573_2023_1_df_row.nc
2023_01/0000574_2023_1_df_row.nc
2023_01/0000577_2023_1_df_row.nc
2023_01/0000582_2023_1_df_row.nc
2023_01/0000584_2023_1_df_row.nc
2023_01/0000591_2023_1_df_row.nc
2023_01/0000593_2023_1_df_row.nc
2023_01/0000594_2023_1_df_row.nc
2023_01/0000595_2023_1_df_row.nc
2023_01/0000597_2023_1_df_row.nc
2023_01/0000599_2023_1_df_row.nc
2023_01/0000600_2023_1_df_row.nc
2023_01/0000615_2023_1_df_row.nc
2023_01/0000617_2023_1_df_row.nc
2023_01/0000620_2023_1_df_row.nc
2023_01/0000621_2023_1_df_row.nc
2023_01/0000622_2023_1_df_row.nc
2023_01/0000625_2023_1_df_row.nc
2023_01/0000627_2023_1_df_row.nc
2023_01/0000629_2023_1_df_row.nc
2023_01/0000632_2023_1_df_row.nc
2023_01/0000635_2023_1_df_row.nc
2023_01/0000638_2023_1_df_row.nc
2023_01/0000640_2023_1_df_row.nc
2023_01/0000642_2023_1_df_row.nc
2023_01/0000649_2023_1_df_row.nc
2023_01/0000651_2023_1_df_row.nc
2023_01/0000654_2023_1_df_row.nc
2023_01/0000655_2023_1_df_row.nc
2023_01/0000662_2023_1_df_row.nc
2023_01/0000664_2023_1_df_row.nc
2023_01/0000670_2023_1_df_row.nc
2023_01/0000677_2023_1_df_row.nc
2023_01/0000680_2023_1_df_row.nc
2023_01/0000687_2023_1_df_row.nc
2023_01/0000689_2023_1_df_row.nc
2023_01/0000690_2023_1_df_row.nc
2023_01/0000693_2023_1_df_row.nc
2023_01/0000694_2023_1_df_row.nc
2023_01/0000695_2023_1_df_row.nc
2023_01/0000696_2023_1_df_row.nc
Removing uncompressed directory /cluster/tufts/capstone25skyblue/eelkus01/NEXRADTurbulencePrediction/model_inputs/2023_01
Deactivating conda environment (if any)
Purging all modules
Done! Environment has been torn down
All done!
