Resetting environment
Deactivating conda environment (if any)
Purging all modules
Done! Environment has been torn down
Allocating resources with slurm...
Loading cuda and miniforge...
Activating conda environment...
Redirecting into the NEXRAD repo...
Done! Environment has now been set up
Processing 2014/04
Running radar_data_to_model_input on /cluster/tufts/capstone25skyblue/eelkus01/NEXRADTurbulencePrediction/radars/pirep_with_radar_data/2014/04.csv
Reading from file: /cluster/tufts/capstone25skyblue/eelkus01/NEXRADTurbulencePrediction/radars/pirep_with_radar_data/2014/04.csv and outputting to directory: /cluster/tufts/capstone25skyblue/eelkus01/NEXRADTurbulencePrediction/model_inputs/2014_04
ERROR: Failed to read radar file s3://unidata-nexrad-level2/2014/04/28/KPDT/KPDT20140428_194054_V06.gz: OSError: unknown compression record
ERROR: Failed to read radar file s3://unidata-nexrad-level2/2014/04/22/KPDT/KPDT20140422_182202_V06.gz: OSError: unknown compression record
Completed 5% of df
Completed 10% of df
ERROR: Failed to read radar file s3://unidata-nexrad-level2/2014/04/01/KFSX/KFSX20140401_185639_V06.gz: OSError: unknown compression record
Completed 15% of df
ERROR: Failed to read radar file s3://unidata-nexrad-level2/2014/04/07/KOKX/KOKX20140407_113831_V06.gz: OSError: unknown compression record
Completed 20% of df
Completed 25% of df
ERROR: Failed to read radar file s3://unidata-nexrad-level2/2014/04/29/KMHX/KMHX20140429_185849_V06.gz: OSError: unknown compression record
Completed 30% of df
Completed 35% of df
ERROR: Failed to read radar file s3://unidata-nexrad-level2/2014/04/14/KTYX/KTYX20140414_163412_V07.gz: OSError: unknown compression record
Completed 40% of df
Completed 45% of df
ERROR: Failed to read radar file s3://unidata-nexrad-level2/2014/04/09/KBGM/KBGM20140409_081753_V06.gz: OSError: unknown compression record
Completed 50% of df
ERROR: Failed to read radar file s3://unidata-nexrad-level2/2014/04/03/KJKL/KJKL20140403_161748_V06.gz: OSError: unknown compression record
Completed 55% of df
ERROR: Failed to read radar file s3://unidata-nexrad-level2/2014/04/09/KFTG/KFTG20140409_193651_V06.gz: OSError: unknown compression record
Completed 60% of df
ERROR: Failed to read radar file s3://unidata-nexrad-level2/2014/04/01/KRTX/KRTX20140401_161624_V06.gz: OSError: unknown compression record
ERROR: Failed to read radar file s3://unidata-nexrad-level2/2014/04/09/KCXX/KCXX20140409_141222_V06.gz: OSError: unknown compression record
Completed 65% of df
ERROR: Failed to read radar file s3://unidata-nexrad-level2/2014/04/09/KCXX/KCXX20140409_141222_V06.gz: OSError: unknown compression record
ERROR: Failed to read radar file s3://unidata-nexrad-level2/2014/04/20/KLWX/KLWX20140420_103505_V06.gz: OSError: unknown compression record
ERROR: Failed to read radar file s3://unidata-nexrad-level2/2014/04/14/KENX/KENX20140414_004614_V06.gz: OSError: unknown compression record
Completed 70% of df
ERROR: Failed to read radar file s3://unidata-nexrad-level2/2014/04/19/KMAX/KMAX20140419_195015_V06.gz: OSError: unknown compression record
ERROR: Failed to read radar file s3://unidata-nexrad-level2/2014/04/14/KABX/KABX20140414_142756_V06.gz: OSError: unknown compression record
Completed 75% of df
Completed 80% of df
ERROR: Failed to read radar file s3://unidata-nexrad-level2/2014/04/09/KBGM/KBGM20140409_081753_V06.gz: OSError: unknown compression record
ERROR: Failed to read radar file s3://unidata-nexrad-level2/2014/04/02/KMAX/KMAX20140402_193542_V06.gz: OSError: unknown compression record
Completed 85% of df
ERROR: Failed to read radar file s3://unidata-nexrad-level2/2014/04/07/KOKX/KOKX20140407_113831_V06.gz: OSError: unknown compression record
Completed 90% of df
ERROR: Failed to read radar file s3://unidata-nexrad-level2/2014/04/04/KPBZ/KPBZ20140404_231701_V06.gz: OSError: unknown compression record
Completed 95% of df
Completed 100% of df
Python script exit code: 0
Compressing output directory into /cluster/tufts/capstone25skyblue/eelkus01/NEXRADTurbulencePrediction/model_inputs/compressed/2014_04.tar.xz
2014_04/
2014_04/0000006_2014_4_df_row.nc
2014_04/0000010_2014_4_df_row.nc
2014_04/0000011_2014_4_df_row.nc
2014_04/0000013_2014_4_df_row.nc
2014_04/0000017_2014_4_df_row.nc
2014_04/0000021_2014_4_df_row.nc
2014_04/0000030_2014_4_df_row.nc
2014_04/0000037_2014_4_df_row.nc
2014_04/0000038_2014_4_df_row.nc
2014_04/0000039_2014_4_df_row.nc
2014_04/0000043_2014_4_df_row.nc
2014_04/0000048_2014_4_df_row.nc
2014_04/0000050_2014_4_df_row.nc
2014_04/0000055_2014_4_df_row.nc
2014_04/0000065_2014_4_df_row.nc
2014_04/0000067_2014_4_df_row.nc
2014_04/0000070_2014_4_df_row.nc
2014_04/0000074_2014_4_df_row.nc
2014_04/0000075_2014_4_df_row.nc
2014_04/0000079_2014_4_df_row.nc
2014_04/0000087_2014_4_df_row.nc
2014_04/0000089_2014_4_df_row.nc
2014_04/0000090_2014_4_df_row.nc
2014_04/0000093_2014_4_df_row.nc
2014_04/0000104_2014_4_df_row.nc
2014_04/0000105_2014_4_df_row.nc
2014_04/0000106_2014_4_df_row.nc
2014_04/0000114_2014_4_df_row.nc
2014_04/0000115_2014_4_df_row.nc
2014_04/0000120_2014_4_df_row.nc
2014_04/0000123_2014_4_df_row.nc
2014_04/0000128_2014_4_df_row.nc
2014_04/0000132_2014_4_df_row.nc
2014_04/0000133_2014_4_df_row.nc
2014_04/0000136_2014_4_df_row.nc
2014_04/0000138_2014_4_df_row.nc
2014_04/0000140_2014_4_df_row.nc
2014_04/0000144_2014_4_df_row.nc
2014_04/0000146_2014_4_df_row.nc
2014_04/0000147_2014_4_df_row.nc
2014_04/0000150_2014_4_df_row.nc
2014_04/0000152_2014_4_df_row.nc
2014_04/0000153_2014_4_df_row.nc
2014_04/0000155_2014_4_df_row.nc
2014_04/0000157_2014_4_df_row.nc
2014_04/0000163_2014_4_df_row.nc
2014_04/0000164_2014_4_df_row.nc
2014_04/0000165_2014_4_df_row.nc
2014_04/0000166_2014_4_df_row.nc
2014_04/0000167_2014_4_df_row.nc
2014_04/0000169_2014_4_df_row.nc
2014_04/0000170_2014_4_df_row.nc
2014_04/0000178_2014_4_df_row.nc
2014_04/0000179_2014_4_df_row.nc
2014_04/0000182_2014_4_df_row.nc
2014_04/0000183_2014_4_df_row.nc
2014_04/0000185_2014_4_df_row.nc
2014_04/0000192_2014_4_df_row.nc
2014_04/0000194_2014_4_df_row.nc
2014_04/0000195_2014_4_df_row.nc
2014_04/0000196_2014_4_df_row.nc
2014_04/0000198_2014_4_df_row.nc
2014_04/0000200_2014_4_df_row.nc
2014_04/0000203_2014_4_df_row.nc
2014_04/0000206_2014_4_df_row.nc
2014_04/0000207_2014_4_df_row.nc
2014_04/0000211_2014_4_df_row.nc
2014_04/0000213_2014_4_df_row.nc
2014_04/0000215_2014_4_df_row.nc
2014_04/0000220_2014_4_df_row.nc
2014_04/0000222_2014_4_df_row.nc
2014_04/0000233_2014_4_df_row.nc
2014_04/0000235_2014_4_df_row.nc
2014_04/0000241_2014_4_df_row.nc
2014_04/0000242_2014_4_df_row.nc
2014_04/0000243_2014_4_df_row.nc
2014_04/0000247_2014_4_df_row.nc
2014_04/0000250_2014_4_df_row.nc
2014_04/0000259_2014_4_df_row.nc
2014_04/0000264_2014_4_df_row.nc
2014_04/0000269_2014_4_df_row.nc
2014_04/0000270_2014_4_df_row.nc
2014_04/0000275_2014_4_df_row.nc
2014_04/0000278_2014_4_df_row.nc
2014_04/0000279_2014_4_df_row.nc
2014_04/0000285_2014_4_df_row.nc
2014_04/0000288_2014_4_df_row.nc
2014_04/0000295_2014_4_df_row.nc
2014_04/0000321_2014_4_df_row.nc
2014_04/0000323_2014_4_df_row.nc
2014_04/0000328_2014_4_df_row.nc
2014_04/0000339_2014_4_df_row.nc
2014_04/0000340_2014_4_df_row.nc
2014_04/0000343_2014_4_df_row.nc
2014_04/0000347_2014_4_df_row.nc
2014_04/0000356_2014_4_df_row.nc
2014_04/0000357_2014_4_df_row.nc
2014_04/0000360_2014_4_df_row.nc
2014_04/0000361_2014_4_df_row.nc
2014_04/0000372_2014_4_df_row.nc
2014_04/0000376_2014_4_df_row.nc
2014_04/0000378_2014_4_df_row.nc
2014_04/0000379_2014_4_df_row.nc
2014_04/0000386_2014_4_df_row.nc
2014_04/0000387_2014_4_df_row.nc
2014_04/0000391_2014_4_df_row.nc
2014_04/0000395_2014_4_df_row.nc
2014_04/0000397_2014_4_df_row.nc
2014_04/0000408_2014_4_df_row.nc
2014_04/0000409_2014_4_df_row.nc
2014_04/0000412_2014_4_df_row.nc
2014_04/0000414_2014_4_df_row.nc
2014_04/0000421_2014_4_df_row.nc
2014_04/0000430_2014_4_df_row.nc
2014_04/0000431_2014_4_df_row.nc
2014_04/0000433_2014_4_df_row.nc
2014_04/0000440_2014_4_df_row.nc
2014_04/0000445_2014_4_df_row.nc
2014_04/0000450_2014_4_df_row.nc
2014_04/0000451_2014_4_df_row.nc
2014_04/0000452_2014_4_df_row.nc
2014_04/0000461_2014_4_df_row.nc
2014_04/0000464_2014_4_df_row.nc
2014_04/0000467_2014_4_df_row.nc
2014_04/0000469_2014_4_df_row.nc
2014_04/0000470_2014_4_df_row.nc
2014_04/0000471_2014_4_df_row.nc
2014_04/0000475_2014_4_df_row.nc
2014_04/0000482_2014_4_df_row.nc
2014_04/0000484_2014_4_df_row.nc
2014_04/0000485_2014_4_df_row.nc
2014_04/0000487_2014_4_df_row.nc
2014_04/0000495_2014_4_df_row.nc
2014_04/0000503_2014_4_df_row.nc
2014_04/0000504_2014_4_df_row.nc
2014_04/0000505_2014_4_df_row.nc
2014_04/0000507_2014_4_df_row.nc
2014_04/0000510_2014_4_df_row.nc
2014_04/0000511_2014_4_df_row.nc
2014_04/0000512_2014_4_df_row.nc
2014_04/0000522_2014_4_df_row.nc
2014_04/0000523_2014_4_df_row.nc
2014_04/0000525_2014_4_df_row.nc
2014_04/0000527_2014_4_df_row.nc
2014_04/0000534_2014_4_df_row.nc
2014_04/0000535_2014_4_df_row.nc
2014_04/0000539_2014_4_df_row.nc
2014_04/0000546_2014_4_df_row.nc
2014_04/0000552_2014_4_df_row.nc
2014_04/0000556_2014_4_df_row.nc
2014_04/0000557_2014_4_df_row.nc
2014_04/0000558_2014_4_df_row.nc
2014_04/0000568_2014_4_df_row.nc
2014_04/0000573_2014_4_df_row.nc
2014_04/0000574_2014_4_df_row.nc
2014_04/0000576_2014_4_df_row.nc
2014_04/0000578_2014_4_df_row.nc
2014_04/0000579_2014_4_df_row.nc
2014_04/0000584_2014_4_df_row.nc
2014_04/0000596_2014_4_df_row.nc
2014_04/0000601_2014_4_df_row.nc
2014_04/0000603_2014_4_df_row.nc
2014_04/0000606_2014_4_df_row.nc
2014_04/0000609_2014_4_df_row.nc
2014_04/0000613_2014_4_df_row.nc
2014_04/0000614_2014_4_df_row.nc
2014_04/0000615_2014_4_df_row.nc
2014_04/0000617_2014_4_df_row.nc
Removing uncompressed directory /cluster/tufts/capstone25skyblue/eelkus01/NEXRADTurbulencePrediction/model_inputs/2014_04
Deactivating conda environment (if any)
Purging all modules
Done! Environment has been torn down
All done!
