Resetting environment
Deactivating conda environment (if any)
Purging all modules
Done! Environment has been torn down
Allocating resources with slurm...
Loading cuda and miniforge...
Activating conda environment...
Redirecting into the NEXRAD repo...
Done! Environment has now been set up
Processing 2013/09
Running radar_data_to_model_input on /cluster/tufts/capstone25skyblue/eelkus01/NEXRADTurbulencePrediction/radars/pirep_with_radar_data/2013/09.csv
Reading from file: /cluster/tufts/capstone25skyblue/eelkus01/NEXRADTurbulencePrediction/radars/pirep_with_radar_data/2013/09.csv and outputting to directory: /cluster/tufts/capstone25skyblue/eelkus01/NEXRADTurbulencePrediction/model_inputs/2013_09
Completed 5% of df
Completed 10% of df
Completed 15% of df
Completed 20% of df
ERROR: Failed to read radar file s3://unidata-nexrad-level2/2013/09/25/KSGF/KSGF20130925_143513_V06.gz: OSError: unknown compression record
Completed 25% of df
Completed 30% of df
Completed 35% of df
Completed 40% of df
Completed 45% of df
Completed 50% of df
Completed 55% of df
ERROR: Failed to read radar file s3://unidata-nexrad-level2/2013/09/01/KDOX/KDOX20130901_154234_V07.gz: OSError: unknown compression record
Completed 60% of df
Completed 65% of df
Completed 70% of df
Completed 75% of df
ERROR: Failed to read radar file s3://unidata-nexrad-level2/2013/09/22/KATX/KATX20130922_022507_V06.gz: OSError: unknown compression record
Completed 80% of df
ERROR: Failed to read radar file s3://unidata-nexrad-level2/2013/09/17/KCCX/KCCX20130917_171041_V06.gz: OSError: unknown compression record
Completed 85% of df
Completed 90% of df
Completed 95% of df
Completed 100% of df
Python script exit code: 0
Compressing output directory into /cluster/tufts/capstone25skyblue/eelkus01/NEXRADTurbulencePrediction/model_inputs/compressed/2013_09.tar.xz
2013_09/
2013_09/0000003_2013_9_df_row.nc
2013_09/0000007_2013_9_df_row.nc
2013_09/0000014_2013_9_df_row.nc
2013_09/0000019_2013_9_df_row.nc
2013_09/0000023_2013_9_df_row.nc
2013_09/0000026_2013_9_df_row.nc
2013_09/0000028_2013_9_df_row.nc
2013_09/0000031_2013_9_df_row.nc
2013_09/0000033_2013_9_df_row.nc
2013_09/0000035_2013_9_df_row.nc
2013_09/0000037_2013_9_df_row.nc
2013_09/0000039_2013_9_df_row.nc
2013_09/0000040_2013_9_df_row.nc
2013_09/0000045_2013_9_df_row.nc
2013_09/0000047_2013_9_df_row.nc
2013_09/0000054_2013_9_df_row.nc
2013_09/0000059_2013_9_df_row.nc
2013_09/0000064_2013_9_df_row.nc
2013_09/0000071_2013_9_df_row.nc
2013_09/0000072_2013_9_df_row.nc
2013_09/0000073_2013_9_df_row.nc
2013_09/0000081_2013_9_df_row.nc
2013_09/0000082_2013_9_df_row.nc
2013_09/0000090_2013_9_df_row.nc
2013_09/0000091_2013_9_df_row.nc
2013_09/0000092_2013_9_df_row.nc
2013_09/0000094_2013_9_df_row.nc
2013_09/0000096_2013_9_df_row.nc
2013_09/0000097_2013_9_df_row.nc
2013_09/0000100_2013_9_df_row.nc
2013_09/0000101_2013_9_df_row.nc
2013_09/0000104_2013_9_df_row.nc
2013_09/0000105_2013_9_df_row.nc
2013_09/0000107_2013_9_df_row.nc
2013_09/0000108_2013_9_df_row.nc
2013_09/0000112_2013_9_df_row.nc
2013_09/0000113_2013_9_df_row.nc
2013_09/0000116_2013_9_df_row.nc
2013_09/0000123_2013_9_df_row.nc
2013_09/0000132_2013_9_df_row.nc
2013_09/0000135_2013_9_df_row.nc
2013_09/0000136_2013_9_df_row.nc
2013_09/0000142_2013_9_df_row.nc
2013_09/0000148_2013_9_df_row.nc
2013_09/0000150_2013_9_df_row.nc
2013_09/0000156_2013_9_df_row.nc
2013_09/0000162_2013_9_df_row.nc
2013_09/0000163_2013_9_df_row.nc
2013_09/0000164_2013_9_df_row.nc
2013_09/0000175_2013_9_df_row.nc
2013_09/0000183_2013_9_df_row.nc
2013_09/0000189_2013_9_df_row.nc
2013_09/0000191_2013_9_df_row.nc
2013_09/0000192_2013_9_df_row.nc
2013_09/0000196_2013_9_df_row.nc
2013_09/0000198_2013_9_df_row.nc
2013_09/0000199_2013_9_df_row.nc
2013_09/0000204_2013_9_df_row.nc
2013_09/0000205_2013_9_df_row.nc
2013_09/0000209_2013_9_df_row.nc
2013_09/0000215_2013_9_df_row.nc
2013_09/0000218_2013_9_df_row.nc
2013_09/0000222_2013_9_df_row.nc
2013_09/0000224_2013_9_df_row.nc
2013_09/0000226_2013_9_df_row.nc
2013_09/0000227_2013_9_df_row.nc
2013_09/0000239_2013_9_df_row.nc
Removing uncompressed directory /cluster/tufts/capstone25skyblue/eelkus01/NEXRADTurbulencePrediction/model_inputs/2013_09
Deactivating conda environment (if any)
Purging all modules
Done! Environment has been torn down
All done!
