Resetting environment
Deactivating conda environment (if any)
Purging all modules
Done! Environment has been torn down
Allocating resources with slurm...
Loading cuda and miniforge...
Activating conda environment...
Redirecting into the NEXRAD repo...
Done! Environment has now been set up
Processing 2010/09
Running radar_data_to_model_input on /cluster/tufts/capstone25skyblue/eelkus01/NEXRADTurbulencePrediction/radars/pirep_with_radar_data/2010/09.csv
Reading from file: /cluster/tufts/capstone25skyblue/eelkus01/NEXRADTurbulencePrediction/radars/pirep_with_radar_data/2010/09.csv and outputting to directory: /cluster/tufts/capstone25skyblue/eelkus01/NEXRADTurbulencePrediction/model_inputs/2010_09
Completed 5% of df
ERROR: Failed to read radar file s3://unidata-nexrad-level2/2010/09/27/KDOX/KDOX20100927_163936_V04.gz: IndexError: list index out of range
Completed 10% of df
ERROR: Failed to read radar file s3://unidata-nexrad-level2/2010/09/25/KFDX/KFDX20100925_222631_V04.gz: IndexError: list index out of range
ERROR: Failed to read radar file s3://unidata-nexrad-level2/2010/09/28/KDOX/KDOX20100928_182321_V04.gz: IndexError: list index out of range
Completed 15% of df
Completed 20% of df
ERROR: Failed to read radar file s3://unidata-nexrad-level2/2010/09/22/KDOX/KDOX20100922_231917_V04.gz: IndexError: list index out of range
Completed 25% of df
Completed 30% of df
ERROR: Failed to read radar file s3://unidata-nexrad-level2/2010/09/25/KVNX/KVNX20100925_200401_V04.gz: IndexError: list index out of range
Completed 35% of df
Completed 40% of df
ERROR: Failed to read radar file s3://unidata-nexrad-level2/2010/09/25/KVNX/KVNX20100925_200401_V04.gz: IndexError: list index out of range
ERROR: Failed to read radar file s3://unidata-nexrad-level2/2010/09/26/KDOX/KDOX20100926_234815_V04.gz: IndexError: list index out of range
ERROR: Failed to read radar file s3://unidata-nexrad-level2/2010/09/22/KDOX/KDOX20100922_215900_V04.gz: IndexError: list index out of range
Completed 45% of df
Completed 50% of df
ERROR: Failed to read radar file s3://unidata-nexrad-level2/2010/09/30/KEVX/KEVX20100930_174707_V04.gz: IndexError: list index out of range
Completed 55% of df
Completed 60% of df
Completed 65% of df
Completed 70% of df
Completed 75% of df
ERROR: Failed to read radar file s3://unidata-nexrad-level2/2010/09/30/KEVX/KEVX20100930_174707_V04.gz: IndexError: list index out of range
Completed 80% of df
ERROR: Failed to read radar file s3://unidata-nexrad-level2/2010/09/26/KEVX/KEVX20100926_162833_V04.gz: IndexError: list index out of range
ERROR: Failed to read radar file s3://unidata-nexrad-level2/2010/09/30/KDOX/KDOX20100930_112249_V04.gz: IndexError: list index out of range
Completed 85% of df
ERROR: Failed to read radar file s3://unidata-nexrad-level2/2010/09/23/KVNX/KVNX20100923_211429_V04.gz: IndexError: list index out of range
Completed 90% of df
ERROR: Failed to read radar file s3://unidata-nexrad-level2/2010/09/30/KDOX/KDOX20100930_184325_V04.gz: IndexError: list index out of range
Completed 95% of df
Completed 100% of df
Completed 105% of df
ERROR: Failed to read radar file s3://unidata-nexrad-level2/2010/09/12/KDOX/KDOX20100912_195657_V04.gz: OSError: unknown compression record
Python script exit code: 0
Compressing output directory into /cluster/tufts/capstone25skyblue/eelkus01/NEXRADTurbulencePrediction/model_inputs/compressed/2010_09.tar.xz
2010_09/
2010_09/0000000_2010_9_df_row.nc
2010_09/0000002_2010_9_df_row.nc
2010_09/0000006_2010_9_df_row.nc
2010_09/0000007_2010_9_df_row.nc
2010_09/0000012_2010_9_df_row.nc
2010_09/0000015_2010_9_df_row.nc
2010_09/0000016_2010_9_df_row.nc
2010_09/0000017_2010_9_df_row.nc
2010_09/0000018_2010_9_df_row.nc
2010_09/0000020_2010_9_df_row.nc
2010_09/0000022_2010_9_df_row.nc
2010_09/0000023_2010_9_df_row.nc
2010_09/0000024_2010_9_df_row.nc
2010_09/0000030_2010_9_df_row.nc
2010_09/0000033_2010_9_df_row.nc
2010_09/0000034_2010_9_df_row.nc
2010_09/0000041_2010_9_df_row.nc
2010_09/0000050_2010_9_df_row.nc
2010_09/0000052_2010_9_df_row.nc
2010_09/0000053_2010_9_df_row.nc
2010_09/0000054_2010_9_df_row.nc
2010_09/0000056_2010_9_df_row.nc
2010_09/0000058_2010_9_df_row.nc
2010_09/0000059_2010_9_df_row.nc
2010_09/0000062_2010_9_df_row.nc
2010_09/0000063_2010_9_df_row.nc
2010_09/0000070_2010_9_df_row.nc
2010_09/0000073_2010_9_df_row.nc
2010_09/0000075_2010_9_df_row.nc
2010_09/0000076_2010_9_df_row.nc
2010_09/0000078_2010_9_df_row.nc
2010_09/0000079_2010_9_df_row.nc
2010_09/0000084_2010_9_df_row.nc
2010_09/0000089_2010_9_df_row.nc
2010_09/0000092_2010_9_df_row.nc
2010_09/0000097_2010_9_df_row.nc
2010_09/0000099_2010_9_df_row.nc
2010_09/0000101_2010_9_df_row.nc
2010_09/0000102_2010_9_df_row.nc
2010_09/0000109_2010_9_df_row.nc
2010_09/0000110_2010_9_df_row.nc
2010_09/0000111_2010_9_df_row.nc
2010_09/0000112_2010_9_df_row.nc
2010_09/0000118_2010_9_df_row.nc
2010_09/0000120_2010_9_df_row.nc
2010_09/0000133_2010_9_df_row.nc
2010_09/0000139_2010_9_df_row.nc
2010_09/0000141_2010_9_df_row.nc
2010_09/0000146_2010_9_df_row.nc
2010_09/0000148_2010_9_df_row.nc
2010_09/0000151_2010_9_df_row.nc
2010_09/0000154_2010_9_df_row.nc
2010_09/0000155_2010_9_df_row.nc
2010_09/0000158_2010_9_df_row.nc
2010_09/0000160_2010_9_df_row.nc
2010_09/0000162_2010_9_df_row.nc
2010_09/0000164_2010_9_df_row.nc
2010_09/0000168_2010_9_df_row.nc
2010_09/0000170_2010_9_df_row.nc
2010_09/0000173_2010_9_df_row.nc
2010_09/0000174_2010_9_df_row.nc
2010_09/0000175_2010_9_df_row.nc
2010_09/0000176_2010_9_df_row.nc
2010_09/0000177_2010_9_df_row.nc
2010_09/0000189_2010_9_df_row.nc
2010_09/0000190_2010_9_df_row.nc
2010_09/0000194_2010_9_df_row.nc
2010_09/0000196_2010_9_df_row.nc
2010_09/0000197_2010_9_df_row.nc
2010_09/0000198_2010_9_df_row.nc
2010_09/0000202_2010_9_df_row.nc
2010_09/0000205_2010_9_df_row.nc
2010_09/0000206_2010_9_df_row.nc
2010_09/0000209_2010_9_df_row.nc
2010_09/0000210_2010_9_df_row.nc
2010_09/0000213_2010_9_df_row.nc
2010_09/0000216_2010_9_df_row.nc
2010_09/0000218_2010_9_df_row.nc
2010_09/0000220_2010_9_df_row.nc
2010_09/0000223_2010_9_df_row.nc
2010_09/0000225_2010_9_df_row.nc
2010_09/0000227_2010_9_df_row.nc
2010_09/0000229_2010_9_df_row.nc
2010_09/0000230_2010_9_df_row.nc
2010_09/0000231_2010_9_df_row.nc
2010_09/0000232_2010_9_df_row.nc
2010_09/0000236_2010_9_df_row.nc
2010_09/0000239_2010_9_df_row.nc
2010_09/0000240_2010_9_df_row.nc
2010_09/0000242_2010_9_df_row.nc
2010_09/0000244_2010_9_df_row.nc
2010_09/0000247_2010_9_df_row.nc
2010_09/0000248_2010_9_df_row.nc
2010_09/0000251_2010_9_df_row.nc
2010_09/0000255_2010_9_df_row.nc
2010_09/0000256_2010_9_df_row.nc
2010_09/0000257_2010_9_df_row.nc
Removing uncompressed directory /cluster/tufts/capstone25skyblue/eelkus01/NEXRADTurbulencePrediction/model_inputs/2010_09
Deactivating conda environment (if any)
Purging all modules
Done! Environment has been torn down
All done!
