Resetting environment
Deactivating conda environment (if any)
Purging all modules
Done! Environment has been torn down
Allocating resources with slurm...
Loading cuda and miniforge...
Activating conda environment...
Redirecting into the NEXRAD repo...
Done! Environment has now been set up
Processing 2012/03
Running radar_data_to_model_input on /cluster/tufts/capstone25skyblue/eelkus01/NEXRADTurbulencePrediction/radars/pirep_with_radar_data/2012/03.csv
Reading from file: /cluster/tufts/capstone25skyblue/eelkus01/NEXRADTurbulencePrediction/radars/pirep_with_radar_data/2012/03.csv and outputting to directory: /cluster/tufts/capstone25skyblue/eelkus01/NEXRADTurbulencePrediction/model_inputs/2012_03
ERROR: Failed to read radar file s3://unidata-nexrad-level2/2012/03/18/KEPZ/KEPZ20120318_214936_V03.gz: OSError: unknown compression record
ERROR: Failed to read radar file s3://unidata-nexrad-level2/2012/03/06/PHKI/PHKI20120306_051251_V04.gz: OSError: unknown compression record
Completed 5% of df
Completed 10% of df
Completed 15% of df
Completed 20% of df
Completed 25% of df
Completed 30% of df
Completed 35% of df
ERROR: Failed to read radar file s3://unidata-nexrad-level2/2012/03/19/KOUN/KOUN20120319_232252_V06.gz: OSError: unknown compression record
Completed 40% of df
Completed 45% of df
Completed 50% of df
Completed 55% of df
Completed 60% of df
Completed 65% of df
Completed 70% of df
Completed 75% of df
Completed 80% of df
Completed 85% of df
Completed 90% of df
Completed 95% of df
ERROR: Failed to read radar file s3://unidata-nexrad-level2/2012/03/18/KSOX/KSOX20120318_215349_V06.gz: OSError: unknown compression record
ERROR: Failed to read radar file s3://unidata-nexrad-level2/2012/03/18/KNKX/KNKX20120318_215235_V03.gz: OSError: unknown compression record
ERROR: Failed to read radar file s3://unidata-nexrad-level2/2012/03/18/KESX/KESX20120318_215132_V03.gz: OSError: unknown compression record
ERROR: Failed to read radar file s3://unidata-nexrad-level2/2012/03/18/KCBW/KCBW20120318_224533_V03.gz: IndexError: index 0 is out of bounds for axis 0 with size 0
ERROR: Failed to read radar file s3://unidata-nexrad-level2/2012/03/18/KGYX/KGYX20120318_224755_V03.gz: OSError: unknown compression record
ERROR: Failed to read radar file s3://unidata-nexrad-level2/2012/03/18/KCXX/KCXX20120318_224116_V03.gz: OSError: unknown compression record
ERROR: Failed to read radar file s3://unidata-nexrad-level2/2012/03/18/KBOX/KBOX20120318_224330_V06.gz: OSError: unknown compression record
Completed 100% of df
Python script exit code: 0
Compressing output directory into /cluster/tufts/capstone25skyblue/eelkus01/NEXRADTurbulencePrediction/model_inputs/compressed/2012_03.tar.xz
2012_03/
2012_03/0000002_2012_3_df_row.nc
2012_03/0000003_2012_3_df_row.nc
2012_03/0000004_2012_3_df_row.nc
2012_03/0000005_2012_3_df_row.nc
2012_03/0000007_2012_3_df_row.nc
2012_03/0000010_2012_3_df_row.nc
2012_03/0000011_2012_3_df_row.nc
2012_03/0000013_2012_3_df_row.nc
2012_03/0000014_2012_3_df_row.nc
2012_03/0000015_2012_3_df_row.nc
2012_03/0000016_2012_3_df_row.nc
2012_03/0000020_2012_3_df_row.nc
2012_03/0000021_2012_3_df_row.nc
2012_03/0000022_2012_3_df_row.nc
2012_03/0000023_2012_3_df_row.nc
2012_03/0000027_2012_3_df_row.nc
2012_03/0000033_2012_3_df_row.nc
2012_03/0000036_2012_3_df_row.nc
2012_03/0000037_2012_3_df_row.nc
2012_03/0000039_2012_3_df_row.nc
2012_03/0000041_2012_3_df_row.nc
2012_03/0000045_2012_3_df_row.nc
2012_03/0000056_2012_3_df_row.nc
2012_03/0000065_2012_3_df_row.nc
2012_03/0000066_2012_3_df_row.nc
2012_03/0000069_2012_3_df_row.nc
2012_03/0000072_2012_3_df_row.nc
2012_03/0000075_2012_3_df_row.nc
2012_03/0000076_2012_3_df_row.nc
2012_03/0000089_2012_3_df_row.nc
2012_03/0000095_2012_3_df_row.nc
2012_03/0000099_2012_3_df_row.nc
2012_03/0000100_2012_3_df_row.nc
2012_03/0000101_2012_3_df_row.nc
2012_03/0000102_2012_3_df_row.nc
2012_03/0000106_2012_3_df_row.nc
2012_03/0000109_2012_3_df_row.nc
2012_03/0000114_2012_3_df_row.nc
2012_03/0000115_2012_3_df_row.nc
2012_03/0000118_2012_3_df_row.nc
2012_03/0000126_2012_3_df_row.nc
2012_03/0000131_2012_3_df_row.nc
2012_03/0000132_2012_3_df_row.nc
2012_03/0000135_2012_3_df_row.nc
2012_03/0000149_2012_3_df_row.nc
2012_03/0000151_2012_3_df_row.nc
2012_03/0000152_2012_3_df_row.nc
2012_03/0000155_2012_3_df_row.nc
2012_03/0000158_2012_3_df_row.nc
2012_03/0000159_2012_3_df_row.nc
2012_03/0000160_2012_3_df_row.nc
2012_03/0000162_2012_3_df_row.nc
2012_03/0000164_2012_3_df_row.nc
2012_03/0000173_2012_3_df_row.nc
2012_03/0000174_2012_3_df_row.nc
2012_03/0000177_2012_3_df_row.nc
2012_03/0000180_2012_3_df_row.nc
2012_03/0000188_2012_3_df_row.nc
2012_03/0000197_2012_3_df_row.nc
2012_03/0000200_2012_3_df_row.nc
2012_03/0000204_2012_3_df_row.nc
2012_03/0000210_2012_3_df_row.nc
2012_03/0000212_2012_3_df_row.nc
2012_03/0000220_2012_3_df_row.nc
2012_03/0000240_2012_3_df_row.nc
2012_03/0000244_2012_3_df_row.nc
2012_03/0000248_2012_3_df_row.nc
2012_03/0000257_2012_3_df_row.nc
2012_03/0000260_2012_3_df_row.nc
2012_03/0000264_2012_3_df_row.nc
2012_03/0000265_2012_3_df_row.nc
2012_03/0000272_2012_3_df_row.nc
2012_03/0000289_2012_3_df_row.nc
2012_03/0000290_2012_3_df_row.nc
2012_03/0000293_2012_3_df_row.nc
2012_03/0000296_2012_3_df_row.nc
2012_03/0000301_2012_3_df_row.nc
2012_03/0000306_2012_3_df_row.nc
2012_03/0000310_2012_3_df_row.nc
2012_03/0000315_2012_3_df_row.nc
2012_03/0000316_2012_3_df_row.nc
2012_03/0000319_2012_3_df_row.nc
2012_03/0000321_2012_3_df_row.nc
2012_03/0000323_2012_3_df_row.nc
2012_03/0000326_2012_3_df_row.nc
2012_03/0000340_2012_3_df_row.nc
2012_03/0000345_2012_3_df_row.nc
2012_03/0000348_2012_3_df_row.nc
2012_03/0000362_2012_3_df_row.nc
2012_03/0000364_2012_3_df_row.nc
2012_03/0000369_2012_3_df_row.nc
2012_03/0000378_2012_3_df_row.nc
2012_03/0000379_2012_3_df_row.nc
2012_03/0000382_2012_3_df_row.nc
2012_03/0000387_2012_3_df_row.nc
2012_03/0000388_2012_3_df_row.nc
2012_03/0000397_2012_3_df_row.nc
2012_03/0000401_2012_3_df_row.nc
2012_03/0000405_2012_3_df_row.nc
2012_03/0000410_2012_3_df_row.nc
2012_03/0000416_2012_3_df_row.nc
2012_03/0000419_2012_3_df_row.nc
2012_03/0000421_2012_3_df_row.nc
2012_03/0000424_2012_3_df_row.nc
2012_03/0000426_2012_3_df_row.nc
2012_03/0000427_2012_3_df_row.nc
2012_03/0000428_2012_3_df_row.nc
2012_03/0000430_2012_3_df_row.nc
2012_03/0000445_2012_3_df_row.nc
2012_03/0000448_2012_3_df_row.nc
2012_03/0000450_2012_3_df_row.nc
2012_03/0000451_2012_3_df_row.nc
2012_03/0000457_2012_3_df_row.nc
2012_03/0000462_2012_3_df_row.nc
2012_03/0000465_2012_3_df_row.nc
2012_03/0000471_2012_3_df_row.nc
2012_03/0000475_2012_3_df_row.nc
2012_03/0000478_2012_3_df_row.nc
2012_03/0000480_2012_3_df_row.nc
2012_03/0000488_2012_3_df_row.nc
2012_03/0000491_2012_3_df_row.nc
2012_03/0000498_2012_3_df_row.nc
2012_03/0000512_2012_3_df_row.nc
2012_03/0000515_2012_3_df_row.nc
2012_03/0000518_2012_3_df_row.nc
2012_03/0000524_2012_3_df_row.nc
2012_03/0000527_2012_3_df_row.nc
2012_03/0000528_2012_3_df_row.nc
2012_03/0000529_2012_3_df_row.nc
2012_03/0000532_2012_3_df_row.nc
2012_03/0000536_2012_3_df_row.nc
2012_03/0000548_2012_3_df_row.nc
2012_03/0000550_2012_3_df_row.nc
2012_03/0000551_2012_3_df_row.nc
2012_03/0000554_2012_3_df_row.nc
2012_03/0000556_2012_3_df_row.nc
2012_03/0000559_2012_3_df_row.nc
2012_03/0000562_2012_3_df_row.nc
Removing uncompressed directory /cluster/tufts/capstone25skyblue/eelkus01/NEXRADTurbulencePrediction/model_inputs/2012_03
Deactivating conda environment (if any)
Purging all modules
Done! Environment has been torn down
All done!
