Resetting environment
Deactivating conda environment (if any)
Purging all modules
Done! Environment has been torn down
Allocating resources with slurm...
Loading cuda and miniforge...
Activating conda environment...
Redirecting into the NEXRAD repo...
Done! Environment has now been set up
Processing 2014/05
Running radar_data_to_model_input on /cluster/tufts/capstone25skyblue/eelkus01/NEXRADTurbulencePrediction/radars/pirep_with_radar_data/2014/05.csv
Reading from file: /cluster/tufts/capstone25skyblue/eelkus01/NEXRADTurbulencePrediction/radars/pirep_with_radar_data/2014/05.csv and outputting to directory: /cluster/tufts/capstone25skyblue/eelkus01/NEXRADTurbulencePrediction/model_inputs/2014_05
Completed 5% of df
ERROR: Failed to read radar file s3://unidata-nexrad-level2/2014/05/18/KPBZ/KPBZ20140518_185825_V06.gz: OSError: unknown compression record
ERROR: Failed to read radar file s3://unidata-nexrad-level2/2014/05/19/KGRR/KGRR20140519_162616_V06.gz: OSError: unknown compression record
Completed 10% of df
Completed 15% of df
Completed 20% of df
Completed 25% of df
Completed 30% of df
ERROR: Failed to read radar file s3://unidata-nexrad-level2/2014/05/06/KLTX/KLTX20140506_183726_V06.gz: OSError: unknown compression record
Completed 35% of df
Completed 40% of df
ERROR: Failed to read radar file s3://unidata-nexrad-level2/2014/05/11/KAPX/KAPX20140511_173623_V06.gz: OSError: unknown compression record
Completed 45% of df
ERROR: Failed to read radar file s3://unidata-nexrad-level2/2014/05/19/KBLX/KBLX20140519_004049_V06.gz: OSError: unknown compression record
Completed 50% of df
ERROR: Failed to read radar file s3://unidata-nexrad-level2/2014/05/15/KGWX/KGWX20140515_163513_V07.gz: OSError: unknown compression record
Completed 55% of df
Completed 60% of df
Completed 65% of df
Completed 70% of df
ERROR: Failed to read radar file s3://unidata-nexrad-level2/2014/05/13/KGRK/KGRK20140513_152932_V06.gz: OSError: unknown compression record
Completed 75% of df
Completed 80% of df
ERROR: Failed to read radar file s3://unidata-nexrad-level2/2014/05/20/KESX/KESX20140520_205314_V06.gz: OSError: unknown compression record
Completed 85% of df
ERROR: Failed to read radar file s3://unidata-nexrad-level2/2014/05/10/KVTX/KVTX20140510_201540_V06.gz: OSError: unknown compression record
ERROR: Failed to read radar file s3://unidata-nexrad-level2/2014/05/31/KSOX/KSOX20140531_214304_V06.gz: OSError: unknown compression record
Completed 90% of df
ERROR: Failed to read radar file s3://unidata-nexrad-level2/2014/05/11/KVBX/KVBX20140511_185208_V06.gz: OSError: unknown compression record
Completed 95% of df
Completed 100% of df
Python script exit code: 0
Compressing output directory into /cluster/tufts/capstone25skyblue/eelkus01/NEXRADTurbulencePrediction/model_inputs/compressed/2014_05.tar.xz
2014_05/
2014_05/0000004_2014_5_df_row.nc
2014_05/0000007_2014_5_df_row.nc
2014_05/0000014_2014_5_df_row.nc
2014_05/0000023_2014_5_df_row.nc
2014_05/0000025_2014_5_df_row.nc
2014_05/0000033_2014_5_df_row.nc
2014_05/0000035_2014_5_df_row.nc
2014_05/0000040_2014_5_df_row.nc
2014_05/0000041_2014_5_df_row.nc
2014_05/0000049_2014_5_df_row.nc
2014_05/0000054_2014_5_df_row.nc
2014_05/0000057_2014_5_df_row.nc
2014_05/0000058_2014_5_df_row.nc
2014_05/0000059_2014_5_df_row.nc
2014_05/0000064_2014_5_df_row.nc
2014_05/0000066_2014_5_df_row.nc
2014_05/0000067_2014_5_df_row.nc
2014_05/0000069_2014_5_df_row.nc
2014_05/0000070_2014_5_df_row.nc
2014_05/0000073_2014_5_df_row.nc
2014_05/0000074_2014_5_df_row.nc
2014_05/0000077_2014_5_df_row.nc
2014_05/0000080_2014_5_df_row.nc
2014_05/0000081_2014_5_df_row.nc
2014_05/0000094_2014_5_df_row.nc
2014_05/0000095_2014_5_df_row.nc
2014_05/0000100_2014_5_df_row.nc
2014_05/0000101_2014_5_df_row.nc
2014_05/0000104_2014_5_df_row.nc
2014_05/0000105_2014_5_df_row.nc
2014_05/0000107_2014_5_df_row.nc
2014_05/0000108_2014_5_df_row.nc
2014_05/0000110_2014_5_df_row.nc
2014_05/0000126_2014_5_df_row.nc
2014_05/0000128_2014_5_df_row.nc
2014_05/0000129_2014_5_df_row.nc
2014_05/0000133_2014_5_df_row.nc
2014_05/0000136_2014_5_df_row.nc
2014_05/0000138_2014_5_df_row.nc
2014_05/0000147_2014_5_df_row.nc
2014_05/0000148_2014_5_df_row.nc
2014_05/0000150_2014_5_df_row.nc
2014_05/0000153_2014_5_df_row.nc
2014_05/0000154_2014_5_df_row.nc
2014_05/0000160_2014_5_df_row.nc
2014_05/0000161_2014_5_df_row.nc
2014_05/0000163_2014_5_df_row.nc
2014_05/0000167_2014_5_df_row.nc
2014_05/0000171_2014_5_df_row.nc
2014_05/0000172_2014_5_df_row.nc
2014_05/0000177_2014_5_df_row.nc
2014_05/0000178_2014_5_df_row.nc
2014_05/0000180_2014_5_df_row.nc
2014_05/0000181_2014_5_df_row.nc
2014_05/0000187_2014_5_df_row.nc
2014_05/0000189_2014_5_df_row.nc
2014_05/0000190_2014_5_df_row.nc
2014_05/0000193_2014_5_df_row.nc
2014_05/0000196_2014_5_df_row.nc
2014_05/0000198_2014_5_df_row.nc
2014_05/0000199_2014_5_df_row.nc
2014_05/0000201_2014_5_df_row.nc
2014_05/0000204_2014_5_df_row.nc
2014_05/0000206_2014_5_df_row.nc
2014_05/0000207_2014_5_df_row.nc
2014_05/0000209_2014_5_df_row.nc
2014_05/0000214_2014_5_df_row.nc
2014_05/0000215_2014_5_df_row.nc
2014_05/0000216_2014_5_df_row.nc
2014_05/0000220_2014_5_df_row.nc
2014_05/0000222_2014_5_df_row.nc
2014_05/0000226_2014_5_df_row.nc
2014_05/0000228_2014_5_df_row.nc
2014_05/0000235_2014_5_df_row.nc
2014_05/0000238_2014_5_df_row.nc
2014_05/0000242_2014_5_df_row.nc
2014_05/0000244_2014_5_df_row.nc
2014_05/0000246_2014_5_df_row.nc
2014_05/0000247_2014_5_df_row.nc
2014_05/0000255_2014_5_df_row.nc
2014_05/0000256_2014_5_df_row.nc
2014_05/0000257_2014_5_df_row.nc
2014_05/0000264_2014_5_df_row.nc
2014_05/0000265_2014_5_df_row.nc
2014_05/0000266_2014_5_df_row.nc
2014_05/0000267_2014_5_df_row.nc
2014_05/0000270_2014_5_df_row.nc
2014_05/0000271_2014_5_df_row.nc
2014_05/0000274_2014_5_df_row.nc
2014_05/0000277_2014_5_df_row.nc
2014_05/0000278_2014_5_df_row.nc
2014_05/0000284_2014_5_df_row.nc
2014_05/0000285_2014_5_df_row.nc
2014_05/0000287_2014_5_df_row.nc
2014_05/0000290_2014_5_df_row.nc
2014_05/0000291_2014_5_df_row.nc
2014_05/0000294_2014_5_df_row.nc
2014_05/0000295_2014_5_df_row.nc
2014_05/0000299_2014_5_df_row.nc
2014_05/0000303_2014_5_df_row.nc
2014_05/0000308_2014_5_df_row.nc
2014_05/0000309_2014_5_df_row.nc
2014_05/0000312_2014_5_df_row.nc
2014_05/0000320_2014_5_df_row.nc
2014_05/0000321_2014_5_df_row.nc
2014_05/0000323_2014_5_df_row.nc
2014_05/0000328_2014_5_df_row.nc
2014_05/0000329_2014_5_df_row.nc
2014_05/0000332_2014_5_df_row.nc
2014_05/0000336_2014_5_df_row.nc
2014_05/0000338_2014_5_df_row.nc
2014_05/0000339_2014_5_df_row.nc
2014_05/0000341_2014_5_df_row.nc
2014_05/0000343_2014_5_df_row.nc
2014_05/0000344_2014_5_df_row.nc
2014_05/0000345_2014_5_df_row.nc
2014_05/0000349_2014_5_df_row.nc
2014_05/0000350_2014_5_df_row.nc
2014_05/0000352_2014_5_df_row.nc
2014_05/0000357_2014_5_df_row.nc
2014_05/0000358_2014_5_df_row.nc
2014_05/0000360_2014_5_df_row.nc
2014_05/0000364_2014_5_df_row.nc
2014_05/0000366_2014_5_df_row.nc
2014_05/0000367_2014_5_df_row.nc
2014_05/0000369_2014_5_df_row.nc
2014_05/0000373_2014_5_df_row.nc
2014_05/0000378_2014_5_df_row.nc
2014_05/0000379_2014_5_df_row.nc
2014_05/0000380_2014_5_df_row.nc
Removing uncompressed directory /cluster/tufts/capstone25skyblue/eelkus01/NEXRADTurbulencePrediction/model_inputs/2014_05
Deactivating conda environment (if any)
Purging all modules
Done! Environment has been torn down
All done!
