Resetting environment
Deactivating conda environment (if any)
Purging all modules
Done! Environment has been torn down
Allocating resources with slurm...
Loading cuda and miniforge...
Activating conda environment...
Redirecting into the NEXRAD repo...
Done! Environment has now been set up
Processing 2010/10
Running radar_data_to_model_input on /cluster/tufts/capstone25skyblue/eelkus01/NEXRADTurbulencePrediction/radars/pirep_with_radar_data/2010/10.csv
Reading from file: /cluster/tufts/capstone25skyblue/eelkus01/NEXRADTurbulencePrediction/radars/pirep_with_radar_data/2010/10.csv and outputting to directory: /cluster/tufts/capstone25skyblue/eelkus01/NEXRADTurbulencePrediction/model_inputs/2010_10
ERROR: Failed to read radar file s3://unidata-nexrad-level2/2010/10/01/KDOX/KDOX20101001_095503_V04.gz: IndexError: list index out of range
Completed 5% of df
ERROR: Failed to read radar file s3://unidata-nexrad-level2/2010/10/01/KDOX/KDOX20101001_113119_V04.gz: IndexError: list index out of range
Completed 10% of df
ERROR: Failed to read radar file s3://unidata-nexrad-level2/2010/10/01/KDOX/KDOX20101001_125353_V04.gz: IndexError: list index out of range
ERROR: Failed to read radar file s3://unidata-nexrad-level2/2010/10/01/KDOX/KDOX20101001_130304_V04.gz: IndexError: list index out of range
Completed 15% of df
Completed 20% of df
ERROR: Failed to read radar file s3://unidata-nexrad-level2/2010/10/03/KDOX/KDOX20101003_134113_V04.gz: IndexError: list index out of range
ERROR: Failed to read radar file s3://unidata-nexrad-level2/2010/10/03/KDOX/KDOX20101003_190430_V04.gz: IndexError: list index out of range
ERROR: Failed to read radar file s3://unidata-nexrad-level2/2010/10/03/KDOX/KDOX20101003_190430_V04.gz: IndexError: list index out of range
Completed 25% of df
ERROR: Failed to read radar file s3://unidata-nexrad-level2/2010/10/04/KDOX/KDOX20101004_002640_V04.gz: IndexError: list index out of range
Completed 30% of df
Completed 35% of df
ERROR: Failed to read radar file s3://unidata-nexrad-level2/2010/10/05/KDOX/KDOX20101005_003725_V04.gz: IndexError: list index out of range
Completed 40% of df
Completed 45% of df
Completed 50% of df
Completed 55% of df
Completed 60% of df
Completed 65% of df
Completed 70% of df
Completed 75% of df
Completed 80% of df
Completed 85% of df
Completed 90% of df
Completed 95% of df
Completed 100% of df
Completed 105% of df
ERROR: Failed to read radar file s3://unidata-nexrad-level2/2010/10/26/PHMO/PHMO20101026_164612_V04.gz: IndexError: list index out of range
Completed 110% of df
Completed 115% of df
Python script exit code: 0
Compressing output directory into /cluster/tufts/capstone25skyblue/eelkus01/NEXRADTurbulencePrediction/model_inputs/compressed/2010_10.tar.xz
2010_10/
2010_10/F000000_2010_10_df_row.nc
2010_10/T000000_2010_10_df_row.nc
Removing uncompressed directory /cluster/tufts/capstone25skyblue/eelkus01/NEXRADTurbulencePrediction/model_inputs/2010_10
Deactivating conda environment (if any)
Purging all modules
Done! Environment has been torn down
All done!
