Resetting environment
Deactivating conda environment (if any)
Purging all modules
Done! Environment has been torn down
Allocating resources with slurm...
Loading cuda and miniforge...
Activating conda environment...
Redirecting into the NEXRAD repo...
Done! Environment has now been set up
Processing 2011/01
Running radar_data_to_model_input on /cluster/tufts/capstone25skyblue/eelkus01/NEXRADTurbulencePrediction/radars/pirep_with_radar_data/2011/01.csv
Reading from file: /cluster/tufts/capstone25skyblue/eelkus01/NEXRADTurbulencePrediction/radars/pirep_with_radar_data/2011/01.csv and outputting to directory: /cluster/tufts/capstone25skyblue/eelkus01/NEXRADTurbulencePrediction/model_inputs/2011_01
Completed 5% of df
Completed 10% of df
Completed 15% of df
Completed 20% of df
ERROR: Failed to read radar file s3://unidata-nexrad-level2/2011/01/13/PHMO/PHMO20110113_110855_V04.gz: IndexError: list index out of range
ERROR: Failed to read radar file s3://unidata-nexrad-level2/2011/01/13/PHKI/PHKI20110113_110722_V04.gz: IndexError: list index out of range
Completed 25% of df
Completed 30% of df
Completed 35% of df
Completed 40% of df
Completed 45% of df
Completed 50% of df
ERROR: Failed to read radar file s3://unidata-nexrad-level2/2011/01/01/KTYX/KTYX20110101_175426_V04.gz: IndexError: list index out of range
Completed 55% of df
Completed 60% of df
Completed 65% of df
Completed 70% of df
Completed 75% of df
Completed 80% of df
Completed 85% of df
Completed 90% of df
ERROR: Failed to read radar file s3://unidata-nexrad-level2/2011/01/01/KGWX/KGWX20110101_024030_V04.gz: IndexError: list index out of range
Completed 95% of df
Completed 100% of df
Python script exit code: 0
Compressing output directory into /cluster/tufts/capstone25skyblue/eelkus01/NEXRADTurbulencePrediction/model_inputs/compressed/2011_01.tar.xz
2011_01/
2011_01/0000003_2011_1_df_row.nc
2011_01/0000010_2011_1_df_row.nc
2011_01/0000018_2011_1_df_row.nc
2011_01/0000020_2011_1_df_row.nc
2011_01/0000039_2011_1_df_row.nc
2011_01/0000041_2011_1_df_row.nc
2011_01/0000044_2011_1_df_row.nc
2011_01/0000049_2011_1_df_row.nc
2011_01/0000052_2011_1_df_row.nc
2011_01/0000055_2011_1_df_row.nc
2011_01/0000056_2011_1_df_row.nc
2011_01/0000059_2011_1_df_row.nc
2011_01/0000062_2011_1_df_row.nc
2011_01/0000077_2011_1_df_row.nc
2011_01/0000078_2011_1_df_row.nc
2011_01/0000080_2011_1_df_row.nc
2011_01/0000083_2011_1_df_row.nc
2011_01/0000090_2011_1_df_row.nc
2011_01/0000096_2011_1_df_row.nc
2011_01/0000099_2011_1_df_row.nc
2011_01/0000100_2011_1_df_row.nc
2011_01/0000107_2011_1_df_row.nc
2011_01/0000111_2011_1_df_row.nc
2011_01/0000117_2011_1_df_row.nc
2011_01/0000119_2011_1_df_row.nc
2011_01/0000120_2011_1_df_row.nc
2011_01/0000123_2011_1_df_row.nc
2011_01/0000126_2011_1_df_row.nc
2011_01/0000130_2011_1_df_row.nc
2011_01/0000133_2011_1_df_row.nc
2011_01/0000136_2011_1_df_row.nc
2011_01/0000137_2011_1_df_row.nc
2011_01/0000138_2011_1_df_row.nc
2011_01/0000150_2011_1_df_row.nc
2011_01/0000151_2011_1_df_row.nc
2011_01/0000159_2011_1_df_row.nc
2011_01/0000162_2011_1_df_row.nc
2011_01/0000167_2011_1_df_row.nc
2011_01/0000173_2011_1_df_row.nc
2011_01/0000174_2011_1_df_row.nc
2011_01/0000176_2011_1_df_row.nc
Removing uncompressed directory /cluster/tufts/capstone25skyblue/eelkus01/NEXRADTurbulencePrediction/model_inputs/2011_01
Deactivating conda environment (if any)
Purging all modules
Done! Environment has been torn down
All done!
