Resetting environment
Deactivating conda environment (if any)
Purging all modules
Done! Environment has been torn down
Allocating resources with slurm...
Loading cuda and miniforge...
Activating conda environment...
Redirecting into the NEXRAD repo...
Done! Environment has now been set up
Processing 2015/03
Running radar_data_to_model_input on /cluster/tufts/capstone25skyblue/eelkus01/NEXRADTurbulencePrediction/radars/pirep_with_radar_data/2015/03.csv
Reading from file: /cluster/tufts/capstone25skyblue/eelkus01/NEXRADTurbulencePrediction/radars/pirep_with_radar_data/2015/03.csv and outputting to directory: /cluster/tufts/capstone25skyblue/eelkus01/NEXRADTurbulencePrediction/model_inputs/2015_03
Completed 5% of df
ERROR: Failed to read radar file s3://unidata-nexrad-level2/2015/03/08/PHWA/PHWA20150308_063310_V07.gz: OSError: unknown compression record
Completed 10% of df
Completed 15% of df
Completed 20% of df
Completed 25% of df
Completed 30% of df
ERROR: Failed to read radar file s3://unidata-nexrad-level2/2015/03/11/KLNX/KLNX20150311_180012_V06.gz: OSError: unknown compression record
Completed 35% of df
ERROR: Failed to read radar file s3://unidata-nexrad-level2/2015/03/16/KEPZ/KEPZ20150316_181435_V06.gz: OSError: unknown compression record
Completed 40% of df
Completed 45% of df
Completed 50% of df
Completed 55% of df
Completed 60% of df
ERROR: Failed to read radar file s3://unidata-nexrad-level2/2015/03/31/KMKX/KMKX20150331_135029_V06.gz: OSError: unknown compression record
Completed 65% of df
Completed 70% of df
ERROR: Failed to read radar file s3://unidata-nexrad-level2/2015/03/03/KMHX/KMHX20150303_135822_V06.gz: OSError: unknown compression record
Completed 75% of df
ERROR: Failed to read radar file s3://unidata-nexrad-level2/2015/03/03/PAEC/PAEC20150303_033517_V06.gz: OSError: unknown compression record
Completed 80% of df
ERROR: Failed to read radar file s3://unidata-nexrad-level2/2015/03/24/KOHX/KOHX20150324_174237_V06.gz: OSError: unknown compression record
Completed 85% of df
ERROR: Failed to read radar file s3://unidata-nexrad-level2/2015/03/05/PAEC/PAEC20150305_130330_V06.gz: OSError: unknown compression record
Completed 90% of df
Completed 95% of df
Completed 100% of df
Python script exit code: 0
Compressing output directory into /cluster/tufts/capstone25skyblue/eelkus01/NEXRADTurbulencePrediction/model_inputs/compressed/2015_03.tar.xz
2015_03/
2015_03/0000002_2015_3_df_row.nc
2015_03/0000012_2015_3_df_row.nc
2015_03/0000014_2015_3_df_row.nc
2015_03/0000018_2015_3_df_row.nc
2015_03/0000029_2015_3_df_row.nc
2015_03/0000033_2015_3_df_row.nc
2015_03/0000041_2015_3_df_row.nc
2015_03/0000044_2015_3_df_row.nc
2015_03/0000048_2015_3_df_row.nc
2015_03/0000051_2015_3_df_row.nc
2015_03/0000055_2015_3_df_row.nc
2015_03/0000058_2015_3_df_row.nc
2015_03/0000067_2015_3_df_row.nc
2015_03/0000073_2015_3_df_row.nc
2015_03/0000077_2015_3_df_row.nc
2015_03/0000079_2015_3_df_row.nc
2015_03/0000082_2015_3_df_row.nc
2015_03/0000087_2015_3_df_row.nc
2015_03/0000088_2015_3_df_row.nc
2015_03/0000090_2015_3_df_row.nc
2015_03/0000092_2015_3_df_row.nc
2015_03/0000094_2015_3_df_row.nc
2015_03/0000097_2015_3_df_row.nc
2015_03/0000100_2015_3_df_row.nc
2015_03/0000101_2015_3_df_row.nc
2015_03/0000102_2015_3_df_row.nc
2015_03/0000104_2015_3_df_row.nc
2015_03/0000111_2015_3_df_row.nc
2015_03/0000113_2015_3_df_row.nc
2015_03/0000114_2015_3_df_row.nc
2015_03/0000121_2015_3_df_row.nc
2015_03/0000124_2015_3_df_row.nc
2015_03/0000130_2015_3_df_row.nc
2015_03/0000135_2015_3_df_row.nc
2015_03/0000136_2015_3_df_row.nc
2015_03/0000139_2015_3_df_row.nc
2015_03/0000140_2015_3_df_row.nc
2015_03/0000142_2015_3_df_row.nc
2015_03/0000144_2015_3_df_row.nc
2015_03/0000154_2015_3_df_row.nc
2015_03/0000157_2015_3_df_row.nc
2015_03/0000162_2015_3_df_row.nc
2015_03/0000172_2015_3_df_row.nc
2015_03/0000179_2015_3_df_row.nc
2015_03/0000187_2015_3_df_row.nc
2015_03/0000188_2015_3_df_row.nc
2015_03/0000192_2015_3_df_row.nc
2015_03/0000193_2015_3_df_row.nc
2015_03/0000194_2015_3_df_row.nc
2015_03/0000198_2015_3_df_row.nc
2015_03/0000206_2015_3_df_row.nc
2015_03/0000210_2015_3_df_row.nc
2015_03/0000211_2015_3_df_row.nc
2015_03/0000216_2015_3_df_row.nc
2015_03/0000217_2015_3_df_row.nc
2015_03/0000229_2015_3_df_row.nc
2015_03/0000233_2015_3_df_row.nc
2015_03/0000242_2015_3_df_row.nc
2015_03/0000248_2015_3_df_row.nc
2015_03/0000249_2015_3_df_row.nc
2015_03/0000251_2015_3_df_row.nc
2015_03/0000254_2015_3_df_row.nc
2015_03/0000270_2015_3_df_row.nc
2015_03/0000283_2015_3_df_row.nc
2015_03/0000284_2015_3_df_row.nc
2015_03/0000293_2015_3_df_row.nc
2015_03/0000294_2015_3_df_row.nc
2015_03/0000305_2015_3_df_row.nc
2015_03/0000309_2015_3_df_row.nc
2015_03/0000315_2015_3_df_row.nc
2015_03/0000316_2015_3_df_row.nc
2015_03/0000317_2015_3_df_row.nc
2015_03/0000319_2015_3_df_row.nc
2015_03/0000322_2015_3_df_row.nc
2015_03/0000326_2015_3_df_row.nc
Removing uncompressed directory /cluster/tufts/capstone25skyblue/eelkus01/NEXRADTurbulencePrediction/model_inputs/2015_03
Deactivating conda environment (if any)
Purging all modules
Done! Environment has been torn down
All done!
