Resetting environment
Deactivating conda environment (if any)
Purging all modules
Done! Environment has been torn down
Allocating resources with slurm...
Loading cuda and miniforge...
Activating conda environment...
Redirecting into the NEXRAD repo...
Done! Environment has now been set up
Processing 2023/04
Running radar_data_to_model_input on /cluster/tufts/capstone25skyblue/eelkus01/NEXRADTurbulencePrediction/radars/pirep_with_radar_data/2023/04.csv
Reading from file: /cluster/tufts/capstone25skyblue/eelkus01/NEXRADTurbulencePrediction/radars/pirep_with_radar_data/2023/04.csv and outputting to directory: /cluster/tufts/capstone25skyblue/eelkus01/NEXRADTurbulencePrediction/model_inputs/2023_04
Completed 5% of df
Completed 10% of df
Completed 15% of df
Completed 20% of df
Completed 25% of df
Completed 30% of df
Completed 35% of df
Completed 40% of df
Completed 45% of df
Completed 50% of df
Completed 55% of df
Completed 60% of df
Completed 65% of df
Completed 70% of df
Completed 75% of df
Completed 80% of df
Completed 85% of df
Completed 90% of df
Completed 95% of df
Completed 100% of df
Python script exit code: 0
Compressing output directory into /cluster/tufts/capstone25skyblue/eelkus01/NEXRADTurbulencePrediction/model_inputs/compressed/2023_04.tar.xz
2023_04/
2023_04/0000002_2023_4_df_row.nc
2023_04/0000004_2023_4_df_row.nc
2023_04/0000005_2023_4_df_row.nc
2023_04/0000007_2023_4_df_row.nc
2023_04/0000010_2023_4_df_row.nc
2023_04/0000011_2023_4_df_row.nc
2023_04/0000012_2023_4_df_row.nc
2023_04/0000013_2023_4_df_row.nc
2023_04/0000018_2023_4_df_row.nc
2023_04/0000021_2023_4_df_row.nc
2023_04/0000024_2023_4_df_row.nc
2023_04/0000025_2023_4_df_row.nc
2023_04/0000032_2023_4_df_row.nc
2023_04/0000033_2023_4_df_row.nc
2023_04/0000036_2023_4_df_row.nc
2023_04/0000037_2023_4_df_row.nc
2023_04/0000039_2023_4_df_row.nc
2023_04/0000041_2023_4_df_row.nc
2023_04/0000044_2023_4_df_row.nc
2023_04/0000046_2023_4_df_row.nc
2023_04/0000050_2023_4_df_row.nc
2023_04/0000052_2023_4_df_row.nc
2023_04/0000053_2023_4_df_row.nc
2023_04/0000054_2023_4_df_row.nc
2023_04/0000055_2023_4_df_row.nc
2023_04/0000056_2023_4_df_row.nc
2023_04/0000060_2023_4_df_row.nc
2023_04/0000063_2023_4_df_row.nc
2023_04/0000064_2023_4_df_row.nc
2023_04/0000066_2023_4_df_row.nc
2023_04/0000069_2023_4_df_row.nc
2023_04/0000070_2023_4_df_row.nc
2023_04/0000071_2023_4_df_row.nc
2023_04/0000072_2023_4_df_row.nc
2023_04/0000074_2023_4_df_row.nc
2023_04/0000075_2023_4_df_row.nc
2023_04/0000081_2023_4_df_row.nc
2023_04/0000083_2023_4_df_row.nc
2023_04/0000086_2023_4_df_row.nc
2023_04/0000087_2023_4_df_row.nc
2023_04/0000088_2023_4_df_row.nc
2023_04/0000091_2023_4_df_row.nc
2023_04/0000092_2023_4_df_row.nc
2023_04/0000096_2023_4_df_row.nc
2023_04/0000102_2023_4_df_row.nc
2023_04/0000104_2023_4_df_row.nc
2023_04/0000105_2023_4_df_row.nc
2023_04/0000107_2023_4_df_row.nc
2023_04/0000108_2023_4_df_row.nc
2023_04/0000112_2023_4_df_row.nc
2023_04/0000114_2023_4_df_row.nc
2023_04/0000116_2023_4_df_row.nc
2023_04/0000117_2023_4_df_row.nc
2023_04/0000121_2023_4_df_row.nc
2023_04/0000124_2023_4_df_row.nc
2023_04/0000129_2023_4_df_row.nc
2023_04/0000130_2023_4_df_row.nc
2023_04/0000131_2023_4_df_row.nc
2023_04/0000136_2023_4_df_row.nc
2023_04/0000137_2023_4_df_row.nc
2023_04/0000140_2023_4_df_row.nc
2023_04/0000141_2023_4_df_row.nc
2023_04/0000144_2023_4_df_row.nc
2023_04/0000146_2023_4_df_row.nc
2023_04/0000152_2023_4_df_row.nc
2023_04/0000154_2023_4_df_row.nc
2023_04/0000160_2023_4_df_row.nc
2023_04/0000166_2023_4_df_row.nc
2023_04/0000167_2023_4_df_row.nc
2023_04/0000171_2023_4_df_row.nc
2023_04/0000172_2023_4_df_row.nc
2023_04/0000173_2023_4_df_row.nc
2023_04/0000174_2023_4_df_row.nc
2023_04/0000179_2023_4_df_row.nc
2023_04/0000180_2023_4_df_row.nc
2023_04/0000186_2023_4_df_row.nc
2023_04/0000189_2023_4_df_row.nc
2023_04/0000190_2023_4_df_row.nc
2023_04/0000191_2023_4_df_row.nc
2023_04/0000193_2023_4_df_row.nc
2023_04/0000194_2023_4_df_row.nc
2023_04/0000199_2023_4_df_row.nc
2023_04/0000200_2023_4_df_row.nc
2023_04/0000201_2023_4_df_row.nc
2023_04/0000202_2023_4_df_row.nc
2023_04/0000206_2023_4_df_row.nc
2023_04/0000208_2023_4_df_row.nc
2023_04/0000210_2023_4_df_row.nc
2023_04/0000211_2023_4_df_row.nc
2023_04/0000212_2023_4_df_row.nc
2023_04/0000217_2023_4_df_row.nc
2023_04/0000218_2023_4_df_row.nc
2023_04/0000220_2023_4_df_row.nc
2023_04/0000221_2023_4_df_row.nc
2023_04/0000222_2023_4_df_row.nc
2023_04/0000223_2023_4_df_row.nc
2023_04/0000227_2023_4_df_row.nc
2023_04/0000228_2023_4_df_row.nc
2023_04/0000235_2023_4_df_row.nc
2023_04/0000236_2023_4_df_row.nc
2023_04/0000240_2023_4_df_row.nc
2023_04/0000241_2023_4_df_row.nc
2023_04/0000243_2023_4_df_row.nc
2023_04/0000247_2023_4_df_row.nc
2023_04/0000250_2023_4_df_row.nc
2023_04/0000251_2023_4_df_row.nc
2023_04/0000256_2023_4_df_row.nc
2023_04/0000263_2023_4_df_row.nc
2023_04/0000266_2023_4_df_row.nc
2023_04/0000269_2023_4_df_row.nc
2023_04/0000270_2023_4_df_row.nc
2023_04/0000275_2023_4_df_row.nc
2023_04/0000278_2023_4_df_row.nc
2023_04/0000280_2023_4_df_row.nc
2023_04/0000282_2023_4_df_row.nc
2023_04/0000285_2023_4_df_row.nc
2023_04/0000286_2023_4_df_row.nc
2023_04/0000290_2023_4_df_row.nc
2023_04/0000291_2023_4_df_row.nc
2023_04/0000295_2023_4_df_row.nc
2023_04/0000297_2023_4_df_row.nc
2023_04/0000300_2023_4_df_row.nc
2023_04/0000301_2023_4_df_row.nc
2023_04/0000302_2023_4_df_row.nc
2023_04/0000303_2023_4_df_row.nc
2023_04/0000307_2023_4_df_row.nc
2023_04/0000308_2023_4_df_row.nc
2023_04/0000312_2023_4_df_row.nc
2023_04/0000315_2023_4_df_row.nc
2023_04/0000317_2023_4_df_row.nc
2023_04/0000318_2023_4_df_row.nc
2023_04/0000320_2023_4_df_row.nc
2023_04/0000321_2023_4_df_row.nc
2023_04/0000323_2023_4_df_row.nc
2023_04/0000325_2023_4_df_row.nc
2023_04/0000327_2023_4_df_row.nc
2023_04/0000328_2023_4_df_row.nc
2023_04/0000333_2023_4_df_row.nc
2023_04/0000335_2023_4_df_row.nc
2023_04/0000336_2023_4_df_row.nc
2023_04/0000338_2023_4_df_row.nc
2023_04/0000342_2023_4_df_row.nc
2023_04/0000344_2023_4_df_row.nc
2023_04/0000345_2023_4_df_row.nc
2023_04/0000346_2023_4_df_row.nc
2023_04/0000347_2023_4_df_row.nc
2023_04/0000349_2023_4_df_row.nc
2023_04/0000354_2023_4_df_row.nc
2023_04/0000356_2023_4_df_row.nc
2023_04/0000359_2023_4_df_row.nc
2023_04/0000360_2023_4_df_row.nc
2023_04/0000364_2023_4_df_row.nc
2023_04/0000366_2023_4_df_row.nc
2023_04/0000367_2023_4_df_row.nc
2023_04/0000370_2023_4_df_row.nc
2023_04/0000371_2023_4_df_row.nc
2023_04/0000375_2023_4_df_row.nc
2023_04/0000378_2023_4_df_row.nc
2023_04/0000379_2023_4_df_row.nc
2023_04/0000388_2023_4_df_row.nc
2023_04/0000392_2023_4_df_row.nc
2023_04/0000394_2023_4_df_row.nc
2023_04/0000396_2023_4_df_row.nc
2023_04/0000399_2023_4_df_row.nc
2023_04/0000403_2023_4_df_row.nc
2023_04/0000404_2023_4_df_row.nc
2023_04/0000407_2023_4_df_row.nc
2023_04/0000409_2023_4_df_row.nc
2023_04/0000412_2023_4_df_row.nc
2023_04/0000414_2023_4_df_row.nc
2023_04/0000415_2023_4_df_row.nc
2023_04/0000418_2023_4_df_row.nc
2023_04/0000421_2023_4_df_row.nc
2023_04/0000424_2023_4_df_row.nc
2023_04/0000427_2023_4_df_row.nc
2023_04/0000428_2023_4_df_row.nc
2023_04/0000430_2023_4_df_row.nc
2023_04/0000432_2023_4_df_row.nc
2023_04/0000433_2023_4_df_row.nc
2023_04/0000438_2023_4_df_row.nc
2023_04/0000439_2023_4_df_row.nc
2023_04/0000440_2023_4_df_row.nc
2023_04/0000443_2023_4_df_row.nc
2023_04/0000444_2023_4_df_row.nc
2023_04/0000445_2023_4_df_row.nc
2023_04/0000446_2023_4_df_row.nc
2023_04/0000447_2023_4_df_row.nc
2023_04/0000451_2023_4_df_row.nc
2023_04/0000457_2023_4_df_row.nc
2023_04/0000458_2023_4_df_row.nc
2023_04/0000466_2023_4_df_row.nc
2023_04/0000472_2023_4_df_row.nc
2023_04/0000473_2023_4_df_row.nc
2023_04/0000474_2023_4_df_row.nc
2023_04/0000476_2023_4_df_row.nc
2023_04/0000478_2023_4_df_row.nc
2023_04/0000481_2023_4_df_row.nc
2023_04/0000482_2023_4_df_row.nc
2023_04/0000484_2023_4_df_row.nc
2023_04/0000486_2023_4_df_row.nc
2023_04/0000487_2023_4_df_row.nc
2023_04/0000490_2023_4_df_row.nc
2023_04/0000491_2023_4_df_row.nc
2023_04/0000498_2023_4_df_row.nc
2023_04/0000502_2023_4_df_row.nc
2023_04/0000510_2023_4_df_row.nc
2023_04/0000519_2023_4_df_row.nc
2023_04/0000522_2023_4_df_row.nc
2023_04/0000532_2023_4_df_row.nc
2023_04/0000539_2023_4_df_row.nc
2023_04/0000545_2023_4_df_row.nc
2023_04/0000547_2023_4_df_row.nc
2023_04/0000553_2023_4_df_row.nc
2023_04/0000554_2023_4_df_row.nc
2023_04/0000555_2023_4_df_row.nc
2023_04/0000556_2023_4_df_row.nc
2023_04/0000568_2023_4_df_row.nc
2023_04/0000569_2023_4_df_row.nc
2023_04/0000578_2023_4_df_row.nc
2023_04/0000580_2023_4_df_row.nc
2023_04/0000588_2023_4_df_row.nc
2023_04/0000590_2023_4_df_row.nc
2023_04/0000593_2023_4_df_row.nc
2023_04/0000594_2023_4_df_row.nc
2023_04/0000596_2023_4_df_row.nc
2023_04/0000598_2023_4_df_row.nc
2023_04/0000599_2023_4_df_row.nc
2023_04/0000611_2023_4_df_row.nc
2023_04/0000615_2023_4_df_row.nc
2023_04/0000616_2023_4_df_row.nc
2023_04/0000618_2023_4_df_row.nc
2023_04/0000621_2023_4_df_row.nc
2023_04/0000624_2023_4_df_row.nc
2023_04/0000625_2023_4_df_row.nc
2023_04/0000626_2023_4_df_row.nc
2023_04/0000635_2023_4_df_row.nc
2023_04/0000640_2023_4_df_row.nc
2023_04/0000641_2023_4_df_row.nc
2023_04/0000642_2023_4_df_row.nc
2023_04/0000650_2023_4_df_row.nc
2023_04/0000652_2023_4_df_row.nc
2023_04/0000656_2023_4_df_row.nc
2023_04/0000658_2023_4_df_row.nc
2023_04/0000660_2023_4_df_row.nc
2023_04/0000661_2023_4_df_row.nc
2023_04/0000667_2023_4_df_row.nc
2023_04/0000670_2023_4_df_row.nc
2023_04/0000672_2023_4_df_row.nc
2023_04/0000675_2023_4_df_row.nc
Removing uncompressed directory /cluster/tufts/capstone25skyblue/eelkus01/NEXRADTurbulencePrediction/model_inputs/2023_04
Deactivating conda environment (if any)
Purging all modules
Done! Environment has been torn down
All done!
