Resetting environment
Deactivating conda environment (if any)
Purging all modules
Done! Environment has been torn down
Allocating resources with slurm...
Loading cuda and miniforge...
Activating conda environment...
Redirecting into the NEXRAD repo...
Done! Environment has now been set up
Processing 2014/10
Running radar_data_to_model_input on /cluster/tufts/capstone25skyblue/eelkus01/NEXRADTurbulencePrediction/radars/pirep_with_radar_data/2014/10.csv
Python script exit code: 137
Compressing output directory into /cluster/tufts/capstone25skyblue/eelkus01/NEXRADTurbulencePrediction/model_inputs/compressed/2014_10.tar.xz
2014_10/
2014_10/0000002_2014_10_df_row.nc
2014_10/0000006_2014_10_df_row.nc
2014_10/0000007_2014_10_df_row.nc
2014_10/0000008_2014_10_df_row.nc
2014_10/0000009_2014_10_df_row.nc
2014_10/0000012_2014_10_df_row.nc
2014_10/0000015_2014_10_df_row.nc
2014_10/0000016_2014_10_df_row.nc
2014_10/0000017_2014_10_df_row.nc
2014_10/0000021_2014_10_df_row.nc
2014_10/0000023_2014_10_df_row.nc
2014_10/0000024_2014_10_df_row.nc
2014_10/0000029_2014_10_df_row.nc
2014_10/0000030_2014_10_df_row.nc
2014_10/0000031_2014_10_df_row.nc
2014_10/0000033_2014_10_df_row.nc
2014_10/0000037_2014_10_df_row.nc
2014_10/0000039_2014_10_df_row.nc
2014_10/0000042_2014_10_df_row.nc
2014_10/0000044_2014_10_df_row.nc
2014_10/0000051_2014_10_df_row.nc
2014_10/0000052_2014_10_df_row.nc
2014_10/0000058_2014_10_df_row.nc
2014_10/0000059_2014_10_df_row.nc
2014_10/0000061_2014_10_df_row.nc
2014_10/0000062_2014_10_df_row.nc
2014_10/0000064_2014_10_df_row.nc
2014_10/0000066_2014_10_df_row.nc
2014_10/0000067_2014_10_df_row.nc
2014_10/0000069_2014_10_df_row.nc
2014_10/0000070_2014_10_df_row.nc
2014_10/0000071_2014_10_df_row.nc
2014_10/0000072_2014_10_df_row.nc
2014_10/0000076_2014_10_df_row.nc
2014_10/0000083_2014_10_df_row.nc
2014_10/0000086_2014_10_df_row.nc
2014_10/0000087_2014_10_df_row.nc
2014_10/0000091_2014_10_df_row.nc
2014_10/0000092_2014_10_df_row.nc
2014_10/0000095_2014_10_df_row.nc
2014_10/0000096_2014_10_df_row.nc
2014_10/0000097_2014_10_df_row.nc
2014_10/0000098_2014_10_df_row.nc
2014_10/0000105_2014_10_df_row.nc
2014_10/0000106_2014_10_df_row.nc
2014_10/0000109_2014_10_df_row.nc
2014_10/0000114_2014_10_df_row.nc
Removing uncompressed directory /cluster/tufts/capstone25skyblue/eelkus01/NEXRADTurbulencePrediction/model_inputs/2014_10
Deactivating conda environment (if any)
Purging all modules
Done! Environment has been torn down
All done!
