Resetting environment
Deactivating conda environment (if any)
Purging all modules
Done! Environment has been torn down
Allocating resources with slurm...
Loading cuda and miniforge...
Activating conda environment...
Redirecting into the NEXRAD repo...
Done! Environment has now been set up
Processing 2015/05
Running radar_data_to_model_input on /cluster/tufts/capstone25skyblue/eelkus01/NEXRADTurbulencePrediction/radars/pirep_with_radar_data/2015/05.csv
Reading from file: /cluster/tufts/capstone25skyblue/eelkus01/NEXRADTurbulencePrediction/radars/pirep_with_radar_data/2015/05.csv and outputting to directory: /cluster/tufts/capstone25skyblue/eelkus01/NEXRADTurbulencePrediction/model_inputs/2015_05
ERROR: Failed to read radar file s3://unidata-nexrad-level2/2015/05/18/KMKX/KMKX20150518_153235_V06.gz: OSError: unknown compression record
ERROR: Failed to read radar file s3://unidata-nexrad-level2/2015/05/18/KGRB/KGRB20150518_152958_V06.gz: OSError: unknown compression record
ERROR: Failed to read radar file s3://unidata-nexrad-level2/2015/05/18/KMPX/KMPX20150518_153233_V06.gz: OSError: unknown compression record
ERROR: Failed to read radar file s3://unidata-nexrad-level2/2015/05/18/KDLH/KDLH20150518_153501_V06.gz: OSError: unknown compression record
Completed 5% of df
ERROR: Failed to read radar file s3://unidata-nexrad-level2/2015/05/18/KGRB/KGRB20150518_193311_V06.gz: OSError: unknown compression record
ERROR: Failed to read radar file s3://unidata-nexrad-level2/2015/05/18/KLOT/KLOT20150518_193254_V06.gz: OSError: unknown compression record
ERROR: Failed to read radar file s3://unidata-nexrad-level2/2015/05/18/KAPX/KAPX20150518_193248_V06.gz: OSError: unknown compression record
Completed 10% of df
ERROR: Failed to read radar file s3://unidata-nexrad-level2/2015/05/04/KARX/KARX20150504_223803_V06.gz: OSError: unknown compression record
Completed 15% of df
Completed 20% of df
Completed 25% of df
Completed 30% of df
ERROR: Failed to read radar file s3://unidata-nexrad-level2/2015/05/28/PAPD/PAPD20150528_203027_V06.gz: OSError: unknown compression record
Completed 35% of df
Completed 40% of df
ERROR: Failed to read radar file s3://unidata-nexrad-level2/2015/05/25/KFDR/KFDR20150525_181718_V07.gz: ValueError: No MSG31 records found, cannot read file
Completed 45% of df
Completed 50% of df
Completed 55% of df
ERROR: Failed to read radar file s3://unidata-nexrad-level2/2015/05/23/KSJT/KSJT20150523_192749_V06.gz: OSError: unknown compression record
Completed 60% of df
Completed 65% of df
Completed 70% of df
Completed 75% of df
Completed 80% of df
Completed 85% of df
Completed 90% of df
Completed 95% of df
Completed 100% of df
Completed 105% of df
Python script exit code: 0
Compressing output directory into /cluster/tufts/capstone25skyblue/eelkus01/NEXRADTurbulencePrediction/model_inputs/compressed/2015_05.tar.xz
2015_05/
2015_05/0000000_2015_5_df_row.nc
2015_05/0000001_2015_5_df_row.nc
2015_05/0000003_2015_5_df_row.nc
2015_05/0000005_2015_5_df_row.nc
2015_05/0000008_2015_5_df_row.nc
2015_05/0000012_2015_5_df_row.nc
2015_05/0000014_2015_5_df_row.nc
2015_05/0000017_2015_5_df_row.nc
2015_05/0000018_2015_5_df_row.nc
2015_05/0000019_2015_5_df_row.nc
2015_05/0000021_2015_5_df_row.nc
2015_05/0000023_2015_5_df_row.nc
2015_05/0000035_2015_5_df_row.nc
2015_05/0000038_2015_5_df_row.nc
2015_05/0000040_2015_5_df_row.nc
2015_05/0000045_2015_5_df_row.nc
2015_05/0000048_2015_5_df_row.nc
2015_05/0000050_2015_5_df_row.nc
2015_05/0000051_2015_5_df_row.nc
2015_05/0000058_2015_5_df_row.nc
2015_05/0000059_2015_5_df_row.nc
2015_05/0000060_2015_5_df_row.nc
2015_05/0000067_2015_5_df_row.nc
2015_05/0000072_2015_5_df_row.nc
2015_05/0000073_2015_5_df_row.nc
2015_05/0000075_2015_5_df_row.nc
2015_05/0000078_2015_5_df_row.nc
2015_05/0000083_2015_5_df_row.nc
2015_05/0000084_2015_5_df_row.nc
2015_05/0000089_2015_5_df_row.nc
2015_05/0000090_2015_5_df_row.nc
2015_05/0000092_2015_5_df_row.nc
2015_05/0000093_2015_5_df_row.nc
2015_05/0000096_2015_5_df_row.nc
2015_05/0000098_2015_5_df_row.nc
2015_05/0000101_2015_5_df_row.nc
2015_05/0000102_2015_5_df_row.nc
2015_05/0000103_2015_5_df_row.nc
2015_05/0000106_2015_5_df_row.nc
2015_05/0000107_2015_5_df_row.nc
2015_05/0000108_2015_5_df_row.nc
2015_05/0000115_2015_5_df_row.nc
2015_05/0000117_2015_5_df_row.nc
2015_05/0000119_2015_5_df_row.nc
2015_05/0000124_2015_5_df_row.nc
2015_05/0000130_2015_5_df_row.nc
2015_05/0000133_2015_5_df_row.nc
2015_05/0000135_2015_5_df_row.nc
2015_05/0000139_2015_5_df_row.nc
2015_05/0000143_2015_5_df_row.nc
2015_05/0000149_2015_5_df_row.nc
2015_05/0000152_2015_5_df_row.nc
2015_05/0000154_2015_5_df_row.nc
2015_05/0000157_2015_5_df_row.nc
2015_05/0000158_2015_5_df_row.nc
2015_05/0000159_2015_5_df_row.nc
2015_05/0000160_2015_5_df_row.nc
2015_05/0000162_2015_5_df_row.nc
2015_05/0000168_2015_5_df_row.nc
2015_05/0000169_2015_5_df_row.nc
2015_05/0000172_2015_5_df_row.nc
2015_05/0000175_2015_5_df_row.nc
2015_05/0000185_2015_5_df_row.nc
2015_05/0000186_2015_5_df_row.nc
2015_05/0000195_2015_5_df_row.nc
2015_05/0000198_2015_5_df_row.nc
2015_05/0000201_2015_5_df_row.nc
2015_05/0000203_2015_5_df_row.nc
2015_05/0000208_2015_5_df_row.nc
2015_05/0000209_2015_5_df_row.nc
2015_05/0000210_2015_5_df_row.nc
2015_05/0000216_2015_5_df_row.nc
2015_05/0000217_2015_5_df_row.nc
2015_05/0000220_2015_5_df_row.nc
2015_05/0000221_2015_5_df_row.nc
2015_05/0000222_2015_5_df_row.nc
2015_05/0000225_2015_5_df_row.nc
2015_05/0000226_2015_5_df_row.nc
2015_05/0000227_2015_5_df_row.nc
2015_05/0000228_2015_5_df_row.nc
2015_05/0000229_2015_5_df_row.nc
2015_05/0000230_2015_5_df_row.nc
2015_05/0000235_2015_5_df_row.nc
2015_05/0000236_2015_5_df_row.nc
2015_05/0000238_2015_5_df_row.nc
2015_05/0000239_2015_5_df_row.nc
2015_05/0000241_2015_5_df_row.nc
2015_05/0000245_2015_5_df_row.nc
2015_05/0000247_2015_5_df_row.nc
2015_05/0000249_2015_5_df_row.nc
2015_05/0000250_2015_5_df_row.nc
2015_05/0000252_2015_5_df_row.nc
2015_05/0000259_2015_5_df_row.nc
2015_05/0000261_2015_5_df_row.nc
2015_05/0000262_2015_5_df_row.nc
2015_05/0000265_2015_5_df_row.nc
2015_05/0000267_2015_5_df_row.nc
2015_05/0000274_2015_5_df_row.nc
2015_05/0000276_2015_5_df_row.nc
2015_05/0000285_2015_5_df_row.nc
2015_05/0000287_2015_5_df_row.nc
2015_05/0000289_2015_5_df_row.nc
2015_05/0000291_2015_5_df_row.nc
2015_05/0000296_2015_5_df_row.nc
Removing uncompressed directory /cluster/tufts/capstone25skyblue/eelkus01/NEXRADTurbulencePrediction/model_inputs/2015_05
Deactivating conda environment (if any)
Purging all modules
Done! Environment has been torn down
All done!
