Resetting environment
Deactivating conda environment (if any)
Purging all modules
Done! Environment has been torn down
Allocating resources with slurm...
Loading cuda and miniforge...
Activating conda environment...
Redirecting into the NEXRAD repo...
Done! Environment has now been set up
Processing 2024/01
Running radar_data_to_model_input on /cluster/tufts/capstone25skyblue/eelkus01/NEXRADTurbulencePrediction/radars/pirep_with_radar_data/2024/01.csv
Reading from file: /cluster/tufts/capstone25skyblue/eelkus01/NEXRADTurbulencePrediction/radars/pirep_with_radar_data/2024/01.csv and outputting to directory: /cluster/tufts/capstone25skyblue/eelkus01/NEXRADTurbulencePrediction/model_inputs/2024_01
Completed 5% of df
Completed 10% of df
Completed 15% of df
Completed 20% of df
Completed 25% of df
Completed 30% of df
Completed 35% of df
Completed 40% of df
ERROR: Failed to read radar file s3://unidata-nexrad-level2/2024/01/20/KRLX/KRLX20240120_185642_V06: IndexError: index 0 is out of bounds for axis 0 with size 0
Completed 45% of df
Completed 50% of df
Completed 55% of df
Completed 60% of df
Completed 65% of df
Completed 70% of df
Completed 75% of df
Completed 80% of df
Completed 85% of df
ERROR: Failed to read radar file s3://unidata-nexrad-level2/2024/01/19/KRLX/KRLX20240119_184608_V06: IndexError: index 0 is out of bounds for axis 0 with size 0
Completed 90% of df
ERROR: Failed to read radar file s3://unidata-nexrad-level2/2024/01/21/KRLX/KRLX20240121_044940_V06: IndexError: index 0 is out of bounds for axis 0 with size 0
Completed 95% of df
Completed 100% of df
Python script exit code: 0
Compressing output directory into /cluster/tufts/capstone25skyblue/eelkus01/NEXRADTurbulencePrediction/model_inputs/compressed/2024_01.tar.xz
2024_01/
2024_01/0000000_2024_1_df_row.nc
2024_01/0000003_2024_1_df_row.nc
2024_01/0000014_2024_1_df_row.nc
2024_01/0000022_2024_1_df_row.nc
2024_01/0000023_2024_1_df_row.nc
2024_01/0000025_2024_1_df_row.nc
2024_01/0000032_2024_1_df_row.nc
2024_01/0000037_2024_1_df_row.nc
2024_01/0000039_2024_1_df_row.nc
2024_01/0000044_2024_1_df_row.nc
2024_01/0000046_2024_1_df_row.nc
2024_01/0000059_2024_1_df_row.nc
2024_01/0000060_2024_1_df_row.nc
2024_01/0000065_2024_1_df_row.nc
2024_01/0000071_2024_1_df_row.nc
2024_01/0000072_2024_1_df_row.nc
2024_01/0000085_2024_1_df_row.nc
2024_01/0000090_2024_1_df_row.nc
2024_01/0000091_2024_1_df_row.nc
2024_01/0000094_2024_1_df_row.nc
2024_01/0000096_2024_1_df_row.nc
2024_01/0000097_2024_1_df_row.nc
2024_01/0000100_2024_1_df_row.nc
2024_01/0000102_2024_1_df_row.nc
2024_01/0000103_2024_1_df_row.nc
2024_01/0000104_2024_1_df_row.nc
2024_01/0000105_2024_1_df_row.nc
2024_01/0000106_2024_1_df_row.nc
2024_01/0000108_2024_1_df_row.nc
2024_01/0000113_2024_1_df_row.nc
2024_01/0000119_2024_1_df_row.nc
2024_01/0000120_2024_1_df_row.nc
2024_01/0000121_2024_1_df_row.nc
2024_01/0000128_2024_1_df_row.nc
2024_01/0000135_2024_1_df_row.nc
2024_01/0000136_2024_1_df_row.nc
2024_01/0000137_2024_1_df_row.nc
2024_01/0000138_2024_1_df_row.nc
2024_01/0000143_2024_1_df_row.nc
2024_01/0000146_2024_1_df_row.nc
2024_01/0000147_2024_1_df_row.nc
2024_01/0000148_2024_1_df_row.nc
2024_01/0000149_2024_1_df_row.nc
2024_01/0000154_2024_1_df_row.nc
2024_01/0000155_2024_1_df_row.nc
2024_01/0000156_2024_1_df_row.nc
2024_01/0000159_2024_1_df_row.nc
2024_01/0000160_2024_1_df_row.nc
2024_01/0000161_2024_1_df_row.nc
2024_01/0000164_2024_1_df_row.nc
2024_01/0000165_2024_1_df_row.nc
2024_01/0000169_2024_1_df_row.nc
2024_01/0000174_2024_1_df_row.nc
2024_01/0000175_2024_1_df_row.nc
2024_01/0000178_2024_1_df_row.nc
2024_01/0000181_2024_1_df_row.nc
2024_01/0000183_2024_1_df_row.nc
2024_01/0000188_2024_1_df_row.nc
2024_01/0000190_2024_1_df_row.nc
2024_01/0000191_2024_1_df_row.nc
2024_01/0000193_2024_1_df_row.nc
2024_01/0000195_2024_1_df_row.nc
2024_01/0000196_2024_1_df_row.nc
2024_01/0000197_2024_1_df_row.nc
2024_01/0000199_2024_1_df_row.nc
2024_01/0000203_2024_1_df_row.nc
2024_01/0000204_2024_1_df_row.nc
2024_01/0000205_2024_1_df_row.nc
2024_01/0000209_2024_1_df_row.nc
2024_01/0000210_2024_1_df_row.nc
2024_01/0000213_2024_1_df_row.nc
2024_01/0000217_2024_1_df_row.nc
2024_01/0000218_2024_1_df_row.nc
2024_01/0000219_2024_1_df_row.nc
2024_01/0000221_2024_1_df_row.nc
2024_01/0000223_2024_1_df_row.nc
2024_01/0000224_2024_1_df_row.nc
2024_01/0000225_2024_1_df_row.nc
2024_01/0000226_2024_1_df_row.nc
2024_01/0000228_2024_1_df_row.nc
2024_01/0000229_2024_1_df_row.nc
2024_01/0000230_2024_1_df_row.nc
2024_01/0000232_2024_1_df_row.nc
2024_01/0000234_2024_1_df_row.nc
2024_01/0000237_2024_1_df_row.nc
2024_01/0000238_2024_1_df_row.nc
2024_01/0000239_2024_1_df_row.nc
2024_01/0000240_2024_1_df_row.nc
2024_01/0000241_2024_1_df_row.nc
2024_01/0000242_2024_1_df_row.nc
2024_01/0000247_2024_1_df_row.nc
2024_01/0000249_2024_1_df_row.nc
2024_01/0000251_2024_1_df_row.nc
2024_01/0000262_2024_1_df_row.nc
2024_01/0000264_2024_1_df_row.nc
2024_01/0000266_2024_1_df_row.nc
2024_01/0000268_2024_1_df_row.nc
2024_01/0000269_2024_1_df_row.nc
2024_01/0000271_2024_1_df_row.nc
2024_01/0000274_2024_1_df_row.nc
2024_01/0000280_2024_1_df_row.nc
2024_01/0000282_2024_1_df_row.nc
2024_01/0000287_2024_1_df_row.nc
2024_01/0000290_2024_1_df_row.nc
2024_01/0000291_2024_1_df_row.nc
2024_01/0000294_2024_1_df_row.nc
2024_01/0000296_2024_1_df_row.nc
2024_01/0000299_2024_1_df_row.nc
2024_01/0000301_2024_1_df_row.nc
2024_01/0000303_2024_1_df_row.nc
2024_01/0000305_2024_1_df_row.nc
2024_01/0000309_2024_1_df_row.nc
2024_01/0000312_2024_1_df_row.nc
2024_01/0000313_2024_1_df_row.nc
2024_01/0000314_2024_1_df_row.nc
2024_01/0000322_2024_1_df_row.nc
2024_01/0000323_2024_1_df_row.nc
2024_01/0000324_2024_1_df_row.nc
2024_01/0000328_2024_1_df_row.nc
2024_01/0000329_2024_1_df_row.nc
2024_01/0000332_2024_1_df_row.nc
2024_01/0000336_2024_1_df_row.nc
2024_01/0000338_2024_1_df_row.nc
2024_01/0000340_2024_1_df_row.nc
2024_01/0000349_2024_1_df_row.nc
2024_01/0000350_2024_1_df_row.nc
2024_01/0000352_2024_1_df_row.nc
2024_01/0000353_2024_1_df_row.nc
2024_01/0000356_2024_1_df_row.nc
2024_01/0000357_2024_1_df_row.nc
2024_01/0000361_2024_1_df_row.nc
2024_01/0000362_2024_1_df_row.nc
2024_01/0000363_2024_1_df_row.nc
2024_01/0000365_2024_1_df_row.nc
2024_01/0000373_2024_1_df_row.nc
2024_01/0000380_2024_1_df_row.nc
2024_01/0000385_2024_1_df_row.nc
2024_01/0000386_2024_1_df_row.nc
2024_01/0000387_2024_1_df_row.nc
2024_01/0000388_2024_1_df_row.nc
2024_01/0000391_2024_1_df_row.nc
2024_01/0000393_2024_1_df_row.nc
2024_01/0000394_2024_1_df_row.nc
2024_01/0000395_2024_1_df_row.nc
2024_01/0000403_2024_1_df_row.nc
2024_01/0000404_2024_1_df_row.nc
2024_01/0000409_2024_1_df_row.nc
2024_01/0000410_2024_1_df_row.nc
2024_01/0000415_2024_1_df_row.nc
2024_01/0000416_2024_1_df_row.nc
2024_01/0000420_2024_1_df_row.nc
2024_01/0000424_2024_1_df_row.nc
2024_01/0000428_2024_1_df_row.nc
2024_01/0000439_2024_1_df_row.nc
2024_01/0000440_2024_1_df_row.nc
2024_01/0000442_2024_1_df_row.nc
2024_01/0000443_2024_1_df_row.nc
2024_01/0000447_2024_1_df_row.nc
2024_01/0000452_2024_1_df_row.nc
2024_01/0000454_2024_1_df_row.nc
2024_01/0000455_2024_1_df_row.nc
2024_01/0000456_2024_1_df_row.nc
2024_01/0000461_2024_1_df_row.nc
2024_01/0000464_2024_1_df_row.nc
2024_01/0000466_2024_1_df_row.nc
2024_01/0000467_2024_1_df_row.nc
2024_01/0000469_2024_1_df_row.nc
2024_01/0000473_2024_1_df_row.nc
2024_01/0000475_2024_1_df_row.nc
2024_01/0000479_2024_1_df_row.nc
2024_01/0000485_2024_1_df_row.nc
2024_01/0000489_2024_1_df_row.nc
2024_01/0000491_2024_1_df_row.nc
2024_01/0000492_2024_1_df_row.nc
2024_01/0000493_2024_1_df_row.nc
2024_01/0000495_2024_1_df_row.nc
2024_01/0000503_2024_1_df_row.nc
2024_01/0000505_2024_1_df_row.nc
2024_01/0000508_2024_1_df_row.nc
2024_01/0000509_2024_1_df_row.nc
2024_01/0000517_2024_1_df_row.nc
2024_01/0000519_2024_1_df_row.nc
2024_01/0000526_2024_1_df_row.nc
2024_01/0000528_2024_1_df_row.nc
2024_01/0000530_2024_1_df_row.nc
2024_01/0000532_2024_1_df_row.nc
2024_01/0000536_2024_1_df_row.nc
2024_01/0000539_2024_1_df_row.nc
2024_01/0000549_2024_1_df_row.nc
2024_01/0000550_2024_1_df_row.nc
2024_01/0000553_2024_1_df_row.nc
2024_01/0000559_2024_1_df_row.nc
2024_01/0000560_2024_1_df_row.nc
2024_01/0000561_2024_1_df_row.nc
2024_01/0000562_2024_1_df_row.nc
2024_01/0000563_2024_1_df_row.nc
2024_01/0000564_2024_1_df_row.nc
2024_01/0000567_2024_1_df_row.nc
2024_01/0000569_2024_1_df_row.nc
2024_01/0000574_2024_1_df_row.nc
2024_01/0000576_2024_1_df_row.nc
2024_01/0000586_2024_1_df_row.nc
2024_01/0000590_2024_1_df_row.nc
2024_01/0000591_2024_1_df_row.nc
2024_01/0000593_2024_1_df_row.nc
2024_01/0000597_2024_1_df_row.nc
2024_01/0000599_2024_1_df_row.nc
2024_01/0000600_2024_1_df_row.nc
2024_01/0000603_2024_1_df_row.nc
2024_01/0000605_2024_1_df_row.nc
2024_01/0000607_2024_1_df_row.nc
2024_01/0000609_2024_1_df_row.nc
2024_01/0000610_2024_1_df_row.nc
2024_01/0000617_2024_1_df_row.nc
2024_01/0000619_2024_1_df_row.nc
2024_01/0000621_2024_1_df_row.nc
2024_01/0000622_2024_1_df_row.nc
2024_01/0000624_2024_1_df_row.nc
2024_01/0000626_2024_1_df_row.nc
2024_01/0000629_2024_1_df_row.nc
2024_01/0000631_2024_1_df_row.nc
2024_01/0000632_2024_1_df_row.nc
2024_01/0000633_2024_1_df_row.nc
2024_01/0000635_2024_1_df_row.nc
2024_01/0000642_2024_1_df_row.nc
2024_01/0000645_2024_1_df_row.nc
2024_01/0000649_2024_1_df_row.nc
2024_01/0000652_2024_1_df_row.nc
2024_01/0000660_2024_1_df_row.nc
2024_01/0000665_2024_1_df_row.nc
2024_01/0000671_2024_1_df_row.nc
2024_01/0000676_2024_1_df_row.nc
2024_01/0000681_2024_1_df_row.nc
2024_01/0000682_2024_1_df_row.nc
2024_01/0000687_2024_1_df_row.nc
2024_01/0000692_2024_1_df_row.nc
2024_01/0000696_2024_1_df_row.nc
2024_01/0000701_2024_1_df_row.nc
2024_01/0000702_2024_1_df_row.nc
2024_01/0000703_2024_1_df_row.nc
2024_01/0000704_2024_1_df_row.nc
2024_01/0000707_2024_1_df_row.nc
2024_01/0000714_2024_1_df_row.nc
2024_01/0000715_2024_1_df_row.nc
2024_01/0000720_2024_1_df_row.nc
2024_01/0000721_2024_1_df_row.nc
2024_01/0000723_2024_1_df_row.nc
2024_01/0000726_2024_1_df_row.nc
2024_01/0000730_2024_1_df_row.nc
2024_01/0000733_2024_1_df_row.nc
2024_01/0000735_2024_1_df_row.nc
2024_01/0000741_2024_1_df_row.nc
2024_01/0000744_2024_1_df_row.nc
2024_01/0000749_2024_1_df_row.nc
2024_01/0000750_2024_1_df_row.nc
2024_01/0000752_2024_1_df_row.nc
2024_01/0000754_2024_1_df_row.nc
2024_01/0000756_2024_1_df_row.nc
2024_01/0000762_2024_1_df_row.nc
2024_01/0000769_2024_1_df_row.nc
2024_01/0000773_2024_1_df_row.nc
2024_01/0000778_2024_1_df_row.nc
2024_01/0000782_2024_1_df_row.nc
2024_01/0000785_2024_1_df_row.nc
2024_01/0000791_2024_1_df_row.nc
2024_01/0000797_2024_1_df_row.nc
2024_01/0000799_2024_1_df_row.nc
2024_01/0000805_2024_1_df_row.nc
2024_01/0000806_2024_1_df_row.nc
2024_01/0000811_2024_1_df_row.nc
2024_01/0000814_2024_1_df_row.nc
2024_01/0000818_2024_1_df_row.nc
2024_01/0000819_2024_1_df_row.nc
2024_01/0000822_2024_1_df_row.nc
2024_01/0000826_2024_1_df_row.nc
2024_01/0000830_2024_1_df_row.nc
2024_01/0000831_2024_1_df_row.nc
2024_01/0000832_2024_1_df_row.nc
2024_01/0000834_2024_1_df_row.nc
2024_01/0000836_2024_1_df_row.nc
2024_01/0000840_2024_1_df_row.nc
2024_01/0000841_2024_1_df_row.nc
2024_01/0000846_2024_1_df_row.nc
2024_01/0000848_2024_1_df_row.nc
2024_01/0000849_2024_1_df_row.nc
2024_01/0000850_2024_1_df_row.nc
2024_01/0000857_2024_1_df_row.nc
2024_01/0000859_2024_1_df_row.nc
2024_01/0000860_2024_1_df_row.nc
2024_01/0000861_2024_1_df_row.nc
2024_01/0000863_2024_1_df_row.nc
2024_01/0000866_2024_1_df_row.nc
2024_01/0000867_2024_1_df_row.nc
2024_01/0000872_2024_1_df_row.nc
2024_01/0000873_2024_1_df_row.nc
Removing uncompressed directory /cluster/tufts/capstone25skyblue/eelkus01/NEXRADTurbulencePrediction/model_inputs/2024_01
Deactivating conda environment (if any)
Purging all modules
Done! Environment has been torn down
All done!
