Resetting environment
Deactivating conda environment (if any)
Purging all modules
Done! Environment has been torn down
Allocating resources with slurm...
Loading cuda and miniforge...
Activating conda environment...
Redirecting into the NEXRAD repo...
Done! Environment has now been set up
Processing 2025/04
Running radar_data_to_model_input on /cluster/tufts/capstone25skyblue/eelkus01/NEXRADTurbulencePrediction/radars/pirep_with_radar_data/2025/04.csv
Reading from file: /cluster/tufts/capstone25skyblue/eelkus01/NEXRADTurbulencePrediction/radars/pirep_with_radar_data/2025/04.csv and outputting to directory: /cluster/tufts/capstone25skyblue/eelkus01/NEXRADTurbulencePrediction/model_inputs/2025_04
Completed 5% of df
Completed 10% of df
Completed 15% of df
Completed 20% of df
Completed 25% of df
Completed 30% of df
Completed 35% of df
Completed 40% of df
Completed 45% of df
Completed 50% of df
Completed 55% of df
Completed 60% of df
ERROR: Failed to read radar file s3://unidata-nexrad-level2/2025/04/13/KJKL/KJKL20250413_164926_V06: IndexError: index 0 is out of bounds for axis 0 with size 0
Completed 65% of df
Completed 70% of df
Completed 75% of df
Completed 80% of df
Completed 85% of df
ERROR: Failed to read radar file s3://unidata-nexrad-level2/2025/04/14/PAIH/PAIH20250414_052244_V06: IndexError: index 0 is out of bounds for axis 0 with size 0
ERROR: Failed to read radar file s3://unidata-nexrad-level2/2025/04/14/PAIH/PAIH20250414_052244_V06: IndexError: index 0 is out of bounds for axis 0 with size 0
Error processing row 631: Plane weight must be 'L', 'M', 'H' or 'U.
Completed 90% of df
Completed 95% of df
Completed 100% of df
Python script exit code: 0
Compressing output directory into /cluster/tufts/capstone25skyblue/eelkus01/NEXRADTurbulencePrediction/model_inputs/compressed/2025_04.tar.xz
2025_04/
2025_04/0000000_2025_4_df_row.nc
2025_04/0000002_2025_4_df_row.nc
2025_04/0000005_2025_4_df_row.nc
2025_04/0000007_2025_4_df_row.nc
2025_04/0000011_2025_4_df_row.nc
2025_04/0000012_2025_4_df_row.nc
2025_04/0000014_2025_4_df_row.nc
2025_04/0000016_2025_4_df_row.nc
2025_04/0000017_2025_4_df_row.nc
2025_04/0000020_2025_4_df_row.nc
2025_04/0000022_2025_4_df_row.nc
2025_04/0000025_2025_4_df_row.nc
2025_04/0000026_2025_4_df_row.nc
2025_04/0000030_2025_4_df_row.nc
2025_04/0000033_2025_4_df_row.nc
2025_04/0000035_2025_4_df_row.nc
2025_04/0000038_2025_4_df_row.nc
2025_04/0000039_2025_4_df_row.nc
2025_04/0000041_2025_4_df_row.nc
2025_04/0000044_2025_4_df_row.nc
2025_04/0000045_2025_4_df_row.nc
2025_04/0000050_2025_4_df_row.nc
2025_04/0000051_2025_4_df_row.nc
2025_04/0000055_2025_4_df_row.nc
2025_04/0000058_2025_4_df_row.nc
2025_04/0000060_2025_4_df_row.nc
2025_04/0000062_2025_4_df_row.nc
2025_04/0000066_2025_4_df_row.nc
2025_04/0000068_2025_4_df_row.nc
2025_04/0000075_2025_4_df_row.nc
2025_04/0000078_2025_4_df_row.nc
2025_04/0000079_2025_4_df_row.nc
2025_04/0000082_2025_4_df_row.nc
2025_04/0000085_2025_4_df_row.nc
2025_04/0000086_2025_4_df_row.nc
2025_04/0000088_2025_4_df_row.nc
2025_04/0000091_2025_4_df_row.nc
2025_04/0000092_2025_4_df_row.nc
2025_04/0000094_2025_4_df_row.nc
2025_04/0000097_2025_4_df_row.nc
2025_04/0000105_2025_4_df_row.nc
2025_04/0000106_2025_4_df_row.nc
2025_04/0000107_2025_4_df_row.nc
2025_04/0000109_2025_4_df_row.nc
2025_04/0000111_2025_4_df_row.nc
2025_04/0000113_2025_4_df_row.nc
2025_04/0000120_2025_4_df_row.nc
2025_04/0000126_2025_4_df_row.nc
2025_04/0000128_2025_4_df_row.nc
2025_04/0000132_2025_4_df_row.nc
2025_04/0000134_2025_4_df_row.nc
2025_04/0000135_2025_4_df_row.nc
2025_04/0000138_2025_4_df_row.nc
2025_04/0000142_2025_4_df_row.nc
2025_04/0000146_2025_4_df_row.nc
2025_04/0000148_2025_4_df_row.nc
2025_04/0000150_2025_4_df_row.nc
2025_04/0000151_2025_4_df_row.nc
2025_04/0000152_2025_4_df_row.nc
2025_04/0000153_2025_4_df_row.nc
2025_04/0000158_2025_4_df_row.nc
2025_04/0000160_2025_4_df_row.nc
2025_04/0000162_2025_4_df_row.nc
2025_04/0000165_2025_4_df_row.nc
2025_04/0000170_2025_4_df_row.nc
2025_04/0000171_2025_4_df_row.nc
2025_04/0000172_2025_4_df_row.nc
2025_04/0000178_2025_4_df_row.nc
2025_04/0000179_2025_4_df_row.nc
2025_04/0000185_2025_4_df_row.nc
2025_04/0000186_2025_4_df_row.nc
2025_04/0000187_2025_4_df_row.nc
2025_04/0000190_2025_4_df_row.nc
2025_04/0000191_2025_4_df_row.nc
2025_04/0000199_2025_4_df_row.nc
2025_04/0000201_2025_4_df_row.nc
2025_04/0000204_2025_4_df_row.nc
2025_04/0000206_2025_4_df_row.nc
2025_04/0000208_2025_4_df_row.nc
2025_04/0000211_2025_4_df_row.nc
2025_04/0000216_2025_4_df_row.nc
2025_04/0000217_2025_4_df_row.nc
2025_04/0000223_2025_4_df_row.nc
2025_04/0000229_2025_4_df_row.nc
2025_04/0000230_2025_4_df_row.nc
2025_04/0000234_2025_4_df_row.nc
2025_04/0000236_2025_4_df_row.nc
2025_04/0000246_2025_4_df_row.nc
2025_04/0000247_2025_4_df_row.nc
2025_04/0000255_2025_4_df_row.nc
2025_04/0000258_2025_4_df_row.nc
2025_04/0000261_2025_4_df_row.nc
2025_04/0000262_2025_4_df_row.nc
2025_04/0000263_2025_4_df_row.nc
2025_04/0000266_2025_4_df_row.nc
2025_04/0000267_2025_4_df_row.nc
2025_04/0000268_2025_4_df_row.nc
2025_04/0000269_2025_4_df_row.nc
2025_04/0000270_2025_4_df_row.nc
2025_04/0000272_2025_4_df_row.nc
2025_04/0000277_2025_4_df_row.nc
2025_04/0000283_2025_4_df_row.nc
2025_04/0000290_2025_4_df_row.nc
2025_04/0000292_2025_4_df_row.nc
2025_04/0000294_2025_4_df_row.nc
2025_04/0000295_2025_4_df_row.nc
2025_04/0000297_2025_4_df_row.nc
2025_04/0000304_2025_4_df_row.nc
2025_04/0000306_2025_4_df_row.nc
2025_04/0000309_2025_4_df_row.nc
2025_04/0000313_2025_4_df_row.nc
2025_04/0000314_2025_4_df_row.nc
2025_04/0000315_2025_4_df_row.nc
2025_04/0000318_2025_4_df_row.nc
2025_04/0000322_2025_4_df_row.nc
2025_04/0000324_2025_4_df_row.nc
2025_04/0000325_2025_4_df_row.nc
2025_04/0000333_2025_4_df_row.nc
2025_04/0000335_2025_4_df_row.nc
2025_04/0000338_2025_4_df_row.nc
2025_04/0000339_2025_4_df_row.nc
2025_04/0000342_2025_4_df_row.nc
2025_04/0000346_2025_4_df_row.nc
2025_04/0000349_2025_4_df_row.nc
2025_04/0000351_2025_4_df_row.nc
2025_04/0000352_2025_4_df_row.nc
2025_04/0000359_2025_4_df_row.nc
2025_04/0000360_2025_4_df_row.nc
2025_04/0000366_2025_4_df_row.nc
2025_04/0000367_2025_4_df_row.nc
2025_04/0000369_2025_4_df_row.nc
2025_04/0000371_2025_4_df_row.nc
2025_04/0000380_2025_4_df_row.nc
2025_04/0000381_2025_4_df_row.nc
2025_04/0000382_2025_4_df_row.nc
2025_04/0000383_2025_4_df_row.nc
2025_04/0000388_2025_4_df_row.nc
2025_04/0000396_2025_4_df_row.nc
2025_04/0000400_2025_4_df_row.nc
2025_04/0000402_2025_4_df_row.nc
2025_04/0000406_2025_4_df_row.nc
2025_04/0000409_2025_4_df_row.nc
2025_04/0000413_2025_4_df_row.nc
2025_04/0000415_2025_4_df_row.nc
2025_04/0000423_2025_4_df_row.nc
2025_04/0000425_2025_4_df_row.nc
2025_04/0000428_2025_4_df_row.nc
2025_04/0000431_2025_4_df_row.nc
2025_04/0000435_2025_4_df_row.nc
2025_04/0000445_2025_4_df_row.nc
2025_04/0000449_2025_4_df_row.nc
2025_04/0000451_2025_4_df_row.nc
2025_04/0000452_2025_4_df_row.nc
2025_04/0000453_2025_4_df_row.nc
2025_04/0000454_2025_4_df_row.nc
2025_04/0000461_2025_4_df_row.nc
2025_04/0000462_2025_4_df_row.nc
2025_04/0000466_2025_4_df_row.nc
2025_04/0000476_2025_4_df_row.nc
2025_04/0000477_2025_4_df_row.nc
2025_04/0000478_2025_4_df_row.nc
2025_04/0000479_2025_4_df_row.nc
2025_04/0000480_2025_4_df_row.nc
2025_04/0000488_2025_4_df_row.nc
2025_04/0000490_2025_4_df_row.nc
2025_04/0000498_2025_4_df_row.nc
2025_04/0000505_2025_4_df_row.nc
2025_04/0000513_2025_4_df_row.nc
2025_04/0000516_2025_4_df_row.nc
2025_04/0000517_2025_4_df_row.nc
2025_04/0000522_2025_4_df_row.nc
2025_04/0000526_2025_4_df_row.nc
2025_04/0000528_2025_4_df_row.nc
2025_04/0000532_2025_4_df_row.nc
2025_04/0000534_2025_4_df_row.nc
2025_04/0000536_2025_4_df_row.nc
2025_04/0000538_2025_4_df_row.nc
2025_04/0000540_2025_4_df_row.nc
2025_04/0000541_2025_4_df_row.nc
2025_04/0000544_2025_4_df_row.nc
2025_04/0000545_2025_4_df_row.nc
2025_04/0000546_2025_4_df_row.nc
2025_04/0000548_2025_4_df_row.nc
2025_04/0000549_2025_4_df_row.nc
2025_04/0000554_2025_4_df_row.nc
2025_04/0000555_2025_4_df_row.nc
2025_04/0000559_2025_4_df_row.nc
2025_04/0000569_2025_4_df_row.nc
2025_04/0000573_2025_4_df_row.nc
2025_04/0000575_2025_4_df_row.nc
2025_04/0000578_2025_4_df_row.nc
2025_04/0000579_2025_4_df_row.nc
2025_04/0000580_2025_4_df_row.nc
2025_04/0000582_2025_4_df_row.nc
2025_04/0000587_2025_4_df_row.nc
2025_04/0000593_2025_4_df_row.nc
2025_04/0000595_2025_4_df_row.nc
2025_04/0000596_2025_4_df_row.nc
2025_04/0000599_2025_4_df_row.nc
2025_04/0000602_2025_4_df_row.nc
2025_04/0000605_2025_4_df_row.nc
2025_04/0000607_2025_4_df_row.nc
2025_04/0000608_2025_4_df_row.nc
2025_04/0000615_2025_4_df_row.nc
2025_04/0000616_2025_4_df_row.nc
2025_04/0000617_2025_4_df_row.nc
2025_04/0000618_2025_4_df_row.nc
2025_04/0000625_2025_4_df_row.nc
2025_04/0000626_2025_4_df_row.nc
2025_04/0000627_2025_4_df_row.nc
2025_04/0000628_2025_4_df_row.nc
2025_04/0000632_2025_4_df_row.nc
2025_04/0000633_2025_4_df_row.nc
2025_04/0000640_2025_4_df_row.nc
2025_04/0000646_2025_4_df_row.nc
2025_04/0000647_2025_4_df_row.nc
2025_04/0000651_2025_4_df_row.nc
2025_04/0000654_2025_4_df_row.nc
2025_04/0000656_2025_4_df_row.nc
2025_04/0000658_2025_4_df_row.nc
2025_04/0000660_2025_4_df_row.nc
2025_04/0000662_2025_4_df_row.nc
2025_04/0000666_2025_4_df_row.nc
2025_04/0000667_2025_4_df_row.nc
2025_04/0000674_2025_4_df_row.nc
2025_04/0000675_2025_4_df_row.nc
2025_04/0000677_2025_4_df_row.nc
2025_04/0000678_2025_4_df_row.nc
2025_04/0000679_2025_4_df_row.nc
2025_04/0000681_2025_4_df_row.nc
2025_04/0000683_2025_4_df_row.nc
2025_04/0000684_2025_4_df_row.nc
2025_04/0000688_2025_4_df_row.nc
2025_04/0000691_2025_4_df_row.nc
2025_04/0000695_2025_4_df_row.nc
2025_04/0000699_2025_4_df_row.nc
2025_04/0000709_2025_4_df_row.nc
2025_04/0000713_2025_4_df_row.nc
2025_04/0000718_2025_4_df_row.nc
2025_04/0000723_2025_4_df_row.nc
2025_04/0000724_2025_4_df_row.nc
2025_04/0000730_2025_4_df_row.nc
2025_04/0000733_2025_4_df_row.nc
Removing uncompressed directory /cluster/tufts/capstone25skyblue/eelkus01/NEXRADTurbulencePrediction/model_inputs/2025_04
Deactivating conda environment (if any)
Purging all modules
Done! Environment has been torn down
All done!
