Resetting environment
Deactivating conda environment (if any)
Purging all modules
Done! Environment has been torn down
Allocating resources with slurm...
Loading cuda and miniforge...
Activating conda environment...
Redirecting into the NEXRAD repo...
Done! Environment has now been set up
Processing 2022/04
Running radar_data_to_model_input on /cluster/tufts/capstone25skyblue/eelkus01/NEXRADTurbulencePrediction/radars/pirep_with_radar_data/2022/04.csv
Reading from file: /cluster/tufts/capstone25skyblue/eelkus01/NEXRADTurbulencePrediction/radars/pirep_with_radar_data/2022/04.csv and outputting to directory: /cluster/tufts/capstone25skyblue/eelkus01/NEXRADTurbulencePrediction/model_inputs/2022_04
Completed 5% of df
Completed 10% of df
Completed 15% of df
Completed 20% of df
Completed 25% of df
Completed 30% of df
Completed 35% of df
Completed 40% of df
Completed 45% of df
Completed 50% of df
Completed 55% of df
Completed 60% of df
Completed 65% of df
ERROR: Timed out reading s3://unidata-nexrad-level2/2022/04/09/KTLX/KTLX20220409_235640_V06
ERROR: Timed out reading s3://unidata-nexrad-level2/2022/04/09/KGRK/KGRK20220409_235644_V06
ERROR: Timed out reading s3://unidata-nexrad-level2/2022/04/03/KCLX/KCLX20220403_053121_V06
ERROR: Timed out reading s3://unidata-nexrad-level2/2022/04/03/KMHX/KMHX20220403_053314_V06
ERROR: Timed out reading s3://unidata-nexrad-level2/2022/04/03/KCAE/KCAE20220403_053251_V06
ERROR: Timed out reading s3://unidata-nexrad-level2/2022/04/03/KJAX/KJAX20220403_052941_V06
ERROR: Timed out reading s3://unidata-nexrad-level2/2022/04/11/KDLH/KDLH20220411_104033_V06
ERROR: Timed out reading s3://unidata-nexrad-level2/2022/04/13/KFSD/KFSD20220413_175607_V06
Completed 70% of df
Completed 75% of df
Completed 80% of df
Completed 85% of df
Completed 90% of df
ERROR: Timed out reading s3://unidata-nexrad-level2/2022/04/14/KARX/KARX20220414_100537_V06
ERROR: Timed out reading s3://unidata-nexrad-level2/2022/04/14/KDLH/KDLH20220414_100231_V06
ERROR: Timed out reading s3://unidata-nexrad-level2/2022/04/14/KGRB/KGRB20220414_100119_V06
ERROR: Timed out reading s3://unidata-nexrad-level2/2022/04/14/KDVN/KDVN20220414_100115_V06
ERROR: Timed out reading s3://unidata-nexrad-level2/2022/04/16/KRGX/KRGX20220416_005954_V06
ERROR: Timed out reading s3://unidata-nexrad-level2/2022/04/16/KMUX/KMUX20220416_005726_V06
ERROR: Timed out reading s3://unidata-nexrad-level2/2022/04/16/KHNX/KHNX20220416_005739_V06
ERROR: Timed out reading s3://unidata-nexrad-level2/2022/04/29/KDDC/KDDC20220429_172201_V06
ERROR: Timed out reading s3://unidata-nexrad-level2/2022/04/08/KJKL/KJKL20220408_190252_V06
ERROR: Timed out reading s3://unidata-nexrad-level2/2022/04/08/KILN/KILN20220408_190556_V06
ERROR: Timed out reading s3://unidata-nexrad-level2/2022/04/08/KMRX/KMRX20220408_190440_V06
ERROR: Timed out reading s3://unidata-nexrad-level2/2022/04/30/KDDC/KDDC20220430_013154_V06
ERROR: Timed out reading s3://unidata-nexrad-level2/2022/04/30/KICT/KICT20220430_013122_V06
ERROR: Timed out reading s3://unidata-nexrad-level2/2022/04/30/KTLX/KTLX20220430_013158_V06
ERROR: Timed out reading s3://unidata-nexrad-level2/2022/04/13/KARX/KARX20220413_224943_V06
ERROR: Timed out reading s3://unidata-nexrad-level2/2022/04/13/KGRB/KGRB20220413_224722_V06
ERROR: Timed out reading s3://unidata-nexrad-level2/2022/04/13/KDVN/KDVN20220413_224851_V06
ERROR: Timed out reading s3://unidata-nexrad-level2/2022/04/13/KLOT/KLOT20220413_224940_V06
ERROR: Timed out reading s3://unidata-nexrad-level2/2022/04/20/KVWX/KVWX20220420_055339_V06
Completed 95% of df
ERROR: Timed out reading s3://unidata-nexrad-level2/2022/04/02/KGSP/KGSP20220402_190458_V06
ERROR: Timed out reading s3://unidata-nexrad-level2/2022/04/15/KAMX/KAMX20220415_173508_V06
ERROR: Timed out reading s3://unidata-nexrad-level2/2022/04/15/KAMX/KAMX20220415_173508_V06
ERROR: Timed out reading s3://unidata-nexrad-level2/2022/04/15/KMLB/KMLB20220415_173511_V06
ERROR: Timed out reading s3://unidata-nexrad-level2/2022/04/25/KIND/KIND20220425_201313_V06
ERROR: Timed out reading s3://unidata-nexrad-level2/2022/04/06/KTWX/KTWX20220406_152031_V06
ERROR: Timed out reading s3://unidata-nexrad-level2/2022/04/26/KBMX/KBMX20220426_174529_V06
ERROR: Timed out reading s3://unidata-nexrad-level2/2022/04/26/KMXX/KMXX20220426_174355_V06
ERROR: Timed out reading s3://unidata-nexrad-level2/2022/04/26/KHTX/KHTX20220426_174802_V06
Completed 100% of df
Python script exit code: 0
Compressing output directory into /cluster/tufts/capstone25skyblue/eelkus01/NEXRADTurbulencePrediction/model_inputs/compressed/2022_04.tar.xz
2022_04/
2022_04/0000001_2022_4_df_row.nc
2022_04/0000005_2022_4_df_row.nc
2022_04/0000007_2022_4_df_row.nc
2022_04/0000009_2022_4_df_row.nc
2022_04/0000011_2022_4_df_row.nc
2022_04/0000016_2022_4_df_row.nc
2022_04/0000022_2022_4_df_row.nc
2022_04/0000030_2022_4_df_row.nc
2022_04/0000035_2022_4_df_row.nc
2022_04/0000037_2022_4_df_row.nc
2022_04/0000038_2022_4_df_row.nc
2022_04/0000041_2022_4_df_row.nc
2022_04/0000044_2022_4_df_row.nc
2022_04/0000048_2022_4_df_row.nc
2022_04/0000050_2022_4_df_row.nc
2022_04/0000054_2022_4_df_row.nc
2022_04/0000066_2022_4_df_row.nc
2022_04/0000072_2022_4_df_row.nc
2022_04/0000073_2022_4_df_row.nc
2022_04/0000074_2022_4_df_row.nc
2022_04/0000076_2022_4_df_row.nc
2022_04/0000078_2022_4_df_row.nc
2022_04/0000084_2022_4_df_row.nc
2022_04/0000087_2022_4_df_row.nc
2022_04/0000090_2022_4_df_row.nc
2022_04/0000091_2022_4_df_row.nc
2022_04/0000092_2022_4_df_row.nc
2022_04/0000093_2022_4_df_row.nc
2022_04/0000094_2022_4_df_row.nc
2022_04/0000098_2022_4_df_row.nc
2022_04/0000099_2022_4_df_row.nc
2022_04/0000104_2022_4_df_row.nc
2022_04/0000110_2022_4_df_row.nc
2022_04/0000112_2022_4_df_row.nc
2022_04/0000113_2022_4_df_row.nc
2022_04/0000115_2022_4_df_row.nc
2022_04/0000119_2022_4_df_row.nc
2022_04/0000124_2022_4_df_row.nc
2022_04/0000128_2022_4_df_row.nc
2022_04/0000130_2022_4_df_row.nc
2022_04/0000131_2022_4_df_row.nc
2022_04/0000132_2022_4_df_row.nc
2022_04/0000133_2022_4_df_row.nc
2022_04/0000135_2022_4_df_row.nc
2022_04/0000140_2022_4_df_row.nc
2022_04/0000142_2022_4_df_row.nc
2022_04/0000145_2022_4_df_row.nc
2022_04/0000146_2022_4_df_row.nc
2022_04/0000149_2022_4_df_row.nc
2022_04/0000152_2022_4_df_row.nc
2022_04/0000153_2022_4_df_row.nc
2022_04/0000155_2022_4_df_row.nc
2022_04/0000161_2022_4_df_row.nc
2022_04/0000167_2022_4_df_row.nc
2022_04/0000169_2022_4_df_row.nc
2022_04/0000170_2022_4_df_row.nc
2022_04/0000173_2022_4_df_row.nc
2022_04/0000174_2022_4_df_row.nc
2022_04/0000175_2022_4_df_row.nc
2022_04/0000176_2022_4_df_row.nc
2022_04/0000179_2022_4_df_row.nc
2022_04/0000181_2022_4_df_row.nc
2022_04/0000182_2022_4_df_row.nc
2022_04/0000184_2022_4_df_row.nc
2022_04/0000186_2022_4_df_row.nc
2022_04/0000187_2022_4_df_row.nc
2022_04/0000189_2022_4_df_row.nc
2022_04/0000192_2022_4_df_row.nc
2022_04/0000194_2022_4_df_row.nc
2022_04/0000196_2022_4_df_row.nc
2022_04/0000199_2022_4_df_row.nc
2022_04/0000203_2022_4_df_row.nc
2022_04/0000207_2022_4_df_row.nc
2022_04/0000211_2022_4_df_row.nc
2022_04/0000212_2022_4_df_row.nc
2022_04/0000213_2022_4_df_row.nc
2022_04/0000217_2022_4_df_row.nc
2022_04/0000218_2022_4_df_row.nc
2022_04/0000221_2022_4_df_row.nc
2022_04/0000227_2022_4_df_row.nc
2022_04/0000229_2022_4_df_row.nc
2022_04/0000232_2022_4_df_row.nc
2022_04/0000235_2022_4_df_row.nc
2022_04/0000236_2022_4_df_row.nc
2022_04/0000239_2022_4_df_row.nc
2022_04/0000241_2022_4_df_row.nc
2022_04/0000244_2022_4_df_row.nc
2022_04/0000245_2022_4_df_row.nc
2022_04/0000253_2022_4_df_row.nc
2022_04/0000254_2022_4_df_row.nc
2022_04/0000255_2022_4_df_row.nc
2022_04/0000258_2022_4_df_row.nc
2022_04/0000260_2022_4_df_row.nc
2022_04/0000261_2022_4_df_row.nc
2022_04/0000262_2022_4_df_row.nc
2022_04/0000263_2022_4_df_row.nc
2022_04/0000266_2022_4_df_row.nc
2022_04/0000272_2022_4_df_row.nc
2022_04/0000273_2022_4_df_row.nc
2022_04/0000278_2022_4_df_row.nc
2022_04/0000279_2022_4_df_row.nc
2022_04/0000280_2022_4_df_row.nc
2022_04/0000282_2022_4_df_row.nc
2022_04/0000283_2022_4_df_row.nc
2022_04/0000284_2022_4_df_row.nc
2022_04/0000285_2022_4_df_row.nc
2022_04/0000291_2022_4_df_row.nc
2022_04/0000298_2022_4_df_row.nc
2022_04/0000299_2022_4_df_row.nc
2022_04/0000302_2022_4_df_row.nc
2022_04/0000303_2022_4_df_row.nc
2022_04/0000305_2022_4_df_row.nc
2022_04/0000307_2022_4_df_row.nc
2022_04/0000309_2022_4_df_row.nc
2022_04/0000312_2022_4_df_row.nc
2022_04/0000314_2022_4_df_row.nc
2022_04/0000319_2022_4_df_row.nc
2022_04/0000320_2022_4_df_row.nc
2022_04/0000322_2022_4_df_row.nc
2022_04/0000323_2022_4_df_row.nc
2022_04/0000327_2022_4_df_row.nc
2022_04/0000329_2022_4_df_row.nc
2022_04/0000331_2022_4_df_row.nc
2022_04/0000332_2022_4_df_row.nc
2022_04/0000333_2022_4_df_row.nc
2022_04/0000336_2022_4_df_row.nc
2022_04/0000342_2022_4_df_row.nc
2022_04/0000344_2022_4_df_row.nc
2022_04/0000345_2022_4_df_row.nc
2022_04/0000346_2022_4_df_row.nc
2022_04/0000348_2022_4_df_row.nc
2022_04/0000350_2022_4_df_row.nc
2022_04/0000351_2022_4_df_row.nc
2022_04/0000354_2022_4_df_row.nc
2022_04/0000360_2022_4_df_row.nc
2022_04/0000367_2022_4_df_row.nc
2022_04/0000369_2022_4_df_row.nc
2022_04/0000374_2022_4_df_row.nc
2022_04/0000376_2022_4_df_row.nc
2022_04/0000377_2022_4_df_row.nc
2022_04/0000380_2022_4_df_row.nc
2022_04/0000390_2022_4_df_row.nc
2022_04/0000393_2022_4_df_row.nc
2022_04/0000397_2022_4_df_row.nc
2022_04/0000410_2022_4_df_row.nc
2022_04/0000412_2022_4_df_row.nc
2022_04/0000413_2022_4_df_row.nc
2022_04/0000420_2022_4_df_row.nc
2022_04/0000427_2022_4_df_row.nc
2022_04/0000432_2022_4_df_row.nc
2022_04/0000433_2022_4_df_row.nc
2022_04/0000435_2022_4_df_row.nc
2022_04/0000436_2022_4_df_row.nc
2022_04/0000438_2022_4_df_row.nc
2022_04/0000443_2022_4_df_row.nc
2022_04/0000446_2022_4_df_row.nc
2022_04/0000447_2022_4_df_row.nc
2022_04/0000449_2022_4_df_row.nc
2022_04/0000450_2022_4_df_row.nc
2022_04/0000451_2022_4_df_row.nc
2022_04/0000452_2022_4_df_row.nc
2022_04/0000459_2022_4_df_row.nc
2022_04/0000464_2022_4_df_row.nc
2022_04/0000467_2022_4_df_row.nc
2022_04/0000468_2022_4_df_row.nc
2022_04/0000475_2022_4_df_row.nc
2022_04/0000479_2022_4_df_row.nc
2022_04/0000481_2022_4_df_row.nc
2022_04/0000484_2022_4_df_row.nc
2022_04/0000486_2022_4_df_row.nc
2022_04/0000495_2022_4_df_row.nc
2022_04/0000499_2022_4_df_row.nc
2022_04/0000502_2022_4_df_row.nc
2022_04/0000505_2022_4_df_row.nc
2022_04/0000506_2022_4_df_row.nc
2022_04/0000508_2022_4_df_row.nc
2022_04/0000511_2022_4_df_row.nc
2022_04/0000519_2022_4_df_row.nc
2022_04/0000520_2022_4_df_row.nc
2022_04/0000523_2022_4_df_row.nc
2022_04/0000524_2022_4_df_row.nc
2022_04/0000525_2022_4_df_row.nc
2022_04/0000527_2022_4_df_row.nc
2022_04/0000529_2022_4_df_row.nc
2022_04/0000535_2022_4_df_row.nc
2022_04/0000536_2022_4_df_row.nc
2022_04/0000545_2022_4_df_row.nc
2022_04/0000548_2022_4_df_row.nc
2022_04/0000551_2022_4_df_row.nc
2022_04/0000556_2022_4_df_row.nc
2022_04/0000557_2022_4_df_row.nc
2022_04/0000569_2022_4_df_row.nc
2022_04/0000571_2022_4_df_row.nc
2022_04/0000572_2022_4_df_row.nc
2022_04/0000573_2022_4_df_row.nc
2022_04/0000580_2022_4_df_row.nc
2022_04/0000581_2022_4_df_row.nc
2022_04/0000582_2022_4_df_row.nc
2022_04/0000585_2022_4_df_row.nc
2022_04/0000586_2022_4_df_row.nc
2022_04/0000591_2022_4_df_row.nc
2022_04/0000594_2022_4_df_row.nc
2022_04/0000595_2022_4_df_row.nc
2022_04/0000599_2022_4_df_row.nc
2022_04/0000600_2022_4_df_row.nc
2022_04/0000602_2022_4_df_row.nc
2022_04/0000607_2022_4_df_row.nc
2022_04/0000608_2022_4_df_row.nc
2022_04/0000609_2022_4_df_row.nc
2022_04/0000612_2022_4_df_row.nc
2022_04/0000618_2022_4_df_row.nc
2022_04/0000621_2022_4_df_row.nc
2022_04/0000622_2022_4_df_row.nc
2022_04/0000625_2022_4_df_row.nc
2022_04/0000634_2022_4_df_row.nc
2022_04/0000637_2022_4_df_row.nc
2022_04/0000638_2022_4_df_row.nc
2022_04/0000639_2022_4_df_row.nc
2022_04/0000641_2022_4_df_row.nc
2022_04/0000645_2022_4_df_row.nc
2022_04/0000646_2022_4_df_row.nc
2022_04/0000648_2022_4_df_row.nc
2022_04/0000662_2022_4_df_row.nc
2022_04/0000668_2022_4_df_row.nc
2022_04/0000672_2022_4_df_row.nc
2022_04/0000675_2022_4_df_row.nc
2022_04/0000677_2022_4_df_row.nc
2022_04/0000678_2022_4_df_row.nc
2022_04/0000680_2022_4_df_row.nc
2022_04/0000683_2022_4_df_row.nc
2022_04/0000686_2022_4_df_row.nc
Removing uncompressed directory /cluster/tufts/capstone25skyblue/eelkus01/NEXRADTurbulencePrediction/model_inputs/2022_04
Deactivating conda environment (if any)
Purging all modules
Done! Environment has been torn down
All done!
