Resetting environment
Deactivating conda environment (if any)
Purging all modules
Done! Environment has been torn down
Allocating resources with slurm...
Loading cuda and miniforge...
Activating conda environment...
Redirecting into the NEXRAD repo...
Done! Environment has now been set up
Processing 2010/11
Running radar_data_to_model_input on /cluster/tufts/capstone25skyblue/eelkus01/NEXRADTurbulencePrediction/radars/pirep_with_radar_data/2010/11.csv
Reading from file: /cluster/tufts/capstone25skyblue/eelkus01/NEXRADTurbulencePrediction/radars/pirep_with_radar_data/2010/11.csv and outputting to directory: /cluster/tufts/capstone25skyblue/eelkus01/NEXRADTurbulencePrediction/model_inputs/2010_11
Completed 5% of df
Completed 10% of df
Completed 15% of df
Completed 20% of df
Completed 25% of df
Completed 30% of df
ERROR: Failed to read radar file s3://unidata-nexrad-level2/2010/11/03/KEVX/KEVX20101103_162314_V04.gz: IndexError: list index out of range
Completed 35% of df
ERROR: Failed to read radar file s3://unidata-nexrad-level2/2010/11/05/KTYX/KTYX20101105_165304_V04.gz: IndexError: list index out of range
Completed 40% of df
Completed 45% of df
ERROR: Failed to read radar file s3://unidata-nexrad-level2/2010/11/26/KJGX/KJGX20101126_094159_V04.gz: IndexError: list index out of range
Completed 50% of df
ERROR: Failed to read radar file s3://unidata-nexrad-level2/2010/11/23/KTYX/KTYX20101123_212547_V04.gz: IndexError: list index out of range
Completed 55% of df
Completed 60% of df
Completed 65% of df
Completed 70% of df
Completed 75% of df
ERROR: Failed to read radar file s3://unidata-nexrad-level2/2010/11/05/KTYX/KTYX20101105_213347_V04.gz: IndexError: list index out of range
Completed 80% of df
Completed 85% of df
ERROR: Failed to read radar file s3://unidata-nexrad-level2/2010/11/15/KHDX/KHDX20101115_161024_V04.gz: IndexError: list index out of range
ERROR: Failed to read radar file s3://unidata-nexrad-level2/2010/11/16/KHDX/KHDX20101116_014717_V04.gz: IndexError: list index out of range
ERROR: Failed to read radar file s3://unidata-nexrad-level2/2010/11/16/KFDX/KFDX20101116_014904_V04.gz: IndexError: list index out of range
Completed 90% of df
Completed 95% of df
ERROR: Failed to read radar file s3://unidata-nexrad-level2/2010/11/05/KTYX/KTYX20101105_200644_V04.gz: IndexError: list index out of range
Completed 100% of df
Completed 105% of df
Python script exit code: 0
Compressing output directory into /cluster/tufts/capstone25skyblue/eelkus01/NEXRADTurbulencePrediction/model_inputs/compressed/2010_11.tar.xz
2010_11/
2010_11/0000005_2010_11_df_row.nc
2010_11/0000023_2010_11_df_row.nc
2010_11/0000032_2010_11_df_row.nc
2010_11/0000033_2010_11_df_row.nc
2010_11/0000035_2010_11_df_row.nc
2010_11/0000049_2010_11_df_row.nc
2010_11/0000060_2010_11_df_row.nc
2010_11/0000062_2010_11_df_row.nc
2010_11/0000069_2010_11_df_row.nc
2010_11/0000080_2010_11_df_row.nc
2010_11/0000085_2010_11_df_row.nc
2010_11/0000087_2010_11_df_row.nc
2010_11/0000088_2010_11_df_row.nc
2010_11/0000089_2010_11_df_row.nc
2010_11/0000095_2010_11_df_row.nc
2010_11/0000096_2010_11_df_row.nc
2010_11/0000110_2010_11_df_row.nc
2010_11/0000117_2010_11_df_row.nc
2010_11/0000119_2010_11_df_row.nc
2010_11/0000121_2010_11_df_row.nc
2010_11/0000125_2010_11_df_row.nc
2010_11/0000131_2010_11_df_row.nc
2010_11/0000142_2010_11_df_row.nc
2010_11/0000147_2010_11_df_row.nc
2010_11/0000149_2010_11_df_row.nc
2010_11/0000153_2010_11_df_row.nc
2010_11/0000155_2010_11_df_row.nc
2010_11/0000159_2010_11_df_row.nc
2010_11/0000162_2010_11_df_row.nc
2010_11/0000164_2010_11_df_row.nc
2010_11/0000166_2010_11_df_row.nc
2010_11/0000167_2010_11_df_row.nc
2010_11/0000172_2010_11_df_row.nc
2010_11/0000173_2010_11_df_row.nc
2010_11/0000176_2010_11_df_row.nc
2010_11/0000181_2010_11_df_row.nc
2010_11/0000183_2010_11_df_row.nc
2010_11/0000185_2010_11_df_row.nc
2010_11/0000186_2010_11_df_row.nc
2010_11/0000191_2010_11_df_row.nc
2010_11/0000193_2010_11_df_row.nc
2010_11/0000202_2010_11_df_row.nc
2010_11/0000203_2010_11_df_row.nc
2010_11/0000207_2010_11_df_row.nc
2010_11/0000212_2010_11_df_row.nc
2010_11/0000216_2010_11_df_row.nc
2010_11/0000220_2010_11_df_row.nc
2010_11/0000227_2010_11_df_row.nc
2010_11/0000229_2010_11_df_row.nc
2010_11/0000230_2010_11_df_row.nc
2010_11/0000242_2010_11_df_row.nc
2010_11/0000244_2010_11_df_row.nc
2010_11/0000246_2010_11_df_row.nc
2010_11/0000257_2010_11_df_row.nc
2010_11/0000267_2010_11_df_row.nc
2010_11/0000276_2010_11_df_row.nc
Removing uncompressed directory /cluster/tufts/capstone25skyblue/eelkus01/NEXRADTurbulencePrediction/model_inputs/2010_11
Deactivating conda environment (if any)
Purging all modules
Done! Environment has been torn down
All done!
