Resetting environment
Deactivating conda environment (if any)
Purging all modules
Done! Environment has been torn down
Allocating resources with slurm...
Loading cuda and miniforge...
Activating conda environment...
Redirecting into the NEXRAD repo...
Done! Environment has now been set up
Processing 2013/08
Running radar_data_to_model_input on /cluster/tufts/capstone25skyblue/eelkus01/NEXRADTurbulencePrediction/radars/pirep_with_radar_data/2013/08.csv
Reading from file: /cluster/tufts/capstone25skyblue/eelkus01/NEXRADTurbulencePrediction/radars/pirep_with_radar_data/2013/08.csv and outputting to directory: /cluster/tufts/capstone25skyblue/eelkus01/NEXRADTurbulencePrediction/model_inputs/2013_08
ERROR: Failed to read radar file s3://unidata-nexrad-level2/2013/08/02/KMHX/KMHX20130802_160012_V06.gz: OSError: unknown compression record
Completed 5% of df
Completed 10% of df
Completed 15% of df
Completed 20% of df
Completed 25% of df
Completed 30% of df
Completed 35% of df
ERROR: Failed to read radar file s3://unidata-nexrad-level2/2013/08/22/KLOT/KLOT20130822_134955_V06.gz: OSError: unknown compression record
ERROR: Failed to read radar file s3://unidata-nexrad-level2/2013/08/01/KMBX/KMBX20130801_135311_V06.gz: OSError: unknown compression record
Completed 40% of df
ERROR: Failed to read radar file s3://unidata-nexrad-level2/2013/08/07/KIND/KIND20130807_112621_V06.gz: OSError: unknown compression record
Completed 45% of df
ERROR: Failed to read radar file s3://unidata-nexrad-level2/2013/08/02/KFCX/KFCX20130802_001156_V06.gz: OSError: unknown compression record
Completed 50% of df
Completed 55% of df
Completed 60% of df
ERROR: Failed to read radar file s3://unidata-nexrad-level2/2013/08/12/KTYX/KTYX20130812_194013_V07.gz: OSError: unknown compression record
Completed 65% of df
Completed 70% of df
Completed 75% of df
Completed 80% of df
Completed 85% of df
Completed 90% of df
Completed 95% of df
Completed 100% of df
ERROR: Failed to read radar file s3://unidata-nexrad-level2/2013/08/22/KLOT/KLOT20130822_161637_V06.gz: OSError: unknown compression record
Completed 105% of df
Python script exit code: 0
Compressing output directory into /cluster/tufts/capstone25skyblue/eelkus01/NEXRADTurbulencePrediction/model_inputs/compressed/2013_08.tar.xz
2013_08/
2013_08/0000000_2013_8_df_row.nc
2013_08/0000001_2013_8_df_row.nc
2013_08/0000005_2013_8_df_row.nc
2013_08/0000009_2013_8_df_row.nc
2013_08/0000010_2013_8_df_row.nc
2013_08/0000012_2013_8_df_row.nc
2013_08/0000022_2013_8_df_row.nc
2013_08/0000023_2013_8_df_row.nc
2013_08/0000024_2013_8_df_row.nc
2013_08/0000027_2013_8_df_row.nc
2013_08/0000031_2013_8_df_row.nc
2013_08/0000032_2013_8_df_row.nc
2013_08/0000034_2013_8_df_row.nc
2013_08/0000036_2013_8_df_row.nc
2013_08/0000038_2013_8_df_row.nc
2013_08/0000039_2013_8_df_row.nc
2013_08/0000041_2013_8_df_row.nc
2013_08/0000042_2013_8_df_row.nc
2013_08/0000043_2013_8_df_row.nc
2013_08/0000045_2013_8_df_row.nc
2013_08/0000046_2013_8_df_row.nc
2013_08/0000047_2013_8_df_row.nc
2013_08/0000049_2013_8_df_row.nc
2013_08/0000050_2013_8_df_row.nc
2013_08/0000053_2013_8_df_row.nc
2013_08/0000054_2013_8_df_row.nc
2013_08/0000055_2013_8_df_row.nc
2013_08/0000056_2013_8_df_row.nc
2013_08/0000058_2013_8_df_row.nc
2013_08/0000060_2013_8_df_row.nc
2013_08/0000063_2013_8_df_row.nc
2013_08/0000065_2013_8_df_row.nc
2013_08/0000067_2013_8_df_row.nc
2013_08/0000068_2013_8_df_row.nc
2013_08/0000069_2013_8_df_row.nc
2013_08/0000072_2013_8_df_row.nc
2013_08/0000076_2013_8_df_row.nc
2013_08/0000077_2013_8_df_row.nc
2013_08/0000078_2013_8_df_row.nc
2013_08/0000086_2013_8_df_row.nc
2013_08/0000088_2013_8_df_row.nc
2013_08/0000092_2013_8_df_row.nc
2013_08/0000096_2013_8_df_row.nc
2013_08/0000097_2013_8_df_row.nc
2013_08/0000100_2013_8_df_row.nc
2013_08/0000104_2013_8_df_row.nc
2013_08/0000105_2013_8_df_row.nc
2013_08/0000109_2013_8_df_row.nc
2013_08/0000116_2013_8_df_row.nc
2013_08/0000119_2013_8_df_row.nc
2013_08/0000122_2013_8_df_row.nc
2013_08/0000123_2013_8_df_row.nc
2013_08/0000124_2013_8_df_row.nc
2013_08/0000126_2013_8_df_row.nc
2013_08/0000130_2013_8_df_row.nc
2013_08/0000133_2013_8_df_row.nc
2013_08/0000134_2013_8_df_row.nc
2013_08/0000135_2013_8_df_row.nc
2013_08/0000136_2013_8_df_row.nc
2013_08/0000139_2013_8_df_row.nc
2013_08/0000142_2013_8_df_row.nc
2013_08/0000145_2013_8_df_row.nc
2013_08/0000151_2013_8_df_row.nc
2013_08/0000155_2013_8_df_row.nc
2013_08/0000157_2013_8_df_row.nc
2013_08/0000158_2013_8_df_row.nc
2013_08/0000163_2013_8_df_row.nc
2013_08/0000165_2013_8_df_row.nc
2013_08/0000166_2013_8_df_row.nc
2013_08/0000168_2013_8_df_row.nc
2013_08/0000169_2013_8_df_row.nc
Removing uncompressed directory /cluster/tufts/capstone25skyblue/eelkus01/NEXRADTurbulencePrediction/model_inputs/2013_08
Deactivating conda environment (if any)
Purging all modules
Done! Environment has been torn down
All done!
