Resetting environment
Deactivating conda environment (if any)
Purging all modules
Done! Environment has been torn down
Allocating resources with slurm...
Loading cuda and miniforge...
Activating conda environment...
Redirecting into the NEXRAD repo...
Done! Environment has now been set up
Processing 2023/03
Running radar_data_to_model_input on /cluster/tufts/capstone25skyblue/eelkus01/NEXRADTurbulencePrediction/radars/pirep_with_radar_data/2023/03.csv
Reading from file: /cluster/tufts/capstone25skyblue/eelkus01/NEXRADTurbulencePrediction/radars/pirep_with_radar_data/2023/03.csv and outputting to directory: /cluster/tufts/capstone25skyblue/eelkus01/NEXRADTurbulencePrediction/model_inputs/2023_03
Completed 5% of df
Completed 10% of df
Completed 15% of df
Completed 20% of df
ERROR: Failed to read radar file s3://unidata-nexrad-level2/2023/03/27/PAPD/PAPD20230327_214334_V06: IndexError: index 0 is out of bounds for axis 0 with size 0
Completed 25% of df
Completed 30% of df
Completed 35% of df
Completed 40% of df
Completed 45% of df
Completed 50% of df
ERROR: Failed to read radar file s3://unidata-nexrad-level2/2023/03/03/KGRK/KGRK20230303_045813_V06: IndexError: index 0 is out of bounds for axis 0 with size 0
ERROR: Timed out reading s3://unidata-nexrad-level2/2023/03/09/KDOX/KDOX20230309_201618_V06
ERROR: Timed out reading s3://unidata-nexrad-level2/2023/03/13/KBHX/KBHX20230313_171927_V06
ERROR: Timed out reading s3://unidata-nexrad-level2/2023/03/13/KMUX/KMUX20230313_172151_V06
ERROR: Timed out reading s3://unidata-nexrad-level2/2023/03/13/KDAX/KDAX20230313_172324_V06
ERROR: Timed out reading s3://unidata-nexrad-level2/2023/03/13/KBBX/KBBX20230313_172356_V06
Completed 55% of df
ERROR: Timed out reading s3://unidata-nexrad-level2/2023/03/18/KBBX/KBBX20230318_172323_V06
ERROR: Timed out reading s3://unidata-nexrad-level2/2023/03/23/KLOT/KLOT20230323_131326_V06
ERROR: Timed out reading s3://unidata-nexrad-level2/2023/03/23/KMKX/KMKX20230323_131529_V06
ERROR: Timed out reading s3://unidata-nexrad-level2/2023/03/23/KIWX/KIWX20230323_131332_V06
ERROR: Timed out reading s3://unidata-nexrad-level2/2023/03/23/KILX/KILX20230323_131440_V06
ERROR: Timed out reading s3://unidata-nexrad-level2/2023/03/26/KAMX/KAMX20230326_230727_V06
ERROR: Timed out reading s3://unidata-nexrad-level2/2023/03/25/KBOX/KBOX20230325_183500_V06
ERROR: Timed out reading s3://unidata-nexrad-level2/2023/03/25/KGYX/KGYX20230325_184029_V06
ERROR: Timed out reading s3://unidata-nexrad-level2/2023/03/25/KOKX/KOKX20230325_184048_V06
ERROR: Timed out reading s3://unidata-nexrad-level2/2023/03/25/KENX/KENX20230325_184042_V06
ERROR: Timed out reading s3://unidata-nexrad-level2/2023/03/25/KCXX/KCXX20230325_183554_V06
ERROR: Timed out reading s3://unidata-nexrad-level2/2023/03/10/KRGX/KRGX20230310_180459_V06
ERROR: Timed out reading s3://unidata-nexrad-level2/2023/03/10/KBBX/KBBX20230310_180417_V06
ERROR: Timed out reading s3://unidata-nexrad-level2/2023/03/10/KDAX/KDAX20230310_180542_V06
ERROR: Timed out reading s3://unidata-nexrad-level2/2023/03/10/KMUX/KMUX20230310_180527_V06
ERROR: Timed out reading s3://unidata-nexrad-level2/2023/03/10/KHNX/KHNX20230310_180057_V06
ERROR: Timed out reading s3://unidata-nexrad-level2/2023/03/22/KFTG/KFTG20230322_214133_V06
ERROR: Timed out reading s3://unidata-nexrad-level2/2023/03/22/KCYS/KCYS20230322_213712_V06
ERROR: Timed out reading s3://unidata-nexrad-level2/2023/03/22/KGLD/KGLD20230322_214225_V06
ERROR: Timed out reading s3://unidata-nexrad-level2/2023/03/22/KGJX/KGJX20230322_213757_V06
ERROR: Timed out reading s3://unidata-nexrad-level2/2023/03/12/KPBZ/KPBZ20230312_191606_V06
ERROR: Timed out reading s3://unidata-nexrad-level2/2023/03/12/KCLE/KCLE20230312_191337_V06
ERROR: Timed out reading s3://unidata-nexrad-level2/2023/03/12/KRLX/KRLX20230312_191708_V06
ERROR: Timed out reading s3://unidata-nexrad-level2/2023/03/12/KJKL/KJKL20230312_191603_V06
ERROR: Timed out reading s3://unidata-nexrad-level2/2023/03/03/KLBB/KLBB20230303_042729_V06
ERROR: Timed out reading s3://unidata-nexrad-level2/2023/03/03/KDYX/KDYX20230303_043048_V06
ERROR: Timed out reading s3://unidata-nexrad-level2/2023/03/03/KAMA/KAMA20230303_042315_V06
ERROR: Timed out reading s3://unidata-nexrad-level2/2023/03/03/KMAF/KMAF20230303_043119_V06
ERROR: Timed out reading s3://unidata-nexrad-level2/2023/03/11/KLVX/KLVX20230311_155743_V06
ERROR: Timed out reading s3://unidata-nexrad-level2/2023/03/11/KIWX/KIWX20230311_155356_V06
ERROR: Timed out reading s3://unidata-nexrad-level2/2023/03/10/KMUX/KMUX20230310_023954_V06
ERROR: Timed out reading s3://unidata-nexrad-level2/2023/03/10/KBBX/KBBX20230310_023529_V06
ERROR: Timed out reading s3://unidata-nexrad-level2/2023/03/10/KHNX/KHNX20230310_023831_V06
ERROR: Timed out reading s3://unidata-nexrad-level2/2023/03/10/KBHX/KBHX20230310_023634_V06
ERROR: Timed out reading s3://unidata-nexrad-level2/2023/03/07/KLWX/KLWX20230307_185447_V06
ERROR: Timed out reading s3://unidata-nexrad-level2/2023/03/07/KDOX/KDOX20230307_185824_V06
ERROR: Timed out reading s3://unidata-nexrad-level2/2023/03/07/KDIX/KDIX20230307_185916_V06
ERROR: Timed out reading s3://unidata-nexrad-level2/2023/03/07/KBGM/KBGM20230307_190017_V06
ERROR: Timed out reading s3://unidata-nexrad-level2/2023/03/25/KGRB/KGRB20230325_191451_V06
ERROR: Timed out reading s3://unidata-nexrad-level2/2023/03/25/KARX/KARX20230325_190935_V06
ERROR: Timed out reading s3://unidata-nexrad-level2/2023/03/25/KLOT/KLOT20230325_190846_V06
ERROR: Timed out reading s3://unidata-nexrad-level2/2023/03/25/KDVN/KDVN20230325_191240_V06
ERROR: Timed out reading s3://unidata-nexrad-level2/2023/03/19/KCCX/KCCX20230319_151425_V06
ERROR: Timed out reading s3://unidata-nexrad-level2/2023/03/19/KPBZ/KPBZ20230319_151555_V06
ERROR: Timed out reading s3://unidata-nexrad-level2/2023/03/19/KAKQ/KAKQ20230319_151911_V06
ERROR: Timed out reading s3://unidata-nexrad-level2/2023/03/10/KEYX/KEYX20230310_192110_V06
ERROR: Timed out reading s3://unidata-nexrad-level2/2023/03/03/KCRP/KCRP20230303_004901_V06
ERROR: Timed out reading s3://unidata-nexrad-level2/2023/03/03/KGRK/KGRK20230303_004925_V06
ERROR: Timed out reading s3://unidata-nexrad-level2/2023/03/03/KSJT/KSJT20230303_004959_V06
ERROR: Timed out reading s3://unidata-nexrad-level2/2023/03/25/KJAX/KJAX20230325_180536_V06
ERROR: Timed out reading s3://unidata-nexrad-level2/2023/03/25/KTBW/KTBW20230325_180418_V06
ERROR: Timed out reading s3://unidata-nexrad-level2/2023/03/25/KVAX/KVAX20230325_180515_V06
ERROR: Timed out reading s3://unidata-nexrad-level2/2023/03/25/KCLX/KCLX20230325_180432_V06
ERROR: Timed out reading s3://unidata-nexrad-level2/2023/03/10/KMPX/KMPX20230310_135120_V06
ERROR: Timed out reading s3://unidata-nexrad-level2/2023/03/10/KMVX/KMVX20230310_135615_V06
ERROR: Timed out reading s3://unidata-nexrad-level2/2023/03/10/KDLH/KDLH20230310_135326_V06
ERROR: Timed out reading s3://unidata-nexrad-level2/2023/03/17/KIND/KIND20230317_170735_V06
ERROR: Timed out reading s3://unidata-nexrad-level2/2023/03/17/KILN/KILN20230317_170821_V06
ERROR: Timed out reading s3://unidata-nexrad-level2/2023/03/17/KVWX/KVWX20230317_170706_V06
ERROR: Timed out reading s3://unidata-nexrad-level2/2023/03/17/KJKL/KJKL20230317_170706_V06
ERROR: Timed out reading s3://unidata-nexrad-level2/2023/03/10/KHDX/KHDX20230310_065302_V06
ERROR: Timed out reading s3://unidata-nexrad-level2/2023/03/10/KEPZ/KEPZ20230310_065506_V06
ERROR: Timed out reading s3://unidata-nexrad-level2/2023/03/10/KFSX/KFSX20230310_065608_V06
ERROR: Timed out reading s3://unidata-nexrad-level2/2023/03/10/KFSX/KFSX20230310_065608_V06
ERROR: Timed out reading s3://unidata-nexrad-level2/2023/03/24/KEAX/KEAX20230324_163616_V06
ERROR: Timed out reading s3://unidata-nexrad-level2/2023/03/24/KTWX/KTWX20230324_163151_V06
ERROR: Timed out reading s3://unidata-nexrad-level2/2023/03/24/KLSX/KLSX20230324_163559_V06
ERROR: Timed out reading s3://unidata-nexrad-level2/2023/03/24/KSGF/KSGF20230324_163724_V06
ERROR: Timed out reading s3://unidata-nexrad-level2/2023/03/24/KDMX/KDMX20230324_163206_V06
ERROR: Timed out reading s3://unidata-nexrad-level2/2023/03/25/KCYS/KCYS20230325_210236_V06
ERROR: Timed out reading s3://unidata-nexrad-level2/2023/03/25/KPUX/KPUX20230325_210223_V06
ERROR: Timed out reading s3://unidata-nexrad-level2/2023/03/25/KGLD/KGLD20230325_210500_V06
ERROR: Timed out reading s3://unidata-nexrad-level2/2023/03/25/KGJX/KGJX20230325_210451_V06
ERROR: Timed out reading s3://unidata-nexrad-level2/2023/03/22/KLOT/KLOT20230322_202729_V06
ERROR: Timed out reading s3://unidata-nexrad-level2/2023/03/22/KIWX/KIWX20230322_202919_V06
ERROR: Timed out reading s3://unidata-nexrad-level2/2023/03/22/KIND/KIND20230322_202847_V06
ERROR: Timed out reading s3://unidata-nexrad-level2/2023/03/10/KHNX/KHNX20230310_011255_V06
ERROR: Timed out reading s3://unidata-nexrad-level2/2023/03/10/KVBX/KVBX20230310_011150_V06
ERROR: Timed out reading s3://unidata-nexrad-level2/2023/03/10/KDAX/KDAX20230310_011200_V06
ERROR: Timed out reading s3://unidata-nexrad-level2/2023/03/10/KBBX/KBBX20230310_011024_V06
ERROR: Timed out reading s3://unidata-nexrad-level2/2023/03/01/KILN/KILN20230301_234005_V06
ERROR: Timed out reading s3://unidata-nexrad-level2/2023/03/01/KCLE/KCLE20230301_233242_V06
ERROR: Timed out reading s3://unidata-nexrad-level2/2023/03/01/KRLX/KRLX20230301_234032_V06
ERROR: Timed out reading s3://unidata-nexrad-level2/2023/03/26/KPAH/KPAH20230326_225710_V06
ERROR: Timed out reading s3://unidata-nexrad-level2/2023/03/26/KVWX/KVWX20230326_225649_V06
ERROR: Timed out reading s3://unidata-nexrad-level2/2023/03/26/KILX/KILX20230326_225528_V06
ERROR: Timed out reading s3://unidata-nexrad-level2/2023/03/26/KSGF/KSGF20230326_225114_V06
ERROR: Timed out reading s3://unidata-nexrad-level2/2023/03/31/PHKM/PHKM20230331_214829_V06
ERROR: Timed out reading s3://unidata-nexrad-level2/2023/03/31/PHMO/PHMO20230331_214931_V06
ERROR: Timed out reading s3://unidata-nexrad-level2/2023/03/31/PHWA/PHWA20230331_214709_V06
ERROR: Timed out reading s3://unidata-nexrad-level2/2023/03/31/PHKI/PHKI20230331_214846_V06
ERROR: Timed out reading s3://unidata-nexrad-level2/2023/03/10/KMUX/KMUX20230310_011050_V06
ERROR: Timed out reading s3://unidata-nexrad-level2/2023/03/10/KHNX/KHNX20230310_011255_V06
ERROR: Timed out reading s3://unidata-nexrad-level2/2023/03/10/KVBX/KVBX20230310_011150_V06
ERROR: Timed out reading s3://unidata-nexrad-level2/2023/03/10/KDAX/KDAX20230310_011200_V06
ERROR: Timed out reading s3://unidata-nexrad-level2/2023/03/10/KBBX/KBBX20230310_011024_V06
ERROR: Timed out reading s3://unidata-nexrad-level2/2023/03/29/KNKX/KNKX20230329_130348_V06
ERROR: Timed out reading s3://unidata-nexrad-level2/2023/03/29/KEYX/KEYX20230329_130311_V06
ERROR: Timed out reading s3://unidata-nexrad-level2/2023/03/29/KYUX/KYUX20230329_130451_V06
ERROR: Timed out reading s3://unidata-nexrad-level2/2023/03/29/KESX/KESX20230329_125943_V06
ERROR: Timed out reading s3://unidata-nexrad-level2/2023/03/17/PACG/PACG20230317_174839_V06
ERROR: Timed out reading s3://unidata-nexrad-level2/2023/03/17/PAPD/PAPD20230317_174530_V06
ERROR: Timed out reading s3://unidata-nexrad-level2/2023/03/17/PAHG/PAHG20230317_174358_V06
ERROR: Timed out reading s3://unidata-nexrad-level2/2023/03/24/KBOX/KBOX20230324_152055_V06
ERROR: Timed out reading s3://unidata-nexrad-level2/2023/03/24/KOKX/KOKX20230324_151930_V06
ERROR: Timed out reading s3://unidata-nexrad-level2/2023/03/01/KYUX/KYUX20230301_234320_V06
ERROR: Timed out reading s3://unidata-nexrad-level2/2023/03/01/KNKX/KNKX20230301_233825_V06
ERROR: Timed out reading s3://unidata-nexrad-level2/2023/03/01/KFSX/KFSX20230301_234149_V06
ERROR: Timed out reading s3://unidata-nexrad-level2/2023/03/10/KMPX/KMPX20230310_142527_V06
ERROR: Timed out reading s3://unidata-nexrad-level2/2023/03/10/KDLH/KDLH20230310_142923_V06
ERROR: Timed out reading s3://unidata-nexrad-level2/2023/03/14/KPAH/KPAH20230314_212722_V06
ERROR: Timed out reading s3://unidata-nexrad-level2/2023/03/14/KLSX/KLSX20230314_213024_V06
ERROR: Timed out reading s3://unidata-nexrad-level2/2023/03/14/KHPX/KHPX20230314_212647_V06
ERROR: Timed out reading s3://unidata-nexrad-level2/2023/03/23/KOKX/KOKX20230323_113224_V06
ERROR: Timed out reading s3://unidata-nexrad-level2/2023/03/23/KDIX/KDIX20230323_113329_V06
ERROR: Timed out reading s3://unidata-nexrad-level2/2023/03/23/KENX/KENX20230323_113621_V06
ERROR: Timed out reading s3://unidata-nexrad-level2/2023/03/28/KAMX/KAMX20230328_210439_V06
ERROR: Timed out reading s3://unidata-nexrad-level2/2023/03/28/KAMX/KAMX20230328_210439_V06
ERROR: Timed out reading s3://unidata-nexrad-level2/2023/03/28/KMLB/KMLB20230328_210338_V06
ERROR: Timed out reading s3://unidata-nexrad-level2/2023/03/28/KBYX/KBYX20230328_210020_V06
ERROR: Timed out reading s3://unidata-nexrad-level2/2023/03/05/KABX/KABX20230305_182515_V06
ERROR: Timed out reading s3://unidata-nexrad-level2/2023/03/05/KFDX/KFDX20230305_182705_V06
ERROR: Timed out reading s3://unidata-nexrad-level2/2023/03/05/KPUX/KPUX20230305_182657_V06
ERROR: Timed out reading s3://unidata-nexrad-level2/2023/03/05/KGJX/KGJX20230305_183238_V06
ERROR: Timed out reading s3://unidata-nexrad-level2/2023/03/01/KMPX/KMPX20230301_225430_V06
ERROR: Timed out reading s3://unidata-nexrad-level2/2023/03/01/KARX/KARX20230301_225141_V06
ERROR: Timed out reading s3://unidata-nexrad-level2/2023/03/01/KMVX/KMVX20230301_225114_V06
ERROR: Timed out reading s3://unidata-nexrad-level2/2023/03/30/KPUX/KPUX20230330_203558_V06
ERROR: Timed out reading s3://unidata-nexrad-level2/2023/03/30/KCYS/KCYS20230330_203728_V06
ERROR: Timed out reading s3://unidata-nexrad-level2/2023/03/30/KGJX/KGJX20230330_203423_V06
ERROR: Timed out reading s3://unidata-nexrad-level2/2023/03/30/KGLD/KGLD20230330_203220_V06
ERROR: Timed out reading s3://unidata-nexrad-level2/2023/03/30/KPUX/KPUX20230330_204303_V06
ERROR: Timed out reading s3://unidata-nexrad-level2/2023/03/22/KPUX/KPUX20230322_214355_V06
ERROR: Timed out reading s3://unidata-nexrad-level2/2023/03/22/KGJX/KGJX20230322_214431_V06
ERROR: Timed out reading s3://unidata-nexrad-level2/2023/03/22/KGLD/KGLD20230322_214225_V06
ERROR: Timed out reading s3://unidata-nexrad-level2/2023/03/25/KCLX/KCLX20230325_225830_V06
ERROR: Timed out reading s3://unidata-nexrad-level2/2023/03/25/KCAE/KCAE20230325_230132_V06
ERROR: Timed out reading s3://unidata-nexrad-level2/2023/03/25/KJGX/KJGX20230325_230325_V06
ERROR: Timed out reading s3://unidata-nexrad-level2/2023/03/25/KJAX/KJAX20230325_225945_V06
ERROR: Timed out reading s3://unidata-nexrad-level2/2023/03/25/KVAX/KVAX20230325_230046_V06
Completed 60% of df
ERROR: Timed out reading s3://unidata-nexrad-level2/2023/03/02/KPBZ/KPBZ20230302_142427_V06
ERROR: Timed out reading s3://unidata-nexrad-level2/2023/03/02/KCLE/KCLE20230302_142358_V06
ERROR: Timed out reading s3://unidata-nexrad-level2/2023/03/02/KCCX/KCCX20230302_142318_V06
ERROR: Timed out reading s3://unidata-nexrad-level2/2023/03/02/KRLX/KRLX20230302_142403_V06
ERROR: Timed out reading s3://unidata-nexrad-level2/2023/03/22/KGRB/KGRB20230322_233428_V06
ERROR: Timed out reading s3://unidata-nexrad-level2/2023/03/22/KMKX/KMKX20230322_233636_V06
ERROR: Timed out reading s3://unidata-nexrad-level2/2023/03/22/KMQT/KMQT20230322_233335_V06
ERROR: Timed out reading s3://unidata-nexrad-level2/2023/03/22/KDLH/KDLH20230322_233302_V06
ERROR: Timed out reading s3://unidata-nexrad-level2/2023/03/10/KRGX/KRGX20230310_054448_V06
ERROR: Timed out reading s3://unidata-nexrad-level2/2023/03/04/KLOT/KLOT20230304_092922_V06
ERROR: Timed out reading s3://unidata-nexrad-level2/2023/03/04/KIWX/KIWX20230304_093418_V06
ERROR: Timed out reading s3://unidata-nexrad-level2/2023/03/04/KGRR/KGRR20230304_093101_V06
ERROR: Timed out reading s3://unidata-nexrad-level2/2023/03/04/KDVN/KDVN20230304_093406_V06
ERROR: Timed out reading s3://unidata-nexrad-level2/2023/03/02/KFDR/KFDR20230302_201336_V06
ERROR: Timed out reading s3://unidata-nexrad-level2/2023/03/02/KGRK/KGRK20230302_201317_V06
ERROR: Timed out reading s3://unidata-nexrad-level2/2023/03/02/KSJT/KSJT20230302_201221_V06
ERROR: Timed out reading s3://unidata-nexrad-level2/2023/03/10/KICX/KICX20230310_172617_V06
ERROR: Timed out reading s3://unidata-nexrad-level2/2023/03/10/KSOX/KSOX20230310_172708_V06
ERROR: Timed out reading s3://unidata-nexrad-level2/2023/03/10/KNKX/KNKX20230310_172817_V06
ERROR: Timed out reading s3://unidata-nexrad-level2/2023/03/16/KGRK/KGRK20230316_143520_V06
ERROR: Timed out reading s3://unidata-nexrad-level2/2023/03/16/KEWX/KEWX20230316_143512_V06
ERROR: Timed out reading s3://unidata-nexrad-level2/2023/03/16/KLCH/KLCH20230316_143817_V06
ERROR: Timed out reading s3://unidata-nexrad-level2/2023/03/16/KFWS/KFWS20230316_143907_V06
ERROR: Timed out reading s3://unidata-nexrad-level2/2023/03/22/KFTG/KFTG20230322_194857_V06
ERROR: Timed out reading s3://unidata-nexrad-level2/2023/03/22/KCYS/KCYS20230322_194846_V06
ERROR: Timed out reading s3://unidata-nexrad-level2/2023/03/22/KPUX/KPUX20230322_194735_V06
ERROR: Timed out reading s3://unidata-nexrad-level2/2023/03/22/KMTX/KMTX20230322_194816_V06
ERROR: Timed out reading s3://unidata-nexrad-level2/2023/03/03/KMLB/KMLB20230303_222345_V06
ERROR: Timed out reading s3://unidata-nexrad-level2/2023/03/03/KBYX/KBYX20230303_221823_V06
ERROR: Timed out reading s3://unidata-nexrad-level2/2023/03/10/KGJX/KGJX20230310_142731_V06
ERROR: Timed out reading s3://unidata-nexrad-level2/2023/03/10/KABX/KABX20230310_142314_V06
ERROR: Timed out reading s3://unidata-nexrad-level2/2023/03/10/KCYS/KCYS20230310_142837_V06
ERROR: Timed out reading s3://unidata-nexrad-level2/2023/03/13/KJAX/KJAX20230313_010659_V06
ERROR: Timed out reading s3://unidata-nexrad-level2/2023/03/13/KVAX/KVAX20230313_010926_V06
ERROR: Timed out reading s3://unidata-nexrad-level2/2023/03/13/KMLB/KMLB20230313_010649_V06
ERROR: Timed out reading s3://unidata-nexrad-level2/2023/03/21/KFSX/KFSX20230321_202459_V06
ERROR: Timed out reading s3://unidata-nexrad-level2/2023/03/21/KFSX/KFSX20230321_202459_V06
ERROR: Timed out reading s3://unidata-nexrad-level2/2023/03/21/KIWA/KIWA20230321_202940_V06
ERROR: Timed out reading s3://unidata-nexrad-level2/2023/03/21/KICX/KICX20230321_202629_V06
ERROR: Timed out reading s3://unidata-nexrad-level2/2023/03/10/KMUX/KMUX20230310_044729_V06
ERROR: Timed out reading s3://unidata-nexrad-level2/2023/03/10/KHNX/KHNX20230310_044946_V06
ERROR: Timed out reading s3://unidata-nexrad-level2/2023/03/21/KSGF/KSGF20230321_172651_V06
ERROR: Timed out reading s3://unidata-nexrad-level2/2023/03/21/KPAH/KPAH20230321_172718_V06
ERROR: Timed out reading s3://unidata-nexrad-level2/2023/03/21/KSRX/KSRX20230321_172918_V06
ERROR: Timed out reading s3://unidata-nexrad-level2/2023/03/21/KDMX/KDMX20230321_225034_V06
ERROR: Timed out reading s3://unidata-nexrad-level2/2023/03/21/KILX/KILX20230321_224658_V06
ERROR: Timed out reading s3://unidata-nexrad-level2/2023/03/21/KARX/KARX20230321_224437_V06
ERROR: Timed out reading s3://unidata-nexrad-level2/2023/03/21/KMKX/KMKX20230321_225137_V06
ERROR: Timed out reading s3://unidata-nexrad-level2/2023/03/01/KSOX/KSOX20230301_233705_V06
ERROR: Timed out reading s3://unidata-nexrad-level2/2023/03/01/KVTX/KVTX20230301_233856_V06
ERROR: Timed out reading s3://unidata-nexrad-level2/2023/03/01/KEYX/KEYX20230301_233953_V06
ERROR: Timed out reading s3://unidata-nexrad-level2/2023/03/01/KNKX/KNKX20230301_233825_V06
ERROR: Timed out reading s3://unidata-nexrad-level2/2023/03/08/KLWX/KLWX20230308_025302_V06
ERROR: Timed out reading s3://unidata-nexrad-level2/2023/03/08/KOKX/KOKX20230308_025447_V06
ERROR: Timed out reading s3://unidata-nexrad-level2/2023/03/08/KCCX/KCCX20230308_025122_V06
ERROR: Timed out reading s3://unidata-nexrad-level2/2023/03/24/KLZK/KLZK20230324_164643_V06
ERROR: Timed out reading s3://unidata-nexrad-level2/2023/03/24/KSRX/KSRX20230324_164539_V06
ERROR: Timed out reading s3://unidata-nexrad-level2/2023/03/24/KNQA/KNQA20230324_164747_V06
ERROR: Timed out reading s3://unidata-nexrad-level2/2023/03/24/KSHV/KSHV20230324_164645_V06
ERROR: Timed out reading s3://unidata-nexrad-level2/2023/03/24/KSGF/KSGF20230324_164325_V06
ERROR: Timed out reading s3://unidata-nexrad-level2/2023/03/17/KLZK/KLZK20230317_030147_V06
ERROR: Timed out reading s3://unidata-nexrad-level2/2023/03/17/KSRX/KSRX20230317_030040_V06
ERROR: Timed out reading s3://unidata-nexrad-level2/2023/03/17/KSHV/KSHV20230317_025815_V06
ERROR: Timed out reading s3://unidata-nexrad-level2/2023/03/17/KNQA/KNQA20230317_025635_V06
ERROR: Timed out reading s3://unidata-nexrad-level2/2023/03/17/KSGF/KSGF20230317_030137_V06
ERROR: Timed out reading s3://unidata-nexrad-level2/2023/03/10/KMKX/KMKX20230310_025317_V06
ERROR: Timed out reading s3://unidata-nexrad-level2/2023/03/10/KLOT/KLOT20230310_025725_V06
ERROR: Timed out reading s3://unidata-nexrad-level2/2023/03/10/KGRR/KGRR20230310_025208_V06
ERROR: Timed out reading s3://unidata-nexrad-level2/2023/03/10/KARX/KARX20230310_024934_V06
ERROR: Timed out reading s3://unidata-nexrad-level2/2023/03/06/KBOX/KBOX20230306_153003_V06
ERROR: Timed out reading s3://unidata-nexrad-level2/2023/03/06/KCXX/KCXX20230306_153019_V06
ERROR: Timed out reading s3://unidata-nexrad-level2/2023/03/10/KRLX/KRLX20230310_184534_V06
ERROR: Timed out reading s3://unidata-nexrad-level2/2023/03/10/KJKL/KJKL20230310_184904_V06
ERROR: Timed out reading s3://unidata-nexrad-level2/2023/03/10/KRAX/KRAX20230310_184844_V06
ERROR: Timed out reading s3://unidata-nexrad-level2/2023/03/10/KPBZ/KPBZ20230310_184834_V06
ERROR: Timed out reading s3://unidata-nexrad-level2/2023/03/22/KPUX/KPUX20230322_202943_V06
ERROR: Timed out reading s3://unidata-nexrad-level2/2023/03/22/KFTG/KFTG20230322_202909_V06
ERROR: Timed out reading s3://unidata-nexrad-level2/2023/03/22/KCYS/KCYS20230322_202909_V06
ERROR: Timed out reading s3://unidata-nexrad-level2/2023/03/22/KGJX/KGJX20230322_202254_V06
ERROR: Timed out reading s3://unidata-nexrad-level2/2023/03/10/KLSX/KLSX20230310_123244_V06
ERROR: Timed out reading s3://unidata-nexrad-level2/2023/03/10/KDVN/KDVN20230310_122927_V06
ERROR: Timed out reading s3://unidata-nexrad-level2/2023/03/10/KILX/KILX20230310_122952_V06
ERROR: Timed out reading s3://unidata-nexrad-level2/2023/03/10/KEAX/KEAX20230310_122805_V06
ERROR: Timed out reading s3://unidata-nexrad-level2/2023/03/10/KESX/KESX20230310_202313_V06
ERROR: Timed out reading s3://unidata-nexrad-level2/2023/03/10/KICX/KICX20230310_202404_V06
ERROR: Timed out reading s3://unidata-nexrad-level2/2023/03/10/KEYX/KEYX20230310_202218_V06
ERROR: Timed out reading s3://unidata-nexrad-level2/2023/03/10/KFSX/KFSX20230310_202511_V06
ERROR: Timed out reading s3://unidata-nexrad-level2/2023/03/10/KFSX/KFSX20230310_202511_V06
ERROR: Timed out reading s3://unidata-nexrad-level2/2023/03/12/KIWX/KIWX20230312_160014_V06
ERROR: Timed out reading s3://unidata-nexrad-level2/2023/03/12/KIND/KIND20230312_155508_V06
ERROR: Timed out reading s3://unidata-nexrad-level2/2023/03/12/KCLE/KCLE20230312_155559_V06
ERROR: Timed out reading s3://unidata-nexrad-level2/2023/03/12/KDTX/KDTX20230312_160008_V06
ERROR: Timed out reading s3://unidata-nexrad-level2/2023/03/03/KCAE/KCAE20230303_224124_V06
ERROR: Timed out reading s3://unidata-nexrad-level2/2023/03/03/KMRX/KMRX20230303_224256_V06
ERROR: Timed out reading s3://unidata-nexrad-level2/2023/03/03/KJGX/KJGX20230303_224230_V06
ERROR: Timed out reading s3://unidata-nexrad-level2/2023/03/03/KCLX/KCLX20230303_224238_V06
ERROR: Timed out reading s3://unidata-nexrad-level2/2023/03/28/KOAX/KOAX20230328_054651_V06
ERROR: Timed out reading s3://unidata-nexrad-level2/2023/03/28/KABR/KABR20230328_055016_V06
ERROR: Timed out reading s3://unidata-nexrad-level2/2023/03/28/KLNX/KLNX20230328_054707_V06
ERROR: Timed out reading s3://unidata-nexrad-level2/2023/03/28/KUEX/KUEX20230328_054606_V06
ERROR: Timed out reading s3://unidata-nexrad-level2/2023/03/19/KILN/KILN20230319_194841_V06
ERROR: Timed out reading s3://unidata-nexrad-level2/2023/03/19/KLVX/KLVX20230319_194233_V06
ERROR: Timed out reading s3://unidata-nexrad-level2/2023/03/19/KCLX/KCLX20230319_134250_V06
ERROR: Timed out reading s3://unidata-nexrad-level2/2023/03/19/KVAX/KVAX20230319_134023_V06
ERROR: Timed out reading s3://unidata-nexrad-level2/2023/03/19/KTBW/KTBW20230319_134331_V06
ERROR: Timed out reading s3://unidata-nexrad-level2/2023/03/02/KINX/KINX20230302_224137_V06
ERROR: Timed out reading s3://unidata-nexrad-level2/2023/03/02/KSRX/KSRX20230302_223910_V06
ERROR: Timed out reading s3://unidata-nexrad-level2/2023/03/02/KSGF/KSGF20230302_223917_V06
ERROR: Timed out reading s3://unidata-nexrad-level2/2023/03/27/KILX/KILX20230327_132630_V06
ERROR: Timed out reading s3://unidata-nexrad-level2/2023/03/27/KIWX/KIWX20230327_132807_V06
ERROR: Timed out reading s3://unidata-nexrad-level2/2023/03/27/KMKX/KMKX20230327_132514_V06
ERROR: Timed out reading s3://unidata-nexrad-level2/2023/03/27/KDVN/KDVN20230327_131951_V06
ERROR: Timed out reading s3://unidata-nexrad-level2/2023/03/10/KBBX/KBBX20230310_044937_V06
ERROR: Timed out reading s3://unidata-nexrad-level2/2023/03/10/KDAX/KDAX20230310_045034_V06
ERROR: Timed out reading s3://unidata-nexrad-level2/2023/03/10/KMUX/KMUX20230310_044729_V06
ERROR: Timed out reading s3://unidata-nexrad-level2/2023/03/10/KHNX/KHNX20230310_044946_V06
ERROR: Timed out reading s3://unidata-nexrad-level2/2023/03/21/KLRX/KLRX20230321_152406_V06
ERROR: Timed out reading s3://unidata-nexrad-level2/2023/03/21/KCBX/KCBX20230321_152242_V06
ERROR: Timed out reading s3://unidata-nexrad-level2/2023/03/21/KMTX/KMTX20230321_152400_V06
ERROR: Timed out reading s3://unidata-nexrad-level2/2023/03/21/KPDT/KPDT20230321_152622_V06
ERROR: Timed out reading s3://unidata-nexrad-level2/2023/03/10/KIWX/KIWX20230310_140143_V06
ERROR: Timed out reading s3://unidata-nexrad-level2/2023/03/10/KIND/KIND20230310_140037_V06
ERROR: Timed out reading s3://unidata-nexrad-level2/2023/03/10/KLOT/KLOT20230310_140412_V06
ERROR: Timed out reading s3://unidata-nexrad-level2/2023/03/10/KGRR/KGRR20230310_140352_V06
ERROR: Timed out reading s3://unidata-nexrad-level2/2023/03/01/KNKX/KNKX20230301_233825_V06
ERROR: Timed out reading s3://unidata-nexrad-level2/2023/03/01/KVTX/KVTX20230301_233856_V06
ERROR: Timed out reading s3://unidata-nexrad-level2/2023/03/01/KVBX/KVBX20230301_233732_V06
ERROR: Timed out reading s3://unidata-nexrad-level2/2023/03/08/KRTX/KRTX20230308_001355_V06
ERROR: Timed out reading s3://unidata-nexrad-level2/2023/03/08/KBBX/KBBX20230308_001055_V06
ERROR: Timed out reading s3://unidata-nexrad-level2/2023/03/08/KDAX/KDAX20230308_001242_V06
ERROR: Timed out reading s3://unidata-nexrad-level2/2023/03/02/KDIX/KDIX20230302_234728_V06
Completed 65% of df
ERROR: Timed out reading s3://unidata-nexrad-level2/2023/03/01/KLOT/KLOT20230301_025856_V06
ERROR: Timed out reading s3://unidata-nexrad-level2/2023/03/01/KDTX/KDTX20230301_025902_V06
ERROR: Timed out reading s3://unidata-nexrad-level2/2023/03/01/KCLE/KCLE20230301_025541_V06
ERROR: Timed out reading s3://unidata-nexrad-level2/2023/03/23/KNKX/KNKX20230323_222039_V06
ERROR: Timed out reading s3://unidata-nexrad-level2/2023/03/23/KYUX/KYUX20230323_222008_V06
ERROR: Timed out reading s3://unidata-nexrad-level2/2023/03/23/KESX/KESX20230323_221421_V06
ERROR: Timed out reading s3://unidata-nexrad-level2/2023/03/16/KNKX/KNKX20230316_020939_V06
ERROR: Timed out reading s3://unidata-nexrad-level2/2023/03/16/KEYX/KEYX20230316_020755_V06
ERROR: Timed out reading s3://unidata-nexrad-level2/2023/03/16/KYUX/KYUX20230316_020457_V06
ERROR: Timed out reading s3://unidata-nexrad-level2/2023/03/16/KESX/KESX20230316_020856_V06
ERROR: Timed out reading s3://unidata-nexrad-level2/2023/03/21/KMUX/KMUX20230321_085932_V06
ERROR: Timed out reading s3://unidata-nexrad-level2/2023/03/21/KHNX/KHNX20230321_085439_V06
ERROR: Timed out reading s3://unidata-nexrad-level2/2023/03/24/KIWX/KIWX20230324_121520_V06
ERROR: Timed out reading s3://unidata-nexrad-level2/2023/03/24/KILX/KILX20230324_121551_V06
ERROR: Timed out reading s3://unidata-nexrad-level2/2023/03/14/KDAX/KDAX20230314_171544_V06
ERROR: Timed out reading s3://unidata-nexrad-level2/2023/03/14/KBBX/KBBX20230314_171538_V06
ERROR: Timed out reading s3://unidata-nexrad-level2/2023/03/14/KHNX/KHNX20230314_171905_V06
ERROR: Timed out reading s3://unidata-nexrad-level2/2023/03/14/KVBX/KVBX20230314_171820_V06
ERROR: Timed out reading s3://unidata-nexrad-level2/2023/03/02/KOKX/KOKX20230302_143751_V06
ERROR: Timed out reading s3://unidata-nexrad-level2/2023/03/02/KDOX/KDOX20230302_143642_V06
ERROR: Timed out reading s3://unidata-nexrad-level2/2023/03/02/KBOX/KBOX20230302_143840_V06
ERROR: Timed out reading s3://unidata-nexrad-level2/2023/03/02/KAKQ/KAKQ20230302_143423_V06
ERROR: Timed out reading s3://unidata-nexrad-level2/2023/03/26/KILN/KILN20230326_141208_V06
ERROR: Timed out reading s3://unidata-nexrad-level2/2023/03/26/KFCX/KFCX20230326_141506_V06
ERROR: Timed out reading s3://unidata-nexrad-level2/2023/03/26/KJKL/KJKL20230326_140951_V06
ERROR: Timed out reading s3://unidata-nexrad-level2/2023/03/26/KPBZ/KPBZ20230326_140919_V06
ERROR: Timed out reading s3://unidata-nexrad-level2/2023/03/05/KDAX/KDAX20230305_181224_V06
ERROR: Timed out reading s3://unidata-nexrad-level2/2023/03/05/KRGX/KRGX20230305_181240_V06
ERROR: Timed out reading s3://unidata-nexrad-level2/2023/03/26/KBGM/KBGM20230326_155910_V06
ERROR: Timed out reading s3://unidata-nexrad-level2/2023/03/26/KDOX/KDOX20230326_160357_V06
ERROR: Timed out reading s3://unidata-nexrad-level2/2023/03/26/KLWX/KLWX20230326_155849_V06
ERROR: Timed out reading s3://unidata-nexrad-level2/2023/03/14/KFFC/KFFC20230314_225656_V06
ERROR: Timed out reading s3://unidata-nexrad-level2/2023/03/14/KCAE/KCAE20230314_225426_V06
ERROR: Timed out reading s3://unidata-nexrad-level2/2023/03/02/KGSP/KGSP20230302_195303_V06
ERROR: Timed out reading s3://unidata-nexrad-level2/2023/03/02/KRLX/KRLX20230302_194711_V06
ERROR: Timed out reading s3://unidata-nexrad-level2/2023/03/03/KDMX/KDMX20230303_230439_V06
ERROR: Timed out reading s3://unidata-nexrad-level2/2023/03/03/KDVN/KDVN20230303_230828_V06
ERROR: Timed out reading s3://unidata-nexrad-level2/2023/03/27/KESX/KESX20230327_025133_V06
ERROR: Timed out reading s3://unidata-nexrad-level2/2023/03/27/KFSX/KFSX20230327_025216_V06
ERROR: Timed out reading s3://unidata-nexrad-level2/2023/03/27/KFSX/KFSX20230327_025216_V06
ERROR: Timed out reading s3://unidata-nexrad-level2/2023/03/27/KMTX/KMTX20230327_025143_V06
ERROR: Timed out reading s3://unidata-nexrad-level2/2023/03/10/KBOX/KBOX20230310_134654_V06
ERROR: Timed out reading s3://unidata-nexrad-level2/2023/03/10/KGYX/KGYX20230310_135215_V06
ERROR: Timed out reading s3://unidata-nexrad-level2/2023/03/10/KCXX/KCXX20230310_134808_V06
ERROR: Timed out reading s3://unidata-nexrad-level2/2023/03/25/KLVX/KLVX20230325_135942_V06
ERROR: Timed out reading s3://unidata-nexrad-level2/2023/03/25/KHPX/KHPX20230325_140017_V06
ERROR: Timed out reading s3://unidata-nexrad-level2/2023/03/25/KOHX/KOHX20230325_135717_V06
ERROR: Timed out reading s3://unidata-nexrad-level2/2023/03/25/KPAH/KPAH20230325_135716_V06
ERROR: Timed out reading s3://unidata-nexrad-level2/2023/03/12/KAMX/KAMX20230312_191559_V06
ERROR: Timed out reading s3://unidata-nexrad-level2/2023/03/12/KBYX/KBYX20230312_192224_V06
ERROR: Timed out reading s3://unidata-nexrad-level2/2023/03/20/KMLB/KMLB20230320_000918_V06
ERROR: Timed out reading s3://unidata-nexrad-level2/2023/03/20/KAMX/KAMX20230320_001201_V06
ERROR: Timed out reading s3://unidata-nexrad-level2/2023/03/20/KAMX/KAMX20230320_001201_V06
ERROR: Timed out reading s3://unidata-nexrad-level2/2023/03/20/KTBW/KTBW20230320_001210_V06
ERROR: Timed out reading s3://unidata-nexrad-level2/2023/03/10/KDAX/KDAX20230310_235142_V06
ERROR: Timed out reading s3://unidata-nexrad-level2/2023/03/10/KLRX/KLRX20230310_235255_V06
ERROR: Timed out reading s3://unidata-nexrad-level2/2023/03/10/KHNX/KHNX20230310_235510_V06
ERROR: Timed out reading s3://unidata-nexrad-level2/2023/03/12/KMOB/KMOB20230312_120519_V06
ERROR: Timed out reading s3://unidata-nexrad-level2/2023/03/12/KDGX/KDGX20230312_120630_V06
ERROR: Timed out reading s3://unidata-nexrad-level2/2023/03/12/KPOE/KPOE20230312_120455_V06
ERROR: Timed out reading s3://unidata-nexrad-level2/2023/03/22/KDMX/KDMX20230322_114257_V06
ERROR: Timed out reading s3://unidata-nexrad-level2/2023/03/22/KOAX/KOAX20230322_115155_V06
ERROR: Timed out reading s3://unidata-nexrad-level2/2023/03/22/KTWX/KTWX20230322_115057_V06
ERROR: Timed out reading s3://unidata-nexrad-level2/2023/03/22/KFSD/KFSD20230322_114847_V06
ERROR: Timed out reading s3://unidata-nexrad-level2/2023/03/21/KLCH/KLCH20230321_001847_V06
ERROR: Timed out reading s3://unidata-nexrad-level2/2023/03/04/KDAX/KDAX20230304_212048_V06
ERROR: Timed out reading s3://unidata-nexrad-level2/2023/03/04/KRGX/KRGX20230304_212228_V06
ERROR: Timed out reading s3://unidata-nexrad-level2/2023/03/03/KMKX/KMKX20230303_010425_V06
ERROR: Timed out reading s3://unidata-nexrad-level2/2023/03/03/KGRR/KGRR20230303_010546_V06
ERROR: Timed out reading s3://unidata-nexrad-level2/2023/03/03/KGRB/KGRB20230303_010134_V06
ERROR: Timed out reading s3://unidata-nexrad-level2/2023/03/03/KIWX/KIWX20230303_010536_V06
ERROR: Timed out reading s3://unidata-nexrad-level2/2023/03/10/KRGX/KRGX20230310_045108_V06
ERROR: Timed out reading s3://unidata-nexrad-level2/2023/03/10/KBBX/KBBX20230310_044937_V06
ERROR: Timed out reading s3://unidata-nexrad-level2/2023/03/10/KDAX/KDAX20230310_045034_V06
ERROR: Timed out reading s3://unidata-nexrad-level2/2023/03/10/KMUX/KMUX20230310_044729_V06
ERROR: Timed out reading s3://unidata-nexrad-level2/2023/03/10/KHNX/KHNX20230310_044946_V06
ERROR: Timed out reading s3://unidata-nexrad-level2/2023/03/05/KILX/KILX20230305_021707_V06
ERROR: Timed out reading s3://unidata-nexrad-level2/2023/03/10/KDAX/KDAX20230310_044430_V06
ERROR: Timed out reading s3://unidata-nexrad-level2/2023/03/10/KMUX/KMUX20230310_044729_V06
ERROR: Timed out reading s3://unidata-nexrad-level2/2023/03/10/KHNX/KHNX20230310_044946_V06
ERROR: Timed out reading s3://unidata-nexrad-level2/2023/03/10/KBBX/KBBX20230310_044937_V06
ERROR: Timed out reading s3://unidata-nexrad-level2/2023/03/12/KRAX/KRAX20230312_155530_V06
ERROR: Timed out reading s3://unidata-nexrad-level2/2023/03/12/KAKQ/KAKQ20230312_155521_V06
ERROR: Timed out reading s3://unidata-nexrad-level2/2023/03/12/KFCX/KFCX20230312_155401_V06
ERROR: Timed out reading s3://unidata-nexrad-level2/2023/03/23/KHPX/KHPX20230323_230416_V06
ERROR: Timed out reading s3://unidata-nexrad-level2/2023/03/23/KVWX/KVWX20230323_230118_V06
ERROR: Timed out reading s3://unidata-nexrad-level2/2023/03/05/KCYS/KCYS20230305_234943_V06
ERROR: Timed out reading s3://unidata-nexrad-level2/2023/03/05/KGJX/KGJX20230305_234844_V06
ERROR: Timed out reading s3://unidata-nexrad-level2/2023/03/14/KMUX/KMUX20230314_174030_V06
ERROR: Timed out reading s3://unidata-nexrad-level2/2023/03/14/KHNX/KHNX20230314_174319_V06
ERROR: Timed out reading s3://unidata-nexrad-level2/2023/03/14/KDAX/KDAX20230314_174351_V06
ERROR: Timed out reading s3://unidata-nexrad-level2/2023/03/14/KVBX/KVBX20230314_174200_V06
ERROR: Timed out reading s3://unidata-nexrad-level2/2023/03/14/KBBX/KBBX20230314_174000_V06
ERROR: Timed out reading s3://unidata-nexrad-level2/2023/03/11/KMBX/KMBX20230311_225328_V06
ERROR: Timed out reading s3://unidata-nexrad-level2/2023/03/11/KBIS/KBIS20230311_224802_V06
ERROR: Timed out reading s3://unidata-nexrad-level2/2023/03/11/KABR/KABR20230311_225057_V06
ERROR: Timed out reading s3://unidata-nexrad-level2/2023/03/11/KFSD/KFSD20230311_225446_V06
ERROR: Timed out reading s3://unidata-nexrad-level2/2023/03/05/KPUX/KPUX20230305_213240_V06
ERROR: Timed out reading s3://unidata-nexrad-level2/2023/03/31/KARX/KARX20230331_210745_V06
ERROR: Timed out reading s3://unidata-nexrad-level2/2023/03/31/KMKX/KMKX20230331_210829_V06
ERROR: Timed out reading s3://unidata-nexrad-level2/2023/03/31/KDVN/KDVN20230331_211218_V06
ERROR: Timed out reading s3://unidata-nexrad-level2/2023/03/31/KLOT/KLOT20230331_211255_V06
ERROR: Timed out reading s3://unidata-nexrad-level2/2023/03/31/KGRB/KGRB20230331_211157_V06
ERROR: Timed out reading s3://unidata-nexrad-level2/2023/03/31/KSHV/KSHV20230331_205106_V06
ERROR: Timed out reading s3://unidata-nexrad-level2/2023/03/31/KPOE/KPOE20230331_204813_V06
ERROR: Timed out reading s3://unidata-nexrad-level2/2023/03/31/KDGX/KDGX20230331_204959_V06
ERROR: Timed out reading s3://unidata-nexrad-level2/2023/03/31/KLZK/KLZK20230331_205037_V06
ERROR: Timed out reading s3://unidata-nexrad-level2/2023/03/06/KGYX/KGYX20230306_194718_V06
ERROR: Timed out reading s3://unidata-nexrad-level2/2023/03/06/KENX/KENX20230306_194446_V06
ERROR: Timed out reading s3://unidata-nexrad-level2/2023/03/06/KBOX/KBOX20230306_194440_V06
ERROR: Timed out reading s3://unidata-nexrad-level2/2023/03/06/KOKX/KOKX20230306_194437_V06
ERROR: Timed out reading s3://unidata-nexrad-level2/2023/03/03/KDVN/KDVN20230303_034445_V06
ERROR: Timed out reading s3://unidata-nexrad-level2/2023/03/10/KRGX/KRGX20230310_044641_V06
ERROR: Timed out reading s3://unidata-nexrad-level2/2023/03/10/KDAX/KDAX20230310_044430_V06
ERROR: Timed out reading s3://unidata-nexrad-level2/2023/03/10/KMUX/KMUX20230310_044729_V06
ERROR: Timed out reading s3://unidata-nexrad-level2/2023/03/10/KHNX/KHNX20230310_044946_V06
ERROR: Timed out reading s3://unidata-nexrad-level2/2023/03/10/KBBX/KBBX20230310_044937_V06
ERROR: Timed out reading s3://unidata-nexrad-level2/2023/03/30/KNKX/KNKX20230330_001656_V06
ERROR: Timed out reading s3://unidata-nexrad-level2/2023/03/30/KEYX/KEYX20230330_001211_V06
ERROR: Timed out reading s3://unidata-nexrad-level2/2023/03/30/KYUX/KYUX20230330_001338_V06
ERROR: Timed out reading s3://unidata-nexrad-level2/2023/03/30/KESX/KESX20230330_001311_V06
ERROR: Timed out reading s3://unidata-nexrad-level2/2023/03/14/KMQT/KMQT20230314_174422_V06
Completed 70% of df
ERROR: Timed out reading s3://unidata-nexrad-level2/2023/03/05/KSGF/KSGF20230305_183851_V06
ERROR: Timed out reading s3://unidata-nexrad-level2/2023/03/05/KEAX/KEAX20230305_183821_V06
ERROR: Timed out reading s3://unidata-nexrad-level2/2023/03/05/KLSX/KLSX20230305_183714_V06
Completed 75% of df
Completed 80% of df
Completed 85% of df
Completed 90% of df
Completed 95% of df
Completed 100% of df
Python script exit code: 0
Compressing output directory into /cluster/tufts/capstone25skyblue/eelkus01/NEXRADTurbulencePrediction/model_inputs/compressed/2023_03.tar.xz
2023_03/
2023_03/0000000_2023_3_df_row.nc
2023_03/0000002_2023_3_df_row.nc
2023_03/0000004_2023_3_df_row.nc
2023_03/0000008_2023_3_df_row.nc
2023_03/0000013_2023_3_df_row.nc
2023_03/0000014_2023_3_df_row.nc
2023_03/0000015_2023_3_df_row.nc
2023_03/0000020_2023_3_df_row.nc
2023_03/0000021_2023_3_df_row.nc
2023_03/0000027_2023_3_df_row.nc
2023_03/0000028_2023_3_df_row.nc
2023_03/0000034_2023_3_df_row.nc
2023_03/0000039_2023_3_df_row.nc
2023_03/0000040_2023_3_df_row.nc
2023_03/0000044_2023_3_df_row.nc
2023_03/0000045_2023_3_df_row.nc
2023_03/0000046_2023_3_df_row.nc
2023_03/0000049_2023_3_df_row.nc
2023_03/0000051_2023_3_df_row.nc
2023_03/0000054_2023_3_df_row.nc
2023_03/0000056_2023_3_df_row.nc
2023_03/0000061_2023_3_df_row.nc
2023_03/0000062_2023_3_df_row.nc
2023_03/0000069_2023_3_df_row.nc
2023_03/0000070_2023_3_df_row.nc
2023_03/0000071_2023_3_df_row.nc
2023_03/0000073_2023_3_df_row.nc
2023_03/0000078_2023_3_df_row.nc
2023_03/0000079_2023_3_df_row.nc
2023_03/0000082_2023_3_df_row.nc
2023_03/0000084_2023_3_df_row.nc
2023_03/0000088_2023_3_df_row.nc
2023_03/0000093_2023_3_df_row.nc
2023_03/0000103_2023_3_df_row.nc
2023_03/0000104_2023_3_df_row.nc
2023_03/0000108_2023_3_df_row.nc
2023_03/0000109_2023_3_df_row.nc
2023_03/0000113_2023_3_df_row.nc
2023_03/0000117_2023_3_df_row.nc
2023_03/0000122_2023_3_df_row.nc
2023_03/0000123_2023_3_df_row.nc
2023_03/0000124_2023_3_df_row.nc
2023_03/0000126_2023_3_df_row.nc
2023_03/0000127_2023_3_df_row.nc
2023_03/0000128_2023_3_df_row.nc
2023_03/0000129_2023_3_df_row.nc
2023_03/0000131_2023_3_df_row.nc
2023_03/0000135_2023_3_df_row.nc
2023_03/0000138_2023_3_df_row.nc
2023_03/0000139_2023_3_df_row.nc
2023_03/0000140_2023_3_df_row.nc
2023_03/0000141_2023_3_df_row.nc
2023_03/0000142_2023_3_df_row.nc
2023_03/0000145_2023_3_df_row.nc
2023_03/0000149_2023_3_df_row.nc
2023_03/0000150_2023_3_df_row.nc
2023_03/0000151_2023_3_df_row.nc
2023_03/0000153_2023_3_df_row.nc
2023_03/0000154_2023_3_df_row.nc
2023_03/0000161_2023_3_df_row.nc
2023_03/0000163_2023_3_df_row.nc
2023_03/0000164_2023_3_df_row.nc
2023_03/0000168_2023_3_df_row.nc
2023_03/0000181_2023_3_df_row.nc
2023_03/0000182_2023_3_df_row.nc
2023_03/0000191_2023_3_df_row.nc
2023_03/0000194_2023_3_df_row.nc
2023_03/0000195_2023_3_df_row.nc
2023_03/0000198_2023_3_df_row.nc
2023_03/0000202_2023_3_df_row.nc
2023_03/0000203_2023_3_df_row.nc
2023_03/0000206_2023_3_df_row.nc
2023_03/0000213_2023_3_df_row.nc
2023_03/0000214_2023_3_df_row.nc
2023_03/0000216_2023_3_df_row.nc
2023_03/0000217_2023_3_df_row.nc
2023_03/0000219_2023_3_df_row.nc
2023_03/0000226_2023_3_df_row.nc
2023_03/0000228_2023_3_df_row.nc
2023_03/0000231_2023_3_df_row.nc
2023_03/0000234_2023_3_df_row.nc
2023_03/0000235_2023_3_df_row.nc
2023_03/0000238_2023_3_df_row.nc
2023_03/0000241_2023_3_df_row.nc
2023_03/0000242_2023_3_df_row.nc
2023_03/0000248_2023_3_df_row.nc
2023_03/0000252_2023_3_df_row.nc
2023_03/0000253_2023_3_df_row.nc
2023_03/0000258_2023_3_df_row.nc
2023_03/0000260_2023_3_df_row.nc
2023_03/0000262_2023_3_df_row.nc
2023_03/0000264_2023_3_df_row.nc
2023_03/0000267_2023_3_df_row.nc
2023_03/0000271_2023_3_df_row.nc
2023_03/0000274_2023_3_df_row.nc
2023_03/0000275_2023_3_df_row.nc
2023_03/0000276_2023_3_df_row.nc
2023_03/0000278_2023_3_df_row.nc
2023_03/0000284_2023_3_df_row.nc
2023_03/0000285_2023_3_df_row.nc
2023_03/0000287_2023_3_df_row.nc
2023_03/0000288_2023_3_df_row.nc
2023_03/0000292_2023_3_df_row.nc
2023_03/0000294_2023_3_df_row.nc
2023_03/0000295_2023_3_df_row.nc
2023_03/0000300_2023_3_df_row.nc
2023_03/0000304_2023_3_df_row.nc
2023_03/0000305_2023_3_df_row.nc
2023_03/0000306_2023_3_df_row.nc
2023_03/0000307_2023_3_df_row.nc
2023_03/0000308_2023_3_df_row.nc
2023_03/0000311_2023_3_df_row.nc
2023_03/0000314_2023_3_df_row.nc
2023_03/0000317_2023_3_df_row.nc
2023_03/0000321_2023_3_df_row.nc
2023_03/0000326_2023_3_df_row.nc
2023_03/0000332_2023_3_df_row.nc
2023_03/0000338_2023_3_df_row.nc
2023_03/0000343_2023_3_df_row.nc
2023_03/0000345_2023_3_df_row.nc
2023_03/0000350_2023_3_df_row.nc
2023_03/0000354_2023_3_df_row.nc
2023_03/0000368_2023_3_df_row.nc
2023_03/0000369_2023_3_df_row.nc
2023_03/0000370_2023_3_df_row.nc
2023_03/0000372_2023_3_df_row.nc
2023_03/0000374_2023_3_df_row.nc
2023_03/0000377_2023_3_df_row.nc
2023_03/0000379_2023_3_df_row.nc
2023_03/0000387_2023_3_df_row.nc
2023_03/0000391_2023_3_df_row.nc
2023_03/0000392_2023_3_df_row.nc
2023_03/0000393_2023_3_df_row.nc
2023_03/0000394_2023_3_df_row.nc
2023_03/0000396_2023_3_df_row.nc
2023_03/0000397_2023_3_df_row.nc
2023_03/0000399_2023_3_df_row.nc
2023_03/0000401_2023_3_df_row.nc
2023_03/0000408_2023_3_df_row.nc
2023_03/0000414_2023_3_df_row.nc
2023_03/0000417_2023_3_df_row.nc
2023_03/0000422_2023_3_df_row.nc
2023_03/0000426_2023_3_df_row.nc
2023_03/0000429_2023_3_df_row.nc
2023_03/0000430_2023_3_df_row.nc
2023_03/0000433_2023_3_df_row.nc
2023_03/0000434_2023_3_df_row.nc
2023_03/0000437_2023_3_df_row.nc
2023_03/0000439_2023_3_df_row.nc
2023_03/0000441_2023_3_df_row.nc
2023_03/0000444_2023_3_df_row.nc
2023_03/0000445_2023_3_df_row.nc
2023_03/0000446_2023_3_df_row.nc
2023_03/0000448_2023_3_df_row.nc
2023_03/0000450_2023_3_df_row.nc
2023_03/0000453_2023_3_df_row.nc
2023_03/0000455_2023_3_df_row.nc
2023_03/0000459_2023_3_df_row.nc
2023_03/0000469_2023_3_df_row.nc
2023_03/0000471_2023_3_df_row.nc
2023_03/0000475_2023_3_df_row.nc
2023_03/0000477_2023_3_df_row.nc
2023_03/0000484_2023_3_df_row.nc
2023_03/0000485_2023_3_df_row.nc
2023_03/0000487_2023_3_df_row.nc
2023_03/0000506_2023_3_df_row.nc
2023_03/0000509_2023_3_df_row.nc
2023_03/0000510_2023_3_df_row.nc
2023_03/0000511_2023_3_df_row.nc
2023_03/0000523_2023_3_df_row.nc
2023_03/0000528_2023_3_df_row.nc
2023_03/0000533_2023_3_df_row.nc
2023_03/0000542_2023_3_df_row.nc
2023_03/0000543_2023_3_df_row.nc
2023_03/0000551_2023_3_df_row.nc
2023_03/0000554_2023_3_df_row.nc
2023_03/0000564_2023_3_df_row.nc
2023_03/0000577_2023_3_df_row.nc
2023_03/0000579_2023_3_df_row.nc
2023_03/0000580_2023_3_df_row.nc
2023_03/0000590_2023_3_df_row.nc
2023_03/0000591_2023_3_df_row.nc
2023_03/0000592_2023_3_df_row.nc
2023_03/0000594_2023_3_df_row.nc
2023_03/0000596_2023_3_df_row.nc
2023_03/0000604_2023_3_df_row.nc
2023_03/0000605_2023_3_df_row.nc
2023_03/0000609_2023_3_df_row.nc
2023_03/0000610_2023_3_df_row.nc
2023_03/0000611_2023_3_df_row.nc
2023_03/0000612_2023_3_df_row.nc
2023_03/0000613_2023_3_df_row.nc
2023_03/0000616_2023_3_df_row.nc
2023_03/0000623_2023_3_df_row.nc
2023_03/0000625_2023_3_df_row.nc
2023_03/0000626_2023_3_df_row.nc
2023_03/0000629_2023_3_df_row.nc
2023_03/0000632_2023_3_df_row.nc
2023_03/0000634_2023_3_df_row.nc
2023_03/0000635_2023_3_df_row.nc
2023_03/0000639_2023_3_df_row.nc
2023_03/0000643_2023_3_df_row.nc
2023_03/0000644_2023_3_df_row.nc
2023_03/0000646_2023_3_df_row.nc
2023_03/0000652_2023_3_df_row.nc
2023_03/0000653_2023_3_df_row.nc
2023_03/0000658_2023_3_df_row.nc
2023_03/0000660_2023_3_df_row.nc
2023_03/0000665_2023_3_df_row.nc
2023_03/0000668_2023_3_df_row.nc
2023_03/0000671_2023_3_df_row.nc
2023_03/0000672_2023_3_df_row.nc
2023_03/0000673_2023_3_df_row.nc
2023_03/0000676_2023_3_df_row.nc
2023_03/0000682_2023_3_df_row.nc
2023_03/0000686_2023_3_df_row.nc
2023_03/0000696_2023_3_df_row.nc
2023_03/0000699_2023_3_df_row.nc
2023_03/0000700_2023_3_df_row.nc
2023_03/0000703_2023_3_df_row.nc
2023_03/0000705_2023_3_df_row.nc
2023_03/0000710_2023_3_df_row.nc
2023_03/0000711_2023_3_df_row.nc
2023_03/0000712_2023_3_df_row.nc
2023_03/0000713_2023_3_df_row.nc
2023_03/0000725_2023_3_df_row.nc
2023_03/0000726_2023_3_df_row.nc
2023_03/0000729_2023_3_df_row.nc
2023_03/0000731_2023_3_df_row.nc
2023_03/0000734_2023_3_df_row.nc
2023_03/0000736_2023_3_df_row.nc
2023_03/0000737_2023_3_df_row.nc
2023_03/0000738_2023_3_df_row.nc
2023_03/0000739_2023_3_df_row.nc
2023_03/0000740_2023_3_df_row.nc
2023_03/0000741_2023_3_df_row.nc
2023_03/0000742_2023_3_df_row.nc
2023_03/0000746_2023_3_df_row.nc
2023_03/0000750_2023_3_df_row.nc
2023_03/0000752_2023_3_df_row.nc
2023_03/0000754_2023_3_df_row.nc
2023_03/0000758_2023_3_df_row.nc
2023_03/0000760_2023_3_df_row.nc
2023_03/0000768_2023_3_df_row.nc
2023_03/0000772_2023_3_df_row.nc
2023_03/0000774_2023_3_df_row.nc
2023_03/0000775_2023_3_df_row.nc
2023_03/0000777_2023_3_df_row.nc
2023_03/0000778_2023_3_df_row.nc
2023_03/0000780_2023_3_df_row.nc
2023_03/0000783_2023_3_df_row.nc
2023_03/0000788_2023_3_df_row.nc
2023_03/0000789_2023_3_df_row.nc
2023_03/0000790_2023_3_df_row.nc
2023_03/0000792_2023_3_df_row.nc
2023_03/0000794_2023_3_df_row.nc
2023_03/0000795_2023_3_df_row.nc
2023_03/0000796_2023_3_df_row.nc
2023_03/0000797_2023_3_df_row.nc
2023_03/0000798_2023_3_df_row.nc
2023_03/0000799_2023_3_df_row.nc
2023_03/0000801_2023_3_df_row.nc
2023_03/0000806_2023_3_df_row.nc
2023_03/0000807_2023_3_df_row.nc
2023_03/0000815_2023_3_df_row.nc
2023_03/0000817_2023_3_df_row.nc
2023_03/0000818_2023_3_df_row.nc
2023_03/0000819_2023_3_df_row.nc
2023_03/0000820_2023_3_df_row.nc
2023_03/0000826_2023_3_df_row.nc
2023_03/0000831_2023_3_df_row.nc
2023_03/0000832_2023_3_df_row.nc
2023_03/0000834_2023_3_df_row.nc
2023_03/0000836_2023_3_df_row.nc
2023_03/0000839_2023_3_df_row.nc
2023_03/0000840_2023_3_df_row.nc
2023_03/0000841_2023_3_df_row.nc
2023_03/0000842_2023_3_df_row.nc
2023_03/0000844_2023_3_df_row.nc
Removing uncompressed directory /cluster/tufts/capstone25skyblue/eelkus01/NEXRADTurbulencePrediction/model_inputs/2023_03
Deactivating conda environment (if any)
Purging all modules
Done! Environment has been torn down
All done!
