Resetting environment
Deactivating conda environment (if any)
Purging all modules
Done! Environment has been torn down
Allocating resources with slurm...
Loading cuda and miniforge...
Activating conda environment...
Redirecting into the NEXRAD repo...
Done! Environment has now been set up
Processing 2023/03
Running radar_data_to_model_input on /cluster/tufts/capstone25skyblue/eelkus01/NEXRADTurbulencePrediction/radars/pirep_with_radar_data/2023/03.csv
Reading from file: /cluster/tufts/capstone25skyblue/eelkus01/NEXRADTurbulencePrediction/radars/pirep_with_radar_data/2023/03.csv and outputting to directory: /cluster/tufts/capstone25skyblue/eelkus01/NEXRADTurbulencePrediction/model_inputs/2023_03
Completed 5% of df
Completed 10% of df
Completed 15% of df
Completed 20% of df
ERROR: Failed to read radar file s3://unidata-nexrad-level2/2023/03/27/PAPD/PAPD20230327_214334_V06: IndexError: index 0 is out of bounds for axis 0 with size 0
Completed 25% of df
Completed 30% of df
Completed 35% of df
Completed 40% of df
ERROR: Timed out reading s3://unidata-nexrad-level2/2023/03/02/KMSX/KMSX20230302_220414_V06
ERROR: Timed out reading s3://unidata-nexrad-level2/2023/03/02/KAKQ/KAKQ20230302_213458_V06
Completed 45% of df
Completed 50% of df
ERROR: Failed to read radar file s3://unidata-nexrad-level2/2023/03/03/KGRK/KGRK20230303_045813_V06: IndexError: index 0 is out of bounds for axis 0 with size 0
Completed 55% of df
Completed 60% of df
Completed 65% of df
Completed 70% of df
Completed 75% of df
Completed 80% of df
Completed 85% of df
Completed 90% of df
Completed 95% of df
Completed 100% of df
Python script exit code: 0
Compressing output directory into /cluster/tufts/capstone25skyblue/eelkus01/NEXRADTurbulencePrediction/model_inputs/compressed/2023_03.tar.xz
2023_03/
2023_03/0000000_2023_3_df_row.nc
2023_03/0000002_2023_3_df_row.nc
2023_03/0000004_2023_3_df_row.nc
2023_03/0000008_2023_3_df_row.nc
2023_03/0000013_2023_3_df_row.nc
2023_03/0000014_2023_3_df_row.nc
2023_03/0000015_2023_3_df_row.nc
2023_03/0000020_2023_3_df_row.nc
2023_03/0000021_2023_3_df_row.nc
2023_03/0000027_2023_3_df_row.nc
2023_03/0000028_2023_3_df_row.nc
2023_03/0000034_2023_3_df_row.nc
2023_03/0000039_2023_3_df_row.nc
2023_03/0000040_2023_3_df_row.nc
2023_03/0000044_2023_3_df_row.nc
2023_03/0000045_2023_3_df_row.nc
2023_03/0000046_2023_3_df_row.nc
2023_03/0000049_2023_3_df_row.nc
2023_03/0000051_2023_3_df_row.nc
2023_03/0000054_2023_3_df_row.nc
2023_03/0000056_2023_3_df_row.nc
2023_03/0000061_2023_3_df_row.nc
2023_03/0000062_2023_3_df_row.nc
2023_03/0000069_2023_3_df_row.nc
2023_03/0000070_2023_3_df_row.nc
2023_03/0000071_2023_3_df_row.nc
2023_03/0000073_2023_3_df_row.nc
2023_03/0000078_2023_3_df_row.nc
2023_03/0000079_2023_3_df_row.nc
2023_03/0000082_2023_3_df_row.nc
2023_03/0000084_2023_3_df_row.nc
2023_03/0000088_2023_3_df_row.nc
2023_03/0000093_2023_3_df_row.nc
2023_03/0000103_2023_3_df_row.nc
2023_03/0000104_2023_3_df_row.nc
2023_03/0000108_2023_3_df_row.nc
2023_03/0000109_2023_3_df_row.nc
2023_03/0000113_2023_3_df_row.nc
2023_03/0000117_2023_3_df_row.nc
2023_03/0000122_2023_3_df_row.nc
2023_03/0000123_2023_3_df_row.nc
2023_03/0000124_2023_3_df_row.nc
2023_03/0000126_2023_3_df_row.nc
2023_03/0000127_2023_3_df_row.nc
2023_03/0000128_2023_3_df_row.nc
2023_03/0000129_2023_3_df_row.nc
2023_03/0000131_2023_3_df_row.nc
2023_03/0000135_2023_3_df_row.nc
2023_03/0000138_2023_3_df_row.nc
2023_03/0000139_2023_3_df_row.nc
2023_03/0000140_2023_3_df_row.nc
2023_03/0000141_2023_3_df_row.nc
2023_03/0000142_2023_3_df_row.nc
2023_03/0000145_2023_3_df_row.nc
2023_03/0000149_2023_3_df_row.nc
2023_03/0000150_2023_3_df_row.nc
2023_03/0000151_2023_3_df_row.nc
2023_03/0000153_2023_3_df_row.nc
2023_03/0000154_2023_3_df_row.nc
2023_03/0000161_2023_3_df_row.nc
2023_03/0000163_2023_3_df_row.nc
2023_03/0000164_2023_3_df_row.nc
2023_03/0000168_2023_3_df_row.nc
2023_03/0000181_2023_3_df_row.nc
2023_03/0000182_2023_3_df_row.nc
2023_03/0000191_2023_3_df_row.nc
2023_03/0000194_2023_3_df_row.nc
2023_03/0000195_2023_3_df_row.nc
2023_03/0000198_2023_3_df_row.nc
2023_03/0000202_2023_3_df_row.nc
2023_03/0000203_2023_3_df_row.nc
2023_03/0000206_2023_3_df_row.nc
2023_03/0000213_2023_3_df_row.nc
2023_03/0000214_2023_3_df_row.nc
2023_03/0000216_2023_3_df_row.nc
2023_03/0000217_2023_3_df_row.nc
2023_03/0000219_2023_3_df_row.nc
2023_03/0000226_2023_3_df_row.nc
2023_03/0000228_2023_3_df_row.nc
2023_03/0000231_2023_3_df_row.nc
2023_03/0000234_2023_3_df_row.nc
2023_03/0000235_2023_3_df_row.nc
2023_03/0000238_2023_3_df_row.nc
2023_03/0000241_2023_3_df_row.nc
2023_03/0000242_2023_3_df_row.nc
2023_03/0000248_2023_3_df_row.nc
2023_03/0000252_2023_3_df_row.nc
2023_03/0000253_2023_3_df_row.nc
2023_03/0000258_2023_3_df_row.nc
2023_03/0000260_2023_3_df_row.nc
2023_03/0000262_2023_3_df_row.nc
2023_03/0000264_2023_3_df_row.nc
2023_03/0000267_2023_3_df_row.nc
2023_03/0000271_2023_3_df_row.nc
2023_03/0000274_2023_3_df_row.nc
2023_03/0000275_2023_3_df_row.nc
2023_03/0000276_2023_3_df_row.nc
2023_03/0000278_2023_3_df_row.nc
2023_03/0000284_2023_3_df_row.nc
2023_03/0000285_2023_3_df_row.nc
2023_03/0000287_2023_3_df_row.nc
2023_03/0000288_2023_3_df_row.nc
2023_03/0000292_2023_3_df_row.nc
2023_03/0000294_2023_3_df_row.nc
2023_03/0000295_2023_3_df_row.nc
2023_03/0000300_2023_3_df_row.nc
2023_03/0000304_2023_3_df_row.nc
2023_03/0000305_2023_3_df_row.nc
2023_03/0000306_2023_3_df_row.nc
2023_03/0000307_2023_3_df_row.nc
2023_03/0000308_2023_3_df_row.nc
2023_03/0000311_2023_3_df_row.nc
2023_03/0000314_2023_3_df_row.nc
2023_03/0000317_2023_3_df_row.nc
2023_03/0000321_2023_3_df_row.nc
2023_03/0000326_2023_3_df_row.nc
2023_03/0000332_2023_3_df_row.nc
2023_03/0000338_2023_3_df_row.nc
2023_03/0000343_2023_3_df_row.nc
2023_03/0000345_2023_3_df_row.nc
2023_03/0000350_2023_3_df_row.nc
2023_03/0000354_2023_3_df_row.nc
2023_03/0000368_2023_3_df_row.nc
2023_03/0000369_2023_3_df_row.nc
2023_03/0000370_2023_3_df_row.nc
2023_03/0000372_2023_3_df_row.nc
2023_03/0000374_2023_3_df_row.nc
2023_03/0000377_2023_3_df_row.nc
2023_03/0000379_2023_3_df_row.nc
2023_03/0000387_2023_3_df_row.nc
2023_03/0000391_2023_3_df_row.nc
2023_03/0000392_2023_3_df_row.nc
2023_03/0000393_2023_3_df_row.nc
2023_03/0000394_2023_3_df_row.nc
2023_03/0000396_2023_3_df_row.nc
2023_03/0000397_2023_3_df_row.nc
2023_03/0000399_2023_3_df_row.nc
2023_03/0000401_2023_3_df_row.nc
2023_03/0000408_2023_3_df_row.nc
2023_03/0000414_2023_3_df_row.nc
2023_03/0000417_2023_3_df_row.nc
2023_03/0000422_2023_3_df_row.nc
2023_03/0000426_2023_3_df_row.nc
2023_03/0000429_2023_3_df_row.nc
2023_03/0000430_2023_3_df_row.nc
2023_03/0000433_2023_3_df_row.nc
2023_03/0000434_2023_3_df_row.nc
2023_03/0000437_2023_3_df_row.nc
2023_03/0000439_2023_3_df_row.nc
2023_03/0000441_2023_3_df_row.nc
2023_03/0000444_2023_3_df_row.nc
2023_03/0000445_2023_3_df_row.nc
2023_03/0000446_2023_3_df_row.nc
2023_03/0000448_2023_3_df_row.nc
2023_03/0000450_2023_3_df_row.nc
2023_03/0000453_2023_3_df_row.nc
2023_03/0000455_2023_3_df_row.nc
2023_03/0000459_2023_3_df_row.nc
2023_03/0000463_2023_3_df_row.nc
2023_03/0000465_2023_3_df_row.nc
2023_03/0000466_2023_3_df_row.nc
2023_03/0000469_2023_3_df_row.nc
2023_03/0000471_2023_3_df_row.nc
2023_03/0000475_2023_3_df_row.nc
2023_03/0000477_2023_3_df_row.nc
2023_03/0000484_2023_3_df_row.nc
2023_03/0000485_2023_3_df_row.nc
2023_03/0000487_2023_3_df_row.nc
2023_03/0000489_2023_3_df_row.nc
2023_03/0000496_2023_3_df_row.nc
2023_03/0000503_2023_3_df_row.nc
2023_03/0000506_2023_3_df_row.nc
2023_03/0000509_2023_3_df_row.nc
2023_03/0000510_2023_3_df_row.nc
2023_03/0000511_2023_3_df_row.nc
2023_03/0000514_2023_3_df_row.nc
2023_03/0000519_2023_3_df_row.nc
2023_03/0000521_2023_3_df_row.nc
2023_03/0000522_2023_3_df_row.nc
2023_03/0000523_2023_3_df_row.nc
2023_03/0000528_2023_3_df_row.nc
2023_03/0000529_2023_3_df_row.nc
2023_03/0000531_2023_3_df_row.nc
2023_03/0000533_2023_3_df_row.nc
2023_03/0000537_2023_3_df_row.nc
2023_03/0000542_2023_3_df_row.nc
2023_03/0000543_2023_3_df_row.nc
2023_03/0000551_2023_3_df_row.nc
2023_03/0000554_2023_3_df_row.nc
2023_03/0000557_2023_3_df_row.nc
2023_03/0000564_2023_3_df_row.nc
2023_03/0000577_2023_3_df_row.nc
2023_03/0000578_2023_3_df_row.nc
2023_03/0000579_2023_3_df_row.nc
2023_03/0000580_2023_3_df_row.nc
2023_03/0000590_2023_3_df_row.nc
2023_03/0000591_2023_3_df_row.nc
2023_03/0000592_2023_3_df_row.nc
2023_03/0000594_2023_3_df_row.nc
2023_03/0000596_2023_3_df_row.nc
2023_03/0000604_2023_3_df_row.nc
2023_03/0000605_2023_3_df_row.nc
2023_03/0000609_2023_3_df_row.nc
2023_03/0000610_2023_3_df_row.nc
2023_03/0000611_2023_3_df_row.nc
2023_03/0000612_2023_3_df_row.nc
2023_03/0000613_2023_3_df_row.nc
2023_03/0000616_2023_3_df_row.nc
2023_03/0000623_2023_3_df_row.nc
2023_03/0000625_2023_3_df_row.nc
2023_03/0000626_2023_3_df_row.nc
2023_03/0000629_2023_3_df_row.nc
2023_03/0000632_2023_3_df_row.nc
2023_03/0000634_2023_3_df_row.nc
2023_03/0000635_2023_3_df_row.nc
2023_03/0000639_2023_3_df_row.nc
2023_03/0000643_2023_3_df_row.nc
2023_03/0000644_2023_3_df_row.nc
2023_03/0000646_2023_3_df_row.nc
2023_03/0000652_2023_3_df_row.nc
2023_03/0000653_2023_3_df_row.nc
2023_03/0000658_2023_3_df_row.nc
2023_03/0000660_2023_3_df_row.nc
2023_03/0000665_2023_3_df_row.nc
2023_03/0000668_2023_3_df_row.nc
2023_03/0000671_2023_3_df_row.nc
2023_03/0000672_2023_3_df_row.nc
2023_03/0000673_2023_3_df_row.nc
2023_03/0000676_2023_3_df_row.nc
2023_03/0000682_2023_3_df_row.nc
2023_03/0000686_2023_3_df_row.nc
2023_03/0000696_2023_3_df_row.nc
2023_03/0000699_2023_3_df_row.nc
2023_03/0000700_2023_3_df_row.nc
2023_03/0000703_2023_3_df_row.nc
2023_03/0000705_2023_3_df_row.nc
2023_03/0000710_2023_3_df_row.nc
2023_03/0000711_2023_3_df_row.nc
2023_03/0000712_2023_3_df_row.nc
2023_03/0000713_2023_3_df_row.nc
2023_03/0000725_2023_3_df_row.nc
2023_03/0000726_2023_3_df_row.nc
2023_03/0000729_2023_3_df_row.nc
2023_03/0000731_2023_3_df_row.nc
2023_03/0000734_2023_3_df_row.nc
2023_03/0000736_2023_3_df_row.nc
2023_03/0000737_2023_3_df_row.nc
2023_03/0000738_2023_3_df_row.nc
2023_03/0000739_2023_3_df_row.nc
2023_03/0000740_2023_3_df_row.nc
2023_03/0000741_2023_3_df_row.nc
2023_03/0000742_2023_3_df_row.nc
2023_03/0000746_2023_3_df_row.nc
2023_03/0000750_2023_3_df_row.nc
2023_03/0000752_2023_3_df_row.nc
2023_03/0000754_2023_3_df_row.nc
2023_03/0000758_2023_3_df_row.nc
2023_03/0000760_2023_3_df_row.nc
2023_03/0000768_2023_3_df_row.nc
2023_03/0000772_2023_3_df_row.nc
2023_03/0000774_2023_3_df_row.nc
2023_03/0000775_2023_3_df_row.nc
2023_03/0000777_2023_3_df_row.nc
2023_03/0000778_2023_3_df_row.nc
2023_03/0000780_2023_3_df_row.nc
2023_03/0000783_2023_3_df_row.nc
2023_03/0000788_2023_3_df_row.nc
2023_03/0000789_2023_3_df_row.nc
2023_03/0000790_2023_3_df_row.nc
2023_03/0000792_2023_3_df_row.nc
2023_03/0000794_2023_3_df_row.nc
2023_03/0000795_2023_3_df_row.nc
2023_03/0000796_2023_3_df_row.nc
2023_03/0000797_2023_3_df_row.nc
2023_03/0000798_2023_3_df_row.nc
2023_03/0000799_2023_3_df_row.nc
2023_03/0000801_2023_3_df_row.nc
2023_03/0000806_2023_3_df_row.nc
2023_03/0000807_2023_3_df_row.nc
2023_03/0000815_2023_3_df_row.nc
2023_03/0000817_2023_3_df_row.nc
2023_03/0000818_2023_3_df_row.nc
2023_03/0000819_2023_3_df_row.nc
2023_03/0000820_2023_3_df_row.nc
2023_03/0000826_2023_3_df_row.nc
2023_03/0000831_2023_3_df_row.nc
2023_03/0000832_2023_3_df_row.nc
2023_03/0000834_2023_3_df_row.nc
2023_03/0000836_2023_3_df_row.nc
2023_03/0000839_2023_3_df_row.nc
2023_03/0000840_2023_3_df_row.nc
2023_03/0000841_2023_3_df_row.nc
2023_03/0000842_2023_3_df_row.nc
2023_03/0000844_2023_3_df_row.nc
Removing uncompressed directory /cluster/tufts/capstone25skyblue/eelkus01/NEXRADTurbulencePrediction/model_inputs/2023_03
Deactivating conda environment (if any)
Purging all modules
Done! Environment has been torn down
All done!
