Resetting environment
Deactivating conda environment (if any)
Purging all modules
Done! Environment has been torn down
Allocating resources with slurm...
Loading cuda and miniforge...
Activating conda environment...
Redirecting into the NEXRAD repo...
Done! Environment has now been set up
Processing 2013/01
Running radar_data_to_model_input on /cluster/tufts/capstone25skyblue/eelkus01/NEXRADTurbulencePrediction/radars/pirep_with_radar_data/2013/01.csv
Reading from file: /cluster/tufts/capstone25skyblue/eelkus01/NEXRADTurbulencePrediction/radars/pirep_with_radar_data/2013/01.csv and outputting to directory: /cluster/tufts/capstone25skyblue/eelkus01/NEXRADTurbulencePrediction/model_inputs/2013_01
Completed 5% of df
ERROR: Failed to read radar file s3://unidata-nexrad-level2/2013/01/30/KTBW/KTBW20130130_154225_V06.gz: OSError: unknown compression record
Completed 10% of df
ERROR: Failed to read radar file s3://unidata-nexrad-level2/2013/01/03/KDTX/KDTX20130103_230522_V03.gz: OSError: unknown compression record
Completed 15% of df
Completed 20% of df
Completed 25% of df
Completed 30% of df
ERROR: Failed to read radar file s3://unidata-nexrad-level2/2013/01/16/KIWX/KIWX20130116_205119_V03.gz: OSError: unknown compression record
Completed 35% of df
ERROR: Failed to read radar file s3://unidata-nexrad-level2/2013/01/20/KJKL/KJKL20130120_194239_V06.gz: OSError: unknown compression record
Completed 40% of df
ERROR: Failed to read radar file s3://unidata-nexrad-level2/2013/01/26/KIWX/KIWX20130126_152400_V03.gz: OSError: unknown compression record
ERROR: Failed to read radar file s3://unidata-nexrad-level2/2013/01/05/KPUX/KPUX20130105_141614_V03.gz: OSError: unknown compression record
Completed 45% of df
Completed 50% of df
Completed 55% of df
ERROR: Timed out reading s3://unidata-nexrad-level2/2013/01/29/KFWS/KFWS20130129_221037_V06.gz
ERROR: Timed out reading s3://unidata-nexrad-level2/2013/01/29/KTWX/KTWX20130129_213333_V06.gz
Completed 60% of df
Completed 65% of df
Completed 70% of df
ERROR: Failed to read radar file s3://unidata-nexrad-level2/2013/01/22/KCLX/KCLX20130122_204237_V06.gz: OSError: unknown compression record
Completed 75% of df
Completed 80% of df
ERROR: Failed to read radar file s3://unidata-nexrad-level2/2013/01/31/KIWX/KIWX20130131_162535_V03.gz: OSError: unknown compression record
Completed 85% of df
ERROR: Failed to read radar file s3://unidata-nexrad-level2/2013/01/16/KOKX/KOKX20130116_210624_V06.gz: OSError: unknown compression record
ERROR: Failed to read radar file s3://unidata-nexrad-level2/2013/01/20/KJKL/KJKL20130120_194239_V06.gz: OSError: unknown compression record
Completed 90% of df
Completed 95% of df
Completed 100% of df
Python script exit code: 0
Compressing output directory into /cluster/tufts/capstone25skyblue/eelkus01/NEXRADTurbulencePrediction/model_inputs/compressed/2013_01.tar.xz
2013_01/
2013_01/0000001_2013_1_df_row.nc
2013_01/0000008_2013_1_df_row.nc
2013_01/0000013_2013_1_df_row.nc
2013_01/0000014_2013_1_df_row.nc
2013_01/0000017_2013_1_df_row.nc
2013_01/0000026_2013_1_df_row.nc
2013_01/0000033_2013_1_df_row.nc
2013_01/0000034_2013_1_df_row.nc
2013_01/0000037_2013_1_df_row.nc
2013_01/0000038_2013_1_df_row.nc
2013_01/0000048_2013_1_df_row.nc
2013_01/0000049_2013_1_df_row.nc
2013_01/0000052_2013_1_df_row.nc
2013_01/0000053_2013_1_df_row.nc
2013_01/0000054_2013_1_df_row.nc
2013_01/0000059_2013_1_df_row.nc
2013_01/0000062_2013_1_df_row.nc
2013_01/0000067_2013_1_df_row.nc
2013_01/0000068_2013_1_df_row.nc
2013_01/0000076_2013_1_df_row.nc
2013_01/0000090_2013_1_df_row.nc
2013_01/0000091_2013_1_df_row.nc
2013_01/0000100_2013_1_df_row.nc
2013_01/0000105_2013_1_df_row.nc
2013_01/0000115_2013_1_df_row.nc
2013_01/0000122_2013_1_df_row.nc
2013_01/0000125_2013_1_df_row.nc
2013_01/0000126_2013_1_df_row.nc
2013_01/0000133_2013_1_df_row.nc
2013_01/0000135_2013_1_df_row.nc
2013_01/0000142_2013_1_df_row.nc
2013_01/0000146_2013_1_df_row.nc
2013_01/0000151_2013_1_df_row.nc
2013_01/0000152_2013_1_df_row.nc
2013_01/0000158_2013_1_df_row.nc
2013_01/0000161_2013_1_df_row.nc
2013_01/0000175_2013_1_df_row.nc
2013_01/0000187_2013_1_df_row.nc
2013_01/0000191_2013_1_df_row.nc
2013_01/0000195_2013_1_df_row.nc
2013_01/0000197_2013_1_df_row.nc
2013_01/0000205_2013_1_df_row.nc
2013_01/0000218_2013_1_df_row.nc
2013_01/0000221_2013_1_df_row.nc
2013_01/0000222_2013_1_df_row.nc
2013_01/0000227_2013_1_df_row.nc
2013_01/0000228_2013_1_df_row.nc
2013_01/0000233_2013_1_df_row.nc
2013_01/0000236_2013_1_df_row.nc
2013_01/0000238_2013_1_df_row.nc
2013_01/0000239_2013_1_df_row.nc
2013_01/0000243_2013_1_df_row.nc
2013_01/0000247_2013_1_df_row.nc
2013_01/0000249_2013_1_df_row.nc
2013_01/0000250_2013_1_df_row.nc
2013_01/0000251_2013_1_df_row.nc
2013_01/0000252_2013_1_df_row.nc
2013_01/0000256_2013_1_df_row.nc
2013_01/0000260_2013_1_df_row.nc
2013_01/0000268_2013_1_df_row.nc
2013_01/0000276_2013_1_df_row.nc
2013_01/0000286_2013_1_df_row.nc
2013_01/0000296_2013_1_df_row.nc
2013_01/0000300_2013_1_df_row.nc
2013_01/0000303_2013_1_df_row.nc
2013_01/0000305_2013_1_df_row.nc
2013_01/0000308_2013_1_df_row.nc
2013_01/0000310_2013_1_df_row.nc
2013_01/0000312_2013_1_df_row.nc
2013_01/0000313_2013_1_df_row.nc
2013_01/0000320_2013_1_df_row.nc
2013_01/0000322_2013_1_df_row.nc
2013_01/0000325_2013_1_df_row.nc
2013_01/0000333_2013_1_df_row.nc
2013_01/0000334_2013_1_df_row.nc
2013_01/0000337_2013_1_df_row.nc
2013_01/0000339_2013_1_df_row.nc
2013_01/0000340_2013_1_df_row.nc
2013_01/0000347_2013_1_df_row.nc
2013_01/0000349_2013_1_df_row.nc
2013_01/0000350_2013_1_df_row.nc
2013_01/0000352_2013_1_df_row.nc
2013_01/0000359_2013_1_df_row.nc
2013_01/0000365_2013_1_df_row.nc
2013_01/0000371_2013_1_df_row.nc
2013_01/0000374_2013_1_df_row.nc
2013_01/0000381_2013_1_df_row.nc
2013_01/0000388_2013_1_df_row.nc
2013_01/0000389_2013_1_df_row.nc
2013_01/0000399_2013_1_df_row.nc
2013_01/0000405_2013_1_df_row.nc
2013_01/0000407_2013_1_df_row.nc
2013_01/0000414_2013_1_df_row.nc
2013_01/0000421_2013_1_df_row.nc
2013_01/0000424_2013_1_df_row.nc
2013_01/0000425_2013_1_df_row.nc
2013_01/0000426_2013_1_df_row.nc
2013_01/0000429_2013_1_df_row.nc
2013_01/0000432_2013_1_df_row.nc
2013_01/0000437_2013_1_df_row.nc
2013_01/0000441_2013_1_df_row.nc
2013_01/0000442_2013_1_df_row.nc
2013_01/0000445_2013_1_df_row.nc
2013_01/0000446_2013_1_df_row.nc
2013_01/0000447_2013_1_df_row.nc
2013_01/0000453_2013_1_df_row.nc
2013_01/0000454_2013_1_df_row.nc
2013_01/0000460_2013_1_df_row.nc
2013_01/0000468_2013_1_df_row.nc
2013_01/0000469_2013_1_df_row.nc
2013_01/0000471_2013_1_df_row.nc
2013_01/0000472_2013_1_df_row.nc
2013_01/0000473_2013_1_df_row.nc
2013_01/0000477_2013_1_df_row.nc
2013_01/0000480_2013_1_df_row.nc
2013_01/0000487_2013_1_df_row.nc
2013_01/0000488_2013_1_df_row.nc
2013_01/0000489_2013_1_df_row.nc
2013_01/0000490_2013_1_df_row.nc
2013_01/0000493_2013_1_df_row.nc
2013_01/0000497_2013_1_df_row.nc
2013_01/0000498_2013_1_df_row.nc
2013_01/0000502_2013_1_df_row.nc
2013_01/0000505_2013_1_df_row.nc
2013_01/0000510_2013_1_df_row.nc
2013_01/0000511_2013_1_df_row.nc
2013_01/0000512_2013_1_df_row.nc
2013_01/0000513_2013_1_df_row.nc
2013_01/0000517_2013_1_df_row.nc
2013_01/0000518_2013_1_df_row.nc
2013_01/0000520_2013_1_df_row.nc
2013_01/0000521_2013_1_df_row.nc
2013_01/0000524_2013_1_df_row.nc
2013_01/0000527_2013_1_df_row.nc
2013_01/0000528_2013_1_df_row.nc
2013_01/0000533_2013_1_df_row.nc
2013_01/0000535_2013_1_df_row.nc
2013_01/0000542_2013_1_df_row.nc
2013_01/0000544_2013_1_df_row.nc
2013_01/0000554_2013_1_df_row.nc
2013_01/0000558_2013_1_df_row.nc
2013_01/0000564_2013_1_df_row.nc
2013_01/0000565_2013_1_df_row.nc
2013_01/0000568_2013_1_df_row.nc
2013_01/0000570_2013_1_df_row.nc
2013_01/0000573_2013_1_df_row.nc
2013_01/0000584_2013_1_df_row.nc
2013_01/0000586_2013_1_df_row.nc
2013_01/0000588_2013_1_df_row.nc
2013_01/0000590_2013_1_df_row.nc
2013_01/0000593_2013_1_df_row.nc
2013_01/0000601_2013_1_df_row.nc
2013_01/0000605_2013_1_df_row.nc
2013_01/0000607_2013_1_df_row.nc
Removing uncompressed directory /cluster/tufts/capstone25skyblue/eelkus01/NEXRADTurbulencePrediction/model_inputs/2013_01
Deactivating conda environment (if any)
Purging all modules
Done! Environment has been torn down
All done!
