Resetting environment
Deactivating conda environment (if any)
Purging all modules
Done! Environment has been torn down
Allocating resources with slurm...
Loading cuda and miniforge...
Activating conda environment...
Redirecting into the NEXRAD repo...
Done! Environment has now been set up
Processing 2008/11
Running radar_data_to_model_input on /cluster/tufts/capstone25skyblue/eelkus01/NEXRADTurbulencePrediction/radars/pirep_with_radar_data/2008/11.csv
Reading from file: /cluster/tufts/capstone25skyblue/eelkus01/NEXRADTurbulencePrediction/radars/pirep_with_radar_data/2008/11.csv and outputting to directory: /cluster/tufts/capstone25skyblue/eelkus01/NEXRADTurbulencePrediction/model_inputs/2008_11
Completed 5% of df
Completed 10% of df
ERROR: Failed to read radar file s3://unidata-nexrad-level2/2008/11/22/KCYS/KCYS20081122_021701_V03.gz: ValueError: need at least one array to concatenate
Completed 15% of df
Completed 20% of df
Completed 25% of df
Completed 30% of df
Completed 35% of df
Completed 40% of df
Completed 45% of df
Completed 50% of df
Completed 55% of df
Completed 60% of df
Completed 65% of df
Completed 70% of df
Completed 75% of df
ERROR: Failed to read radar file s3://unidata-nexrad-level2/2008/11/16/KGYX/KGYX20081116_175157_V03.gz: OSError: unknown compression record
ERROR: Failed to read radar file s3://unidata-nexrad-level2/2008/11/16/KBOX/KBOX20081116_173405_V03.gz: OSError: unknown compression record
ERROR: Failed to read radar file s3://unidata-nexrad-level2/2008/11/16/KCXX/KCXX20081116_172821_V03.gz: OSError: unknown compression record
ERROR: Failed to read radar file s3://unidata-nexrad-level2/2008/11/16/KENX/KENX20081116_173300_V03.gz: OSError: unknown compression record
ERROR: Failed to read radar file s3://unidata-nexrad-level2/2008/11/16/KOKX/KOKX20081116_172726_V03.gz: OSError: unknown compression record
Completed 80% of df
Completed 85% of df
Completed 90% of df
Completed 95% of df
Completed 100% of df
Python script exit code: 0
Compressing output directory into /cluster/tufts/capstone25skyblue/eelkus01/NEXRADTurbulencePrediction/model_inputs/compressed/2008_11.tar.xz
2008_11/
2008_11/0000005_2008_11_df_row.nc
2008_11/0000020_2008_11_df_row.nc
2008_11/0000021_2008_11_df_row.nc
2008_11/0000024_2008_11_df_row.nc
2008_11/0000027_2008_11_df_row.nc
2008_11/0000030_2008_11_df_row.nc
2008_11/0000031_2008_11_df_row.nc
2008_11/0000033_2008_11_df_row.nc
2008_11/0000034_2008_11_df_row.nc
2008_11/0000036_2008_11_df_row.nc
2008_11/0000038_2008_11_df_row.nc
2008_11/0000046_2008_11_df_row.nc
2008_11/0000047_2008_11_df_row.nc
2008_11/0000048_2008_11_df_row.nc
2008_11/0000052_2008_11_df_row.nc
2008_11/0000056_2008_11_df_row.nc
2008_11/0000060_2008_11_df_row.nc
2008_11/0000062_2008_11_df_row.nc
2008_11/0000064_2008_11_df_row.nc
2008_11/0000066_2008_11_df_row.nc
2008_11/0000067_2008_11_df_row.nc
2008_11/0000070_2008_11_df_row.nc
2008_11/0000080_2008_11_df_row.nc
2008_11/0000083_2008_11_df_row.nc
2008_11/0000084_2008_11_df_row.nc
2008_11/0000089_2008_11_df_row.nc
2008_11/0000095_2008_11_df_row.nc
2008_11/0000098_2008_11_df_row.nc
2008_11/0000105_2008_11_df_row.nc
2008_11/0000107_2008_11_df_row.nc
2008_11/0000109_2008_11_df_row.nc
2008_11/0000112_2008_11_df_row.nc
2008_11/0000115_2008_11_df_row.nc
2008_11/0000117_2008_11_df_row.nc
2008_11/0000120_2008_11_df_row.nc
2008_11/0000126_2008_11_df_row.nc
2008_11/0000127_2008_11_df_row.nc
2008_11/0000128_2008_11_df_row.nc
2008_11/0000135_2008_11_df_row.nc
2008_11/0000137_2008_11_df_row.nc
2008_11/0000139_2008_11_df_row.nc
2008_11/0000146_2008_11_df_row.nc
2008_11/0000147_2008_11_df_row.nc
2008_11/0000148_2008_11_df_row.nc
2008_11/0000152_2008_11_df_row.nc
2008_11/0000156_2008_11_df_row.nc
2008_11/0000158_2008_11_df_row.nc
2008_11/0000161_2008_11_df_row.nc
2008_11/0000163_2008_11_df_row.nc
2008_11/0000166_2008_11_df_row.nc
2008_11/0000169_2008_11_df_row.nc
2008_11/0000170_2008_11_df_row.nc
2008_11/0000171_2008_11_df_row.nc
2008_11/0000172_2008_11_df_row.nc
2008_11/0000180_2008_11_df_row.nc
2008_11/0000182_2008_11_df_row.nc
2008_11/0000192_2008_11_df_row.nc
2008_11/0000193_2008_11_df_row.nc
2008_11/0000198_2008_11_df_row.nc
2008_11/0000201_2008_11_df_row.nc
2008_11/0000202_2008_11_df_row.nc
2008_11/0000209_2008_11_df_row.nc
2008_11/0000215_2008_11_df_row.nc
2008_11/0000217_2008_11_df_row.nc
2008_11/0000219_2008_11_df_row.nc
2008_11/0000224_2008_11_df_row.nc
2008_11/0000226_2008_11_df_row.nc
2008_11/0000229_2008_11_df_row.nc
2008_11/0000231_2008_11_df_row.nc
2008_11/0000232_2008_11_df_row.nc
2008_11/0000235_2008_11_df_row.nc
2008_11/0000236_2008_11_df_row.nc
2008_11/0000237_2008_11_df_row.nc
2008_11/0000242_2008_11_df_row.nc
2008_11/0000254_2008_11_df_row.nc
2008_11/0000258_2008_11_df_row.nc
2008_11/0000259_2008_11_df_row.nc
2008_11/0000261_2008_11_df_row.nc
2008_11/0000265_2008_11_df_row.nc
2008_11/0000270_2008_11_df_row.nc
2008_11/0000273_2008_11_df_row.nc
2008_11/0000278_2008_11_df_row.nc
2008_11/0000279_2008_11_df_row.nc
2008_11/0000280_2008_11_df_row.nc
2008_11/0000281_2008_11_df_row.nc
2008_11/0000282_2008_11_df_row.nc
2008_11/0000284_2008_11_df_row.nc
2008_11/0000291_2008_11_df_row.nc
2008_11/0000294_2008_11_df_row.nc
2008_11/0000296_2008_11_df_row.nc
2008_11/0000298_2008_11_df_row.nc
2008_11/0000301_2008_11_df_row.nc
2008_11/0000303_2008_11_df_row.nc
2008_11/0000321_2008_11_df_row.nc
2008_11/0000322_2008_11_df_row.nc
2008_11/0000326_2008_11_df_row.nc
2008_11/0000330_2008_11_df_row.nc
2008_11/0000335_2008_11_df_row.nc
2008_11/0000339_2008_11_df_row.nc
2008_11/0000343_2008_11_df_row.nc
2008_11/0000344_2008_11_df_row.nc
2008_11/0000345_2008_11_df_row.nc
2008_11/0000348_2008_11_df_row.nc
2008_11/0000352_2008_11_df_row.nc
2008_11/0000358_2008_11_df_row.nc
2008_11/0000359_2008_11_df_row.nc
2008_11/0000362_2008_11_df_row.nc
2008_11/0000366_2008_11_df_row.nc
2008_11/0000371_2008_11_df_row.nc
2008_11/0000397_2008_11_df_row.nc
2008_11/0000401_2008_11_df_row.nc
2008_11/0000402_2008_11_df_row.nc
2008_11/0000407_2008_11_df_row.nc
Removing uncompressed directory /cluster/tufts/capstone25skyblue/eelkus01/NEXRADTurbulencePrediction/model_inputs/2008_11
Deactivating conda environment (if any)
Purging all modules
Done! Environment has been torn down
All done!
