Resetting environment
Deactivating conda environment (if any)
Purging all modules
Done! Environment has been torn down
Allocating resources with slurm...
Loading cuda and miniforge...
Activating conda environment...
Redirecting into the NEXRAD repo...
Done! Environment has now been set up
Processing 2010/12
Running radar_data_to_model_input on /cluster/tufts/capstone25skyblue/eelkus01/NEXRADTurbulencePrediction/radars/pirep_with_radar_data/2010/12.csv
Reading from file: /cluster/tufts/capstone25skyblue/eelkus01/NEXRADTurbulencePrediction/radars/pirep_with_radar_data/2010/12.csv and outputting to directory: /cluster/tufts/capstone25skyblue/eelkus01/NEXRADTurbulencePrediction/model_inputs/2010_12
Completed 5% of df
Completed 10% of df
ERROR: Failed to read radar file s3://unidata-nexrad-level2/2010/12/08/KJGX/KJGX20101208_205146_V04.gz: IndexError: list index out of range
Completed 15% of df
Completed 20% of df
Completed 25% of df
Completed 30% of df
Completed 35% of df
Completed 40% of df
Completed 45% of df
ERROR: Failed to read radar file s3://unidata-nexrad-level2/2010/12/13/KTYX/KTYX20101213_222154_V04.gz: IndexError: list index out of range
Completed 50% of df
Completed 55% of df
Completed 60% of df
Completed 65% of df
Completed 70% of df
Completed 75% of df
Completed 80% of df
ERROR: Failed to read radar file s3://unidata-nexrad-level2/2010/12/13/KTYX/KTYX20101213_214937_V04.gz: IndexError: list index out of range
Completed 85% of df
Completed 90% of df
Completed 95% of df
Completed 100% of df
Completed 105% of df
Completed 110% of df
Completed 115% of df
Completed 120% of df
Completed 125% of df
Python script exit code: 0
Compressing output directory into /cluster/tufts/capstone25skyblue/eelkus01/NEXRADTurbulencePrediction/model_inputs/compressed/2010_12.tar.xz
2010_12/
2010_12/0000001_2010_12_df_row.nc
2010_12/0000005_2010_12_df_row.nc
2010_12/0000010_2010_12_df_row.nc
2010_12/0000011_2010_12_df_row.nc
2010_12/0000015_2010_12_df_row.nc
2010_12/0000016_2010_12_df_row.nc
2010_12/0000017_2010_12_df_row.nc
2010_12/0000019_2010_12_df_row.nc
2010_12/0000020_2010_12_df_row.nc
2010_12/0000023_2010_12_df_row.nc
2010_12/0000024_2010_12_df_row.nc
2010_12/0000025_2010_12_df_row.nc
2010_12/0000031_2010_12_df_row.nc
2010_12/0000032_2010_12_df_row.nc
2010_12/0000034_2010_12_df_row.nc
2010_12/0000043_2010_12_df_row.nc
2010_12/0000045_2010_12_df_row.nc
2010_12/0000048_2010_12_df_row.nc
2010_12/0000054_2010_12_df_row.nc
2010_12/0000062_2010_12_df_row.nc
2010_12/0000064_2010_12_df_row.nc
2010_12/0000065_2010_12_df_row.nc
2010_12/0000066_2010_12_df_row.nc
2010_12/0000067_2010_12_df_row.nc
2010_12/0000069_2010_12_df_row.nc
Removing uncompressed directory /cluster/tufts/capstone25skyblue/eelkus01/NEXRADTurbulencePrediction/model_inputs/2010_12
Deactivating conda environment (if any)
Purging all modules
Done! Environment has been torn down
All done!
