Resetting environment
Deactivating conda environment (if any)
Purging all modules
Done! Environment has been torn down
Allocating resources with slurm...
Loading cuda and miniforge...
Activating conda environment...
Redirecting into the NEXRAD repo...
Done! Environment has now been set up
Processing 2009/05
Running radar_data_to_model_input on /cluster/tufts/capstone25skyblue/eelkus01/NEXRADTurbulencePrediction/radars/pirep_with_radar_data/2009/05.csv
Reading from file: /cluster/tufts/capstone25skyblue/eelkus01/NEXRADTurbulencePrediction/radars/pirep_with_radar_data/2009/05.csv and outputting to directory: /cluster/tufts/capstone25skyblue/eelkus01/NEXRADTurbulencePrediction/model_inputs/2009_05
Completed 5% of df
Completed 10% of df
Completed 15% of df
Completed 20% of df
Completed 25% of df
Completed 30% of df
Completed 35% of df
Completed 40% of df
ERROR: Timed out reading s3://unidata-nexrad-level2/2009/05/31/KMPX/KMPX20090531_215342_V03.gz
ERROR: Timed out reading s3://unidata-nexrad-level2/2009/05/31/KMVX/KMVX20090531_215101_V03.gz
ERROR: Timed out reading s3://unidata-nexrad-level2/2009/05/31/KARX/KARX20090531_215118_V03.gz
ERROR: Timed out reading s3://unidata-nexrad-level2/2009/05/07/KMQT/KMQT20090507_204748_V03.gz
Completed 45% of df
Completed 50% of df
Completed 55% of df
Completed 60% of df
ERROR: Failed to read radar file s3://unidata-nexrad-level2/2009/05/05/KJKL/KJKL20090505_152813_V03.gz: IndexError: index 0 is out of bounds for axis 0 with size 0
Completed 65% of df
Completed 70% of df
Completed 75% of df
Completed 80% of df
Completed 85% of df
Completed 90% of df
Completed 95% of df
Completed 100% of df
ERROR: Failed to read radar file s3://unidata-nexrad-level2/2009/05/19/KMVX/KMVX20090519_180556_V03.gz: OSError: unknown compression record
Python script exit code: 0
Compressing output directory into /cluster/tufts/capstone25skyblue/eelkus01/NEXRADTurbulencePrediction/model_inputs/compressed/2009_05.tar.xz
2009_05/
2009_05/0000001_2009_5_df_row.nc
2009_05/0000002_2009_5_df_row.nc
2009_05/0000006_2009_5_df_row.nc
2009_05/0000008_2009_5_df_row.nc
2009_05/0000009_2009_5_df_row.nc
2009_05/0000010_2009_5_df_row.nc
2009_05/0000013_2009_5_df_row.nc
2009_05/0000015_2009_5_df_row.nc
2009_05/0000017_2009_5_df_row.nc
2009_05/0000024_2009_5_df_row.nc
2009_05/0000025_2009_5_df_row.nc
2009_05/0000029_2009_5_df_row.nc
2009_05/0000030_2009_5_df_row.nc
2009_05/0000031_2009_5_df_row.nc
2009_05/0000033_2009_5_df_row.nc
2009_05/0000034_2009_5_df_row.nc
2009_05/0000036_2009_5_df_row.nc
2009_05/0000041_2009_5_df_row.nc
2009_05/0000046_2009_5_df_row.nc
2009_05/0000055_2009_5_df_row.nc
2009_05/0000058_2009_5_df_row.nc
2009_05/0000059_2009_5_df_row.nc
2009_05/0000061_2009_5_df_row.nc
2009_05/0000066_2009_5_df_row.nc
2009_05/0000068_2009_5_df_row.nc
2009_05/0000071_2009_5_df_row.nc
2009_05/0000073_2009_5_df_row.nc
2009_05/0000074_2009_5_df_row.nc
2009_05/0000076_2009_5_df_row.nc
2009_05/0000078_2009_5_df_row.nc
2009_05/0000081_2009_5_df_row.nc
2009_05/0000082_2009_5_df_row.nc
2009_05/0000089_2009_5_df_row.nc
2009_05/0000090_2009_5_df_row.nc
2009_05/0000091_2009_5_df_row.nc
2009_05/0000092_2009_5_df_row.nc
2009_05/0000096_2009_5_df_row.nc
2009_05/0000102_2009_5_df_row.nc
2009_05/0000104_2009_5_df_row.nc
2009_05/0000108_2009_5_df_row.nc
2009_05/0000109_2009_5_df_row.nc
2009_05/0000112_2009_5_df_row.nc
2009_05/0000120_2009_5_df_row.nc
2009_05/0000125_2009_5_df_row.nc
2009_05/0000127_2009_5_df_row.nc
2009_05/0000128_2009_5_df_row.nc
2009_05/0000133_2009_5_df_row.nc
2009_05/0000137_2009_5_df_row.nc
2009_05/0000138_2009_5_df_row.nc
2009_05/0000139_2009_5_df_row.nc
2009_05/0000142_2009_5_df_row.nc
2009_05/0000144_2009_5_df_row.nc
2009_05/0000145_2009_5_df_row.nc
2009_05/0000148_2009_5_df_row.nc
2009_05/0000152_2009_5_df_row.nc
2009_05/0000154_2009_5_df_row.nc
2009_05/0000155_2009_5_df_row.nc
2009_05/0000185_2009_5_df_row.nc
2009_05/0000188_2009_5_df_row.nc
2009_05/0000190_2009_5_df_row.nc
2009_05/0000192_2009_5_df_row.nc
2009_05/0000193_2009_5_df_row.nc
2009_05/0000194_2009_5_df_row.nc
2009_05/0000195_2009_5_df_row.nc
2009_05/0000198_2009_5_df_row.nc
2009_05/0000199_2009_5_df_row.nc
2009_05/0000201_2009_5_df_row.nc
2009_05/0000205_2009_5_df_row.nc
2009_05/0000206_2009_5_df_row.nc
2009_05/0000209_2009_5_df_row.nc
2009_05/0000213_2009_5_df_row.nc
2009_05/0000214_2009_5_df_row.nc
2009_05/0000215_2009_5_df_row.nc
2009_05/0000220_2009_5_df_row.nc
2009_05/0000224_2009_5_df_row.nc
2009_05/0000229_2009_5_df_row.nc
2009_05/0000230_2009_5_df_row.nc
2009_05/0000231_2009_5_df_row.nc
2009_05/0000234_2009_5_df_row.nc
2009_05/0000237_2009_5_df_row.nc
2009_05/0000238_2009_5_df_row.nc
2009_05/0000243_2009_5_df_row.nc
2009_05/0000249_2009_5_df_row.nc
2009_05/0000250_2009_5_df_row.nc
2009_05/0000251_2009_5_df_row.nc
2009_05/0000252_2009_5_df_row.nc
2009_05/0000254_2009_5_df_row.nc
2009_05/0000257_2009_5_df_row.nc
2009_05/0000267_2009_5_df_row.nc
2009_05/0000268_2009_5_df_row.nc
2009_05/0000269_2009_5_df_row.nc
2009_05/0000270_2009_5_df_row.nc
2009_05/0000271_2009_5_df_row.nc
2009_05/0000273_2009_5_df_row.nc
2009_05/0000279_2009_5_df_row.nc
2009_05/0000280_2009_5_df_row.nc
2009_05/0000284_2009_5_df_row.nc
2009_05/0000289_2009_5_df_row.nc
2009_05/0000291_2009_5_df_row.nc
2009_05/0000296_2009_5_df_row.nc
2009_05/0000297_2009_5_df_row.nc
2009_05/0000298_2009_5_df_row.nc
2009_05/0000301_2009_5_df_row.nc
2009_05/0000302_2009_5_df_row.nc
2009_05/0000303_2009_5_df_row.nc
2009_05/0000309_2009_5_df_row.nc
2009_05/0000311_2009_5_df_row.nc
2009_05/0000312_2009_5_df_row.nc
2009_05/0000318_2009_5_df_row.nc
2009_05/0000322_2009_5_df_row.nc
2009_05/0000323_2009_5_df_row.nc
2009_05/0000324_2009_5_df_row.nc
2009_05/0000327_2009_5_df_row.nc
2009_05/0000330_2009_5_df_row.nc
2009_05/0000331_2009_5_df_row.nc
2009_05/0000334_2009_5_df_row.nc
2009_05/0000336_2009_5_df_row.nc
2009_05/0000337_2009_5_df_row.nc
2009_05/0000342_2009_5_df_row.nc
2009_05/0000344_2009_5_df_row.nc
2009_05/0000346_2009_5_df_row.nc
Removing uncompressed directory /cluster/tufts/capstone25skyblue/eelkus01/NEXRADTurbulencePrediction/model_inputs/2009_05
Deactivating conda environment (if any)
Purging all modules
Done! Environment has been torn down
All done!
