Resetting environment
Deactivating conda environment (if any)
Purging all modules
Done! Environment has been torn down
Allocating resources with slurm...
Loading cuda and miniforge...
Activating conda environment...
Redirecting into the NEXRAD repo...
Done! Environment has now been set up
Processing 2025/01
Running radar_data_to_model_input on /cluster/tufts/capstone25skyblue/eelkus01/NEXRADTurbulencePrediction/radars/pirep_with_radar_data/2025/01.csv
Reading from file: /cluster/tufts/capstone25skyblue/eelkus01/NEXRADTurbulencePrediction/radars/pirep_with_radar_data/2025/01.csv and outputting to directory: /cluster/tufts/capstone25skyblue/eelkus01/NEXRADTurbulencePrediction/model_inputs/2025_01
ERROR: Failed to read radar file s3://unidata-nexrad-level2/2025/01/07/PAIH/PAIH20250107_005924_V06: IndexError: index 0 is out of bounds for axis 0 with size 0
ERROR: Failed to read radar file s3://unidata-nexrad-level2/2025/01/07/PAIH/PAIH20250107_005924_V06: IndexError: index 0 is out of bounds for axis 0 with size 0
Completed 5% of df
Error processing row 67: Plane weight must be 'L', 'M', 'H' or 'U.
Completed 10% of df
Completed 15% of df
ERROR: Failed to read radar file s3://unidata-nexrad-level2/2025/01/12/PAIH/PAIH20250112_162105_V06: ValueError: No MSG31 records found, cannot read file
ERROR: Failed to read radar file s3://unidata-nexrad-level2/2025/01/12/PAIH/PAIH20250112_162105_V06: ValueError: No MSG31 records found, cannot read file
Completed 20% of df
Completed 25% of df
Completed 30% of df
Completed 35% of df
Completed 40% of df
Completed 45% of df
Completed 50% of df
Completed 55% of df
ERROR: Failed to read radar file s3://unidata-nexrad-level2/2025/01/12/PAIH/PAIH20250112_162105_V06: ValueError: No MSG31 records found, cannot read file
ERROR: Failed to read radar file s3://unidata-nexrad-level2/2025/01/12/PAIH/PAIH20250112_162105_V06: ValueError: No MSG31 records found, cannot read file
Completed 60% of df
Completed 65% of df
Completed 70% of df
Error processing row 508: Plane weight must be 'L', 'M', 'H' or 'U.
Completed 75% of df
Completed 80% of df
ERROR: Failed to read radar file s3://unidata-nexrad-level2/2025/01/12/PAIH/PAIH20250112_162105_V06: ValueError: No MSG31 records found, cannot read file
ERROR: Failed to read radar file s3://unidata-nexrad-level2/2025/01/12/PAIH/PAIH20250112_162105_V06: ValueError: No MSG31 records found, cannot read file
Completed 85% of df
Completed 90% of df
ERROR: Failed to read radar file s3://unidata-nexrad-level2/2025/01/12/PAIH/PAIH20250112_175006_V06: IndexError: index 0 is out of bounds for axis 0 with size 0
ERROR: Failed to read radar file s3://unidata-nexrad-level2/2025/01/12/PAIH/PAIH20250112_175006_V06: IndexError: index 0 is out of bounds for axis 0 with size 0
Completed 95% of df
ERROR: Failed to read radar file s3://unidata-nexrad-level2/2025/01/12/PAIH/PAIH20250112_165642_V06: IndexError: index 0 is out of bounds for axis 0 with size 0
ERROR: Failed to read radar file s3://unidata-nexrad-level2/2025/01/12/PAIH/PAIH20250112_165642_V06: IndexError: index 0 is out of bounds for axis 0 with size 0
Completed 100% of df
Python script exit code: 0
Compressing output directory into /cluster/tufts/capstone25skyblue/eelkus01/NEXRADTurbulencePrediction/model_inputs/compressed/2025_01.tar.xz
2025_01/
2025_01/0000001_2025_1_df_row.nc
2025_01/0000008_2025_1_df_row.nc
2025_01/0000012_2025_1_df_row.nc
2025_01/0000016_2025_1_df_row.nc
2025_01/0000018_2025_1_df_row.nc
2025_01/0000021_2025_1_df_row.nc
2025_01/0000024_2025_1_df_row.nc
2025_01/0000025_2025_1_df_row.nc
2025_01/0000031_2025_1_df_row.nc
2025_01/0000034_2025_1_df_row.nc
2025_01/0000038_2025_1_df_row.nc
2025_01/0000039_2025_1_df_row.nc
2025_01/0000040_2025_1_df_row.nc
2025_01/0000041_2025_1_df_row.nc
2025_01/0000048_2025_1_df_row.nc
2025_01/0000050_2025_1_df_row.nc
2025_01/0000053_2025_1_df_row.nc
2025_01/0000055_2025_1_df_row.nc
2025_01/0000056_2025_1_df_row.nc
2025_01/0000058_2025_1_df_row.nc
2025_01/0000060_2025_1_df_row.nc
2025_01/0000071_2025_1_df_row.nc
2025_01/0000075_2025_1_df_row.nc
2025_01/0000076_2025_1_df_row.nc
2025_01/0000078_2025_1_df_row.nc
2025_01/0000081_2025_1_df_row.nc
2025_01/0000083_2025_1_df_row.nc
2025_01/0000087_2025_1_df_row.nc
2025_01/0000088_2025_1_df_row.nc
2025_01/0000089_2025_1_df_row.nc
2025_01/0000090_2025_1_df_row.nc
2025_01/0000091_2025_1_df_row.nc
2025_01/0000092_2025_1_df_row.nc
2025_01/0000095_2025_1_df_row.nc
2025_01/0000098_2025_1_df_row.nc
2025_01/0000100_2025_1_df_row.nc
2025_01/0000105_2025_1_df_row.nc
2025_01/0000108_2025_1_df_row.nc
2025_01/0000109_2025_1_df_row.nc
2025_01/0000113_2025_1_df_row.nc
2025_01/0000114_2025_1_df_row.nc
2025_01/0000115_2025_1_df_row.nc
2025_01/0000123_2025_1_df_row.nc
2025_01/0000124_2025_1_df_row.nc
2025_01/0000128_2025_1_df_row.nc
2025_01/0000132_2025_1_df_row.nc
2025_01/0000134_2025_1_df_row.nc
2025_01/0000135_2025_1_df_row.nc
2025_01/0000140_2025_1_df_row.nc
2025_01/0000141_2025_1_df_row.nc
2025_01/0000142_2025_1_df_row.nc
2025_01/0000152_2025_1_df_row.nc
2025_01/0000153_2025_1_df_row.nc
2025_01/0000158_2025_1_df_row.nc
2025_01/0000161_2025_1_df_row.nc
2025_01/0000163_2025_1_df_row.nc
2025_01/0000164_2025_1_df_row.nc
2025_01/0000168_2025_1_df_row.nc
2025_01/0000172_2025_1_df_row.nc
2025_01/0000173_2025_1_df_row.nc
2025_01/0000177_2025_1_df_row.nc
2025_01/0000180_2025_1_df_row.nc
2025_01/0000181_2025_1_df_row.nc
2025_01/0000185_2025_1_df_row.nc
2025_01/0000187_2025_1_df_row.nc
2025_01/0000189_2025_1_df_row.nc
2025_01/0000197_2025_1_df_row.nc
2025_01/0000202_2025_1_df_row.nc
2025_01/0000203_2025_1_df_row.nc
2025_01/0000205_2025_1_df_row.nc
2025_01/0000209_2025_1_df_row.nc
2025_01/0000210_2025_1_df_row.nc
2025_01/0000211_2025_1_df_row.nc
2025_01/0000212_2025_1_df_row.nc
2025_01/0000213_2025_1_df_row.nc
2025_01/0000215_2025_1_df_row.nc
2025_01/0000221_2025_1_df_row.nc
2025_01/0000222_2025_1_df_row.nc
2025_01/0000224_2025_1_df_row.nc
2025_01/0000226_2025_1_df_row.nc
2025_01/0000229_2025_1_df_row.nc
2025_01/0000233_2025_1_df_row.nc
2025_01/0000239_2025_1_df_row.nc
2025_01/0000242_2025_1_df_row.nc
2025_01/0000251_2025_1_df_row.nc
2025_01/0000252_2025_1_df_row.nc
2025_01/0000255_2025_1_df_row.nc
2025_01/0000256_2025_1_df_row.nc
2025_01/0000259_2025_1_df_row.nc
2025_01/0000263_2025_1_df_row.nc
2025_01/0000264_2025_1_df_row.nc
2025_01/0000265_2025_1_df_row.nc
2025_01/0000271_2025_1_df_row.nc
2025_01/0000274_2025_1_df_row.nc
2025_01/0000275_2025_1_df_row.nc
2025_01/0000279_2025_1_df_row.nc
2025_01/0000280_2025_1_df_row.nc
2025_01/0000288_2025_1_df_row.nc
2025_01/0000291_2025_1_df_row.nc
2025_01/0000295_2025_1_df_row.nc
2025_01/0000296_2025_1_df_row.nc
2025_01/0000297_2025_1_df_row.nc
2025_01/0000302_2025_1_df_row.nc
2025_01/0000305_2025_1_df_row.nc
2025_01/0000308_2025_1_df_row.nc
2025_01/0000309_2025_1_df_row.nc
2025_01/0000316_2025_1_df_row.nc
2025_01/0000317_2025_1_df_row.nc
2025_01/0000318_2025_1_df_row.nc
2025_01/0000320_2025_1_df_row.nc
2025_01/0000321_2025_1_df_row.nc
2025_01/0000323_2025_1_df_row.nc
2025_01/0000325_2025_1_df_row.nc
2025_01/0000327_2025_1_df_row.nc
2025_01/0000328_2025_1_df_row.nc
2025_01/0000329_2025_1_df_row.nc
2025_01/0000336_2025_1_df_row.nc
2025_01/0000343_2025_1_df_row.nc
2025_01/0000345_2025_1_df_row.nc
2025_01/0000349_2025_1_df_row.nc
2025_01/0000353_2025_1_df_row.nc
2025_01/0000356_2025_1_df_row.nc
2025_01/0000358_2025_1_df_row.nc
2025_01/0000359_2025_1_df_row.nc
2025_01/0000362_2025_1_df_row.nc
2025_01/0000363_2025_1_df_row.nc
2025_01/0000366_2025_1_df_row.nc
2025_01/0000370_2025_1_df_row.nc
2025_01/0000372_2025_1_df_row.nc
2025_01/0000373_2025_1_df_row.nc
2025_01/0000376_2025_1_df_row.nc
2025_01/0000377_2025_1_df_row.nc
2025_01/0000381_2025_1_df_row.nc
2025_01/0000384_2025_1_df_row.nc
2025_01/0000387_2025_1_df_row.nc
2025_01/0000389_2025_1_df_row.nc
2025_01/0000395_2025_1_df_row.nc
2025_01/0000396_2025_1_df_row.nc
2025_01/0000399_2025_1_df_row.nc
2025_01/0000405_2025_1_df_row.nc
2025_01/0000410_2025_1_df_row.nc
2025_01/0000411_2025_1_df_row.nc
2025_01/0000412_2025_1_df_row.nc
2025_01/0000413_2025_1_df_row.nc
2025_01/0000414_2025_1_df_row.nc
2025_01/0000415_2025_1_df_row.nc
2025_01/0000416_2025_1_df_row.nc
2025_01/0000419_2025_1_df_row.nc
2025_01/0000421_2025_1_df_row.nc
2025_01/0000422_2025_1_df_row.nc
2025_01/0000425_2025_1_df_row.nc
2025_01/0000433_2025_1_df_row.nc
2025_01/0000434_2025_1_df_row.nc
2025_01/0000438_2025_1_df_row.nc
2025_01/0000440_2025_1_df_row.nc
2025_01/0000446_2025_1_df_row.nc
2025_01/0000449_2025_1_df_row.nc
2025_01/0000457_2025_1_df_row.nc
2025_01/0000459_2025_1_df_row.nc
2025_01/0000461_2025_1_df_row.nc
2025_01/0000465_2025_1_df_row.nc
2025_01/0000466_2025_1_df_row.nc
2025_01/0000468_2025_1_df_row.nc
2025_01/0000469_2025_1_df_row.nc
2025_01/0000473_2025_1_df_row.nc
2025_01/0000476_2025_1_df_row.nc
2025_01/0000480_2025_1_df_row.nc
2025_01/0000481_2025_1_df_row.nc
2025_01/0000482_2025_1_df_row.nc
2025_01/0000483_2025_1_df_row.nc
2025_01/0000486_2025_1_df_row.nc
2025_01/0000491_2025_1_df_row.nc
2025_01/0000493_2025_1_df_row.nc
2025_01/0000495_2025_1_df_row.nc
2025_01/0000496_2025_1_df_row.nc
2025_01/0000500_2025_1_df_row.nc
2025_01/0000501_2025_1_df_row.nc
2025_01/0000505_2025_1_df_row.nc
2025_01/0000507_2025_1_df_row.nc
2025_01/0000509_2025_1_df_row.nc
2025_01/0000510_2025_1_df_row.nc
2025_01/0000514_2025_1_df_row.nc
2025_01/0000516_2025_1_df_row.nc
2025_01/0000518_2025_1_df_row.nc
2025_01/0000520_2025_1_df_row.nc
2025_01/0000522_2025_1_df_row.nc
2025_01/0000526_2025_1_df_row.nc
2025_01/0000528_2025_1_df_row.nc
2025_01/0000529_2025_1_df_row.nc
2025_01/0000533_2025_1_df_row.nc
2025_01/0000539_2025_1_df_row.nc
2025_01/0000545_2025_1_df_row.nc
2025_01/0000557_2025_1_df_row.nc
2025_01/0000558_2025_1_df_row.nc
2025_01/0000561_2025_1_df_row.nc
2025_01/0000562_2025_1_df_row.nc
2025_01/0000568_2025_1_df_row.nc
2025_01/0000570_2025_1_df_row.nc
2025_01/0000573_2025_1_df_row.nc
2025_01/0000575_2025_1_df_row.nc
2025_01/0000583_2025_1_df_row.nc
2025_01/0000594_2025_1_df_row.nc
2025_01/0000596_2025_1_df_row.nc
2025_01/0000604_2025_1_df_row.nc
2025_01/0000606_2025_1_df_row.nc
2025_01/0000613_2025_1_df_row.nc
2025_01/0000614_2025_1_df_row.nc
2025_01/0000617_2025_1_df_row.nc
2025_01/0000624_2025_1_df_row.nc
2025_01/0000631_2025_1_df_row.nc
2025_01/0000637_2025_1_df_row.nc
2025_01/0000646_2025_1_df_row.nc
2025_01/0000649_2025_1_df_row.nc
2025_01/0000655_2025_1_df_row.nc
2025_01/0000656_2025_1_df_row.nc
2025_01/0000657_2025_1_df_row.nc
2025_01/0000661_2025_1_df_row.nc
2025_01/0000662_2025_1_df_row.nc
2025_01/0000675_2025_1_df_row.nc
2025_01/0000678_2025_1_df_row.nc
2025_01/0000680_2025_1_df_row.nc
2025_01/0000683_2025_1_df_row.nc
2025_01/0000685_2025_1_df_row.nc
2025_01/0000687_2025_1_df_row.nc
2025_01/0000689_2025_1_df_row.nc
2025_01/0000691_2025_1_df_row.nc
2025_01/0000692_2025_1_df_row.nc
2025_01/0000694_2025_1_df_row.nc
2025_01/0000696_2025_1_df_row.nc
2025_01/0000698_2025_1_df_row.nc
2025_01/0000708_2025_1_df_row.nc
2025_01/0000709_2025_1_df_row.nc
2025_01/0000710_2025_1_df_row.nc
2025_01/0000711_2025_1_df_row.nc
Removing uncompressed directory /cluster/tufts/capstone25skyblue/eelkus01/NEXRADTurbulencePrediction/model_inputs/2025_01
Deactivating conda environment (if any)
Purging all modules
Done! Environment has been torn down
All done!
