Resetting environment
Deactivating conda environment (if any)
Purging all modules
Done! Environment has been torn down
Allocating resources with slurm...
Loading cuda and miniforge...
Activating conda environment...
Redirecting into the NEXRAD repo...
Done! Environment has now been set up
Processing 2024/03
Running radar_data_to_model_input on /cluster/tufts/capstone25skyblue/eelkus01/NEXRADTurbulencePrediction/radars/pirep_with_radar_data/2024/03.csv
Reading from file: /cluster/tufts/capstone25skyblue/eelkus01/NEXRADTurbulencePrediction/radars/pirep_with_radar_data/2024/03.csv and outputting to directory: /cluster/tufts/capstone25skyblue/eelkus01/NEXRADTurbulencePrediction/model_inputs/2024_03
Completed 5% of df
Completed 10% of df
Completed 15% of df
Completed 20% of df
Completed 25% of df
Completed 30% of df
Completed 35% of df
Completed 40% of df
Completed 45% of df
Completed 50% of df
Completed 55% of df
Completed 60% of df
Completed 65% of df
Completed 70% of df
Completed 75% of df
Completed 80% of df
Completed 85% of df
Completed 90% of df
Completed 95% of df
Completed 100% of df
Python script exit code: 0
Compressing output directory into /cluster/tufts/capstone25skyblue/eelkus01/NEXRADTurbulencePrediction/model_inputs/compressed/2024_03.tar.xz
2024_03/
2024_03/0000000_2024_3_df_row.nc
2024_03/0000002_2024_3_df_row.nc
2024_03/0000004_2024_3_df_row.nc
2024_03/0000007_2024_3_df_row.nc
2024_03/0000008_2024_3_df_row.nc
2024_03/0000009_2024_3_df_row.nc
2024_03/0000011_2024_3_df_row.nc
2024_03/0000013_2024_3_df_row.nc
2024_03/0000014_2024_3_df_row.nc
2024_03/0000020_2024_3_df_row.nc
2024_03/0000025_2024_3_df_row.nc
2024_03/0000026_2024_3_df_row.nc
2024_03/0000028_2024_3_df_row.nc
2024_03/0000034_2024_3_df_row.nc
2024_03/0000037_2024_3_df_row.nc
2024_03/0000055_2024_3_df_row.nc
2024_03/0000056_2024_3_df_row.nc
2024_03/0000062_2024_3_df_row.nc
2024_03/0000064_2024_3_df_row.nc
2024_03/0000067_2024_3_df_row.nc
2024_03/0000075_2024_3_df_row.nc
2024_03/0000077_2024_3_df_row.nc
2024_03/0000078_2024_3_df_row.nc
2024_03/0000081_2024_3_df_row.nc
2024_03/0000082_2024_3_df_row.nc
2024_03/0000085_2024_3_df_row.nc
2024_03/0000092_2024_3_df_row.nc
2024_03/0000096_2024_3_df_row.nc
2024_03/0000097_2024_3_df_row.nc
2024_03/0000098_2024_3_df_row.nc
2024_03/0000103_2024_3_df_row.nc
2024_03/0000107_2024_3_df_row.nc
2024_03/0000109_2024_3_df_row.nc
2024_03/0000110_2024_3_df_row.nc
2024_03/0000113_2024_3_df_row.nc
2024_03/0000118_2024_3_df_row.nc
2024_03/0000121_2024_3_df_row.nc
2024_03/0000124_2024_3_df_row.nc
2024_03/0000125_2024_3_df_row.nc
2024_03/0000128_2024_3_df_row.nc
2024_03/0000129_2024_3_df_row.nc
2024_03/0000130_2024_3_df_row.nc
2024_03/0000132_2024_3_df_row.nc
2024_03/0000134_2024_3_df_row.nc
2024_03/0000139_2024_3_df_row.nc
2024_03/0000141_2024_3_df_row.nc
2024_03/0000143_2024_3_df_row.nc
2024_03/0000145_2024_3_df_row.nc
2024_03/0000152_2024_3_df_row.nc
2024_03/0000157_2024_3_df_row.nc
2024_03/0000159_2024_3_df_row.nc
2024_03/0000160_2024_3_df_row.nc
2024_03/0000164_2024_3_df_row.nc
2024_03/0000165_2024_3_df_row.nc
2024_03/0000167_2024_3_df_row.nc
2024_03/0000171_2024_3_df_row.nc
2024_03/0000181_2024_3_df_row.nc
2024_03/0000183_2024_3_df_row.nc
2024_03/0000185_2024_3_df_row.nc
2024_03/0000186_2024_3_df_row.nc
2024_03/0000187_2024_3_df_row.nc
2024_03/0000188_2024_3_df_row.nc
2024_03/0000189_2024_3_df_row.nc
2024_03/0000190_2024_3_df_row.nc
2024_03/0000194_2024_3_df_row.nc
2024_03/0000200_2024_3_df_row.nc
2024_03/0000202_2024_3_df_row.nc
2024_03/0000203_2024_3_df_row.nc
2024_03/0000204_2024_3_df_row.nc
2024_03/0000207_2024_3_df_row.nc
2024_03/0000210_2024_3_df_row.nc
2024_03/0000213_2024_3_df_row.nc
2024_03/0000214_2024_3_df_row.nc
2024_03/0000215_2024_3_df_row.nc
2024_03/0000221_2024_3_df_row.nc
2024_03/0000223_2024_3_df_row.nc
2024_03/0000227_2024_3_df_row.nc
2024_03/0000228_2024_3_df_row.nc
2024_03/0000231_2024_3_df_row.nc
2024_03/0000232_2024_3_df_row.nc
2024_03/0000237_2024_3_df_row.nc
2024_03/0000238_2024_3_df_row.nc
2024_03/0000239_2024_3_df_row.nc
2024_03/0000241_2024_3_df_row.nc
2024_03/0000247_2024_3_df_row.nc
2024_03/0000249_2024_3_df_row.nc
2024_03/0000251_2024_3_df_row.nc
2024_03/0000254_2024_3_df_row.nc
2024_03/0000256_2024_3_df_row.nc
2024_03/0000257_2024_3_df_row.nc
2024_03/0000259_2024_3_df_row.nc
2024_03/0000260_2024_3_df_row.nc
2024_03/0000262_2024_3_df_row.nc
2024_03/0000267_2024_3_df_row.nc
2024_03/0000271_2024_3_df_row.nc
2024_03/0000272_2024_3_df_row.nc
2024_03/0000273_2024_3_df_row.nc
2024_03/0000274_2024_3_df_row.nc
2024_03/0000278_2024_3_df_row.nc
2024_03/0000279_2024_3_df_row.nc
2024_03/0000281_2024_3_df_row.nc
2024_03/0000285_2024_3_df_row.nc
2024_03/0000287_2024_3_df_row.nc
2024_03/0000288_2024_3_df_row.nc
2024_03/0000289_2024_3_df_row.nc
2024_03/0000290_2024_3_df_row.nc
2024_03/0000291_2024_3_df_row.nc
2024_03/0000292_2024_3_df_row.nc
2024_03/0000296_2024_3_df_row.nc
2024_03/0000299_2024_3_df_row.nc
2024_03/0000308_2024_3_df_row.nc
2024_03/0000309_2024_3_df_row.nc
2024_03/0000315_2024_3_df_row.nc
2024_03/0000322_2024_3_df_row.nc
2024_03/0000333_2024_3_df_row.nc
2024_03/0000337_2024_3_df_row.nc
2024_03/0000341_2024_3_df_row.nc
2024_03/0000350_2024_3_df_row.nc
2024_03/0000353_2024_3_df_row.nc
2024_03/0000357_2024_3_df_row.nc
2024_03/0000368_2024_3_df_row.nc
2024_03/0000369_2024_3_df_row.nc
2024_03/0000375_2024_3_df_row.nc
2024_03/0000376_2024_3_df_row.nc
2024_03/0000381_2024_3_df_row.nc
2024_03/0000382_2024_3_df_row.nc
2024_03/0000384_2024_3_df_row.nc
2024_03/0000387_2024_3_df_row.nc
2024_03/0000388_2024_3_df_row.nc
2024_03/0000389_2024_3_df_row.nc
2024_03/0000407_2024_3_df_row.nc
2024_03/0000408_2024_3_df_row.nc
2024_03/0000411_2024_3_df_row.nc
2024_03/0000415_2024_3_df_row.nc
2024_03/0000417_2024_3_df_row.nc
2024_03/0000418_2024_3_df_row.nc
2024_03/0000420_2024_3_df_row.nc
2024_03/0000422_2024_3_df_row.nc
2024_03/0000425_2024_3_df_row.nc
2024_03/0000428_2024_3_df_row.nc
2024_03/0000430_2024_3_df_row.nc
2024_03/0000433_2024_3_df_row.nc
2024_03/0000434_2024_3_df_row.nc
2024_03/0000435_2024_3_df_row.nc
2024_03/0000440_2024_3_df_row.nc
2024_03/0000441_2024_3_df_row.nc
2024_03/0000442_2024_3_df_row.nc
2024_03/0000443_2024_3_df_row.nc
2024_03/0000445_2024_3_df_row.nc
2024_03/0000453_2024_3_df_row.nc
2024_03/0000454_2024_3_df_row.nc
2024_03/0000456_2024_3_df_row.nc
2024_03/0000460_2024_3_df_row.nc
2024_03/0000463_2024_3_df_row.nc
2024_03/0000464_2024_3_df_row.nc
2024_03/0000468_2024_3_df_row.nc
2024_03/0000469_2024_3_df_row.nc
2024_03/0000471_2024_3_df_row.nc
2024_03/0000474_2024_3_df_row.nc
2024_03/0000479_2024_3_df_row.nc
2024_03/0000482_2024_3_df_row.nc
2024_03/0000484_2024_3_df_row.nc
2024_03/0000485_2024_3_df_row.nc
2024_03/0000495_2024_3_df_row.nc
2024_03/0000496_2024_3_df_row.nc
2024_03/0000499_2024_3_df_row.nc
2024_03/0000500_2024_3_df_row.nc
2024_03/0000502_2024_3_df_row.nc
2024_03/0000505_2024_3_df_row.nc
2024_03/0000506_2024_3_df_row.nc
2024_03/0000509_2024_3_df_row.nc
2024_03/0000510_2024_3_df_row.nc
2024_03/0000511_2024_3_df_row.nc
2024_03/0000512_2024_3_df_row.nc
2024_03/0000517_2024_3_df_row.nc
2024_03/0000520_2024_3_df_row.nc
2024_03/0000522_2024_3_df_row.nc
2024_03/0000523_2024_3_df_row.nc
2024_03/0000524_2024_3_df_row.nc
2024_03/0000526_2024_3_df_row.nc
2024_03/0000530_2024_3_df_row.nc
2024_03/0000533_2024_3_df_row.nc
2024_03/0000537_2024_3_df_row.nc
2024_03/0000543_2024_3_df_row.nc
2024_03/0000556_2024_3_df_row.nc
2024_03/0000558_2024_3_df_row.nc
2024_03/0000560_2024_3_df_row.nc
2024_03/0000561_2024_3_df_row.nc
2024_03/0000566_2024_3_df_row.nc
2024_03/0000569_2024_3_df_row.nc
2024_03/0000571_2024_3_df_row.nc
2024_03/0000573_2024_3_df_row.nc
2024_03/0000575_2024_3_df_row.nc
2024_03/0000577_2024_3_df_row.nc
2024_03/0000578_2024_3_df_row.nc
2024_03/0000579_2024_3_df_row.nc
2024_03/0000582_2024_3_df_row.nc
2024_03/0000585_2024_3_df_row.nc
2024_03/0000590_2024_3_df_row.nc
2024_03/0000591_2024_3_df_row.nc
2024_03/0000593_2024_3_df_row.nc
2024_03/0000594_2024_3_df_row.nc
2024_03/0000595_2024_3_df_row.nc
2024_03/0000600_2024_3_df_row.nc
2024_03/0000605_2024_3_df_row.nc
2024_03/0000606_2024_3_df_row.nc
2024_03/0000609_2024_3_df_row.nc
2024_03/0000610_2024_3_df_row.nc
2024_03/0000612_2024_3_df_row.nc
2024_03/0000614_2024_3_df_row.nc
2024_03/0000616_2024_3_df_row.nc
2024_03/0000620_2024_3_df_row.nc
2024_03/0000621_2024_3_df_row.nc
2024_03/0000622_2024_3_df_row.nc
2024_03/0000623_2024_3_df_row.nc
2024_03/0000624_2024_3_df_row.nc
2024_03/0000628_2024_3_df_row.nc
2024_03/0000631_2024_3_df_row.nc
2024_03/0000635_2024_3_df_row.nc
2024_03/0000636_2024_3_df_row.nc
2024_03/0000637_2024_3_df_row.nc
2024_03/0000638_2024_3_df_row.nc
2024_03/0000649_2024_3_df_row.nc
2024_03/0000650_2024_3_df_row.nc
2024_03/0000653_2024_3_df_row.nc
2024_03/0000654_2024_3_df_row.nc
2024_03/0000656_2024_3_df_row.nc
2024_03/0000657_2024_3_df_row.nc
2024_03/0000675_2024_3_df_row.nc
2024_03/0000677_2024_3_df_row.nc
2024_03/0000680_2024_3_df_row.nc
2024_03/0000690_2024_3_df_row.nc
2024_03/0000693_2024_3_df_row.nc
2024_03/0000695_2024_3_df_row.nc
2024_03/0000696_2024_3_df_row.nc
2024_03/0000702_2024_3_df_row.nc
2024_03/0000705_2024_3_df_row.nc
2024_03/0000710_2024_3_df_row.nc
2024_03/0000712_2024_3_df_row.nc
2024_03/0000715_2024_3_df_row.nc
2024_03/0000718_2024_3_df_row.nc
2024_03/0000721_2024_3_df_row.nc
2024_03/0000722_2024_3_df_row.nc
2024_03/0000724_2024_3_df_row.nc
2024_03/0000728_2024_3_df_row.nc
2024_03/0000729_2024_3_df_row.nc
2024_03/0000730_2024_3_df_row.nc
2024_03/0000739_2024_3_df_row.nc
2024_03/0000741_2024_3_df_row.nc
2024_03/0000743_2024_3_df_row.nc
2024_03/0000744_2024_3_df_row.nc
2024_03/0000747_2024_3_df_row.nc
2024_03/0000749_2024_3_df_row.nc
2024_03/0000751_2024_3_df_row.nc
2024_03/0000753_2024_3_df_row.nc
2024_03/0000759_2024_3_df_row.nc
2024_03/0000762_2024_3_df_row.nc
2024_03/0000764_2024_3_df_row.nc
2024_03/0000765_2024_3_df_row.nc
2024_03/0000768_2024_3_df_row.nc
2024_03/0000771_2024_3_df_row.nc
2024_03/0000772_2024_3_df_row.nc
2024_03/0000774_2024_3_df_row.nc
2024_03/0000775_2024_3_df_row.nc
2024_03/0000776_2024_3_df_row.nc
2024_03/0000777_2024_3_df_row.nc
2024_03/0000780_2024_3_df_row.nc
2024_03/0000781_2024_3_df_row.nc
2024_03/0000784_2024_3_df_row.nc
2024_03/0000788_2024_3_df_row.nc
2024_03/0000794_2024_3_df_row.nc
2024_03/0000795_2024_3_df_row.nc
2024_03/0000798_2024_3_df_row.nc
2024_03/0000812_2024_3_df_row.nc
2024_03/0000813_2024_3_df_row.nc
2024_03/0000815_2024_3_df_row.nc
2024_03/0000816_2024_3_df_row.nc
2024_03/0000817_2024_3_df_row.nc
2024_03/0000819_2024_3_df_row.nc
2024_03/0000820_2024_3_df_row.nc
2024_03/0000821_2024_3_df_row.nc
2024_03/0000823_2024_3_df_row.nc
2024_03/0000828_2024_3_df_row.nc
2024_03/0000833_2024_3_df_row.nc
2024_03/0000838_2024_3_df_row.nc
2024_03/0000842_2024_3_df_row.nc
2024_03/0000843_2024_3_df_row.nc
2024_03/0000848_2024_3_df_row.nc
2024_03/0000856_2024_3_df_row.nc
2024_03/0000859_2024_3_df_row.nc
2024_03/0000863_2024_3_df_row.nc
2024_03/0000866_2024_3_df_row.nc
2024_03/0000867_2024_3_df_row.nc
2024_03/0000870_2024_3_df_row.nc
2024_03/0000873_2024_3_df_row.nc
2024_03/0000882_2024_3_df_row.nc
2024_03/0000890_2024_3_df_row.nc
2024_03/0000902_2024_3_df_row.nc
2024_03/0000903_2024_3_df_row.nc
2024_03/0000915_2024_3_df_row.nc
2024_03/0000919_2024_3_df_row.nc
2024_03/0000920_2024_3_df_row.nc
2024_03/0000921_2024_3_df_row.nc
2024_03/0000923_2024_3_df_row.nc
2024_03/0000924_2024_3_df_row.nc
2024_03/0000933_2024_3_df_row.nc
2024_03/0000936_2024_3_df_row.nc
2024_03/0000937_2024_3_df_row.nc
2024_03/0000942_2024_3_df_row.nc
2024_03/0000943_2024_3_df_row.nc
2024_03/0000947_2024_3_df_row.nc
2024_03/0000948_2024_3_df_row.nc
2024_03/0000950_2024_3_df_row.nc
2024_03/0000954_2024_3_df_row.nc
2024_03/0000957_2024_3_df_row.nc
2024_03/0000961_2024_3_df_row.nc
2024_03/0000964_2024_3_df_row.nc
2024_03/0000966_2024_3_df_row.nc
2024_03/0000969_2024_3_df_row.nc
2024_03/0000971_2024_3_df_row.nc
2024_03/0000980_2024_3_df_row.nc
2024_03/0000988_2024_3_df_row.nc
2024_03/0000993_2024_3_df_row.nc
2024_03/0001002_2024_3_df_row.nc
2024_03/0001004_2024_3_df_row.nc
2024_03/0001009_2024_3_df_row.nc
2024_03/0001010_2024_3_df_row.nc
2024_03/0001011_2024_3_df_row.nc
2024_03/0001012_2024_3_df_row.nc
2024_03/0001016_2024_3_df_row.nc
2024_03/0001017_2024_3_df_row.nc
2024_03/0001019_2024_3_df_row.nc
2024_03/0001021_2024_3_df_row.nc
2024_03/0001023_2024_3_df_row.nc
2024_03/0001024_2024_3_df_row.nc
2024_03/0001028_2024_3_df_row.nc
2024_03/0001029_2024_3_df_row.nc
2024_03/0001030_2024_3_df_row.nc
2024_03/0001031_2024_3_df_row.nc
2024_03/0001033_2024_3_df_row.nc
2024_03/0001036_2024_3_df_row.nc
2024_03/0001041_2024_3_df_row.nc
2024_03/0001044_2024_3_df_row.nc
2024_03/0001046_2024_3_df_row.nc
2024_03/0001047_2024_3_df_row.nc
Removing uncompressed directory /cluster/tufts/capstone25skyblue/eelkus01/NEXRADTurbulencePrediction/model_inputs/2024_03
Deactivating conda environment (if any)
Purging all modules
Done! Environment has been torn down
All done!
