Resetting environment
Deactivating conda environment (if any)
Purging all modules
Done! Environment has been torn down
Allocating resources with slurm...
Loading cuda and miniforge...
Activating conda environment...
Redirecting into the NEXRAD repo...
Done! Environment has now been set up
Processing 2020/02
Running radar_data_to_model_input on /cluster/tufts/capstone25skyblue/eelkus01/NEXRADTurbulencePrediction/radars/pirep_with_radar_data/2020/02.csv
Reading from file: /cluster/tufts/capstone25skyblue/eelkus01/NEXRADTurbulencePrediction/radars/pirep_with_radar_data/2020/02.csv and outputting to directory: /cluster/tufts/capstone25skyblue/eelkus01/NEXRADTurbulencePrediction/model_inputs/2020_02
Completed 5% of df
Completed 10% of df
Completed 15% of df
Completed 20% of df
Completed 25% of df
Completed 30% of df
Completed 35% of df
Completed 40% of df
Completed 45% of df
Completed 50% of df
Completed 55% of df
Completed 60% of df
Completed 65% of df
Completed 70% of df
Completed 75% of df
ERROR: Failed to read radar file s3://unidata-nexrad-level2/2020/02/15/KCBX/KCBX20200215_160628_V06: IndexError: index 0 is out of bounds for axis 0 with size 0
Completed 80% of df
Completed 85% of df
Completed 90% of df
Completed 95% of df
Completed 100% of df
Python script exit code: 0
Compressing output directory into /cluster/tufts/capstone25skyblue/eelkus01/NEXRADTurbulencePrediction/model_inputs/compressed/2020_02.tar.xz
2020_02/
2020_02/0000000_2020_2_df_row.nc
2020_02/0000001_2020_2_df_row.nc
2020_02/0000004_2020_2_df_row.nc
2020_02/0000007_2020_2_df_row.nc
2020_02/0000009_2020_2_df_row.nc
2020_02/0000013_2020_2_df_row.nc
2020_02/0000015_2020_2_df_row.nc
2020_02/0000020_2020_2_df_row.nc
2020_02/0000023_2020_2_df_row.nc
2020_02/0000027_2020_2_df_row.nc
2020_02/0000029_2020_2_df_row.nc
2020_02/0000033_2020_2_df_row.nc
2020_02/0000038_2020_2_df_row.nc
2020_02/0000039_2020_2_df_row.nc
2020_02/0000052_2020_2_df_row.nc
2020_02/0000057_2020_2_df_row.nc
2020_02/0000058_2020_2_df_row.nc
2020_02/0000059_2020_2_df_row.nc
2020_02/0000060_2020_2_df_row.nc
2020_02/0000061_2020_2_df_row.nc
2020_02/0000064_2020_2_df_row.nc
2020_02/0000065_2020_2_df_row.nc
2020_02/0000067_2020_2_df_row.nc
2020_02/0000068_2020_2_df_row.nc
2020_02/0000069_2020_2_df_row.nc
2020_02/0000077_2020_2_df_row.nc
2020_02/0000078_2020_2_df_row.nc
2020_02/0000082_2020_2_df_row.nc
2020_02/0000099_2020_2_df_row.nc
2020_02/0000103_2020_2_df_row.nc
2020_02/0000106_2020_2_df_row.nc
2020_02/0000107_2020_2_df_row.nc
2020_02/0000108_2020_2_df_row.nc
2020_02/0000117_2020_2_df_row.nc
2020_02/0000118_2020_2_df_row.nc
2020_02/0000122_2020_2_df_row.nc
2020_02/0000123_2020_2_df_row.nc
2020_02/0000124_2020_2_df_row.nc
2020_02/0000127_2020_2_df_row.nc
2020_02/0000132_2020_2_df_row.nc
2020_02/0000136_2020_2_df_row.nc
2020_02/0000137_2020_2_df_row.nc
2020_02/0000142_2020_2_df_row.nc
2020_02/0000144_2020_2_df_row.nc
2020_02/0000150_2020_2_df_row.nc
2020_02/0000161_2020_2_df_row.nc
2020_02/0000162_2020_2_df_row.nc
2020_02/0000169_2020_2_df_row.nc
2020_02/0000172_2020_2_df_row.nc
2020_02/0000175_2020_2_df_row.nc
2020_02/0000176_2020_2_df_row.nc
2020_02/0000187_2020_2_df_row.nc
2020_02/0000190_2020_2_df_row.nc
2020_02/0000195_2020_2_df_row.nc
2020_02/0000196_2020_2_df_row.nc
2020_02/0000198_2020_2_df_row.nc
2020_02/0000203_2020_2_df_row.nc
2020_02/0000206_2020_2_df_row.nc
2020_02/0000207_2020_2_df_row.nc
2020_02/0000208_2020_2_df_row.nc
2020_02/0000221_2020_2_df_row.nc
2020_02/0000222_2020_2_df_row.nc
2020_02/0000223_2020_2_df_row.nc
2020_02/0000224_2020_2_df_row.nc
2020_02/0000225_2020_2_df_row.nc
2020_02/0000226_2020_2_df_row.nc
2020_02/0000227_2020_2_df_row.nc
2020_02/0000228_2020_2_df_row.nc
2020_02/0000237_2020_2_df_row.nc
2020_02/0000249_2020_2_df_row.nc
2020_02/0000251_2020_2_df_row.nc
2020_02/0000262_2020_2_df_row.nc
2020_02/0000264_2020_2_df_row.nc
2020_02/0000266_2020_2_df_row.nc
2020_02/0000267_2020_2_df_row.nc
2020_02/0000271_2020_2_df_row.nc
2020_02/0000275_2020_2_df_row.nc
2020_02/0000280_2020_2_df_row.nc
2020_02/0000290_2020_2_df_row.nc
2020_02/0000291_2020_2_df_row.nc
2020_02/0000292_2020_2_df_row.nc
2020_02/0000295_2020_2_df_row.nc
2020_02/0000299_2020_2_df_row.nc
2020_02/0000304_2020_2_df_row.nc
2020_02/0000310_2020_2_df_row.nc
2020_02/0000312_2020_2_df_row.nc
2020_02/0000313_2020_2_df_row.nc
2020_02/0000320_2020_2_df_row.nc
2020_02/0000321_2020_2_df_row.nc
2020_02/0000325_2020_2_df_row.nc
2020_02/0000327_2020_2_df_row.nc
2020_02/0000330_2020_2_df_row.nc
2020_02/0000333_2020_2_df_row.nc
2020_02/0000334_2020_2_df_row.nc
2020_02/0000339_2020_2_df_row.nc
2020_02/0000343_2020_2_df_row.nc
2020_02/0000346_2020_2_df_row.nc
2020_02/0000350_2020_2_df_row.nc
2020_02/0000351_2020_2_df_row.nc
2020_02/0000355_2020_2_df_row.nc
2020_02/0000356_2020_2_df_row.nc
2020_02/0000357_2020_2_df_row.nc
2020_02/0000358_2020_2_df_row.nc
2020_02/0000359_2020_2_df_row.nc
2020_02/0000369_2020_2_df_row.nc
2020_02/0000370_2020_2_df_row.nc
2020_02/0000375_2020_2_df_row.nc
2020_02/0000380_2020_2_df_row.nc
2020_02/0000384_2020_2_df_row.nc
2020_02/0000386_2020_2_df_row.nc
2020_02/0000391_2020_2_df_row.nc
2020_02/0000393_2020_2_df_row.nc
2020_02/0000394_2020_2_df_row.nc
2020_02/0000398_2020_2_df_row.nc
2020_02/0000402_2020_2_df_row.nc
2020_02/0000406_2020_2_df_row.nc
2020_02/0000407_2020_2_df_row.nc
2020_02/0000411_2020_2_df_row.nc
2020_02/0000414_2020_2_df_row.nc
2020_02/0000416_2020_2_df_row.nc
2020_02/0000419_2020_2_df_row.nc
2020_02/0000420_2020_2_df_row.nc
2020_02/0000422_2020_2_df_row.nc
2020_02/0000423_2020_2_df_row.nc
2020_02/0000426_2020_2_df_row.nc
2020_02/0000427_2020_2_df_row.nc
2020_02/0000429_2020_2_df_row.nc
2020_02/0000430_2020_2_df_row.nc
2020_02/0000431_2020_2_df_row.nc
2020_02/0000432_2020_2_df_row.nc
2020_02/0000433_2020_2_df_row.nc
2020_02/0000435_2020_2_df_row.nc
2020_02/0000438_2020_2_df_row.nc
2020_02/0000440_2020_2_df_row.nc
2020_02/0000441_2020_2_df_row.nc
2020_02/0000442_2020_2_df_row.nc
2020_02/0000449_2020_2_df_row.nc
2020_02/0000452_2020_2_df_row.nc
2020_02/0000453_2020_2_df_row.nc
2020_02/0000454_2020_2_df_row.nc
2020_02/0000455_2020_2_df_row.nc
2020_02/0000459_2020_2_df_row.nc
2020_02/0000460_2020_2_df_row.nc
2020_02/0000463_2020_2_df_row.nc
2020_02/0000464_2020_2_df_row.nc
2020_02/0000470_2020_2_df_row.nc
2020_02/0000473_2020_2_df_row.nc
2020_02/0000480_2020_2_df_row.nc
2020_02/0000482_2020_2_df_row.nc
2020_02/0000483_2020_2_df_row.nc
2020_02/0000488_2020_2_df_row.nc
2020_02/0000490_2020_2_df_row.nc
2020_02/0000494_2020_2_df_row.nc
2020_02/0000497_2020_2_df_row.nc
2020_02/0000506_2020_2_df_row.nc
2020_02/0000507_2020_2_df_row.nc
2020_02/0000509_2020_2_df_row.nc
2020_02/0000515_2020_2_df_row.nc
2020_02/0000519_2020_2_df_row.nc
2020_02/0000521_2020_2_df_row.nc
2020_02/0000523_2020_2_df_row.nc
2020_02/0000524_2020_2_df_row.nc
2020_02/0000533_2020_2_df_row.nc
2020_02/0000535_2020_2_df_row.nc
2020_02/0000543_2020_2_df_row.nc
2020_02/0000547_2020_2_df_row.nc
2020_02/0000549_2020_2_df_row.nc
2020_02/0000552_2020_2_df_row.nc
2020_02/0000554_2020_2_df_row.nc
2020_02/0000557_2020_2_df_row.nc
2020_02/0000563_2020_2_df_row.nc
2020_02/0000564_2020_2_df_row.nc
2020_02/0000568_2020_2_df_row.nc
2020_02/0000578_2020_2_df_row.nc
2020_02/0000581_2020_2_df_row.nc
2020_02/0000586_2020_2_df_row.nc
2020_02/0000592_2020_2_df_row.nc
2020_02/0000593_2020_2_df_row.nc
2020_02/0000595_2020_2_df_row.nc
2020_02/0000599_2020_2_df_row.nc
2020_02/0000606_2020_2_df_row.nc
2020_02/0000618_2020_2_df_row.nc
2020_02/0000620_2020_2_df_row.nc
2020_02/0000621_2020_2_df_row.nc
2020_02/0000623_2020_2_df_row.nc
2020_02/0000627_2020_2_df_row.nc
2020_02/0000629_2020_2_df_row.nc
2020_02/0000636_2020_2_df_row.nc
2020_02/0000638_2020_2_df_row.nc
2020_02/0000639_2020_2_df_row.nc
2020_02/0000665_2020_2_df_row.nc
2020_02/0000666_2020_2_df_row.nc
2020_02/0000667_2020_2_df_row.nc
2020_02/0000668_2020_2_df_row.nc
2020_02/0000670_2020_2_df_row.nc
2020_02/0000671_2020_2_df_row.nc
2020_02/0000674_2020_2_df_row.nc
2020_02/0000676_2020_2_df_row.nc
2020_02/0000680_2020_2_df_row.nc
2020_02/0000685_2020_2_df_row.nc
2020_02/0000693_2020_2_df_row.nc
2020_02/0000694_2020_2_df_row.nc
2020_02/0000697_2020_2_df_row.nc
2020_02/0000700_2020_2_df_row.nc
2020_02/0000702_2020_2_df_row.nc
2020_02/0000704_2020_2_df_row.nc
2020_02/0000706_2020_2_df_row.nc
2020_02/0000709_2020_2_df_row.nc
2020_02/0000714_2020_2_df_row.nc
2020_02/0000715_2020_2_df_row.nc
2020_02/0000717_2020_2_df_row.nc
2020_02/0000719_2020_2_df_row.nc
2020_02/0000720_2020_2_df_row.nc
2020_02/0000726_2020_2_df_row.nc
2020_02/0000727_2020_2_df_row.nc
2020_02/0000740_2020_2_df_row.nc
2020_02/0000744_2020_2_df_row.nc
2020_02/0000753_2020_2_df_row.nc
2020_02/0000764_2020_2_df_row.nc
2020_02/0000765_2020_2_df_row.nc
2020_02/0000766_2020_2_df_row.nc
2020_02/0000770_2020_2_df_row.nc
2020_02/0000778_2020_2_df_row.nc
2020_02/0000781_2020_2_df_row.nc
2020_02/0000782_2020_2_df_row.nc
2020_02/0000784_2020_2_df_row.nc
2020_02/0000785_2020_2_df_row.nc
2020_02/0000787_2020_2_df_row.nc
2020_02/0000789_2020_2_df_row.nc
2020_02/0000790_2020_2_df_row.nc
2020_02/0000791_2020_2_df_row.nc
2020_02/0000794_2020_2_df_row.nc
2020_02/0000796_2020_2_df_row.nc
2020_02/0000808_2020_2_df_row.nc
2020_02/0000813_2020_2_df_row.nc
2020_02/0000818_2020_2_df_row.nc
2020_02/0000831_2020_2_df_row.nc
2020_02/0000838_2020_2_df_row.nc
2020_02/0000842_2020_2_df_row.nc
2020_02/0000843_2020_2_df_row.nc
2020_02/0000844_2020_2_df_row.nc
2020_02/0000845_2020_2_df_row.nc
2020_02/0000846_2020_2_df_row.nc
2020_02/0000853_2020_2_df_row.nc
2020_02/0000859_2020_2_df_row.nc
2020_02/0000861_2020_2_df_row.nc
2020_02/0000864_2020_2_df_row.nc
2020_02/0000866_2020_2_df_row.nc
2020_02/0000870_2020_2_df_row.nc
Removing uncompressed directory /cluster/tufts/capstone25skyblue/eelkus01/NEXRADTurbulencePrediction/model_inputs/2020_02
Deactivating conda environment (if any)
Purging all modules
Done! Environment has been torn down
All done!
