Resetting environment
Deactivating conda environment (if any)
Purging all modules
Done! Environment has been torn down
Allocating resources with slurm...
Loading cuda and miniforge...
Activating conda environment...
Redirecting into the NEXRAD repo...
Done! Environment has now been set up
Processing 2016/12
Running radar_data_to_model_input on /cluster/tufts/capstone25skyblue/eelkus01/NEXRADTurbulencePrediction/radars/pirep_with_radar_data/2016/12.csv
Reading from file: /cluster/tufts/capstone25skyblue/eelkus01/NEXRADTurbulencePrediction/radars/pirep_with_radar_data/2016/12.csv and outputting to directory: /cluster/tufts/capstone25skyblue/eelkus01/NEXRADTurbulencePrediction/model_inputs/2016_12
Completed 5% of df
Completed 10% of df
Completed 15% of df
Completed 20% of df
Completed 25% of df
Completed 30% of df
Completed 35% of df
Completed 40% of df
Completed 45% of df
Completed 50% of df
Completed 55% of df
Completed 60% of df
Completed 65% of df
Completed 70% of df
Completed 75% of df
Completed 80% of df
Completed 85% of df
Completed 90% of df
Completed 95% of df
Completed 100% of df
Python script exit code: 0
Compressing output directory into /cluster/tufts/capstone25skyblue/eelkus01/NEXRADTurbulencePrediction/model_inputs/compressed/2016_12.tar.xz
2016_12/
2016_12/0000007_2016_12_df_row.nc
2016_12/0000012_2016_12_df_row.nc
2016_12/0000016_2016_12_df_row.nc
2016_12/0000047_2016_12_df_row.nc
2016_12/0000059_2016_12_df_row.nc
2016_12/0000065_2016_12_df_row.nc
2016_12/0000066_2016_12_df_row.nc
2016_12/0000071_2016_12_df_row.nc
2016_12/0000074_2016_12_df_row.nc
2016_12/0000087_2016_12_df_row.nc
2016_12/0000091_2016_12_df_row.nc
2016_12/0000092_2016_12_df_row.nc
2016_12/0000095_2016_12_df_row.nc
2016_12/0000097_2016_12_df_row.nc
2016_12/0000100_2016_12_df_row.nc
2016_12/0000107_2016_12_df_row.nc
2016_12/0000108_2016_12_df_row.nc
2016_12/0000110_2016_12_df_row.nc
2016_12/0000115_2016_12_df_row.nc
2016_12/0000119_2016_12_df_row.nc
2016_12/0000135_2016_12_df_row.nc
2016_12/0000138_2016_12_df_row.nc
2016_12/0000143_2016_12_df_row.nc
2016_12/0000145_2016_12_df_row.nc
2016_12/0000146_2016_12_df_row.nc
2016_12/0000149_2016_12_df_row.nc
2016_12/0000152_2016_12_df_row.nc
2016_12/0000161_2016_12_df_row.nc
2016_12/0000170_2016_12_df_row.nc
2016_12/0000173_2016_12_df_row.nc
2016_12/0000174_2016_12_df_row.nc
2016_12/0000175_2016_12_df_row.nc
2016_12/0000180_2016_12_df_row.nc
2016_12/0000182_2016_12_df_row.nc
2016_12/0000188_2016_12_df_row.nc
2016_12/0000189_2016_12_df_row.nc
2016_12/0000194_2016_12_df_row.nc
2016_12/0000195_2016_12_df_row.nc
2016_12/0000204_2016_12_df_row.nc
2016_12/0000205_2016_12_df_row.nc
2016_12/0000210_2016_12_df_row.nc
2016_12/0000212_2016_12_df_row.nc
2016_12/0000214_2016_12_df_row.nc
2016_12/0000217_2016_12_df_row.nc
2016_12/0000222_2016_12_df_row.nc
2016_12/0000240_2016_12_df_row.nc
2016_12/0000250_2016_12_df_row.nc
2016_12/0000260_2016_12_df_row.nc
2016_12/0000266_2016_12_df_row.nc
2016_12/0000268_2016_12_df_row.nc
2016_12/0000276_2016_12_df_row.nc
2016_12/0000277_2016_12_df_row.nc
2016_12/0000301_2016_12_df_row.nc
2016_12/0000305_2016_12_df_row.nc
2016_12/0000311_2016_12_df_row.nc
2016_12/0000313_2016_12_df_row.nc
2016_12/0000316_2016_12_df_row.nc
2016_12/0000321_2016_12_df_row.nc
2016_12/0000322_2016_12_df_row.nc
2016_12/0000331_2016_12_df_row.nc
2016_12/0000334_2016_12_df_row.nc
2016_12/0000337_2016_12_df_row.nc
2016_12/0000338_2016_12_df_row.nc
2016_12/0000343_2016_12_df_row.nc
2016_12/0000349_2016_12_df_row.nc
2016_12/0000352_2016_12_df_row.nc
2016_12/0000357_2016_12_df_row.nc
2016_12/0000365_2016_12_df_row.nc
2016_12/0000372_2016_12_df_row.nc
2016_12/0000373_2016_12_df_row.nc
2016_12/0000382_2016_12_df_row.nc
2016_12/0000385_2016_12_df_row.nc
2016_12/0000391_2016_12_df_row.nc
2016_12/0000395_2016_12_df_row.nc
2016_12/0000399_2016_12_df_row.nc
2016_12/0000408_2016_12_df_row.nc
2016_12/0000414_2016_12_df_row.nc
2016_12/0000421_2016_12_df_row.nc
2016_12/0000422_2016_12_df_row.nc
2016_12/0000425_2016_12_df_row.nc
2016_12/0000429_2016_12_df_row.nc
2016_12/0000433_2016_12_df_row.nc
2016_12/0000434_2016_12_df_row.nc
2016_12/0000450_2016_12_df_row.nc
2016_12/0000470_2016_12_df_row.nc
2016_12/0000473_2016_12_df_row.nc
2016_12/0000475_2016_12_df_row.nc
2016_12/0000480_2016_12_df_row.nc
2016_12/0000482_2016_12_df_row.nc
2016_12/0000491_2016_12_df_row.nc
2016_12/0000494_2016_12_df_row.nc
2016_12/0000496_2016_12_df_row.nc
2016_12/0000499_2016_12_df_row.nc
2016_12/0000502_2016_12_df_row.nc
2016_12/0000510_2016_12_df_row.nc
2016_12/0000513_2016_12_df_row.nc
2016_12/0000517_2016_12_df_row.nc
2016_12/0000518_2016_12_df_row.nc
2016_12/0000520_2016_12_df_row.nc
2016_12/0000525_2016_12_df_row.nc
2016_12/0000527_2016_12_df_row.nc
2016_12/0000528_2016_12_df_row.nc
2016_12/0000529_2016_12_df_row.nc
2016_12/0000530_2016_12_df_row.nc
2016_12/0000537_2016_12_df_row.nc
2016_12/0000544_2016_12_df_row.nc
2016_12/0000546_2016_12_df_row.nc
2016_12/0000559_2016_12_df_row.nc
2016_12/0000560_2016_12_df_row.nc
2016_12/0000563_2016_12_df_row.nc
2016_12/0000565_2016_12_df_row.nc
2016_12/0000569_2016_12_df_row.nc
2016_12/0000571_2016_12_df_row.nc
2016_12/0000572_2016_12_df_row.nc
2016_12/0000576_2016_12_df_row.nc
2016_12/0000588_2016_12_df_row.nc
2016_12/0000609_2016_12_df_row.nc
2016_12/0000612_2016_12_df_row.nc
2016_12/0000616_2016_12_df_row.nc
2016_12/0000618_2016_12_df_row.nc
2016_12/0000620_2016_12_df_row.nc
2016_12/0000625_2016_12_df_row.nc
Removing uncompressed directory /cluster/tufts/capstone25skyblue/eelkus01/NEXRADTurbulencePrediction/model_inputs/2016_12
Deactivating conda environment (if any)
Purging all modules
Done! Environment has been torn down
All done!
