Resetting environment
Deactivating conda environment (if any)
Purging all modules
Done! Environment has been torn down
Allocating resources with slurm...
Loading cuda and miniforge...
Activating conda environment...
Redirecting into the NEXRAD repo...
Done! Environment has now been set up
Processing 2017/03
Running radar_data_to_model_input on /cluster/tufts/capstone25skyblue/eelkus01/NEXRADTurbulencePrediction/radars/pirep_with_radar_data/2017/03.csv
Reading from file: /cluster/tufts/capstone25skyblue/eelkus01/NEXRADTurbulencePrediction/radars/pirep_with_radar_data/2017/03.csv and outputting to directory: /cluster/tufts/capstone25skyblue/eelkus01/NEXRADTurbulencePrediction/model_inputs/2017_03
Completed 5% of df
Completed 10% of df
Completed 15% of df
Completed 20% of df
Completed 25% of df
Completed 30% of df
Completed 35% of df
Completed 40% of df
ERROR: Timed out reading s3://unidata-nexrad-level2/2017/03/10/KJKL/KJKL20170310_191922_V06
Completed 45% of df
ERROR: Timed out reading s3://unidata-nexrad-level2/2017/03/08/KDOX/KDOX20170308_142438_V06
Completed 50% of df
Completed 55% of df
Completed 60% of df
ERROR: Timed out reading s3://unidata-nexrad-level2/2017/03/10/KJKL/KJKL20170310_180535_V06
Completed 65% of df
Completed 70% of df
Completed 75% of df
Completed 80% of df
ERROR: Timed out reading s3://unidata-nexrad-level2/2017/03/01/KRLX/KRLX20170301_145237_V06
Completed 85% of df
Completed 90% of df
Completed 95% of df
Completed 100% of df
Python script exit code: 0
Compressing output directory into /cluster/tufts/capstone25skyblue/eelkus01/NEXRADTurbulencePrediction/model_inputs/compressed/2017_03.tar.xz
2017_03/
2017_03/0000007_2017_3_df_row.nc
2017_03/0000013_2017_3_df_row.nc
2017_03/0000023_2017_3_df_row.nc
2017_03/0000024_2017_3_df_row.nc
2017_03/0000025_2017_3_df_row.nc
2017_03/0000038_2017_3_df_row.nc
2017_03/0000039_2017_3_df_row.nc
2017_03/0000042_2017_3_df_row.nc
2017_03/0000049_2017_3_df_row.nc
2017_03/0000052_2017_3_df_row.nc
2017_03/0000055_2017_3_df_row.nc
2017_03/0000061_2017_3_df_row.nc
2017_03/0000062_2017_3_df_row.nc
2017_03/0000079_2017_3_df_row.nc
2017_03/0000085_2017_3_df_row.nc
2017_03/0000090_2017_3_df_row.nc
2017_03/0000091_2017_3_df_row.nc
2017_03/0000098_2017_3_df_row.nc
2017_03/0000106_2017_3_df_row.nc
2017_03/0000115_2017_3_df_row.nc
2017_03/0000119_2017_3_df_row.nc
2017_03/0000130_2017_3_df_row.nc
2017_03/0000140_2017_3_df_row.nc
2017_03/0000141_2017_3_df_row.nc
2017_03/0000146_2017_3_df_row.nc
2017_03/0000149_2017_3_df_row.nc
2017_03/0000154_2017_3_df_row.nc
2017_03/0000158_2017_3_df_row.nc
2017_03/0000167_2017_3_df_row.nc
2017_03/0000172_2017_3_df_row.nc
2017_03/0000175_2017_3_df_row.nc
2017_03/0000184_2017_3_df_row.nc
2017_03/0000186_2017_3_df_row.nc
2017_03/0000189_2017_3_df_row.nc
2017_03/0000195_2017_3_df_row.nc
2017_03/0000202_2017_3_df_row.nc
2017_03/0000203_2017_3_df_row.nc
2017_03/0000228_2017_3_df_row.nc
2017_03/0000229_2017_3_df_row.nc
2017_03/0000241_2017_3_df_row.nc
2017_03/0000242_2017_3_df_row.nc
2017_03/0000248_2017_3_df_row.nc
2017_03/0000249_2017_3_df_row.nc
2017_03/0000250_2017_3_df_row.nc
2017_03/0000252_2017_3_df_row.nc
2017_03/0000264_2017_3_df_row.nc
2017_03/0000267_2017_3_df_row.nc
2017_03/0000268_2017_3_df_row.nc
2017_03/0000276_2017_3_df_row.nc
2017_03/0000277_2017_3_df_row.nc
2017_03/0000279_2017_3_df_row.nc
2017_03/0000280_2017_3_df_row.nc
2017_03/0000287_2017_3_df_row.nc
2017_03/0000291_2017_3_df_row.nc
2017_03/0000295_2017_3_df_row.nc
2017_03/0000298_2017_3_df_row.nc
2017_03/0000300_2017_3_df_row.nc
2017_03/0000302_2017_3_df_row.nc
2017_03/0000303_2017_3_df_row.nc
2017_03/0000308_2017_3_df_row.nc
2017_03/0000320_2017_3_df_row.nc
2017_03/0000325_2017_3_df_row.nc
2017_03/0000326_2017_3_df_row.nc
2017_03/0000333_2017_3_df_row.nc
2017_03/0000341_2017_3_df_row.nc
2017_03/0000356_2017_3_df_row.nc
2017_03/0000366_2017_3_df_row.nc
2017_03/0000374_2017_3_df_row.nc
2017_03/0000378_2017_3_df_row.nc
2017_03/0000383_2017_3_df_row.nc
2017_03/0000386_2017_3_df_row.nc
2017_03/0000398_2017_3_df_row.nc
2017_03/0000417_2017_3_df_row.nc
2017_03/0000433_2017_3_df_row.nc
2017_03/0000437_2017_3_df_row.nc
2017_03/0000440_2017_3_df_row.nc
2017_03/0000441_2017_3_df_row.nc
2017_03/0000445_2017_3_df_row.nc
2017_03/0000450_2017_3_df_row.nc
2017_03/0000452_2017_3_df_row.nc
2017_03/0000465_2017_3_df_row.nc
2017_03/0000467_2017_3_df_row.nc
2017_03/0000470_2017_3_df_row.nc
2017_03/0000472_2017_3_df_row.nc
2017_03/0000475_2017_3_df_row.nc
2017_03/0000476_2017_3_df_row.nc
2017_03/0000482_2017_3_df_row.nc
2017_03/0000490_2017_3_df_row.nc
2017_03/0000491_2017_3_df_row.nc
2017_03/0000495_2017_3_df_row.nc
2017_03/0000502_2017_3_df_row.nc
2017_03/0000505_2017_3_df_row.nc
2017_03/0000515_2017_3_df_row.nc
2017_03/0000525_2017_3_df_row.nc
2017_03/0000532_2017_3_df_row.nc
2017_03/0000538_2017_3_df_row.nc
2017_03/0000544_2017_3_df_row.nc
2017_03/0000548_2017_3_df_row.nc
2017_03/0000555_2017_3_df_row.nc
2017_03/0000559_2017_3_df_row.nc
2017_03/0000563_2017_3_df_row.nc
2017_03/0000569_2017_3_df_row.nc
2017_03/0000571_2017_3_df_row.nc
2017_03/0000581_2017_3_df_row.nc
2017_03/0000582_2017_3_df_row.nc
2017_03/0000583_2017_3_df_row.nc
2017_03/0000591_2017_3_df_row.nc
2017_03/0000593_2017_3_df_row.nc
2017_03/0000594_2017_3_df_row.nc
2017_03/0000598_2017_3_df_row.nc
2017_03/0000601_2017_3_df_row.nc
2017_03/0000602_2017_3_df_row.nc
2017_03/0000605_2017_3_df_row.nc
2017_03/0000611_2017_3_df_row.nc
2017_03/0000614_2017_3_df_row.nc
2017_03/0000615_2017_3_df_row.nc
Removing uncompressed directory /cluster/tufts/capstone25skyblue/eelkus01/NEXRADTurbulencePrediction/model_inputs/2017_03
Deactivating conda environment (if any)
Purging all modules
Done! Environment has been torn down
All done!
