Resetting environment
Deactivating conda environment (if any)
Purging all modules
Done! Environment has been torn down
Allocating resources with slurm...
Loading cuda and miniforge...
Activating conda environment...
Redirecting into the NEXRAD repo...
Done! Environment has now been set up
Processing 2009/07
Running radar_data_to_model_input on /cluster/tufts/capstone25skyblue/eelkus01/NEXRADTurbulencePrediction/radars/pirep_with_radar_data/2009/07.csv
Reading from file: /cluster/tufts/capstone25skyblue/eelkus01/NEXRADTurbulencePrediction/radars/pirep_with_radar_data/2009/07.csv and outputting to directory: /cluster/tufts/capstone25skyblue/eelkus01/NEXRADTurbulencePrediction/model_inputs/2009_07
Completed 5% of df
Completed 10% of df
Completed 15% of df
Completed 20% of df
Completed 25% of df
Completed 30% of df
Completed 35% of df
Completed 40% of df
ERROR: Timed out reading s3://unidata-nexrad-level2/2009/07/30/KENX/KENX20090730_001002_V03.gz
Completed 45% of df
ERROR: Timed out reading s3://unidata-nexrad-level2/2009/07/13/KFCX/KFCX20090713_122803_V03.gz
ERROR: Timed out reading s3://unidata-nexrad-level2/2009/07/13/KCLX/KCLX20090713_122621_V03.gz
ERROR: Timed out reading s3://unidata-nexrad-level2/2009/07/08/KCXX/KCXX20090708_181843_V03.gz
ERROR: Timed out reading s3://unidata-nexrad-level2/2009/07/08/KGYX/KGYX20090708_181934_V03.gz
ERROR: Timed out reading s3://unidata-nexrad-level2/2009/07/08/KBOX/KBOX20090708_181749_V03.gz
Completed 50% of df
Completed 55% of df
Completed 60% of df
ERROR: Timed out reading s3://unidata-nexrad-level2/2009/07/14/KDGX/KDGX20090714_220540_V03.gz
Completed 65% of df
ERROR: Timed out reading s3://unidata-nexrad-level2/2009/07/03/KMPX/KMPX20090703_174310_V03.gz
ERROR: Timed out reading s3://unidata-nexrad-level2/2009/07/03/KDMX/KDMX20090703_174440_V03.gz
Completed 70% of df
Completed 75% of df
Completed 80% of df
Completed 85% of df
Completed 90% of df
Completed 95% of df
Completed 100% of df
Python script exit code: 0
Compressing output directory into /cluster/tufts/capstone25skyblue/eelkus01/NEXRADTurbulencePrediction/model_inputs/compressed/2009_07.tar.xz
2009_07/
2009_07/0000000_2009_7_df_row.nc
2009_07/0000002_2009_7_df_row.nc
2009_07/0000003_2009_7_df_row.nc
2009_07/0000005_2009_7_df_row.nc
2009_07/0000006_2009_7_df_row.nc
2009_07/0000009_2009_7_df_row.nc
2009_07/0000010_2009_7_df_row.nc
2009_07/0000011_2009_7_df_row.nc
2009_07/0000012_2009_7_df_row.nc
2009_07/0000014_2009_7_df_row.nc
2009_07/0000019_2009_7_df_row.nc
2009_07/0000020_2009_7_df_row.nc
2009_07/0000021_2009_7_df_row.nc
2009_07/0000023_2009_7_df_row.nc
2009_07/0000024_2009_7_df_row.nc
2009_07/0000027_2009_7_df_row.nc
2009_07/0000033_2009_7_df_row.nc
2009_07/0000036_2009_7_df_row.nc
2009_07/0000037_2009_7_df_row.nc
2009_07/0000039_2009_7_df_row.nc
2009_07/0000040_2009_7_df_row.nc
2009_07/0000041_2009_7_df_row.nc
2009_07/0000042_2009_7_df_row.nc
2009_07/0000043_2009_7_df_row.nc
2009_07/0000045_2009_7_df_row.nc
2009_07/0000047_2009_7_df_row.nc
2009_07/0000049_2009_7_df_row.nc
2009_07/0000050_2009_7_df_row.nc
2009_07/0000052_2009_7_df_row.nc
2009_07/0000055_2009_7_df_row.nc
2009_07/0000058_2009_7_df_row.nc
2009_07/0000059_2009_7_df_row.nc
2009_07/0000060_2009_7_df_row.nc
2009_07/0000063_2009_7_df_row.nc
2009_07/0000064_2009_7_df_row.nc
2009_07/0000067_2009_7_df_row.nc
2009_07/0000070_2009_7_df_row.nc
2009_07/0000073_2009_7_df_row.nc
2009_07/0000078_2009_7_df_row.nc
2009_07/0000079_2009_7_df_row.nc
2009_07/0000082_2009_7_df_row.nc
2009_07/0000087_2009_7_df_row.nc
2009_07/0000089_2009_7_df_row.nc
2009_07/0000093_2009_7_df_row.nc
2009_07/0000097_2009_7_df_row.nc
2009_07/0000101_2009_7_df_row.nc
2009_07/0000106_2009_7_df_row.nc
2009_07/0000107_2009_7_df_row.nc
2009_07/0000108_2009_7_df_row.nc
2009_07/0000113_2009_7_df_row.nc
2009_07/0000115_2009_7_df_row.nc
2009_07/0000117_2009_7_df_row.nc
2009_07/0000118_2009_7_df_row.nc
2009_07/0000120_2009_7_df_row.nc
2009_07/0000121_2009_7_df_row.nc
2009_07/0000126_2009_7_df_row.nc
2009_07/0000128_2009_7_df_row.nc
2009_07/0000130_2009_7_df_row.nc
2009_07/0000131_2009_7_df_row.nc
2009_07/0000134_2009_7_df_row.nc
2009_07/0000136_2009_7_df_row.nc
2009_07/0000137_2009_7_df_row.nc
2009_07/0000142_2009_7_df_row.nc
2009_07/0000148_2009_7_df_row.nc
2009_07/0000152_2009_7_df_row.nc
2009_07/0000154_2009_7_df_row.nc
2009_07/0000156_2009_7_df_row.nc
2009_07/0000157_2009_7_df_row.nc
2009_07/0000159_2009_7_df_row.nc
2009_07/0000163_2009_7_df_row.nc
2009_07/0000164_2009_7_df_row.nc
2009_07/0000172_2009_7_df_row.nc
2009_07/0000175_2009_7_df_row.nc
2009_07/0000179_2009_7_df_row.nc
2009_07/0000180_2009_7_df_row.nc
2009_07/0000181_2009_7_df_row.nc
2009_07/0000182_2009_7_df_row.nc
2009_07/0000186_2009_7_df_row.nc
2009_07/0000189_2009_7_df_row.nc
2009_07/0000190_2009_7_df_row.nc
2009_07/0000192_2009_7_df_row.nc
2009_07/0000196_2009_7_df_row.nc
2009_07/0000197_2009_7_df_row.nc
2009_07/0000198_2009_7_df_row.nc
2009_07/0000199_2009_7_df_row.nc
2009_07/0000202_2009_7_df_row.nc
2009_07/0000211_2009_7_df_row.nc
2009_07/0000213_2009_7_df_row.nc
2009_07/0000214_2009_7_df_row.nc
2009_07/0000216_2009_7_df_row.nc
2009_07/0000218_2009_7_df_row.nc
2009_07/0000219_2009_7_df_row.nc
2009_07/0000226_2009_7_df_row.nc
2009_07/0000229_2009_7_df_row.nc
2009_07/0000231_2009_7_df_row.nc
2009_07/0000233_2009_7_df_row.nc
2009_07/0000234_2009_7_df_row.nc
2009_07/0000238_2009_7_df_row.nc
2009_07/0000240_2009_7_df_row.nc
Removing uncompressed directory /cluster/tufts/capstone25skyblue/eelkus01/NEXRADTurbulencePrediction/model_inputs/2009_07
Deactivating conda environment (if any)
Purging all modules
Done! Environment has been torn down
All done!
