Resetting environment
Deactivating conda environment (if any)
Purging all modules
Done! Environment has been torn down
Allocating resources with slurm...
Loading cuda and miniforge...
Activating conda environment...
Redirecting into the NEXRAD repo...
Done! Environment has now been set up
Processing 2015/12
Running radar_data_to_model_input on /cluster/tufts/capstone25skyblue/eelkus01/NEXRADTurbulencePrediction/radars/pirep_with_radar_data/2015/12.csv
Reading from file: /cluster/tufts/capstone25skyblue/eelkus01/NEXRADTurbulencePrediction/radars/pirep_with_radar_data/2015/12.csv and outputting to directory: /cluster/tufts/capstone25skyblue/eelkus01/NEXRADTurbulencePrediction/model_inputs/2015_12
Completed 5% of df
ERROR: Failed to read radar file s3://unidata-nexrad-level2/2015/12/09/KPUX/KPUX20151209_162434_V06.gz.001: FileNotFoundError: [Errno 2] No such file or directory: 's3://unidata-nexrad-level2/2015/12/09/KPUX/KPUX20151209_162434_V06.gz.001'
Completed 10% of df
Completed 15% of df
Completed 20% of df
Completed 25% of df
ERROR: Failed to read radar file s3://unidata-nexrad-level2/2015/12/31/PAIH/PAIH20151231_142849_V06.gz: IndexError: index 0 is out of bounds for axis 0 with size 0
ERROR: Failed to read radar file s3://unidata-nexrad-level2/2015/12/31/PAIH/PAIH20151231_142849_V06.gz: IndexError: index 0 is out of bounds for axis 0 with size 0
Completed 30% of df
Completed 35% of df
Completed 40% of df
Completed 45% of df
Completed 50% of df
Completed 55% of df
Completed 60% of df
Completed 65% of df
Completed 70% of df
Completed 75% of df
Completed 80% of df
Completed 85% of df
ERROR: Failed to read radar file s3://unidata-nexrad-level2/2015/12/09/KPUX/KPUX20151209_162434_V06.gz.001: FileNotFoundError: [Errno 2] No such file or directory: 's3://unidata-nexrad-level2/2015/12/09/KPUX/KPUX20151209_162434_V06.gz.001'
Completed 90% of df
Completed 95% of df
Completed 100% of df
Python script exit code: 0
Compressing output directory into /cluster/tufts/capstone25skyblue/eelkus01/NEXRADTurbulencePrediction/model_inputs/compressed/2015_12.tar.xz
2015_12/
2015_12/0000000_2015_12_df_row.nc
2015_12/0000010_2015_12_df_row.nc
2015_12/0000012_2015_12_df_row.nc
2015_12/0000014_2015_12_df_row.nc
2015_12/0000022_2015_12_df_row.nc
2015_12/0000027_2015_12_df_row.nc
2015_12/0000030_2015_12_df_row.nc
2015_12/0000032_2015_12_df_row.nc
2015_12/0000035_2015_12_df_row.nc
2015_12/0000036_2015_12_df_row.nc
2015_12/0000038_2015_12_df_row.nc
2015_12/0000040_2015_12_df_row.nc
2015_12/0000048_2015_12_df_row.nc
2015_12/0000050_2015_12_df_row.nc
2015_12/0000051_2015_12_df_row.nc
2015_12/0000055_2015_12_df_row.nc
2015_12/0000059_2015_12_df_row.nc
2015_12/0000061_2015_12_df_row.nc
2015_12/0000062_2015_12_df_row.nc
2015_12/0000065_2015_12_df_row.nc
2015_12/0000067_2015_12_df_row.nc
2015_12/0000070_2015_12_df_row.nc
2015_12/0000072_2015_12_df_row.nc
2015_12/0000073_2015_12_df_row.nc
2015_12/0000076_2015_12_df_row.nc
2015_12/0000080_2015_12_df_row.nc
2015_12/0000082_2015_12_df_row.nc
2015_12/0000087_2015_12_df_row.nc
2015_12/0000092_2015_12_df_row.nc
2015_12/0000095_2015_12_df_row.nc
2015_12/0000101_2015_12_df_row.nc
2015_12/0000102_2015_12_df_row.nc
2015_12/0000104_2015_12_df_row.nc
2015_12/0000119_2015_12_df_row.nc
2015_12/0000122_2015_12_df_row.nc
2015_12/0000126_2015_12_df_row.nc
2015_12/0000132_2015_12_df_row.nc
2015_12/0000136_2015_12_df_row.nc
2015_12/0000137_2015_12_df_row.nc
2015_12/0000138_2015_12_df_row.nc
2015_12/0000142_2015_12_df_row.nc
2015_12/0000145_2015_12_df_row.nc
2015_12/0000153_2015_12_df_row.nc
2015_12/0000162_2015_12_df_row.nc
2015_12/0000173_2015_12_df_row.nc
2015_12/0000181_2015_12_df_row.nc
2015_12/0000182_2015_12_df_row.nc
2015_12/0000189_2015_12_df_row.nc
2015_12/0000197_2015_12_df_row.nc
2015_12/0000200_2015_12_df_row.nc
2015_12/0000203_2015_12_df_row.nc
2015_12/0000220_2015_12_df_row.nc
2015_12/0000224_2015_12_df_row.nc
2015_12/0000227_2015_12_df_row.nc
2015_12/0000235_2015_12_df_row.nc
2015_12/0000243_2015_12_df_row.nc
2015_12/0000244_2015_12_df_row.nc
2015_12/0000245_2015_12_df_row.nc
2015_12/0000254_2015_12_df_row.nc
2015_12/0000255_2015_12_df_row.nc
2015_12/0000256_2015_12_df_row.nc
2015_12/0000257_2015_12_df_row.nc
2015_12/0000259_2015_12_df_row.nc
2015_12/0000265_2015_12_df_row.nc
2015_12/0000266_2015_12_df_row.nc
2015_12/0000269_2015_12_df_row.nc
2015_12/0000274_2015_12_df_row.nc
2015_12/0000278_2015_12_df_row.nc
2015_12/0000279_2015_12_df_row.nc
2015_12/0000282_2015_12_df_row.nc
2015_12/0000286_2015_12_df_row.nc
2015_12/0000288_2015_12_df_row.nc
2015_12/0000289_2015_12_df_row.nc
2015_12/0000294_2015_12_df_row.nc
2015_12/0000303_2015_12_df_row.nc
2015_12/0000307_2015_12_df_row.nc
2015_12/0000317_2015_12_df_row.nc
2015_12/0000318_2015_12_df_row.nc
2015_12/0000321_2015_12_df_row.nc
2015_12/0000332_2015_12_df_row.nc
2015_12/0000334_2015_12_df_row.nc
2015_12/0000336_2015_12_df_row.nc
2015_12/0000339_2015_12_df_row.nc
2015_12/0000340_2015_12_df_row.nc
2015_12/0000343_2015_12_df_row.nc
2015_12/0000350_2015_12_df_row.nc
2015_12/0000354_2015_12_df_row.nc
2015_12/0000356_2015_12_df_row.nc
2015_12/0000360_2015_12_df_row.nc
2015_12/0000361_2015_12_df_row.nc
2015_12/0000365_2015_12_df_row.nc
2015_12/0000366_2015_12_df_row.nc
2015_12/0000367_2015_12_df_row.nc
2015_12/0000368_2015_12_df_row.nc
2015_12/0000371_2015_12_df_row.nc
2015_12/0000380_2015_12_df_row.nc
2015_12/0000384_2015_12_df_row.nc
2015_12/0000388_2015_12_df_row.nc
2015_12/0000391_2015_12_df_row.nc
2015_12/0000392_2015_12_df_row.nc
2015_12/0000412_2015_12_df_row.nc
2015_12/0000423_2015_12_df_row.nc
2015_12/0000424_2015_12_df_row.nc
2015_12/0000429_2015_12_df_row.nc
2015_12/0000432_2015_12_df_row.nc
2015_12/0000436_2015_12_df_row.nc
2015_12/0000439_2015_12_df_row.nc
2015_12/0000442_2015_12_df_row.nc
2015_12/0000450_2015_12_df_row.nc
2015_12/0000457_2015_12_df_row.nc
2015_12/0000458_2015_12_df_row.nc
2015_12/0000463_2015_12_df_row.nc
2015_12/0000464_2015_12_df_row.nc
2015_12/0000478_2015_12_df_row.nc
2015_12/0000481_2015_12_df_row.nc
2015_12/0000482_2015_12_df_row.nc
2015_12/0000490_2015_12_df_row.nc
2015_12/0000495_2015_12_df_row.nc
2015_12/0000502_2015_12_df_row.nc
2015_12/0000503_2015_12_df_row.nc
2015_12/0000507_2015_12_df_row.nc
2015_12/0000510_2015_12_df_row.nc
2015_12/0000511_2015_12_df_row.nc
2015_12/0000516_2015_12_df_row.nc
2015_12/0000518_2015_12_df_row.nc
2015_12/0000519_2015_12_df_row.nc
2015_12/0000526_2015_12_df_row.nc
2015_12/0000530_2015_12_df_row.nc
2015_12/0000533_2015_12_df_row.nc
2015_12/0000534_2015_12_df_row.nc
2015_12/0000543_2015_12_df_row.nc
2015_12/0000545_2015_12_df_row.nc
2015_12/0000565_2015_12_df_row.nc
2015_12/0000566_2015_12_df_row.nc
2015_12/0000567_2015_12_df_row.nc
2015_12/0000572_2015_12_df_row.nc
2015_12/0000576_2015_12_df_row.nc
2015_12/0000579_2015_12_df_row.nc
2015_12/0000585_2015_12_df_row.nc
2015_12/0000589_2015_12_df_row.nc
2015_12/0000595_2015_12_df_row.nc
2015_12/0000606_2015_12_df_row.nc
2015_12/0000607_2015_12_df_row.nc
2015_12/0000616_2015_12_df_row.nc
2015_12/0000622_2015_12_df_row.nc
2015_12/0000626_2015_12_df_row.nc
2015_12/0000632_2015_12_df_row.nc
2015_12/0000633_2015_12_df_row.nc
2015_12/0000634_2015_12_df_row.nc
2015_12/0000638_2015_12_df_row.nc
2015_12/0000640_2015_12_df_row.nc
2015_12/0000642_2015_12_df_row.nc
2015_12/0000651_2015_12_df_row.nc
2015_12/0000663_2015_12_df_row.nc
2015_12/0000667_2015_12_df_row.nc
2015_12/0000680_2015_12_df_row.nc
2015_12/0000685_2015_12_df_row.nc
Removing uncompressed directory /cluster/tufts/capstone25skyblue/eelkus01/NEXRADTurbulencePrediction/model_inputs/2015_12
Deactivating conda environment (if any)
Purging all modules
Done! Environment has been torn down
All done!
