Resetting environment
Deactivating conda environment (if any)
Purging all modules
Done! Environment has been torn down
Allocating resources with slurm...
Loading cuda and miniforge...
Activating conda environment...
Redirecting into the NEXRAD repo...
Done! Environment has now been set up
Processing 2023/04
Running radar_data_to_model_input on /cluster/tufts/capstone25skyblue/eelkus01/NEXRADTurbulencePrediction/radars/pirep_with_radar_data/2023/04.csv
Reading from file: /cluster/tufts/capstone25skyblue/eelkus01/NEXRADTurbulencePrediction/radars/pirep_with_radar_data/2023/04.csv and outputting to directory: /cluster/tufts/capstone25skyblue/eelkus01/NEXRADTurbulencePrediction/model_inputs/2023_04
Completed 5% of df
Completed 10% of df
Completed 15% of df
Completed 20% of df
Completed 25% of df
Completed 30% of df
Completed 35% of df
Completed 40% of df
Completed 45% of df
Completed 50% of df
Completed 55% of df
Completed 60% of df
Completed 65% of df
ERROR: Timed out reading s3://unidata-nexrad-level2/2023/04/02/KSRX/KSRX20230402_103826_V06
ERROR: Timed out reading s3://unidata-nexrad-level2/2023/04/02/KINX/KINX20230402_103735_V06
ERROR: Timed out reading s3://unidata-nexrad-level2/2023/04/01/KLNX/KLNX20230401_060251_V06
ERROR: Timed out reading s3://unidata-nexrad-level2/2023/04/01/KOAX/KOAX20230401_060155_V06
ERROR: Timed out reading s3://unidata-nexrad-level2/2023/04/27/KTLH/KTLH20230427_161802_V06
ERROR: Timed out reading s3://unidata-nexrad-level2/2023/04/27/KEOX/KEOX20230427_161751_V06
ERROR: Timed out reading s3://unidata-nexrad-level2/2023/04/02/KINX/KINX20230402_193603_V06
ERROR: Timed out reading s3://unidata-nexrad-level2/2023/04/02/KICT/KICT20230402_193904_V06
ERROR: Timed out reading s3://unidata-nexrad-level2/2023/04/02/KSGF/KSGF20230402_193850_V06
ERROR: Timed out reading s3://unidata-nexrad-level2/2023/04/23/KBYX/KBYX20230423_135908_V06
ERROR: Timed out reading s3://unidata-nexrad-level2/2023/04/23/KAMX/KAMX20230423_140354_V06
ERROR: Timed out reading s3://unidata-nexrad-level2/2023/04/23/KTBW/KTBW20230423_140458_V06
ERROR: Timed out reading s3://unidata-nexrad-level2/2023/04/23/KMLB/KMLB20230423_140225_V06
ERROR: Timed out reading s3://unidata-nexrad-level2/2023/04/10/KOTX/KOTX20230410_055450_V06
ERROR: Timed out reading s3://unidata-nexrad-level2/2023/04/10/KMSX/KMSX20230410_055858_V06
ERROR: Timed out reading s3://unidata-nexrad-level2/2023/04/10/KTFX/KTFX20230410_055348_V06
ERROR: Timed out reading s3://unidata-nexrad-level2/2023/04/10/KPDT/KPDT20230410_055605_V06
Completed 70% of df
ERROR: Timed out reading s3://unidata-nexrad-level2/2023/04/04/KTYX/KTYX20230404_001458_V06
ERROR: Timed out reading s3://unidata-nexrad-level2/2023/04/04/KBOX/KBOX20230404_001700_V06
ERROR: Timed out reading s3://unidata-nexrad-level2/2023/04/04/KCXX/KCXX20230404_001559_V06
ERROR: Timed out reading s3://unidata-nexrad-level2/2023/04/04/KGYX/KGYX20230404_001743_V06
ERROR: Timed out reading s3://unidata-nexrad-level2/2023/04/26/KMLB/KMLB20230426_202611_V06
ERROR: Timed out reading s3://unidata-nexrad-level2/2023/04/26/KAMX/KAMX20230426_202752_V06
ERROR: Timed out reading s3://unidata-nexrad-level2/2023/04/26/KAMX/KAMX20230426_202752_V06
ERROR: Timed out reading s3://unidata-nexrad-level2/2023/04/26/KTBW/KTBW20230426_202754_V06
ERROR: Timed out reading s3://unidata-nexrad-level2/2023/04/21/KBGM/KBGM20230421_190348_V06
ERROR: Timed out reading s3://unidata-nexrad-level2/2023/04/18/PHMO/PHMO20230418_191636_V06
ERROR: Timed out reading s3://unidata-nexrad-level2/2023/04/18/PHKM/PHKM20230418_191544_V06
ERROR: Timed out reading s3://unidata-nexrad-level2/2023/04/18/PHWA/PHWA20230418_191509_V06
ERROR: Timed out reading s3://unidata-nexrad-level2/2023/04/18/PAKC/PAKC20230418_191545_V06
ERROR: Timed out reading s3://unidata-nexrad-level2/2023/04/08/KIWX/KIWX20230408_112536_V06
ERROR: Timed out reading s3://unidata-nexrad-level2/2023/04/08/KILN/KILN20230408_112800_V06
ERROR: Timed out reading s3://unidata-nexrad-level2/2023/04/08/KGRR/KGRR20230408_112929_V06
ERROR: Timed out reading s3://unidata-nexrad-level2/2023/04/10/KMSX/KMSX20230410_081207_V06
ERROR: Timed out reading s3://unidata-nexrad-level2/2023/04/10/KTFX/KTFX20230410_081033_V06
ERROR: Timed out reading s3://unidata-nexrad-level2/2023/04/10/KPDT/KPDT20230410_081144_V06
ERROR: Timed out reading s3://unidata-nexrad-level2/2023/04/10/KCBX/KCBX20230410_081238_V06
ERROR: Timed out reading s3://unidata-nexrad-level2/2023/04/06/KILX/KILX20230406_180751_V06
ERROR: Timed out reading s3://unidata-nexrad-level2/2023/04/06/KIWX/KIWX20230406_180431_V06
ERROR: Timed out reading s3://unidata-nexrad-level2/2023/04/06/KMKX/KMKX20230406_180414_V06
ERROR: Timed out reading s3://unidata-nexrad-level2/2023/04/06/KIND/KIND20230406_180729_V06
ERROR: Timed out reading s3://unidata-nexrad-level2/2023/04/27/KBMX/KBMX20230427_061502_V06
ERROR: Timed out reading s3://unidata-nexrad-level2/2023/04/27/KDGX/KDGX20230427_061641_V06
ERROR: Timed out reading s3://unidata-nexrad-level2/2023/04/27/KHTX/KHTX20230427_061630_V06
ERROR: Timed out reading s3://unidata-nexrad-level2/2023/04/29/KTBW/KTBW20230429_153457_V06
ERROR: Timed out reading s3://unidata-nexrad-level2/2023/04/29/KVAX/KVAX20230429_153704_V06
ERROR: Timed out reading s3://unidata-nexrad-level2/2023/04/29/KTLH/KTLH20230429_153717_V06
ERROR: Timed out reading s3://unidata-nexrad-level2/2023/04/29/KTBW/KTBW20230429_205121_V06
ERROR: Timed out reading s3://unidata-nexrad-level2/2023/04/29/KJAX/KJAX20230429_205153_V06
ERROR: Timed out reading s3://unidata-nexrad-level2/2023/04/29/KAMX/KAMX20230429_205126_V06
ERROR: Timed out reading s3://unidata-nexrad-level2/2023/04/29/KAMX/KAMX20230429_205126_V06
ERROR: Timed out reading s3://unidata-nexrad-level2/2023/04/15/KRLX/KRLX20230415_020626_V06
ERROR: Timed out reading s3://unidata-nexrad-level2/2023/04/15/KFCX/KFCX20230415_020211_V06
ERROR: Timed out reading s3://unidata-nexrad-level2/2023/04/15/KPBZ/KPBZ20230415_020601_V06
ERROR: Timed out reading s3://unidata-nexrad-level2/2023/04/15/KAKQ/KAKQ20230415_020325_V06
ERROR: Timed out reading s3://unidata-nexrad-level2/2023/04/06/KGRR/KGRR20230406_192745_V06
ERROR: Timed out reading s3://unidata-nexrad-level2/2023/04/06/KIWX/KIWX20230406_192928_V06
ERROR: Timed out reading s3://unidata-nexrad-level2/2023/04/06/KAPX/KAPX20230406_193031_V06
ERROR: Timed out reading s3://unidata-nexrad-level2/2023/04/22/KBOX/KBOX20230422_103538_V06
ERROR: Timed out reading s3://unidata-nexrad-level2/2023/04/22/KCXX/KCXX20230422_103506_V06
ERROR: Timed out reading s3://unidata-nexrad-level2/2023/04/22/KTYX/KTYX20230422_103505_V06
ERROR: Timed out reading s3://unidata-nexrad-level2/2023/04/05/KTLX/KTLX20230405_123905_V06
ERROR: Timed out reading s3://unidata-nexrad-level2/2023/04/05/KSHV/KSHV20230405_123923_V06
ERROR: Timed out reading s3://unidata-nexrad-level2/2023/04/08/KGYX/KGYX20230408_230159_V06
ERROR: Timed out reading s3://unidata-nexrad-level2/2023/04/08/KBOX/KBOX20230408_230132_V06
ERROR: Timed out reading s3://unidata-nexrad-level2/2023/04/08/KOKX/KOKX20230408_225940_V06
ERROR: Timed out reading s3://unidata-nexrad-level2/2023/04/08/KCXX/KCXX20230408_225925_V06
ERROR: Timed out reading s3://unidata-nexrad-level2/2023/04/18/KNKX/KNKX20230418_195226_V06
ERROR: Timed out reading s3://unidata-nexrad-level2/2023/04/18/KVTX/KVTX20230418_195613_V06
ERROR: Timed out reading s3://unidata-nexrad-level2/2023/04/10/KDMX/KDMX20230410_110828_V06
ERROR: Timed out reading s3://unidata-nexrad-level2/2023/04/10/KFSD/KFSD20230410_110614_V06
ERROR: Timed out reading s3://unidata-nexrad-level2/2023/04/10/KUEX/KUEX20230410_110625_V06
ERROR: Timed out reading s3://unidata-nexrad-level2/2023/04/10/KTWX/KTWX20230410_110918_V06
ERROR: Timed out reading s3://unidata-nexrad-level2/2023/04/04/KMRX/KMRX20230404_225624_V06
ERROR: Timed out reading s3://unidata-nexrad-level2/2023/04/04/KRLX/KRLX20230404_230107_V06
ERROR: Timed out reading s3://unidata-nexrad-level2/2023/04/04/KILN/KILN20230404_230100_V06
ERROR: Timed out reading s3://unidata-nexrad-level2/2023/04/04/KLVX/KLVX20230404_225646_V06
ERROR: Timed out reading s3://unidata-nexrad-level2/2023/04/14/KMHX/KMHX20230414_172748_V06
ERROR: Timed out reading s3://unidata-nexrad-level2/2023/04/14/KRAX/KRAX20230414_172755_V06
ERROR: Timed out reading s3://unidata-nexrad-level2/2023/04/14/KCAE/KCAE20230414_172739_V06
ERROR: Timed out reading s3://unidata-nexrad-level2/2023/04/14/KCLX/KCLX20230414_172626_V06
ERROR: Timed out reading s3://unidata-nexrad-level2/2023/04/05/KSRX/KSRX20230405_125326_V06
ERROR: Timed out reading s3://unidata-nexrad-level2/2023/04/05/KLZK/KLZK20230405_125305_V06
ERROR: Timed out reading s3://unidata-nexrad-level2/2023/04/05/KTLX/KTLX20230405_125641_V06
ERROR: Timed out reading s3://unidata-nexrad-level2/2023/04/05/KSHV/KSHV20230405_125130_V06
ERROR: Timed out reading s3://unidata-nexrad-level2/2023/04/07/KLOT/KLOT20230407_060346_V06
ERROR: Timed out reading s3://unidata-nexrad-level2/2023/04/07/KILX/KILX20230407_060246_V06
ERROR: Timed out reading s3://unidata-nexrad-level2/2023/04/07/KMKX/KMKX20230407_060228_V06
ERROR: Timed out reading s3://unidata-nexrad-level2/2023/04/07/KARX/KARX20230407_060336_V06
ERROR: Timed out reading s3://unidata-nexrad-level2/2023/04/29/KMOB/KMOB20230429_174330_V06
ERROR: Timed out reading s3://unidata-nexrad-level2/2023/04/29/KEVX/KEVX20230429_173934_V06
ERROR: Timed out reading s3://unidata-nexrad-level2/2023/04/29/KEOX/KEOX20230429_174219_V06
ERROR: Timed out reading s3://unidata-nexrad-level2/2023/04/29/KMXX/KMXX20230429_173903_V06
ERROR: Timed out reading s3://unidata-nexrad-level2/2023/04/22/KAPX/KAPX20230422_123118_V06
ERROR: Timed out reading s3://unidata-nexrad-level2/2023/04/22/KGRB/KGRB20230422_123249_V06
ERROR: Timed out reading s3://unidata-nexrad-level2/2023/04/22/KGRR/KGRR20230422_122951_V06
ERROR: Timed out reading s3://unidata-nexrad-level2/2023/04/22/KDTX/KDTX20230422_123208_V06
ERROR: Timed out reading s3://unidata-nexrad-level2/2023/04/23/KBOX/KBOX20230423_155703_V06
ERROR: Timed out reading s3://unidata-nexrad-level2/2023/04/23/KGYX/KGYX20230423_155913_V06
ERROR: Timed out reading s3://unidata-nexrad-level2/2023/04/20/KPUX/KPUX20230420_003926_V06
ERROR: Timed out reading s3://unidata-nexrad-level2/2023/04/20/KFTG/KFTG20230420_004007_V06
ERROR: Timed out reading s3://unidata-nexrad-level2/2023/04/20/KDDC/KDDC20230420_003924_V06
ERROR: Timed out reading s3://unidata-nexrad-level2/2023/04/05/KLOT/KLOT20230405_153534_V06
ERROR: Timed out reading s3://unidata-nexrad-level2/2023/04/05/KIWX/KIWX20230405_153635_V06
ERROR: Timed out reading s3://unidata-nexrad-level2/2023/04/05/KGRR/KGRR20230405_153525_V06
ERROR: Timed out reading s3://unidata-nexrad-level2/2023/04/05/KGRB/KGRB20230405_153529_V06
ERROR: Timed out reading s3://unidata-nexrad-level2/2023/04/06/KDYX/KDYX20230406_135401_V06
ERROR: Timed out reading s3://unidata-nexrad-level2/2023/04/06/KGRK/KGRK20230406_135824_V06
ERROR: Timed out reading s3://unidata-nexrad-level2/2023/04/06/KSJT/KSJT20230406_135911_V06
ERROR: Timed out reading s3://unidata-nexrad-level2/2023/04/06/KFDR/KFDR20230406_135809_V06
ERROR: Timed out reading s3://unidata-nexrad-level2/2023/04/14/KFTG/KFTG20230414_215818_V06
ERROR: Timed out reading s3://unidata-nexrad-level2/2023/04/16/KDIX/KDIX20230416_211324_V06
ERROR: Timed out reading s3://unidata-nexrad-level2/2023/04/16/KLWX/KLWX20230416_211448_V06
ERROR: Timed out reading s3://unidata-nexrad-level2/2023/04/16/KOKX/KOKX20230416_211342_V06
ERROR: Timed out reading s3://unidata-nexrad-level2/2023/04/14/KIND/KIND20230414_143922_V06
ERROR: Timed out reading s3://unidata-nexrad-level2/2023/04/14/KJKL/KJKL20230414_143843_V06
ERROR: Timed out reading s3://unidata-nexrad-level2/2023/04/14/KLVX/KLVX20230414_143806_V06
ERROR: Timed out reading s3://unidata-nexrad-level2/2023/04/14/KRLX/KRLX20230414_143907_V06
ERROR: Timed out reading s3://unidata-nexrad-level2/2023/04/29/KPAH/KPAH20230429_150833_V06
ERROR: Timed out reading s3://unidata-nexrad-level2/2023/04/29/KSGF/KSGF20230429_150759_V06
ERROR: Timed out reading s3://unidata-nexrad-level2/2023/04/29/KILX/KILX20230429_150713_V06
ERROR: Timed out reading s3://unidata-nexrad-level2/2023/04/29/KVWX/KVWX20230429_150822_V06
ERROR: Timed out reading s3://unidata-nexrad-level2/2023/04/19/KMVX/KMVX20230419_191130_V06
ERROR: Timed out reading s3://unidata-nexrad-level2/2023/04/19/KMBX/KMBX20230419_191725_V06
ERROR: Timed out reading s3://unidata-nexrad-level2/2023/04/19/KBIS/KBIS20230419_191814_V06
Completed 75% of df
ERROR: Timed out reading s3://unidata-nexrad-level2/2023/04/16/KLVX/KLVX20230416_184900_V06
ERROR: Timed out reading s3://unidata-nexrad-level2/2023/04/16/KVWX/KVWX20230416_184921_V06
ERROR: Timed out reading s3://unidata-nexrad-level2/2023/04/16/KILN/KILN20230416_184814_V06
ERROR: Timed out reading s3://unidata-nexrad-level2/2023/04/16/KIWX/KIWX20230416_185003_V06
ERROR: Timed out reading s3://unidata-nexrad-level2/2023/04/04/KFDR/KFDR20230404_145548_V06
ERROR: Timed out reading s3://unidata-nexrad-level2/2023/04/04/KVNX/KVNX20230404_145549_V06
ERROR: Timed out reading s3://unidata-nexrad-level2/2023/04/04/KFWS/KFWS20230404_145151_V06
ERROR: Timed out reading s3://unidata-nexrad-level2/2023/04/13/KFTG/KFTG20230413_141933_V06
ERROR: Timed out reading s3://unidata-nexrad-level2/2023/04/13/KPUX/KPUX20230413_141951_V06
ERROR: Timed out reading s3://unidata-nexrad-level2/2023/04/13/KRIW/KRIW20230413_141415_V06
ERROR: Timed out reading s3://unidata-nexrad-level2/2023/04/17/KDLH/KDLH20230417_232232_V06
ERROR: Timed out reading s3://unidata-nexrad-level2/2023/04/17/KMPX/KMPX20230417_231831_V06
ERROR: Timed out reading s3://unidata-nexrad-level2/2023/04/17/KMVX/KMVX20230417_231813_V06
ERROR: Timed out reading s3://unidata-nexrad-level2/2023/04/17/KFSD/KFSD20230417_114040_V06
ERROR: Timed out reading s3://unidata-nexrad-level2/2023/04/17/KMPX/KMPX20230417_114148_V06
ERROR: Timed out reading s3://unidata-nexrad-level2/2023/04/17/KDVN/KDVN20230417_114207_V06
ERROR: Timed out reading s3://unidata-nexrad-level2/2023/04/06/KFCX/KFCX20230406_211745_V06
ERROR: Timed out reading s3://unidata-nexrad-level2/2023/04/06/KRAX/KRAX20230406_211534_V06
ERROR: Timed out reading s3://unidata-nexrad-level2/2023/04/06/KAKQ/KAKQ20230406_211749_V06
ERROR: Timed out reading s3://unidata-nexrad-level2/2023/04/06/KRLX/KRLX20230406_211437_V06
ERROR: Timed out reading s3://unidata-nexrad-level2/2023/04/06/KGSP/KGSP20230406_211637_V06
ERROR: Timed out reading s3://unidata-nexrad-level2/2023/04/29/PAHG/PAHG20230429_034554_V06
ERROR: Timed out reading s3://unidata-nexrad-level2/2023/04/29/PAIH/PAIH20230429_034739_V06
ERROR: Timed out reading s3://unidata-nexrad-level2/2023/04/29/PAKC/PAKC20230429_034906_V06
ERROR: Timed out reading s3://unidata-nexrad-level2/2023/04/14/KCLX/KCLX20230414_203156_V06
ERROR: Timed out reading s3://unidata-nexrad-level2/2023/04/14/KCAE/KCAE20230414_203041_V06
ERROR: Timed out reading s3://unidata-nexrad-level2/2023/04/14/KLTX/KLTX20230414_203240_V06
ERROR: Timed out reading s3://unidata-nexrad-level2/2023/04/20/KAMX/KAMX20230420_222528_V06
ERROR: Timed out reading s3://unidata-nexrad-level2/2023/04/20/KBYX/KBYX20230420_222545_V06
ERROR: Timed out reading s3://unidata-nexrad-level2/2023/04/20/KMLB/KMLB20230420_222503_V06
ERROR: Timed out reading s3://unidata-nexrad-level2/2023/04/20/KTBW/KTBW20230420_222706_V06
ERROR: Timed out reading s3://unidata-nexrad-level2/2023/04/17/KGSP/KGSP20230417_194939_V06
ERROR: Timed out reading s3://unidata-nexrad-level2/2023/04/17/KRLX/KRLX20230417_195040_V06
ERROR: Timed out reading s3://unidata-nexrad-level2/2023/04/17/KCAE/KCAE20230417_195050_V06
ERROR: Timed out reading s3://unidata-nexrad-level2/2023/04/16/KDAX/KDAX20230416_220757_V06
ERROR: Timed out reading s3://unidata-nexrad-level2/2023/04/16/KBBX/KBBX20230416_220858_V06
ERROR: Timed out reading s3://unidata-nexrad-level2/2023/04/16/KHNX/KHNX20230416_220948_V06
ERROR: Timed out reading s3://unidata-nexrad-level2/2023/04/16/KMUX/KMUX20230416_220234_V06
ERROR: Timed out reading s3://unidata-nexrad-level2/2023/04/22/KSGF/KSGF20230422_224136_V06
ERROR: Timed out reading s3://unidata-nexrad-level2/2023/04/22/KTWX/KTWX20230422_223720_V06
ERROR: Timed out reading s3://unidata-nexrad-level2/2023/04/22/KICT/KICT20230422_223455_V06
ERROR: Timed out reading s3://unidata-nexrad-level2/2023/04/22/KINX/KINX20230422_223733_V06
ERROR: Timed out reading s3://unidata-nexrad-level2/2023/04/03/KGYX/KGYX20230403_145835_V06
ERROR: Timed out reading s3://unidata-nexrad-level2/2023/04/03/KENX/KENX20230403_150324_V06
ERROR: Timed out reading s3://unidata-nexrad-level2/2023/04/03/KBGM/KBGM20230403_145804_V06
ERROR: Timed out reading s3://unidata-nexrad-level2/2023/04/17/KBBX/KBBX20230417_173958_V06
ERROR: Timed out reading s3://unidata-nexrad-level2/2023/04/17/KDAX/KDAX20230417_173654_V06
ERROR: Timed out reading s3://unidata-nexrad-level2/2023/04/17/KMUX/KMUX20230417_173724_V06
ERROR: Timed out reading s3://unidata-nexrad-level2/2023/04/17/KHNX/KHNX20230417_174153_V06
ERROR: Timed out reading s3://unidata-nexrad-level2/2023/04/07/KGYX/KGYX20230407_193228_V06
ERROR: Timed out reading s3://unidata-nexrad-level2/2023/04/07/KCBW/KCBW20230407_193358_V06
ERROR: Timed out reading s3://unidata-nexrad-level2/2023/04/07/KBOX/KBOX20230407_193037_V06
ERROR: Timed out reading s3://unidata-nexrad-level2/2023/04/07/KENX/KENX20230407_193306_V06
ERROR: Timed out reading s3://unidata-nexrad-level2/2023/04/08/KILN/KILN20230408_150926_V06
ERROR: Timed out reading s3://unidata-nexrad-level2/2023/04/08/KDTX/KDTX20230408_150908_V06
ERROR: Timed out reading s3://unidata-nexrad-level2/2023/04/08/KPBZ/KPBZ20230408_151043_V06
ERROR: Timed out reading s3://unidata-nexrad-level2/2023/04/08/KIWX/KIWX20230408_150743_V06
ERROR: Timed out reading s3://unidata-nexrad-level2/2023/04/17/KAMX/KAMX20230417_225909_V06
ERROR: Timed out reading s3://unidata-nexrad-level2/2023/04/17/KBYX/KBYX20230417_225755_V06
ERROR: Timed out reading s3://unidata-nexrad-level2/2023/04/17/KMLB/KMLB20230417_225621_V06
ERROR: Timed out reading s3://unidata-nexrad-level2/2023/04/17/KTBW/KTBW20230417_225633_V06
ERROR: Timed out reading s3://unidata-nexrad-level2/2023/04/06/KDVN/KDVN20230406_052307_V06
ERROR: Timed out reading s3://unidata-nexrad-level2/2023/04/06/KILX/KILX20230406_052128_V06
ERROR: Timed out reading s3://unidata-nexrad-level2/2023/04/06/KMKX/KMKX20230406_052139_V06
ERROR: Timed out reading s3://unidata-nexrad-level2/2023/04/06/KLSX/KLSX20230406_052405_V06
ERROR: Timed out reading s3://unidata-nexrad-level2/2023/04/10/KMLB/KMLB20230410_190244_V06
ERROR: Timed out reading s3://unidata-nexrad-level2/2023/04/10/KTBW/KTBW20230410_190604_V06
ERROR: Timed out reading s3://unidata-nexrad-level2/2023/04/10/KAMX/KAMX20230410_190316_V06
ERROR: Timed out reading s3://unidata-nexrad-level2/2023/04/10/KAMX/KAMX20230410_190316_V06
ERROR: Timed out reading s3://unidata-nexrad-level2/2023/04/26/KEOX/KEOX20230426_000409_V06
ERROR: Timed out reading s3://unidata-nexrad-level2/2023/04/26/KJGX/KJGX20230426_000411_V06
ERROR: Timed out reading s3://unidata-nexrad-level2/2023/04/21/KLCH/KLCH20230421_031701_V06
ERROR: Timed out reading s3://unidata-nexrad-level2/2023/04/21/KGRK/KGRK20230421_031834_V06
ERROR: Timed out reading s3://unidata-nexrad-level2/2023/04/21/KPOE/KPOE20230421_031823_V06
ERROR: Timed out reading s3://unidata-nexrad-level2/2023/04/21/KEWX/KEWX20230421_031533_V06
ERROR: Timed out reading s3://unidata-nexrad-level2/2023/04/16/KGRB/KGRB20230416_151707_V06
ERROR: Timed out reading s3://unidata-nexrad-level2/2023/04/16/KMKX/KMKX20230416_151847_V06
ERROR: Timed out reading s3://unidata-nexrad-level2/2023/04/16/KDLH/KDLH20230416_151212_V06
ERROR: Timed out reading s3://unidata-nexrad-level2/2023/04/05/KICT/KICT20230405_120306_V06
ERROR: Timed out reading s3://unidata-nexrad-level2/2023/04/05/KPOE/KPOE20230405_204657_V06
ERROR: Timed out reading s3://unidata-nexrad-level2/2023/04/05/KMOB/KMOB20230405_204336_V06
ERROR: Timed out reading s3://unidata-nexrad-level2/2023/04/18/KAKQ/KAKQ20230418_143432_V06
ERROR: Timed out reading s3://unidata-nexrad-level2/2023/04/11/KESX/KESX20230411_204958_V06
ERROR: Timed out reading s3://unidata-nexrad-level2/2023/04/11/KSOX/KSOX20230411_205306_V06
ERROR: Timed out reading s3://unidata-nexrad-level2/2023/04/11/KNKX/KNKX20230411_204914_V06
ERROR: Timed out reading s3://unidata-nexrad-level2/2023/04/11/KVTX/KVTX20230411_205318_V06
ERROR: Timed out reading s3://unidata-nexrad-level2/2023/04/07/KLOT/KLOT20230407_180752_V06
ERROR: Timed out reading s3://unidata-nexrad-level2/2023/04/07/KILX/KILX20230407_180122_V06
ERROR: Timed out reading s3://unidata-nexrad-level2/2023/04/07/KIWX/KIWX20230407_180357_V06
ERROR: Timed out reading s3://unidata-nexrad-level2/2023/04/07/KDVN/KDVN20230407_180100_V06
ERROR: Timed out reading s3://unidata-nexrad-level2/2023/04/18/KGSP/KGSP20230418_161120_V06
ERROR: Timed out reading s3://unidata-nexrad-level2/2023/04/18/KFCX/KFCX20230418_160846_V06
ERROR: Timed out reading s3://unidata-nexrad-level2/2023/04/18/KJKL/KJKL20230418_161252_V06
ERROR: Timed out reading s3://unidata-nexrad-level2/2023/04/18/KRLX/KRLX20230418_161204_V06
ERROR: Timed out reading s3://unidata-nexrad-level2/2023/04/06/KBYX/KBYX20230406_140740_V06
Completed 80% of df
ERROR: Timed out reading s3://unidata-nexrad-level2/2023/04/28/KMHX/KMHX20230428_160548_V06
ERROR: Timed out reading s3://unidata-nexrad-level2/2023/04/28/KRAX/KRAX20230428_160651_V06
ERROR: Timed out reading s3://unidata-nexrad-level2/2023/04/28/KDOX/KDOX20230428_160507_V06
ERROR: Timed out reading s3://unidata-nexrad-level2/2023/04/28/KLTX/KLTX20230428_160617_V06
ERROR: Timed out reading s3://unidata-nexrad-level2/2023/04/12/KMLB/KMLB20230412_211131_V06
ERROR: Timed out reading s3://unidata-nexrad-level2/2023/04/12/KTBW/KTBW20230412_211553_V06
ERROR: Timed out reading s3://unidata-nexrad-level2/2023/04/07/KJKL/KJKL20230407_170413_V06
ERROR: Timed out reading s3://unidata-nexrad-level2/2023/04/07/KIND/KIND20230407_165750_V06
ERROR: Timed out reading s3://unidata-nexrad-level2/2023/04/07/KRLX/KRLX20230407_170631_V06
ERROR: Timed out reading s3://unidata-nexrad-level2/2023/04/15/KSHV/KSHV20230415_160100_V06
ERROR: Timed out reading s3://unidata-nexrad-level2/2023/04/15/KDGX/KDGX20230415_155953_V06
ERROR: Timed out reading s3://unidata-nexrad-level2/2023/04/15/KPOE/KPOE20230415_160101_V06
ERROR: Timed out reading s3://unidata-nexrad-level2/2023/04/15/KSRX/KSRX20230415_155519_V06
ERROR: Timed out reading s3://unidata-nexrad-level2/2023/04/20/KDMX/KDMX20230420_125501_V06
ERROR: Timed out reading s3://unidata-nexrad-level2/2023/04/20/KEAX/KEAX20230420_125931_V06
ERROR: Timed out reading s3://unidata-nexrad-level2/2023/04/20/KMPX/KMPX20230420_125817_V06
ERROR: Timed out reading s3://unidata-nexrad-level2/2023/04/22/KBUF/KBUF20230422_173153_V06
ERROR: Timed out reading s3://unidata-nexrad-level2/2023/04/22/KGRB/KGRB20230422_173058_V06
ERROR: Timed out reading s3://unidata-nexrad-level2/2023/04/07/KDTX/KDTX20230407_011653_V06
ERROR: Timed out reading s3://unidata-nexrad-level2/2023/04/07/KLOT/KLOT20230407_012251_V06
ERROR: Timed out reading s3://unidata-nexrad-level2/2023/04/07/KGRB/KGRB20230407_011930_V06
ERROR: Timed out reading s3://unidata-nexrad-level2/2023/04/14/PHKI/PHKI20230414_235847_V06
ERROR: Timed out reading s3://unidata-nexrad-level2/2023/04/14/KBHX/KBHX20230414_235847_V06
ERROR: Timed out reading s3://unidata-nexrad-level2/2023/04/17/KGSP/KGSP20230417_195809_V06
ERROR: Timed out reading s3://unidata-nexrad-level2/2023/04/17/KRLX/KRLX20230417_195040_V06
ERROR: Timed out reading s3://unidata-nexrad-level2/2023/04/17/KCAE/KCAE20230417_195736_V06
ERROR: Timed out reading s3://unidata-nexrad-level2/2023/04/25/KTLH/KTLH20230425_135135_V06
ERROR: Timed out reading s3://unidata-nexrad-level2/2023/04/25/KMXX/KMXX20230425_135021_V06
ERROR: Timed out reading s3://unidata-nexrad-level2/2023/04/29/KILN/KILN20230429_143527_V06
ERROR: Timed out reading s3://unidata-nexrad-level2/2023/04/29/KLVX/KLVX20230429_143208_V06
ERROR: Timed out reading s3://unidata-nexrad-level2/2023/04/29/KGSP/KGSP20230429_142841_V06
ERROR: Timed out reading s3://unidata-nexrad-level2/2023/04/14/KICT/KICT20230414_141629_V06
ERROR: Timed out reading s3://unidata-nexrad-level2/2023/04/25/KLOT/KLOT20230425_070500_V06
ERROR: Timed out reading s3://unidata-nexrad-level2/2023/04/25/KLSX/KLSX20230425_070059_V06
ERROR: Timed out reading s3://unidata-nexrad-level2/2023/04/25/KDVN/KDVN20230425_070536_V06
ERROR: Timed out reading s3://unidata-nexrad-level2/2023/04/25/KIND/KIND20230425_070620_V06
ERROR: Timed out reading s3://unidata-nexrad-level2/2023/04/29/KNQA/KNQA20230429_115128_V06
ERROR: Timed out reading s3://unidata-nexrad-level2/2023/04/29/KHPX/KHPX20230429_114929_V06
ERROR: Timed out reading s3://unidata-nexrad-level2/2023/04/29/KOHX/KOHX20230429_115128_V06
ERROR: Timed out reading s3://unidata-nexrad-level2/2023/04/29/KHTX/KHTX20230429_115033_V06
ERROR: Timed out reading s3://unidata-nexrad-level2/2023/04/25/KEVX/KEVX20230425_144202_V06
ERROR: Timed out reading s3://unidata-nexrad-level2/2023/04/25/KEOX/KEOX20230425_144229_V06
ERROR: Timed out reading s3://unidata-nexrad-level2/2023/04/25/KMXX/KMXX20230425_144441_V06
ERROR: Timed out reading s3://unidata-nexrad-level2/2023/04/25/KBMX/KBMX20230425_144546_V06
ERROR: Timed out reading s3://unidata-nexrad-level2/2023/04/23/KPBZ/KPBZ20230423_162452_V06
ERROR: Timed out reading s3://unidata-nexrad-level2/2023/04/23/KJKL/KJKL20230423_162715_V06
ERROR: Timed out reading s3://unidata-nexrad-level2/2023/04/23/KFCX/KFCX20230423_162549_V06
ERROR: Timed out reading s3://unidata-nexrad-level2/2023/04/23/KILN/KILN20230423_162511_V06
ERROR: Timed out reading s3://unidata-nexrad-level2/2023/04/02/KFSD/KFSD20230402_210024_V06
ERROR: Timed out reading s3://unidata-nexrad-level2/2023/04/02/KMPX/KMPX20230402_210014_V06
ERROR: Timed out reading s3://unidata-nexrad-level2/2023/04/02/KARX/KARX20230402_205931_V06
ERROR: Timed out reading s3://unidata-nexrad-level2/2023/04/04/KSHV/KSHV20230404_192410_V06
ERROR: Timed out reading s3://unidata-nexrad-level2/2023/04/04/KPOE/KPOE20230404_192740_V06
ERROR: Timed out reading s3://unidata-nexrad-level2/2023/04/19/KAMX/KAMX20230419_090551_V06
ERROR: Timed out reading s3://unidata-nexrad-level2/2023/04/19/KBYX/KBYX20230419_090052_V06
ERROR: Timed out reading s3://unidata-nexrad-level2/2023/04/12/KBOX/KBOX20230412_135138_V06
ERROR: Timed out reading s3://unidata-nexrad-level2/2023/04/12/KOKX/KOKX20230412_133141_V06
ERROR: Timed out reading s3://unidata-nexrad-level2/2023/04/27/PGUA/PGUA20230427_145840_V06
ERROR: Timed out reading s3://unidata-nexrad-level2/2023/04/02/KVTX/KVTX20230402_185907_V06
ERROR: Timed out reading s3://unidata-nexrad-level2/2023/04/02/KHNX/KHNX20230402_190058_V06
ERROR: Timed out reading s3://unidata-nexrad-level2/2023/04/02/KSOX/KSOX20230402_185740_V06
ERROR: Timed out reading s3://unidata-nexrad-level2/2023/04/02/KEYX/KEYX20230402_190252_V06
ERROR: Timed out reading s3://unidata-nexrad-level2/2023/04/19/KGWX/KGWX20230419_195546_V06
ERROR: Timed out reading s3://unidata-nexrad-level2/2023/04/19/KMXX/KMXX20230419_195852_V06
ERROR: Timed out reading s3://unidata-nexrad-level2/2023/04/08/KBOX/KBOX20230408_191540_V06
ERROR: Timed out reading s3://unidata-nexrad-level2/2023/04/08/KENX/KENX20230408_191649_V06
ERROR: Timed out reading s3://unidata-nexrad-level2/2023/04/08/KGYX/KGYX20230408_191419_V06
ERROR: Timed out reading s3://unidata-nexrad-level2/2023/04/08/KCXX/KCXX20230408_191420_V06
ERROR: Timed out reading s3://unidata-nexrad-level2/2023/04/01/KMAX/KMAX20230401_082141_V06
ERROR: Timed out reading s3://unidata-nexrad-level2/2023/04/01/KRTX/KRTX20230401_081735_V06
ERROR: Timed out reading s3://unidata-nexrad-level2/2023/04/19/KBBX/KBBX20230419_215939_V06
ERROR: Timed out reading s3://unidata-nexrad-level2/2023/04/19/KHNX/KHNX20230419_215842_V06
ERROR: Timed out reading s3://unidata-nexrad-level2/2023/04/19/KRGX/KRGX20230419_215446_V06
ERROR: Timed out reading s3://unidata-nexrad-level2/2023/04/18/KPUX/KPUX20230418_214615_V06
ERROR: Timed out reading s3://unidata-nexrad-level2/2023/04/18/KCYS/KCYS20230418_215046_V06
ERROR: Timed out reading s3://unidata-nexrad-level2/2023/04/18/KGJX/KGJX20230418_214754_V06
ERROR: Timed out reading s3://unidata-nexrad-level2/2023/04/18/KGLD/KGLD20230418_214734_V06
ERROR: Timed out reading s3://unidata-nexrad-level2/2023/04/11/KJKL/KJKL20230411_232400_V06
ERROR: Timed out reading s3://unidata-nexrad-level2/2023/04/11/KOHX/KOHX20230411_232407_V06
ERROR: Timed out reading s3://unidata-nexrad-level2/2023/04/11/KGSP/KGSP20230411_232441_V06
ERROR: Timed out reading s3://unidata-nexrad-level2/2023/04/11/KLVX/KLVX20230411_232621_V06
ERROR: Timed out reading s3://unidata-nexrad-level2/2023/04/08/KMUX/KMUX20230408_135410_V06
ERROR: Timed out reading s3://unidata-nexrad-level2/2023/04/08/KVTX/KVTX20230408_135152_V06
ERROR: Timed out reading s3://unidata-nexrad-level2/2023/04/08/KPAH/KPAH20230408_133004_V06
ERROR: Timed out reading s3://unidata-nexrad-level2/2023/04/08/KIND/KIND20230408_133156_V06
ERROR: Timed out reading s3://unidata-nexrad-level2/2023/04/08/KILX/KILX20230408_132842_V06
Completed 85% of df
ERROR: Timed out reading s3://unidata-nexrad-level2/2023/04/11/KMRX/KMRX20230411_215925_V06
ERROR: Timed out reading s3://unidata-nexrad-level2/2023/04/11/KRLX/KRLX20230411_215758_V06
ERROR: Timed out reading s3://unidata-nexrad-level2/2023/04/11/KFCX/KFCX20230411_215958_V06
ERROR: Timed out reading s3://unidata-nexrad-level2/2023/04/11/KILN/KILN20230411_215704_V06
ERROR: Timed out reading s3://unidata-nexrad-level2/2023/04/15/KVWX/KVWX20230415_181100_V06
ERROR: Timed out reading s3://unidata-nexrad-level2/2023/04/15/KIND/KIND20230415_180641_V06
ERROR: Timed out reading s3://unidata-nexrad-level2/2023/04/15/KOHX/KOHX20230415_180955_V06
ERROR: Timed out reading s3://unidata-nexrad-level2/2023/04/15/KILN/KILN20230415_181008_V06
ERROR: Timed out reading s3://unidata-nexrad-level2/2023/04/13/KLVX/KLVX20230413_195128_V06
ERROR: Timed out reading s3://unidata-nexrad-level2/2023/04/13/KILN/KILN20230413_195012_V06
ERROR: Timed out reading s3://unidata-nexrad-level2/2023/04/13/KMRX/KMRX20230413_194847_V06
ERROR: Timed out reading s3://unidata-nexrad-level2/2023/04/13/KVWX/KVWX20230413_194628_V06
ERROR: Timed out reading s3://unidata-nexrad-level2/2023/04/17/KNQA/KNQA20230417_163826_V06
ERROR: Timed out reading s3://unidata-nexrad-level2/2023/04/17/KLZK/KLZK20230417_163907_V06
ERROR: Timed out reading s3://unidata-nexrad-level2/2023/04/01/KGRR/KGRR20230401_042555_V06
ERROR: Timed out reading s3://unidata-nexrad-level2/2023/04/01/KCLE/KCLE20230401_042443_V06
ERROR: Timed out reading s3://unidata-nexrad-level2/2023/04/01/KIWX/KIWX20230401_042721_V06
ERROR: Timed out reading s3://unidata-nexrad-level2/2023/04/01/KAPX/KAPX20230401_042855_V06
ERROR: Timed out reading s3://unidata-nexrad-level2/2023/04/18/KDTX/KDTX20230418_212916_V06
ERROR: Timed out reading s3://unidata-nexrad-level2/2023/04/07/KAMX/KAMX20230407_180015_V06
ERROR: Timed out reading s3://unidata-nexrad-level2/2023/04/07/KAMX/KAMX20230407_180015_V06
ERROR: Timed out reading s3://unidata-nexrad-level2/2023/04/07/KMLB/KMLB20230407_175918_V06
ERROR: Timed out reading s3://unidata-nexrad-level2/2023/04/07/KTBW/KTBW20230407_180106_V06
ERROR: Timed out reading s3://unidata-nexrad-level2/2023/04/05/KGRK/KGRK20230405_133917_V06
ERROR: Timed out reading s3://unidata-nexrad-level2/2023/04/05/KHGX/KHGX20230405_133813_V06
ERROR: Timed out reading s3://unidata-nexrad-level2/2023/04/05/KMKX/KMKX20230405_113954_V06
ERROR: Timed out reading s3://unidata-nexrad-level2/2023/04/05/KLOT/KLOT20230405_113832_V06
ERROR: Timed out reading s3://unidata-nexrad-level2/2023/04/05/KGRR/KGRR20230405_113806_V06
ERROR: Timed out reading s3://unidata-nexrad-level2/2023/04/05/KGRB/KGRB20230405_113844_V06
ERROR: Timed out reading s3://unidata-nexrad-level2/2023/04/05/KIWX/KIWX20230405_113940_V06
ERROR: Timed out reading s3://unidata-nexrad-level2/2023/04/10/KJAX/KJAX20230410_204434_V06
ERROR: Timed out reading s3://unidata-nexrad-level2/2023/04/10/KCLX/KCLX20230410_204639_V06
ERROR: Timed out reading s3://unidata-nexrad-level2/2023/04/03/KPOE/KPOE20230403_000506_V06
ERROR: Timed out reading s3://unidata-nexrad-level2/2023/04/03/KSRX/KSRX20230403_000438_V06
Completed 90% of df
Completed 95% of df
Completed 100% of df
Python script exit code: 0
Compressing output directory into /cluster/tufts/capstone25skyblue/eelkus01/NEXRADTurbulencePrediction/model_inputs/compressed/2023_04.tar.xz
2023_04/
2023_04/0000002_2023_4_df_row.nc
2023_04/0000004_2023_4_df_row.nc
2023_04/0000005_2023_4_df_row.nc
2023_04/0000007_2023_4_df_row.nc
2023_04/0000010_2023_4_df_row.nc
2023_04/0000011_2023_4_df_row.nc
2023_04/0000012_2023_4_df_row.nc
2023_04/0000013_2023_4_df_row.nc
2023_04/0000018_2023_4_df_row.nc
2023_04/0000021_2023_4_df_row.nc
2023_04/0000024_2023_4_df_row.nc
2023_04/0000025_2023_4_df_row.nc
2023_04/0000032_2023_4_df_row.nc
2023_04/0000033_2023_4_df_row.nc
2023_04/0000036_2023_4_df_row.nc
2023_04/0000037_2023_4_df_row.nc
2023_04/0000039_2023_4_df_row.nc
2023_04/0000041_2023_4_df_row.nc
2023_04/0000044_2023_4_df_row.nc
2023_04/0000046_2023_4_df_row.nc
2023_04/0000050_2023_4_df_row.nc
2023_04/0000052_2023_4_df_row.nc
2023_04/0000053_2023_4_df_row.nc
2023_04/0000054_2023_4_df_row.nc
2023_04/0000055_2023_4_df_row.nc
2023_04/0000056_2023_4_df_row.nc
2023_04/0000060_2023_4_df_row.nc
2023_04/0000063_2023_4_df_row.nc
2023_04/0000064_2023_4_df_row.nc
2023_04/0000066_2023_4_df_row.nc
2023_04/0000069_2023_4_df_row.nc
2023_04/0000070_2023_4_df_row.nc
2023_04/0000071_2023_4_df_row.nc
2023_04/0000072_2023_4_df_row.nc
2023_04/0000074_2023_4_df_row.nc
2023_04/0000075_2023_4_df_row.nc
2023_04/0000081_2023_4_df_row.nc
2023_04/0000083_2023_4_df_row.nc
2023_04/0000086_2023_4_df_row.nc
2023_04/0000087_2023_4_df_row.nc
2023_04/0000088_2023_4_df_row.nc
2023_04/0000091_2023_4_df_row.nc
2023_04/0000092_2023_4_df_row.nc
2023_04/0000096_2023_4_df_row.nc
2023_04/0000102_2023_4_df_row.nc
2023_04/0000104_2023_4_df_row.nc
2023_04/0000105_2023_4_df_row.nc
2023_04/0000107_2023_4_df_row.nc
2023_04/0000108_2023_4_df_row.nc
2023_04/0000112_2023_4_df_row.nc
2023_04/0000114_2023_4_df_row.nc
2023_04/0000116_2023_4_df_row.nc
2023_04/0000117_2023_4_df_row.nc
2023_04/0000121_2023_4_df_row.nc
2023_04/0000124_2023_4_df_row.nc
2023_04/0000129_2023_4_df_row.nc
2023_04/0000130_2023_4_df_row.nc
2023_04/0000131_2023_4_df_row.nc
2023_04/0000136_2023_4_df_row.nc
2023_04/0000137_2023_4_df_row.nc
2023_04/0000140_2023_4_df_row.nc
2023_04/0000141_2023_4_df_row.nc
2023_04/0000144_2023_4_df_row.nc
2023_04/0000146_2023_4_df_row.nc
2023_04/0000152_2023_4_df_row.nc
2023_04/0000154_2023_4_df_row.nc
2023_04/0000160_2023_4_df_row.nc
2023_04/0000166_2023_4_df_row.nc
2023_04/0000167_2023_4_df_row.nc
2023_04/0000171_2023_4_df_row.nc
2023_04/0000172_2023_4_df_row.nc
2023_04/0000173_2023_4_df_row.nc
2023_04/0000174_2023_4_df_row.nc
2023_04/0000179_2023_4_df_row.nc
2023_04/0000180_2023_4_df_row.nc
2023_04/0000186_2023_4_df_row.nc
2023_04/0000189_2023_4_df_row.nc
2023_04/0000190_2023_4_df_row.nc
2023_04/0000191_2023_4_df_row.nc
2023_04/0000193_2023_4_df_row.nc
2023_04/0000194_2023_4_df_row.nc
2023_04/0000199_2023_4_df_row.nc
2023_04/0000200_2023_4_df_row.nc
2023_04/0000201_2023_4_df_row.nc
2023_04/0000202_2023_4_df_row.nc
2023_04/0000206_2023_4_df_row.nc
2023_04/0000208_2023_4_df_row.nc
2023_04/0000210_2023_4_df_row.nc
2023_04/0000211_2023_4_df_row.nc
2023_04/0000212_2023_4_df_row.nc
2023_04/0000217_2023_4_df_row.nc
2023_04/0000218_2023_4_df_row.nc
2023_04/0000220_2023_4_df_row.nc
2023_04/0000221_2023_4_df_row.nc
2023_04/0000222_2023_4_df_row.nc
2023_04/0000223_2023_4_df_row.nc
2023_04/0000227_2023_4_df_row.nc
2023_04/0000228_2023_4_df_row.nc
2023_04/0000235_2023_4_df_row.nc
2023_04/0000236_2023_4_df_row.nc
2023_04/0000240_2023_4_df_row.nc
2023_04/0000241_2023_4_df_row.nc
2023_04/0000243_2023_4_df_row.nc
2023_04/0000247_2023_4_df_row.nc
2023_04/0000250_2023_4_df_row.nc
2023_04/0000251_2023_4_df_row.nc
2023_04/0000256_2023_4_df_row.nc
2023_04/0000263_2023_4_df_row.nc
2023_04/0000266_2023_4_df_row.nc
2023_04/0000269_2023_4_df_row.nc
2023_04/0000270_2023_4_df_row.nc
2023_04/0000275_2023_4_df_row.nc
2023_04/0000278_2023_4_df_row.nc
2023_04/0000280_2023_4_df_row.nc
2023_04/0000282_2023_4_df_row.nc
2023_04/0000285_2023_4_df_row.nc
2023_04/0000286_2023_4_df_row.nc
2023_04/0000290_2023_4_df_row.nc
2023_04/0000291_2023_4_df_row.nc
2023_04/0000295_2023_4_df_row.nc
2023_04/0000297_2023_4_df_row.nc
2023_04/0000300_2023_4_df_row.nc
2023_04/0000301_2023_4_df_row.nc
2023_04/0000302_2023_4_df_row.nc
2023_04/0000303_2023_4_df_row.nc
2023_04/0000307_2023_4_df_row.nc
2023_04/0000308_2023_4_df_row.nc
2023_04/0000312_2023_4_df_row.nc
2023_04/0000315_2023_4_df_row.nc
2023_04/0000317_2023_4_df_row.nc
2023_04/0000318_2023_4_df_row.nc
2023_04/0000320_2023_4_df_row.nc
2023_04/0000321_2023_4_df_row.nc
2023_04/0000323_2023_4_df_row.nc
2023_04/0000325_2023_4_df_row.nc
2023_04/0000327_2023_4_df_row.nc
2023_04/0000328_2023_4_df_row.nc
2023_04/0000333_2023_4_df_row.nc
2023_04/0000335_2023_4_df_row.nc
2023_04/0000336_2023_4_df_row.nc
2023_04/0000338_2023_4_df_row.nc
2023_04/0000342_2023_4_df_row.nc
2023_04/0000344_2023_4_df_row.nc
2023_04/0000345_2023_4_df_row.nc
2023_04/0000346_2023_4_df_row.nc
2023_04/0000347_2023_4_df_row.nc
2023_04/0000349_2023_4_df_row.nc
2023_04/0000354_2023_4_df_row.nc
2023_04/0000356_2023_4_df_row.nc
2023_04/0000359_2023_4_df_row.nc
2023_04/0000360_2023_4_df_row.nc
2023_04/0000364_2023_4_df_row.nc
2023_04/0000366_2023_4_df_row.nc
2023_04/0000367_2023_4_df_row.nc
2023_04/0000370_2023_4_df_row.nc
2023_04/0000371_2023_4_df_row.nc
2023_04/0000375_2023_4_df_row.nc
2023_04/0000378_2023_4_df_row.nc
2023_04/0000379_2023_4_df_row.nc
2023_04/0000388_2023_4_df_row.nc
2023_04/0000392_2023_4_df_row.nc
2023_04/0000394_2023_4_df_row.nc
2023_04/0000396_2023_4_df_row.nc
2023_04/0000399_2023_4_df_row.nc
2023_04/0000403_2023_4_df_row.nc
2023_04/0000404_2023_4_df_row.nc
2023_04/0000407_2023_4_df_row.nc
2023_04/0000409_2023_4_df_row.nc
2023_04/0000412_2023_4_df_row.nc
2023_04/0000414_2023_4_df_row.nc
2023_04/0000415_2023_4_df_row.nc
2023_04/0000418_2023_4_df_row.nc
2023_04/0000421_2023_4_df_row.nc
2023_04/0000424_2023_4_df_row.nc
2023_04/0000427_2023_4_df_row.nc
2023_04/0000428_2023_4_df_row.nc
2023_04/0000430_2023_4_df_row.nc
2023_04/0000432_2023_4_df_row.nc
2023_04/0000433_2023_4_df_row.nc
2023_04/0000438_2023_4_df_row.nc
2023_04/0000439_2023_4_df_row.nc
2023_04/0000440_2023_4_df_row.nc
2023_04/0000443_2023_4_df_row.nc
2023_04/0000444_2023_4_df_row.nc
2023_04/0000445_2023_4_df_row.nc
2023_04/0000446_2023_4_df_row.nc
2023_04/0000447_2023_4_df_row.nc
2023_04/0000451_2023_4_df_row.nc
2023_04/0000458_2023_4_df_row.nc
2023_04/0000466_2023_4_df_row.nc
2023_04/0000472_2023_4_df_row.nc
2023_04/0000473_2023_4_df_row.nc
2023_04/0000474_2023_4_df_row.nc
2023_04/0000476_2023_4_df_row.nc
2023_04/0000478_2023_4_df_row.nc
2023_04/0000481_2023_4_df_row.nc
2023_04/0000486_2023_4_df_row.nc
2023_04/0000487_2023_4_df_row.nc
2023_04/0000490_2023_4_df_row.nc
2023_04/0000491_2023_4_df_row.nc
2023_04/0000498_2023_4_df_row.nc
2023_04/0000510_2023_4_df_row.nc
2023_04/0000519_2023_4_df_row.nc
2023_04/0000522_2023_4_df_row.nc
2023_04/0000539_2023_4_df_row.nc
2023_04/0000547_2023_4_df_row.nc
2023_04/0000554_2023_4_df_row.nc
2023_04/0000555_2023_4_df_row.nc
2023_04/0000556_2023_4_df_row.nc
2023_04/0000568_2023_4_df_row.nc
2023_04/0000578_2023_4_df_row.nc
2023_04/0000580_2023_4_df_row.nc
2023_04/0000588_2023_4_df_row.nc
2023_04/0000590_2023_4_df_row.nc
2023_04/0000593_2023_4_df_row.nc
2023_04/0000594_2023_4_df_row.nc
2023_04/0000596_2023_4_df_row.nc
2023_04/0000598_2023_4_df_row.nc
2023_04/0000599_2023_4_df_row.nc
2023_04/0000611_2023_4_df_row.nc
2023_04/0000615_2023_4_df_row.nc
2023_04/0000616_2023_4_df_row.nc
2023_04/0000618_2023_4_df_row.nc
2023_04/0000621_2023_4_df_row.nc
2023_04/0000624_2023_4_df_row.nc
2023_04/0000625_2023_4_df_row.nc
2023_04/0000626_2023_4_df_row.nc
2023_04/0000635_2023_4_df_row.nc
2023_04/0000640_2023_4_df_row.nc
2023_04/0000641_2023_4_df_row.nc
2023_04/0000642_2023_4_df_row.nc
2023_04/0000650_2023_4_df_row.nc
2023_04/0000652_2023_4_df_row.nc
2023_04/0000656_2023_4_df_row.nc
2023_04/0000658_2023_4_df_row.nc
2023_04/0000660_2023_4_df_row.nc
2023_04/0000661_2023_4_df_row.nc
2023_04/0000667_2023_4_df_row.nc
2023_04/0000670_2023_4_df_row.nc
2023_04/0000672_2023_4_df_row.nc
2023_04/0000675_2023_4_df_row.nc
Removing uncompressed directory /cluster/tufts/capstone25skyblue/eelkus01/NEXRADTurbulencePrediction/model_inputs/2023_04
Deactivating conda environment (if any)
Purging all modules
Done! Environment has been torn down
All done!
