Resetting environment
Deactivating conda environment (if any)
Purging all modules
Done! Environment has been torn down
Allocating resources with slurm...
Loading cuda and miniforge...
Activating conda environment...
Redirecting into the NEXRAD repo...
Done! Environment has now been set up
Processing 2016/04
Running radar_data_to_model_input on /cluster/tufts/capstone25skyblue/eelkus01/NEXRADTurbulencePrediction/radars/pirep_with_radar_data/2016/04.csv
Reading from file: /cluster/tufts/capstone25skyblue/eelkus01/NEXRADTurbulencePrediction/radars/pirep_with_radar_data/2016/04.csv and outputting to directory: /cluster/tufts/capstone25skyblue/eelkus01/NEXRADTurbulencePrediction/model_inputs/2016_04
Completed 5% of df
Completed 10% of df
Completed 15% of df
Completed 20% of df
Completed 25% of df
Completed 30% of df
Completed 35% of df
Completed 40% of df
Completed 45% of df
Completed 50% of df
Completed 55% of df
Completed 60% of df
ERROR: Failed to read radar file s3://unidata-nexrad-level2/2016/04/22/KDVN/KDVN20160422_141553_V06.gz: OSError: unknown compression record
Completed 65% of df
Completed 70% of df
Completed 75% of df
Completed 80% of df
Completed 85% of df
ERROR: Failed to read radar file s3://unidata-nexrad-level2/2016/04/05/KBLX/KBLX20160405_144913_V06.gz: ValueError: No MSG31 records found, cannot read file
ERROR: Failed to read radar file s3://unidata-nexrad-level2/2016/04/02/KVWX/KVWX20160402_185205_V06.gz: OSError: unknown compression record
Completed 90% of df
Completed 95% of df
Completed 100% of df
Python script exit code: 0
Compressing output directory into /cluster/tufts/capstone25skyblue/eelkus01/NEXRADTurbulencePrediction/model_inputs/compressed/2016_04.tar.xz
2016_04/
2016_04/0000001_2016_4_df_row.nc
2016_04/0000003_2016_4_df_row.nc
2016_04/0000005_2016_4_df_row.nc
2016_04/0000007_2016_4_df_row.nc
2016_04/0000008_2016_4_df_row.nc
2016_04/0000011_2016_4_df_row.nc
2016_04/0000012_2016_4_df_row.nc
2016_04/0000013_2016_4_df_row.nc
2016_04/0000017_2016_4_df_row.nc
2016_04/0000028_2016_4_df_row.nc
2016_04/0000029_2016_4_df_row.nc
2016_04/0000032_2016_4_df_row.nc
2016_04/0000036_2016_4_df_row.nc
2016_04/0000045_2016_4_df_row.nc
2016_04/0000048_2016_4_df_row.nc
2016_04/0000049_2016_4_df_row.nc
2016_04/0000061_2016_4_df_row.nc
2016_04/0000066_2016_4_df_row.nc
2016_04/0000067_2016_4_df_row.nc
2016_04/0000069_2016_4_df_row.nc
2016_04/0000080_2016_4_df_row.nc
2016_04/0000081_2016_4_df_row.nc
2016_04/0000086_2016_4_df_row.nc
2016_04/0000089_2016_4_df_row.nc
2016_04/0000092_2016_4_df_row.nc
2016_04/0000096_2016_4_df_row.nc
2016_04/0000106_2016_4_df_row.nc
2016_04/0000115_2016_4_df_row.nc
2016_04/0000126_2016_4_df_row.nc
2016_04/0000128_2016_4_df_row.nc
2016_04/0000135_2016_4_df_row.nc
2016_04/0000139_2016_4_df_row.nc
2016_04/0000140_2016_4_df_row.nc
2016_04/0000142_2016_4_df_row.nc
2016_04/0000149_2016_4_df_row.nc
2016_04/0000154_2016_4_df_row.nc
2016_04/0000162_2016_4_df_row.nc
2016_04/0000163_2016_4_df_row.nc
2016_04/0000166_2016_4_df_row.nc
2016_04/0000170_2016_4_df_row.nc
2016_04/0000172_2016_4_df_row.nc
2016_04/0000177_2016_4_df_row.nc
2016_04/0000180_2016_4_df_row.nc
2016_04/0000181_2016_4_df_row.nc
2016_04/0000183_2016_4_df_row.nc
2016_04/0000186_2016_4_df_row.nc
2016_04/0000192_2016_4_df_row.nc
2016_04/0000196_2016_4_df_row.nc
2016_04/0000197_2016_4_df_row.nc
2016_04/0000201_2016_4_df_row.nc
2016_04/0000202_2016_4_df_row.nc
2016_04/0000203_2016_4_df_row.nc
2016_04/0000206_2016_4_df_row.nc
2016_04/0000209_2016_4_df_row.nc
2016_04/0000216_2016_4_df_row.nc
2016_04/0000218_2016_4_df_row.nc
2016_04/0000223_2016_4_df_row.nc
2016_04/0000227_2016_4_df_row.nc
2016_04/0000230_2016_4_df_row.nc
2016_04/0000236_2016_4_df_row.nc
2016_04/0000245_2016_4_df_row.nc
2016_04/0000246_2016_4_df_row.nc
2016_04/0000247_2016_4_df_row.nc
2016_04/0000253_2016_4_df_row.nc
2016_04/0000254_2016_4_df_row.nc
2016_04/0000261_2016_4_df_row.nc
2016_04/0000264_2016_4_df_row.nc
2016_04/0000272_2016_4_df_row.nc
2016_04/0000274_2016_4_df_row.nc
2016_04/0000276_2016_4_df_row.nc
2016_04/0000277_2016_4_df_row.nc
2016_04/0000279_2016_4_df_row.nc
2016_04/0000280_2016_4_df_row.nc
2016_04/0000285_2016_4_df_row.nc
2016_04/0000290_2016_4_df_row.nc
2016_04/0000292_2016_4_df_row.nc
2016_04/0000293_2016_4_df_row.nc
2016_04/0000295_2016_4_df_row.nc
2016_04/0000303_2016_4_df_row.nc
2016_04/0000307_2016_4_df_row.nc
2016_04/0000309_2016_4_df_row.nc
2016_04/0000311_2016_4_df_row.nc
2016_04/0000314_2016_4_df_row.nc
2016_04/0000315_2016_4_df_row.nc
2016_04/0000318_2016_4_df_row.nc
2016_04/0000320_2016_4_df_row.nc
2016_04/0000322_2016_4_df_row.nc
2016_04/0000329_2016_4_df_row.nc
2016_04/0000334_2016_4_df_row.nc
2016_04/0000337_2016_4_df_row.nc
2016_04/0000340_2016_4_df_row.nc
2016_04/0000343_2016_4_df_row.nc
2016_04/0000344_2016_4_df_row.nc
2016_04/0000354_2016_4_df_row.nc
2016_04/0000357_2016_4_df_row.nc
2016_04/0000363_2016_4_df_row.nc
2016_04/0000366_2016_4_df_row.nc
2016_04/0000367_2016_4_df_row.nc
2016_04/0000369_2016_4_df_row.nc
2016_04/0000371_2016_4_df_row.nc
2016_04/0000373_2016_4_df_row.nc
2016_04/0000377_2016_4_df_row.nc
2016_04/0000378_2016_4_df_row.nc
2016_04/0000379_2016_4_df_row.nc
2016_04/0000380_2016_4_df_row.nc
2016_04/0000384_2016_4_df_row.nc
2016_04/0000386_2016_4_df_row.nc
2016_04/0000393_2016_4_df_row.nc
2016_04/0000394_2016_4_df_row.nc
2016_04/0000403_2016_4_df_row.nc
2016_04/0000415_2016_4_df_row.nc
2016_04/0000417_2016_4_df_row.nc
2016_04/0000426_2016_4_df_row.nc
2016_04/0000431_2016_4_df_row.nc
2016_04/0000434_2016_4_df_row.nc
2016_04/0000438_2016_4_df_row.nc
2016_04/0000441_2016_4_df_row.nc
2016_04/0000444_2016_4_df_row.nc
2016_04/0000446_2016_4_df_row.nc
2016_04/0000454_2016_4_df_row.nc
2016_04/0000457_2016_4_df_row.nc
2016_04/0000458_2016_4_df_row.nc
2016_04/0000462_2016_4_df_row.nc
2016_04/0000468_2016_4_df_row.nc
2016_04/0000477_2016_4_df_row.nc
2016_04/0000478_2016_4_df_row.nc
2016_04/0000480_2016_4_df_row.nc
2016_04/0000481_2016_4_df_row.nc
2016_04/0000482_2016_4_df_row.nc
2016_04/0000484_2016_4_df_row.nc
2016_04/0000486_2016_4_df_row.nc
2016_04/0000491_2016_4_df_row.nc
2016_04/0000494_2016_4_df_row.nc
2016_04/0000495_2016_4_df_row.nc
2016_04/0000500_2016_4_df_row.nc
2016_04/0000516_2016_4_df_row.nc
2016_04/0000518_2016_4_df_row.nc
Removing uncompressed directory /cluster/tufts/capstone25skyblue/eelkus01/NEXRADTurbulencePrediction/model_inputs/2016_04
Deactivating conda environment (if any)
Purging all modules
Done! Environment has been torn down
All done!
