Resetting environment
Deactivating conda environment (if any)
Purging all modules
Done! Environment has been torn down
Allocating resources with slurm...
Loading cuda and miniforge...
Activating conda environment...
Redirecting into the NEXRAD repo...
Done! Environment has now been set up
Processing 2008/06
Running radar_data_to_model_input on /cluster/tufts/capstone25skyblue/eelkus01/NEXRADTurbulencePrediction/radars/pirep_with_radar_data/2008/06.csv
Reading from file: /cluster/tufts/capstone25skyblue/eelkus01/NEXRADTurbulencePrediction/radars/pirep_with_radar_data/2008/06.csv and outputting to directory: /cluster/tufts/capstone25skyblue/eelkus01/NEXRADTurbulencePrediction/model_inputs/2008_06
Completed 5% of df
Completed 10% of df
ERROR: Failed to read radar file s3://unidata-nexrad-level2/2008/06/05/KRTX/KRTX20080605_040012_V04.gz: IndexError: list index out of range
Completed 15% of df
Completed 20% of df
Completed 25% of df
Completed 30% of df
Completed 35% of df
Completed 40% of df
Completed 45% of df
Completed 50% of df
Completed 55% of df
Completed 60% of df
Completed 65% of df
Completed 70% of df
Completed 75% of df
Completed 80% of df
Completed 85% of df
Completed 90% of df
Completed 95% of df
Completed 100% of df
Error processing row 399: Plane weight must be 'L', 'M', 'H' or 'U.
Python script exit code: 0
Compressing output directory into /cluster/tufts/capstone25skyblue/eelkus01/NEXRADTurbulencePrediction/model_inputs/compressed/2008_06.tar.xz
2008_06/
2008_06/0000007_2008_6_df_row.nc
2008_06/0000009_2008_6_df_row.nc
2008_06/0000011_2008_6_df_row.nc
2008_06/0000013_2008_6_df_row.nc
2008_06/0000016_2008_6_df_row.nc
2008_06/0000018_2008_6_df_row.nc
2008_06/0000022_2008_6_df_row.nc
2008_06/0000024_2008_6_df_row.nc
2008_06/0000025_2008_6_df_row.nc
2008_06/0000026_2008_6_df_row.nc
2008_06/0000030_2008_6_df_row.nc
2008_06/0000031_2008_6_df_row.nc
2008_06/0000036_2008_6_df_row.nc
2008_06/0000040_2008_6_df_row.nc
2008_06/0000044_2008_6_df_row.nc
2008_06/0000049_2008_6_df_row.nc
2008_06/0000057_2008_6_df_row.nc
2008_06/0000060_2008_6_df_row.nc
2008_06/0000073_2008_6_df_row.nc
2008_06/0000075_2008_6_df_row.nc
2008_06/0000076_2008_6_df_row.nc
2008_06/0000079_2008_6_df_row.nc
2008_06/0000080_2008_6_df_row.nc
2008_06/0000089_2008_6_df_row.nc
2008_06/0000090_2008_6_df_row.nc
2008_06/0000097_2008_6_df_row.nc
2008_06/0000104_2008_6_df_row.nc
2008_06/0000105_2008_6_df_row.nc
2008_06/0000112_2008_6_df_row.nc
2008_06/0000122_2008_6_df_row.nc
2008_06/0000124_2008_6_df_row.nc
2008_06/0000127_2008_6_df_row.nc
2008_06/0000134_2008_6_df_row.nc
2008_06/0000136_2008_6_df_row.nc
2008_06/0000141_2008_6_df_row.nc
2008_06/0000142_2008_6_df_row.nc
2008_06/0000151_2008_6_df_row.nc
2008_06/0000152_2008_6_df_row.nc
2008_06/0000153_2008_6_df_row.nc
2008_06/0000155_2008_6_df_row.nc
2008_06/0000160_2008_6_df_row.nc
2008_06/0000166_2008_6_df_row.nc
2008_06/0000170_2008_6_df_row.nc
2008_06/0000173_2008_6_df_row.nc
2008_06/0000175_2008_6_df_row.nc
2008_06/0000178_2008_6_df_row.nc
2008_06/0000181_2008_6_df_row.nc
2008_06/0000185_2008_6_df_row.nc
2008_06/0000187_2008_6_df_row.nc
2008_06/0000190_2008_6_df_row.nc
2008_06/0000197_2008_6_df_row.nc
2008_06/0000198_2008_6_df_row.nc
2008_06/0000199_2008_6_df_row.nc
2008_06/0000206_2008_6_df_row.nc
2008_06/0000215_2008_6_df_row.nc
2008_06/0000222_2008_6_df_row.nc
2008_06/0000230_2008_6_df_row.nc
2008_06/0000231_2008_6_df_row.nc
2008_06/0000234_2008_6_df_row.nc
2008_06/0000235_2008_6_df_row.nc
2008_06/0000238_2008_6_df_row.nc
2008_06/0000241_2008_6_df_row.nc
2008_06/0000244_2008_6_df_row.nc
2008_06/0000247_2008_6_df_row.nc
2008_06/0000256_2008_6_df_row.nc
2008_06/0000257_2008_6_df_row.nc
2008_06/0000258_2008_6_df_row.nc
2008_06/0000261_2008_6_df_row.nc
2008_06/0000267_2008_6_df_row.nc
2008_06/0000272_2008_6_df_row.nc
2008_06/0000274_2008_6_df_row.nc
2008_06/0000297_2008_6_df_row.nc
2008_06/0000303_2008_6_df_row.nc
2008_06/0000309_2008_6_df_row.nc
2008_06/0000319_2008_6_df_row.nc
2008_06/0000329_2008_6_df_row.nc
2008_06/0000330_2008_6_df_row.nc
2008_06/0000335_2008_6_df_row.nc
2008_06/0000342_2008_6_df_row.nc
2008_06/0000346_2008_6_df_row.nc
2008_06/0000350_2008_6_df_row.nc
2008_06/0000351_2008_6_df_row.nc
2008_06/0000352_2008_6_df_row.nc
2008_06/0000362_2008_6_df_row.nc
2008_06/0000363_2008_6_df_row.nc
2008_06/0000364_2008_6_df_row.nc
2008_06/0000366_2008_6_df_row.nc
2008_06/0000377_2008_6_df_row.nc
2008_06/0000390_2008_6_df_row.nc
2008_06/0000395_2008_6_df_row.nc
2008_06/0000396_2008_6_df_row.nc
Removing uncompressed directory /cluster/tufts/capstone25skyblue/eelkus01/NEXRADTurbulencePrediction/model_inputs/2008_06
Deactivating conda environment (if any)
Purging all modules
Done! Environment has been torn down
All done!
