Resetting environment
Deactivating conda environment (if any)
Purging all modules
Done! Environment has been torn down
Allocating resources with slurm...
Loading cuda and miniforge...
Activating conda environment...
Redirecting into the NEXRAD repo...
Done! Environment has now been set up
Processing 2025/03
Running radar_data_to_model_input on /cluster/tufts/capstone25skyblue/eelkus01/NEXRADTurbulencePrediction/radars/pirep_with_radar_data/2025/03.csv
Reading from file: /cluster/tufts/capstone25skyblue/eelkus01/NEXRADTurbulencePrediction/radars/pirep_with_radar_data/2025/03.csv and outputting to directory: /cluster/tufts/capstone25skyblue/eelkus01/NEXRADTurbulencePrediction/model_inputs/2025_03
Completed 5% of df
Completed 10% of df
Completed 15% of df
Completed 20% of df
Completed 25% of df
Completed 30% of df
ERROR: Failed to read radar file s3://unidata-nexrad-level2/2025/03/04/KSJT/KSJT20250304_080743_V06: IndexError: index 0 is out of bounds for axis 0 with size 0
ERROR: Failed to read radar file s3://unidata-nexrad-level2/2025/03/04/KDYX/KDYX20250304_080614_V06: IndexError: index 0 is out of bounds for axis 0 with size 0
Completed 35% of df
Completed 40% of df
Completed 45% of df
Completed 50% of df
ERROR: Failed to read radar file s3://unidata-nexrad-level2/2025/03/17/KJGX/KJGX20250317_163820_V06: IndexError: index 0 is out of bounds for axis 0 with size 0
Completed 55% of df
Completed 60% of df
Completed 65% of df
Completed 70% of df
Completed 75% of df
Completed 80% of df
Completed 85% of df
ERROR: Failed to read radar file s3://unidata-nexrad-level2/2025/03/04/KDYX/KDYX20250304_080614_V06: IndexError: index 0 is out of bounds for axis 0 with size 0
ERROR: Failed to read radar file s3://unidata-nexrad-level2/2025/03/04/KSJT/KSJT20250304_080743_V06: IndexError: index 0 is out of bounds for axis 0 with size 0
Completed 90% of df
Completed 95% of df
Completed 100% of df
Python script exit code: 0
Compressing output directory into /cluster/tufts/capstone25skyblue/eelkus01/NEXRADTurbulencePrediction/model_inputs/compressed/2025_03.tar.xz
2025_03/
2025_03/0000003_2025_3_df_row.nc
2025_03/0000006_2025_3_df_row.nc
2025_03/0000009_2025_3_df_row.nc
2025_03/0000013_2025_3_df_row.nc
2025_03/0000016_2025_3_df_row.nc
2025_03/0000017_2025_3_df_row.nc
2025_03/0000018_2025_3_df_row.nc
2025_03/0000030_2025_3_df_row.nc
2025_03/0000034_2025_3_df_row.nc
2025_03/0000042_2025_3_df_row.nc
2025_03/0000046_2025_3_df_row.nc
2025_03/0000050_2025_3_df_row.nc
2025_03/0000051_2025_3_df_row.nc
2025_03/0000053_2025_3_df_row.nc
2025_03/0000060_2025_3_df_row.nc
2025_03/0000061_2025_3_df_row.nc
2025_03/0000062_2025_3_df_row.nc
2025_03/0000065_2025_3_df_row.nc
2025_03/0000066_2025_3_df_row.nc
2025_03/0000067_2025_3_df_row.nc
2025_03/0000071_2025_3_df_row.nc
2025_03/0000074_2025_3_df_row.nc
2025_03/0000076_2025_3_df_row.nc
2025_03/0000078_2025_3_df_row.nc
2025_03/0000083_2025_3_df_row.nc
2025_03/0000084_2025_3_df_row.nc
2025_03/0000087_2025_3_df_row.nc
2025_03/0000095_2025_3_df_row.nc
2025_03/0000096_2025_3_df_row.nc
2025_03/0000100_2025_3_df_row.nc
2025_03/0000106_2025_3_df_row.nc
2025_03/0000111_2025_3_df_row.nc
2025_03/0000114_2025_3_df_row.nc
2025_03/0000116_2025_3_df_row.nc
2025_03/0000117_2025_3_df_row.nc
2025_03/0000118_2025_3_df_row.nc
2025_03/0000119_2025_3_df_row.nc
2025_03/0000121_2025_3_df_row.nc
2025_03/0000126_2025_3_df_row.nc
2025_03/0000130_2025_3_df_row.nc
2025_03/0000134_2025_3_df_row.nc
2025_03/0000137_2025_3_df_row.nc
2025_03/0000140_2025_3_df_row.nc
2025_03/0000141_2025_3_df_row.nc
2025_03/0000142_2025_3_df_row.nc
2025_03/0000144_2025_3_df_row.nc
2025_03/0000145_2025_3_df_row.nc
2025_03/0000146_2025_3_df_row.nc
2025_03/0000147_2025_3_df_row.nc
2025_03/0000151_2025_3_df_row.nc
2025_03/0000152_2025_3_df_row.nc
2025_03/0000153_2025_3_df_row.nc
2025_03/0000154_2025_3_df_row.nc
2025_03/0000157_2025_3_df_row.nc
2025_03/0000158_2025_3_df_row.nc
2025_03/0000159_2025_3_df_row.nc
2025_03/0000161_2025_3_df_row.nc
2025_03/0000163_2025_3_df_row.nc
2025_03/0000164_2025_3_df_row.nc
2025_03/0000167_2025_3_df_row.nc
2025_03/0000169_2025_3_df_row.nc
2025_03/0000171_2025_3_df_row.nc
2025_03/0000173_2025_3_df_row.nc
2025_03/0000175_2025_3_df_row.nc
2025_03/0000187_2025_3_df_row.nc
2025_03/0000188_2025_3_df_row.nc
2025_03/0000193_2025_3_df_row.nc
2025_03/0000194_2025_3_df_row.nc
2025_03/0000200_2025_3_df_row.nc
2025_03/0000207_2025_3_df_row.nc
2025_03/0000209_2025_3_df_row.nc
2025_03/0000214_2025_3_df_row.nc
2025_03/0000218_2025_3_df_row.nc
2025_03/0000223_2025_3_df_row.nc
2025_03/0000224_2025_3_df_row.nc
2025_03/0000231_2025_3_df_row.nc
2025_03/0000232_2025_3_df_row.nc
2025_03/0000237_2025_3_df_row.nc
2025_03/0000243_2025_3_df_row.nc
2025_03/0000247_2025_3_df_row.nc
2025_03/0000250_2025_3_df_row.nc
2025_03/0000252_2025_3_df_row.nc
2025_03/0000261_2025_3_df_row.nc
2025_03/0000267_2025_3_df_row.nc
2025_03/0000271_2025_3_df_row.nc
2025_03/0000273_2025_3_df_row.nc
2025_03/0000274_2025_3_df_row.nc
2025_03/0000279_2025_3_df_row.nc
2025_03/0000282_2025_3_df_row.nc
2025_03/0000284_2025_3_df_row.nc
2025_03/0000285_2025_3_df_row.nc
2025_03/0000287_2025_3_df_row.nc
2025_03/0000288_2025_3_df_row.nc
2025_03/0000298_2025_3_df_row.nc
2025_03/0000302_2025_3_df_row.nc
2025_03/0000303_2025_3_df_row.nc
2025_03/0000306_2025_3_df_row.nc
2025_03/0000308_2025_3_df_row.nc
2025_03/0000309_2025_3_df_row.nc
2025_03/0000310_2025_3_df_row.nc
2025_03/0000313_2025_3_df_row.nc
2025_03/0000314_2025_3_df_row.nc
2025_03/0000316_2025_3_df_row.nc
2025_03/0000324_2025_3_df_row.nc
2025_03/0000330_2025_3_df_row.nc
2025_03/0000331_2025_3_df_row.nc
2025_03/0000335_2025_3_df_row.nc
2025_03/0000336_2025_3_df_row.nc
2025_03/0000341_2025_3_df_row.nc
2025_03/0000342_2025_3_df_row.nc
2025_03/0000347_2025_3_df_row.nc
2025_03/0000353_2025_3_df_row.nc
2025_03/0000354_2025_3_df_row.nc
2025_03/0000355_2025_3_df_row.nc
2025_03/0000362_2025_3_df_row.nc
2025_03/0000364_2025_3_df_row.nc
2025_03/0000368_2025_3_df_row.nc
2025_03/0000378_2025_3_df_row.nc
2025_03/0000379_2025_3_df_row.nc
2025_03/0000385_2025_3_df_row.nc
2025_03/0000394_2025_3_df_row.nc
2025_03/0000396_2025_3_df_row.nc
2025_03/0000399_2025_3_df_row.nc
2025_03/0000401_2025_3_df_row.nc
2025_03/0000404_2025_3_df_row.nc
2025_03/0000410_2025_3_df_row.nc
2025_03/0000412_2025_3_df_row.nc
2025_03/0000413_2025_3_df_row.nc
2025_03/0000415_2025_3_df_row.nc
2025_03/0000416_2025_3_df_row.nc
2025_03/0000425_2025_3_df_row.nc
2025_03/0000431_2025_3_df_row.nc
2025_03/0000433_2025_3_df_row.nc
2025_03/0000448_2025_3_df_row.nc
2025_03/0000449_2025_3_df_row.nc
2025_03/0000452_2025_3_df_row.nc
2025_03/0000453_2025_3_df_row.nc
2025_03/0000455_2025_3_df_row.nc
2025_03/0000459_2025_3_df_row.nc
2025_03/0000463_2025_3_df_row.nc
2025_03/0000465_2025_3_df_row.nc
2025_03/0000467_2025_3_df_row.nc
2025_03/0000470_2025_3_df_row.nc
2025_03/0000473_2025_3_df_row.nc
2025_03/0000476_2025_3_df_row.nc
2025_03/0000479_2025_3_df_row.nc
2025_03/0000484_2025_3_df_row.nc
2025_03/0000485_2025_3_df_row.nc
2025_03/0000488_2025_3_df_row.nc
2025_03/0000489_2025_3_df_row.nc
2025_03/0000490_2025_3_df_row.nc
2025_03/0000494_2025_3_df_row.nc
2025_03/0000497_2025_3_df_row.nc
2025_03/0000501_2025_3_df_row.nc
2025_03/0000504_2025_3_df_row.nc
2025_03/0000506_2025_3_df_row.nc
2025_03/0000510_2025_3_df_row.nc
2025_03/0000511_2025_3_df_row.nc
2025_03/0000516_2025_3_df_row.nc
2025_03/0000517_2025_3_df_row.nc
2025_03/0000520_2025_3_df_row.nc
2025_03/0000521_2025_3_df_row.nc
2025_03/0000524_2025_3_df_row.nc
2025_03/0000525_2025_3_df_row.nc
2025_03/0000526_2025_3_df_row.nc
2025_03/0000528_2025_3_df_row.nc
2025_03/0000536_2025_3_df_row.nc
2025_03/0000538_2025_3_df_row.nc
2025_03/0000539_2025_3_df_row.nc
2025_03/0000540_2025_3_df_row.nc
2025_03/0000541_2025_3_df_row.nc
2025_03/0000542_2025_3_df_row.nc
2025_03/0000544_2025_3_df_row.nc
2025_03/0000545_2025_3_df_row.nc
2025_03/0000546_2025_3_df_row.nc
2025_03/0000561_2025_3_df_row.nc
2025_03/0000563_2025_3_df_row.nc
2025_03/0000565_2025_3_df_row.nc
2025_03/0000569_2025_3_df_row.nc
2025_03/0000570_2025_3_df_row.nc
2025_03/0000572_2025_3_df_row.nc
2025_03/0000573_2025_3_df_row.nc
2025_03/0000576_2025_3_df_row.nc
2025_03/0000578_2025_3_df_row.nc
2025_03/0000593_2025_3_df_row.nc
2025_03/0000594_2025_3_df_row.nc
2025_03/0000596_2025_3_df_row.nc
2025_03/0000598_2025_3_df_row.nc
2025_03/0000600_2025_3_df_row.nc
2025_03/0000602_2025_3_df_row.nc
2025_03/0000605_2025_3_df_row.nc
2025_03/0000606_2025_3_df_row.nc
2025_03/0000607_2025_3_df_row.nc
2025_03/0000609_2025_3_df_row.nc
2025_03/0000611_2025_3_df_row.nc
2025_03/0000612_2025_3_df_row.nc
2025_03/0000615_2025_3_df_row.nc
2025_03/0000620_2025_3_df_row.nc
2025_03/0000624_2025_3_df_row.nc
2025_03/0000625_2025_3_df_row.nc
2025_03/0000626_2025_3_df_row.nc
2025_03/0000629_2025_3_df_row.nc
2025_03/0000631_2025_3_df_row.nc
2025_03/0000632_2025_3_df_row.nc
2025_03/0000640_2025_3_df_row.nc
2025_03/0000643_2025_3_df_row.nc
2025_03/0000648_2025_3_df_row.nc
2025_03/0000652_2025_3_df_row.nc
2025_03/0000654_2025_3_df_row.nc
2025_03/0000655_2025_3_df_row.nc
2025_03/0000659_2025_3_df_row.nc
2025_03/0000663_2025_3_df_row.nc
2025_03/0000665_2025_3_df_row.nc
2025_03/0000668_2025_3_df_row.nc
2025_03/0000670_2025_3_df_row.nc
2025_03/0000672_2025_3_df_row.nc
2025_03/0000678_2025_3_df_row.nc
2025_03/0000679_2025_3_df_row.nc
2025_03/0000683_2025_3_df_row.nc
2025_03/0000686_2025_3_df_row.nc
2025_03/0000689_2025_3_df_row.nc
2025_03/0000691_2025_3_df_row.nc
2025_03/0000693_2025_3_df_row.nc
2025_03/0000694_2025_3_df_row.nc
2025_03/0000696_2025_3_df_row.nc
2025_03/0000698_2025_3_df_row.nc
2025_03/0000700_2025_3_df_row.nc
2025_03/0000701_2025_3_df_row.nc
2025_03/0000704_2025_3_df_row.nc
2025_03/0000705_2025_3_df_row.nc
2025_03/0000709_2025_3_df_row.nc
2025_03/0000712_2025_3_df_row.nc
2025_03/0000713_2025_3_df_row.nc
2025_03/0000718_2025_3_df_row.nc
2025_03/0000721_2025_3_df_row.nc
2025_03/0000722_2025_3_df_row.nc
2025_03/0000723_2025_3_df_row.nc
2025_03/0000724_2025_3_df_row.nc
2025_03/0000728_2025_3_df_row.nc
2025_03/0000729_2025_3_df_row.nc
2025_03/0000731_2025_3_df_row.nc
2025_03/0000737_2025_3_df_row.nc
2025_03/0000741_2025_3_df_row.nc
2025_03/0000742_2025_3_df_row.nc
2025_03/0000743_2025_3_df_row.nc
2025_03/0000750_2025_3_df_row.nc
2025_03/0000752_2025_3_df_row.nc
2025_03/0000756_2025_3_df_row.nc
2025_03/0000759_2025_3_df_row.nc
2025_03/0000765_2025_3_df_row.nc
2025_03/0000771_2025_3_df_row.nc
2025_03/0000775_2025_3_df_row.nc
2025_03/0000777_2025_3_df_row.nc
2025_03/0000780_2025_3_df_row.nc
2025_03/0000783_2025_3_df_row.nc
2025_03/0000785_2025_3_df_row.nc
2025_03/0000786_2025_3_df_row.nc
2025_03/0000787_2025_3_df_row.nc
2025_03/0000790_2025_3_df_row.nc
2025_03/0000793_2025_3_df_row.nc
2025_03/0000803_2025_3_df_row.nc
2025_03/0000805_2025_3_df_row.nc
2025_03/0000808_2025_3_df_row.nc
2025_03/0000824_2025_3_df_row.nc
2025_03/0000828_2025_3_df_row.nc
2025_03/0000831_2025_3_df_row.nc
2025_03/0000832_2025_3_df_row.nc
2025_03/0000844_2025_3_df_row.nc
2025_03/0000847_2025_3_df_row.nc
2025_03/0000849_2025_3_df_row.nc
2025_03/0000855_2025_3_df_row.nc
2025_03/0000856_2025_3_df_row.nc
2025_03/0000858_2025_3_df_row.nc
2025_03/0000862_2025_3_df_row.nc
2025_03/0000865_2025_3_df_row.nc
2025_03/0000870_2025_3_df_row.nc
2025_03/0000871_2025_3_df_row.nc
2025_03/0000872_2025_3_df_row.nc
2025_03/0000875_2025_3_df_row.nc
2025_03/0000876_2025_3_df_row.nc
2025_03/0000880_2025_3_df_row.nc
2025_03/0000882_2025_3_df_row.nc
2025_03/0000886_2025_3_df_row.nc
2025_03/0000887_2025_3_df_row.nc
Removing uncompressed directory /cluster/tufts/capstone25skyblue/eelkus01/NEXRADTurbulencePrediction/model_inputs/2025_03
Deactivating conda environment (if any)
Purging all modules
Done! Environment has been torn down
All done!
