Resetting environment
Deactivating conda environment (if any)
Purging all modules
Done! Environment has been torn down
Allocating resources with slurm...
Loading cuda and miniforge...
Activating conda environment...
Redirecting into the NEXRAD repo...
Done! Environment has now been set up
Processing 2015/02
Running radar_data_to_model_input on /cluster/tufts/capstone25skyblue/eelkus01/NEXRADTurbulencePrediction/radars/pirep_with_radar_data/2015/02.csv
Reading from file: /cluster/tufts/capstone25skyblue/eelkus01/NEXRADTurbulencePrediction/radars/pirep_with_radar_data/2015/02.csv and outputting to directory: /cluster/tufts/capstone25skyblue/eelkus01/NEXRADTurbulencePrediction/model_inputs/2015_02
Completed 5% of df
ERROR: Failed to read radar file s3://unidata-nexrad-level2/2015/02/10/KTLX/KTLX20150210_183742_V06.gz: OSError: unknown compression record
Completed 10% of df
Completed 15% of df
Completed 20% of df
Completed 25% of df
Completed 30% of df
Completed 35% of df
ERROR: Failed to read radar file s3://unidata-nexrad-level2/2015/02/01/KSJT/KSJT20150201_230512_V06.gz: OSError: unknown compression record
Completed 40% of df
Completed 45% of df
Completed 50% of df
ERROR: Failed to read radar file s3://unidata-nexrad-level2/2015/02/24/KAKQ/KAKQ20150224_213054_V06.gz: OSError: unknown compression record
Completed 55% of df
ERROR: Failed to read radar file s3://unidata-nexrad-level2/2015/02/06/PAKC/PAKC20150206_021832_V06.gz: OSError: unknown compression record
Completed 60% of df
Completed 65% of df
ERROR: Failed to read radar file s3://unidata-nexrad-level2/2015/02/23/KABR/KABR20150223_160959_V06.gz: OSError: unknown compression record
Completed 70% of df
ERROR: Failed to read radar file s3://unidata-nexrad-level2/2015/02/06/PAKC/PAKC20150206_021832_V06.gz: OSError: unknown compression record
Completed 75% of df
ERROR: Failed to read radar file s3://unidata-nexrad-level2/2015/02/15/KRAX/KRAX20150215_152510_V06.gz: OSError: unknown compression record
Completed 80% of df
Completed 85% of df
Completed 90% of df
Completed 95% of df
Completed 100% of df
Python script exit code: 0
Compressing output directory into /cluster/tufts/capstone25skyblue/eelkus01/NEXRADTurbulencePrediction/model_inputs/compressed/2015_02.tar.xz
2015_02/
2015_02/0000007_2015_2_df_row.nc
2015_02/0000008_2015_2_df_row.nc
2015_02/0000011_2015_2_df_row.nc
2015_02/0000023_2015_2_df_row.nc
2015_02/0000032_2015_2_df_row.nc
2015_02/0000037_2015_2_df_row.nc
2015_02/0000038_2015_2_df_row.nc
2015_02/0000039_2015_2_df_row.nc
2015_02/0000056_2015_2_df_row.nc
2015_02/0000057_2015_2_df_row.nc
2015_02/0000062_2015_2_df_row.nc
2015_02/0000063_2015_2_df_row.nc
2015_02/0000064_2015_2_df_row.nc
2015_02/0000068_2015_2_df_row.nc
2015_02/0000071_2015_2_df_row.nc
2015_02/0000081_2015_2_df_row.nc
2015_02/0000083_2015_2_df_row.nc
2015_02/0000085_2015_2_df_row.nc
2015_02/0000087_2015_2_df_row.nc
2015_02/0000088_2015_2_df_row.nc
2015_02/0000091_2015_2_df_row.nc
2015_02/0000092_2015_2_df_row.nc
2015_02/0000095_2015_2_df_row.nc
2015_02/0000100_2015_2_df_row.nc
2015_02/0000101_2015_2_df_row.nc
2015_02/0000102_2015_2_df_row.nc
2015_02/0000107_2015_2_df_row.nc
2015_02/0000110_2015_2_df_row.nc
2015_02/0000112_2015_2_df_row.nc
2015_02/0000114_2015_2_df_row.nc
2015_02/0000127_2015_2_df_row.nc
2015_02/0000133_2015_2_df_row.nc
2015_02/0000134_2015_2_df_row.nc
2015_02/0000147_2015_2_df_row.nc
2015_02/0000160_2015_2_df_row.nc
2015_02/0000167_2015_2_df_row.nc
2015_02/0000172_2015_2_df_row.nc
2015_02/0000175_2015_2_df_row.nc
2015_02/0000176_2015_2_df_row.nc
2015_02/0000179_2015_2_df_row.nc
2015_02/0000184_2015_2_df_row.nc
2015_02/0000185_2015_2_df_row.nc
2015_02/0000186_2015_2_df_row.nc
2015_02/0000189_2015_2_df_row.nc
2015_02/0000200_2015_2_df_row.nc
2015_02/0000201_2015_2_df_row.nc
2015_02/0000202_2015_2_df_row.nc
2015_02/0000207_2015_2_df_row.nc
2015_02/0000208_2015_2_df_row.nc
2015_02/0000211_2015_2_df_row.nc
2015_02/0000216_2015_2_df_row.nc
2015_02/0000218_2015_2_df_row.nc
2015_02/0000223_2015_2_df_row.nc
2015_02/0000227_2015_2_df_row.nc
2015_02/0000230_2015_2_df_row.nc
2015_02/0000235_2015_2_df_row.nc
2015_02/0000236_2015_2_df_row.nc
2015_02/0000242_2015_2_df_row.nc
2015_02/0000243_2015_2_df_row.nc
2015_02/0000244_2015_2_df_row.nc
2015_02/0000249_2015_2_df_row.nc
2015_02/0000254_2015_2_df_row.nc
2015_02/0000256_2015_2_df_row.nc
2015_02/0000262_2015_2_df_row.nc
2015_02/0000263_2015_2_df_row.nc
2015_02/0000267_2015_2_df_row.nc
2015_02/0000274_2015_2_df_row.nc
2015_02/0000276_2015_2_df_row.nc
2015_02/0000278_2015_2_df_row.nc
2015_02/0000282_2015_2_df_row.nc
2015_02/0000285_2015_2_df_row.nc
2015_02/0000286_2015_2_df_row.nc
2015_02/0000292_2015_2_df_row.nc
Removing uncompressed directory /cluster/tufts/capstone25skyblue/eelkus01/NEXRADTurbulencePrediction/model_inputs/2015_02
Deactivating conda environment (if any)
Purging all modules
Done! Environment has been torn down
All done!
