Resetting environment
Deactivating conda environment (if any)
Purging all modules
Done! Environment has been torn down
Allocating resources with slurm...
Loading cuda and miniforge...
Activating conda environment...
Redirecting into the NEXRAD repo...
Done! Environment has now been set up
Processing 2015/01
Running radar_data_to_model_input on /cluster/tufts/capstone25skyblue/eelkus01/NEXRADTurbulencePrediction/radars/pirep_with_radar_data/2015/01.csv
Reading from file: /cluster/tufts/capstone25skyblue/eelkus01/NEXRADTurbulencePrediction/radars/pirep_with_radar_data/2015/01.csv and outputting to directory: /cluster/tufts/capstone25skyblue/eelkus01/NEXRADTurbulencePrediction/model_inputs/2015_01
ERROR: Failed to read radar file s3://unidata-nexrad-level2/2015/01/05/KDOX/KDOX20150105_234840_V06.gz: OSError: unknown compression record
Completed 5% of df
Completed 10% of df
ERROR: Failed to read radar file s3://unidata-nexrad-level2/2015/01/03/KDVN/KDVN20150103_152944_V06.gz: OSError: unknown compression record
Completed 15% of df
Completed 20% of df
Completed 25% of df
Completed 30% of df
ERROR: Failed to read radar file s3://unidata-nexrad-level2/2015/01/14/KBIS/KBIS20150114_182816_V06.gz: OSError: unknown compression record
Completed 35% of df
Completed 40% of df
Completed 45% of df
Completed 50% of df
Completed 55% of df
ERROR: Failed to read radar file s3://unidata-nexrad-level2/2015/01/05/PAIH/PAIH20150105_172433_V06.gz: OSError: unknown compression record
ERROR: Failed to read radar file s3://unidata-nexrad-level2/2015/01/05/PAIH/PAIH20150105_172433_V06.gz: OSError: unknown compression record
Completed 60% of df
ERROR: Failed to read radar file s3://unidata-nexrad-level2/2015/01/15/KDIX/KDIX20150115_012350_V06.gz: OSError: unknown compression record
Completed 65% of df
Completed 70% of df
Completed 75% of df
Completed 80% of df
Completed 85% of df
ERROR: Failed to read radar file s3://unidata-nexrad-level2/2015/01/15/KSFX/KSFX20150115_221819_V06.gz: OSError: unknown compression record
ERROR: Failed to read radar file s3://unidata-nexrad-level2/2015/01/04/KIWX/KIWX20150104_162942_V06.gz: OSError: unknown compression record
Completed 90% of df
Completed 95% of df
Completed 100% of df
Python script exit code: 0
Compressing output directory into /cluster/tufts/capstone25skyblue/eelkus01/NEXRADTurbulencePrediction/model_inputs/compressed/2015_01.tar.xz
2015_01/
2015_01/0000004_2015_1_df_row.nc
2015_01/0000006_2015_1_df_row.nc
2015_01/0000010_2015_1_df_row.nc
2015_01/0000012_2015_1_df_row.nc
2015_01/0000015_2015_1_df_row.nc
2015_01/0000027_2015_1_df_row.nc
2015_01/0000030_2015_1_df_row.nc
2015_01/0000031_2015_1_df_row.nc
2015_01/0000033_2015_1_df_row.nc
2015_01/0000034_2015_1_df_row.nc
2015_01/0000036_2015_1_df_row.nc
2015_01/0000038_2015_1_df_row.nc
2015_01/0000046_2015_1_df_row.nc
2015_01/0000054_2015_1_df_row.nc
2015_01/0000056_2015_1_df_row.nc
2015_01/0000061_2015_1_df_row.nc
2015_01/0000066_2015_1_df_row.nc
2015_01/0000067_2015_1_df_row.nc
2015_01/0000070_2015_1_df_row.nc
2015_01/0000071_2015_1_df_row.nc
2015_01/0000085_2015_1_df_row.nc
2015_01/0000086_2015_1_df_row.nc
2015_01/0000088_2015_1_df_row.nc
2015_01/0000091_2015_1_df_row.nc
2015_01/0000092_2015_1_df_row.nc
2015_01/0000094_2015_1_df_row.nc
2015_01/0000097_2015_1_df_row.nc
2015_01/0000106_2015_1_df_row.nc
2015_01/0000110_2015_1_df_row.nc
2015_01/0000115_2015_1_df_row.nc
2015_01/0000125_2015_1_df_row.nc
2015_01/0000126_2015_1_df_row.nc
2015_01/0000127_2015_1_df_row.nc
2015_01/0000130_2015_1_df_row.nc
2015_01/0000150_2015_1_df_row.nc
2015_01/0000154_2015_1_df_row.nc
2015_01/0000181_2015_1_df_row.nc
2015_01/0000184_2015_1_df_row.nc
2015_01/0000186_2015_1_df_row.nc
2015_01/0000192_2015_1_df_row.nc
2015_01/0000193_2015_1_df_row.nc
2015_01/0000195_2015_1_df_row.nc
2015_01/0000199_2015_1_df_row.nc
2015_01/0000200_2015_1_df_row.nc
2015_01/0000204_2015_1_df_row.nc
2015_01/0000209_2015_1_df_row.nc
2015_01/0000220_2015_1_df_row.nc
2015_01/0000223_2015_1_df_row.nc
2015_01/0000225_2015_1_df_row.nc
2015_01/0000226_2015_1_df_row.nc
2015_01/0000229_2015_1_df_row.nc
2015_01/0000256_2015_1_df_row.nc
2015_01/0000258_2015_1_df_row.nc
2015_01/0000266_2015_1_df_row.nc
2015_01/0000270_2015_1_df_row.nc
2015_01/0000280_2015_1_df_row.nc
2015_01/0000287_2015_1_df_row.nc
2015_01/0000288_2015_1_df_row.nc
2015_01/0000292_2015_1_df_row.nc
2015_01/0000293_2015_1_df_row.nc
2015_01/0000300_2015_1_df_row.nc
2015_01/0000304_2015_1_df_row.nc
2015_01/0000306_2015_1_df_row.nc
2015_01/0000309_2015_1_df_row.nc
2015_01/0000311_2015_1_df_row.nc
2015_01/0000318_2015_1_df_row.nc
2015_01/0000323_2015_1_df_row.nc
2015_01/0000325_2015_1_df_row.nc
2015_01/0000328_2015_1_df_row.nc
2015_01/0000334_2015_1_df_row.nc
2015_01/0000335_2015_1_df_row.nc
2015_01/0000340_2015_1_df_row.nc
2015_01/0000345_2015_1_df_row.nc
2015_01/0000349_2015_1_df_row.nc
2015_01/0000351_2015_1_df_row.nc
2015_01/0000353_2015_1_df_row.nc
2015_01/0000359_2015_1_df_row.nc
2015_01/0000360_2015_1_df_row.nc
2015_01/0000361_2015_1_df_row.nc
2015_01/0000369_2015_1_df_row.nc
2015_01/0000370_2015_1_df_row.nc
2015_01/0000374_2015_1_df_row.nc
2015_01/0000375_2015_1_df_row.nc
2015_01/0000381_2015_1_df_row.nc
2015_01/0000391_2015_1_df_row.nc
2015_01/0000394_2015_1_df_row.nc
2015_01/0000395_2015_1_df_row.nc
2015_01/0000403_2015_1_df_row.nc
2015_01/0000405_2015_1_df_row.nc
2015_01/0000425_2015_1_df_row.nc
2015_01/0000427_2015_1_df_row.nc
2015_01/0000430_2015_1_df_row.nc
2015_01/0000431_2015_1_df_row.nc
2015_01/0000434_2015_1_df_row.nc
2015_01/0000444_2015_1_df_row.nc
2015_01/0000445_2015_1_df_row.nc
2015_01/0000450_2015_1_df_row.nc
2015_01/0000452_2015_1_df_row.nc
2015_01/0000454_2015_1_df_row.nc
2015_01/0000455_2015_1_df_row.nc
2015_01/0000460_2015_1_df_row.nc
2015_01/0000466_2015_1_df_row.nc
2015_01/0000468_2015_1_df_row.nc
2015_01/0000469_2015_1_df_row.nc
2015_01/0000482_2015_1_df_row.nc
2015_01/0000493_2015_1_df_row.nc
2015_01/0000496_2015_1_df_row.nc
2015_01/0000499_2015_1_df_row.nc
2015_01/0000500_2015_1_df_row.nc
2015_01/0000502_2015_1_df_row.nc
2015_01/0000511_2015_1_df_row.nc
2015_01/0000515_2015_1_df_row.nc
2015_01/0000518_2015_1_df_row.nc
2015_01/0000521_2015_1_df_row.nc
2015_01/0000529_2015_1_df_row.nc
2015_01/0000534_2015_1_df_row.nc
2015_01/0000535_2015_1_df_row.nc
2015_01/0000536_2015_1_df_row.nc
2015_01/0000540_2015_1_df_row.nc
2015_01/0000546_2015_1_df_row.nc
2015_01/0000549_2015_1_df_row.nc
2015_01/0000550_2015_1_df_row.nc
2015_01/0000554_2015_1_df_row.nc
2015_01/0000555_2015_1_df_row.nc
2015_01/0000557_2015_1_df_row.nc
2015_01/0000560_2015_1_df_row.nc
2015_01/0000563_2015_1_df_row.nc
2015_01/0000569_2015_1_df_row.nc
2015_01/0000580_2015_1_df_row.nc
2015_01/0000582_2015_1_df_row.nc
2015_01/0000589_2015_1_df_row.nc
2015_01/0000591_2015_1_df_row.nc
2015_01/0000592_2015_1_df_row.nc
2015_01/0000594_2015_1_df_row.nc
2015_01/0000598_2015_1_df_row.nc
2015_01/0000599_2015_1_df_row.nc
2015_01/0000600_2015_1_df_row.nc
2015_01/0000601_2015_1_df_row.nc
2015_01/0000619_2015_1_df_row.nc
2015_01/0000620_2015_1_df_row.nc
2015_01/0000629_2015_1_df_row.nc
2015_01/0000630_2015_1_df_row.nc
2015_01/0000640_2015_1_df_row.nc
2015_01/0000652_2015_1_df_row.nc
2015_01/0000662_2015_1_df_row.nc
2015_01/0000667_2015_1_df_row.nc
2015_01/0000671_2015_1_df_row.nc
2015_01/0000678_2015_1_df_row.nc
2015_01/0000685_2015_1_df_row.nc
2015_01/0000688_2015_1_df_row.nc
2015_01/0000700_2015_1_df_row.nc
2015_01/0000706_2015_1_df_row.nc
2015_01/0000715_2015_1_df_row.nc
2015_01/0000717_2015_1_df_row.nc
2015_01/0000726_2015_1_df_row.nc
2015_01/0000727_2015_1_df_row.nc
2015_01/0000729_2015_1_df_row.nc
2015_01/0000734_2015_1_df_row.nc
2015_01/0000738_2015_1_df_row.nc
2015_01/0000742_2015_1_df_row.nc
2015_01/0000743_2015_1_df_row.nc
2015_01/0000749_2015_1_df_row.nc
2015_01/0000753_2015_1_df_row.nc
Removing uncompressed directory /cluster/tufts/capstone25skyblue/eelkus01/NEXRADTurbulencePrediction/model_inputs/2015_01
Deactivating conda environment (if any)
Purging all modules
Done! Environment has been torn down
All done!
