Resetting environment
Deactivating conda environment (if any)
Purging all modules
Done! Environment has been torn down
Allocating resources with slurm...
Loading cuda and miniforge...
Activating conda environment...
Redirecting into the NEXRAD repo...
Done! Environment has now been set up
Processing 2009/02
Running radar_data_to_model_input on /cluster/tufts/capstone25skyblue/eelkus01/NEXRADTurbulencePrediction/radars/pirep_with_radar_data/2009/02.csv
Reading from file: /cluster/tufts/capstone25skyblue/eelkus01/NEXRADTurbulencePrediction/radars/pirep_with_radar_data/2009/02.csv and outputting to directory: /cluster/tufts/capstone25skyblue/eelkus01/NEXRADTurbulencePrediction/model_inputs/2009_02
Completed 5% of df
ERROR: Timed out reading s3://unidata-nexrad-level2/2009/02/11/KMKX/KMKX20090211_195717_V03.gz
Completed 10% of df
Completed 15% of df
ERROR: Failed to read radar file s3://unidata-nexrad-level2/2009/02/07/KRGX/KRGX20090207_023825_V03.gz: IndexError: list index out of range
Completed 20% of df
Completed 25% of df
ERROR: Failed to read radar file s3://unidata-nexrad-level2/2009/02/11/KMRX/KMRX20090211_233514_V03.gz: ValueError: need at least one array to concatenate
Completed 30% of df
Completed 35% of df
ERROR: Failed to read radar file s3://unidata-nexrad-level2/2009/02/11/KMRX/KMRX20090211_233514_V03.gz: ValueError: need at least one array to concatenate
Completed 40% of df
Completed 45% of df
Completed 50% of df
Completed 55% of df
Completed 60% of df
Completed 65% of df
Completed 70% of df
Completed 75% of df
Completed 80% of df
ERROR: Failed to read radar file s3://unidata-nexrad-level2/2009/02/16/KMAX/KMAX20090216_021357_V03.gz: ValueError: need at least one array to concatenate
Completed 85% of df
Completed 90% of df
Completed 95% of df
Completed 100% of df
Python script exit code: 0
Compressing output directory into /cluster/tufts/capstone25skyblue/eelkus01/NEXRADTurbulencePrediction/model_inputs/compressed/2009_02.tar.xz
2009_02/
2009_02/0000003_2009_2_df_row.nc
2009_02/0000005_2009_2_df_row.nc
2009_02/0000008_2009_2_df_row.nc
2009_02/0000015_2009_2_df_row.nc
2009_02/0000020_2009_2_df_row.nc
2009_02/0000022_2009_2_df_row.nc
2009_02/0000025_2009_2_df_row.nc
2009_02/0000031_2009_2_df_row.nc
2009_02/0000032_2009_2_df_row.nc
2009_02/0000038_2009_2_df_row.nc
2009_02/0000046_2009_2_df_row.nc
2009_02/0000048_2009_2_df_row.nc
2009_02/0000050_2009_2_df_row.nc
2009_02/0000054_2009_2_df_row.nc
2009_02/0000058_2009_2_df_row.nc
2009_02/0000060_2009_2_df_row.nc
2009_02/0000061_2009_2_df_row.nc
2009_02/0000069_2009_2_df_row.nc
2009_02/0000076_2009_2_df_row.nc
2009_02/0000078_2009_2_df_row.nc
2009_02/0000081_2009_2_df_row.nc
2009_02/0000083_2009_2_df_row.nc
2009_02/0000089_2009_2_df_row.nc
2009_02/0000090_2009_2_df_row.nc
2009_02/0000092_2009_2_df_row.nc
2009_02/0000093_2009_2_df_row.nc
2009_02/0000096_2009_2_df_row.nc
2009_02/0000099_2009_2_df_row.nc
2009_02/0000101_2009_2_df_row.nc
2009_02/0000103_2009_2_df_row.nc
2009_02/0000111_2009_2_df_row.nc
2009_02/0000114_2009_2_df_row.nc
2009_02/0000120_2009_2_df_row.nc
2009_02/0000125_2009_2_df_row.nc
2009_02/0000132_2009_2_df_row.nc
2009_02/0000136_2009_2_df_row.nc
2009_02/0000138_2009_2_df_row.nc
2009_02/0000140_2009_2_df_row.nc
2009_02/0000141_2009_2_df_row.nc
2009_02/0000143_2009_2_df_row.nc
2009_02/0000147_2009_2_df_row.nc
2009_02/0000155_2009_2_df_row.nc
2009_02/0000156_2009_2_df_row.nc
2009_02/0000160_2009_2_df_row.nc
2009_02/0000161_2009_2_df_row.nc
2009_02/0000165_2009_2_df_row.nc
2009_02/0000170_2009_2_df_row.nc
2009_02/0000171_2009_2_df_row.nc
2009_02/0000175_2009_2_df_row.nc
2009_02/0000187_2009_2_df_row.nc
2009_02/0000190_2009_2_df_row.nc
2009_02/0000191_2009_2_df_row.nc
2009_02/0000195_2009_2_df_row.nc
2009_02/0000200_2009_2_df_row.nc
2009_02/0000202_2009_2_df_row.nc
2009_02/0000206_2009_2_df_row.nc
2009_02/0000209_2009_2_df_row.nc
2009_02/0000212_2009_2_df_row.nc
2009_02/0000217_2009_2_df_row.nc
2009_02/0000218_2009_2_df_row.nc
2009_02/0000219_2009_2_df_row.nc
2009_02/0000226_2009_2_df_row.nc
2009_02/0000228_2009_2_df_row.nc
2009_02/0000230_2009_2_df_row.nc
2009_02/0000238_2009_2_df_row.nc
2009_02/0000248_2009_2_df_row.nc
2009_02/0000251_2009_2_df_row.nc
2009_02/0000254_2009_2_df_row.nc
2009_02/0000256_2009_2_df_row.nc
2009_02/0000257_2009_2_df_row.nc
2009_02/0000266_2009_2_df_row.nc
2009_02/0000267_2009_2_df_row.nc
2009_02/0000270_2009_2_df_row.nc
2009_02/0000272_2009_2_df_row.nc
2009_02/0000274_2009_2_df_row.nc
2009_02/0000277_2009_2_df_row.nc
2009_02/0000290_2009_2_df_row.nc
2009_02/0000297_2009_2_df_row.nc
2009_02/0000298_2009_2_df_row.nc
2009_02/0000300_2009_2_df_row.nc
2009_02/0000305_2009_2_df_row.nc
2009_02/0000307_2009_2_df_row.nc
2009_02/0000318_2009_2_df_row.nc
2009_02/0000321_2009_2_df_row.nc
2009_02/0000322_2009_2_df_row.nc
2009_02/0000327_2009_2_df_row.nc
2009_02/0000335_2009_2_df_row.nc
2009_02/0000338_2009_2_df_row.nc
2009_02/0000345_2009_2_df_row.nc
2009_02/0000349_2009_2_df_row.nc
2009_02/0000350_2009_2_df_row.nc
2009_02/0000351_2009_2_df_row.nc
Removing uncompressed directory /cluster/tufts/capstone25skyblue/eelkus01/NEXRADTurbulencePrediction/model_inputs/2009_02
Deactivating conda environment (if any)
Purging all modules
Done! Environment has been torn down
All done!
