Resetting environment
Deactivating conda environment (if any)
Purging all modules
Done! Environment has been torn down
Allocating resources with slurm...
Loading cuda and miniforge...
Activating conda environment...
Redirecting into the NEXRAD repo...
Done! Environment has now been set up
Processing 2021/12
Running radar_data_to_model_input on /cluster/tufts/capstone25skyblue/eelkus01/NEXRADTurbulencePrediction/radars/pirep_with_radar_data/2021/12.csv
Reading from file: /cluster/tufts/capstone25skyblue/eelkus01/NEXRADTurbulencePrediction/radars/pirep_with_radar_data/2021/12.csv and outputting to directory: /cluster/tufts/capstone25skyblue/eelkus01/NEXRADTurbulencePrediction/model_inputs/2021_12
Completed 5% of df
Completed 10% of df
Completed 15% of df
Completed 20% of df
Completed 25% of df
Completed 30% of df
Completed 35% of df
Completed 40% of df
Completed 45% of df
Completed 50% of df
Completed 55% of df
Completed 60% of df
Completed 65% of df
Completed 70% of df
Completed 75% of df
Completed 80% of df
Completed 85% of df
Completed 90% of df
Completed 95% of df
Completed 100% of df
Python script exit code: 0
Compressing output directory into /cluster/tufts/capstone25skyblue/eelkus01/NEXRADTurbulencePrediction/model_inputs/compressed/2021_12.tar.xz
2021_12/
2021_12/0000000_2021_12_df_row.nc
2021_12/0000007_2021_12_df_row.nc
2021_12/0000008_2021_12_df_row.nc
2021_12/0000010_2021_12_df_row.nc
2021_12/0000013_2021_12_df_row.nc
2021_12/0000028_2021_12_df_row.nc
2021_12/0000031_2021_12_df_row.nc
2021_12/0000034_2021_12_df_row.nc
2021_12/0000037_2021_12_df_row.nc
2021_12/0000042_2021_12_df_row.nc
2021_12/0000043_2021_12_df_row.nc
2021_12/0000045_2021_12_df_row.nc
2021_12/0000046_2021_12_df_row.nc
2021_12/0000047_2021_12_df_row.nc
2021_12/0000048_2021_12_df_row.nc
2021_12/0000050_2021_12_df_row.nc
2021_12/0000055_2021_12_df_row.nc
2021_12/0000057_2021_12_df_row.nc
2021_12/0000060_2021_12_df_row.nc
2021_12/0000063_2021_12_df_row.nc
2021_12/0000072_2021_12_df_row.nc
2021_12/0000073_2021_12_df_row.nc
2021_12/0000074_2021_12_df_row.nc
2021_12/0000077_2021_12_df_row.nc
2021_12/0000080_2021_12_df_row.nc
2021_12/0000088_2021_12_df_row.nc
2021_12/0000091_2021_12_df_row.nc
2021_12/0000094_2021_12_df_row.nc
2021_12/0000097_2021_12_df_row.nc
2021_12/0000101_2021_12_df_row.nc
2021_12/0000103_2021_12_df_row.nc
2021_12/0000105_2021_12_df_row.nc
2021_12/0000108_2021_12_df_row.nc
2021_12/0000109_2021_12_df_row.nc
2021_12/0000111_2021_12_df_row.nc
2021_12/0000115_2021_12_df_row.nc
2021_12/0000119_2021_12_df_row.nc
2021_12/0000120_2021_12_df_row.nc
2021_12/0000125_2021_12_df_row.nc
2021_12/0000130_2021_12_df_row.nc
2021_12/0000132_2021_12_df_row.nc
2021_12/0000134_2021_12_df_row.nc
2021_12/0000137_2021_12_df_row.nc
2021_12/0000138_2021_12_df_row.nc
2021_12/0000148_2021_12_df_row.nc
2021_12/0000155_2021_12_df_row.nc
2021_12/0000159_2021_12_df_row.nc
2021_12/0000161_2021_12_df_row.nc
2021_12/0000162_2021_12_df_row.nc
2021_12/0000166_2021_12_df_row.nc
2021_12/0000169_2021_12_df_row.nc
2021_12/0000170_2021_12_df_row.nc
2021_12/0000175_2021_12_df_row.nc
2021_12/0000176_2021_12_df_row.nc
2021_12/0000179_2021_12_df_row.nc
2021_12/0000182_2021_12_df_row.nc
2021_12/0000185_2021_12_df_row.nc
2021_12/0000186_2021_12_df_row.nc
2021_12/0000189_2021_12_df_row.nc
2021_12/0000190_2021_12_df_row.nc
2021_12/0000196_2021_12_df_row.nc
2021_12/0000198_2021_12_df_row.nc
2021_12/0000199_2021_12_df_row.nc
2021_12/0000201_2021_12_df_row.nc
2021_12/0000206_2021_12_df_row.nc
2021_12/0000207_2021_12_df_row.nc
2021_12/0000208_2021_12_df_row.nc
2021_12/0000214_2021_12_df_row.nc
2021_12/0000217_2021_12_df_row.nc
2021_12/0000218_2021_12_df_row.nc
2021_12/0000228_2021_12_df_row.nc
2021_12/0000232_2021_12_df_row.nc
2021_12/0000241_2021_12_df_row.nc
2021_12/0000242_2021_12_df_row.nc
2021_12/0000244_2021_12_df_row.nc
2021_12/0000247_2021_12_df_row.nc
2021_12/0000249_2021_12_df_row.nc
2021_12/0000254_2021_12_df_row.nc
2021_12/0000258_2021_12_df_row.nc
2021_12/0000259_2021_12_df_row.nc
2021_12/0000262_2021_12_df_row.nc
2021_12/0000266_2021_12_df_row.nc
2021_12/0000271_2021_12_df_row.nc
2021_12/0000272_2021_12_df_row.nc
2021_12/0000273_2021_12_df_row.nc
2021_12/0000278_2021_12_df_row.nc
2021_12/0000279_2021_12_df_row.nc
2021_12/0000282_2021_12_df_row.nc
2021_12/0000287_2021_12_df_row.nc
2021_12/0000288_2021_12_df_row.nc
2021_12/0000295_2021_12_df_row.nc
2021_12/0000303_2021_12_df_row.nc
2021_12/0000309_2021_12_df_row.nc
2021_12/0000310_2021_12_df_row.nc
2021_12/0000311_2021_12_df_row.nc
2021_12/0000312_2021_12_df_row.nc
2021_12/0000313_2021_12_df_row.nc
2021_12/0000323_2021_12_df_row.nc
2021_12/0000326_2021_12_df_row.nc
2021_12/0000330_2021_12_df_row.nc
2021_12/0000337_2021_12_df_row.nc
2021_12/0000339_2021_12_df_row.nc
2021_12/0000343_2021_12_df_row.nc
2021_12/0000351_2021_12_df_row.nc
2021_12/0000353_2021_12_df_row.nc
2021_12/0000354_2021_12_df_row.nc
2021_12/0000356_2021_12_df_row.nc
2021_12/0000357_2021_12_df_row.nc
2021_12/0000358_2021_12_df_row.nc
2021_12/0000361_2021_12_df_row.nc
2021_12/0000366_2021_12_df_row.nc
2021_12/0000367_2021_12_df_row.nc
2021_12/0000369_2021_12_df_row.nc
2021_12/0000371_2021_12_df_row.nc
2021_12/0000373_2021_12_df_row.nc
2021_12/0000376_2021_12_df_row.nc
2021_12/0000377_2021_12_df_row.nc
2021_12/0000380_2021_12_df_row.nc
2021_12/0000382_2021_12_df_row.nc
2021_12/0000393_2021_12_df_row.nc
2021_12/0000394_2021_12_df_row.nc
2021_12/0000403_2021_12_df_row.nc
2021_12/0000411_2021_12_df_row.nc
2021_12/0000415_2021_12_df_row.nc
2021_12/0000416_2021_12_df_row.nc
2021_12/0000419_2021_12_df_row.nc
2021_12/0000422_2021_12_df_row.nc
2021_12/0000423_2021_12_df_row.nc
2021_12/0000425_2021_12_df_row.nc
2021_12/0000426_2021_12_df_row.nc
2021_12/0000432_2021_12_df_row.nc
2021_12/0000438_2021_12_df_row.nc
2021_12/0000450_2021_12_df_row.nc
2021_12/0000454_2021_12_df_row.nc
2021_12/0000455_2021_12_df_row.nc
2021_12/0000457_2021_12_df_row.nc
2021_12/0000460_2021_12_df_row.nc
2021_12/0000461_2021_12_df_row.nc
2021_12/0000466_2021_12_df_row.nc
2021_12/0000468_2021_12_df_row.nc
2021_12/0000471_2021_12_df_row.nc
2021_12/0000472_2021_12_df_row.nc
2021_12/0000476_2021_12_df_row.nc
2021_12/0000480_2021_12_df_row.nc
2021_12/0000490_2021_12_df_row.nc
2021_12/0000492_2021_12_df_row.nc
2021_12/0000497_2021_12_df_row.nc
2021_12/0000501_2021_12_df_row.nc
2021_12/0000503_2021_12_df_row.nc
2021_12/0000508_2021_12_df_row.nc
2021_12/0000510_2021_12_df_row.nc
2021_12/0000511_2021_12_df_row.nc
2021_12/0000515_2021_12_df_row.nc
2021_12/0000516_2021_12_df_row.nc
2021_12/0000518_2021_12_df_row.nc
2021_12/0000519_2021_12_df_row.nc
2021_12/0000520_2021_12_df_row.nc
2021_12/0000521_2021_12_df_row.nc
2021_12/0000522_2021_12_df_row.nc
2021_12/0000523_2021_12_df_row.nc
2021_12/0000527_2021_12_df_row.nc
2021_12/0000529_2021_12_df_row.nc
2021_12/0000532_2021_12_df_row.nc
2021_12/0000537_2021_12_df_row.nc
2021_12/0000539_2021_12_df_row.nc
2021_12/0000542_2021_12_df_row.nc
2021_12/0000548_2021_12_df_row.nc
2021_12/0000553_2021_12_df_row.nc
2021_12/0000554_2021_12_df_row.nc
2021_12/0000563_2021_12_df_row.nc
2021_12/0000565_2021_12_df_row.nc
2021_12/0000567_2021_12_df_row.nc
2021_12/0000568_2021_12_df_row.nc
2021_12/0000569_2021_12_df_row.nc
2021_12/0000575_2021_12_df_row.nc
2021_12/0000577_2021_12_df_row.nc
2021_12/0000581_2021_12_df_row.nc
2021_12/0000586_2021_12_df_row.nc
2021_12/0000589_2021_12_df_row.nc
2021_12/0000590_2021_12_df_row.nc
2021_12/0000596_2021_12_df_row.nc
2021_12/0000597_2021_12_df_row.nc
2021_12/0000598_2021_12_df_row.nc
2021_12/0000600_2021_12_df_row.nc
2021_12/0000605_2021_12_df_row.nc
2021_12/0000608_2021_12_df_row.nc
2021_12/0000614_2021_12_df_row.nc
2021_12/0000615_2021_12_df_row.nc
2021_12/0000616_2021_12_df_row.nc
2021_12/0000620_2021_12_df_row.nc
2021_12/0000626_2021_12_df_row.nc
2021_12/0000627_2021_12_df_row.nc
2021_12/0000628_2021_12_df_row.nc
2021_12/0000631_2021_12_df_row.nc
2021_12/0000633_2021_12_df_row.nc
2021_12/0000636_2021_12_df_row.nc
2021_12/0000641_2021_12_df_row.nc
2021_12/0000642_2021_12_df_row.nc
2021_12/0000643_2021_12_df_row.nc
2021_12/0000644_2021_12_df_row.nc
2021_12/0000650_2021_12_df_row.nc
2021_12/0000652_2021_12_df_row.nc
2021_12/0000665_2021_12_df_row.nc
2021_12/0000666_2021_12_df_row.nc
2021_12/0000668_2021_12_df_row.nc
2021_12/0000670_2021_12_df_row.nc
2021_12/0000674_2021_12_df_row.nc
2021_12/0000679_2021_12_df_row.nc
2021_12/0000683_2021_12_df_row.nc
2021_12/0000684_2021_12_df_row.nc
2021_12/0000690_2021_12_df_row.nc
2021_12/0000693_2021_12_df_row.nc
2021_12/0000696_2021_12_df_row.nc
2021_12/0000698_2021_12_df_row.nc
2021_12/0000702_2021_12_df_row.nc
2021_12/0000706_2021_12_df_row.nc
2021_12/0000708_2021_12_df_row.nc
2021_12/0000709_2021_12_df_row.nc
2021_12/0000714_2021_12_df_row.nc
2021_12/0000719_2021_12_df_row.nc
2021_12/0000722_2021_12_df_row.nc
Removing uncompressed directory /cluster/tufts/capstone25skyblue/eelkus01/NEXRADTurbulencePrediction/model_inputs/2021_12
Deactivating conda environment (if any)
Purging all modules
Done! Environment has been torn down
All done!
