Resetting environment
Deactivating conda environment (if any)
Purging all modules
Done! Environment has been torn down
Allocating resources with slurm...
Loading cuda and miniforge...
Activating conda environment...
Redirecting into the NEXRAD repo...
Done! Environment has now been set up
Processing 2021/03
Running radar_data_to_model_input on /cluster/tufts/capstone25skyblue/eelkus01/NEXRADTurbulencePrediction/radars/pirep_with_radar_data/2021/03.csv
Reading from file: /cluster/tufts/capstone25skyblue/eelkus01/NEXRADTurbulencePrediction/radars/pirep_with_radar_data/2021/03.csv and outputting to directory: /cluster/tufts/capstone25skyblue/eelkus01/NEXRADTurbulencePrediction/model_inputs/2021_03
Completed 5% of df
Completed 10% of df
Completed 15% of df
Completed 20% of df
Completed 25% of df
Completed 30% of df
Completed 35% of df
Completed 40% of df
ERROR: Timed out reading s3://unidata-nexrad-level2/2021/03/24/KUEX/KUEX20210324_013611_V06
Completed 45% of df
Completed 50% of df
Completed 55% of df
Completed 60% of df
Completed 65% of df
Completed 70% of df
Completed 75% of df
Completed 80% of df
Completed 85% of df
Completed 90% of df
Completed 95% of df
ERROR: Timed out reading s3://unidata-nexrad-level2/2021/03/23/KLBB/KLBB20210323_001309_V06
ERROR: Timed out reading s3://unidata-nexrad-level2/2021/03/20/KSOX/KSOX20210320_165045_V06
ERROR: Timed out reading s3://unidata-nexrad-level2/2021/03/20/KNKX/KNKX20210320_165049_V06
ERROR: Timed out reading s3://unidata-nexrad-level2/2021/03/31/KDMX/KDMX20210331_140150_V06
ERROR: Timed out reading s3://unidata-nexrad-level2/2021/03/25/KSGF/KSGF20210325_104115_V06
ERROR: Timed out reading s3://unidata-nexrad-level2/2021/03/25/KINX/KINX20210325_104210_V06
ERROR: Timed out reading s3://unidata-nexrad-level2/2021/03/25/KSHV/KSHV20210325_104134_V06
Completed 100% of df
ERROR: Timed out reading s3://unidata-nexrad-level2/2021/03/26/KMRX/KMRX20210326_040213_V06
ERROR: Timed out reading s3://unidata-nexrad-level2/2021/03/26/KFFC/KFFC20210326_040110_V06
ERROR: Timed out reading s3://unidata-nexrad-level2/2021/03/26/KHTX/KHTX20210326_040112_V06
Python script exit code: 0
Compressing output directory into /cluster/tufts/capstone25skyblue/eelkus01/NEXRADTurbulencePrediction/model_inputs/compressed/2021_03.tar.xz
2021_03/
2021_03/0000002_2021_3_df_row.nc
2021_03/0000005_2021_3_df_row.nc
2021_03/0000008_2021_3_df_row.nc
2021_03/0000009_2021_3_df_row.nc
2021_03/0000010_2021_3_df_row.nc
2021_03/0000011_2021_3_df_row.nc
2021_03/0000014_2021_3_df_row.nc
2021_03/0000022_2021_3_df_row.nc
2021_03/0000025_2021_3_df_row.nc
2021_03/0000026_2021_3_df_row.nc
2021_03/0000032_2021_3_df_row.nc
2021_03/0000036_2021_3_df_row.nc
2021_03/0000038_2021_3_df_row.nc
2021_03/0000044_2021_3_df_row.nc
2021_03/0000045_2021_3_df_row.nc
2021_03/0000047_2021_3_df_row.nc
2021_03/0000050_2021_3_df_row.nc
2021_03/0000053_2021_3_df_row.nc
2021_03/0000055_2021_3_df_row.nc
2021_03/0000057_2021_3_df_row.nc
2021_03/0000059_2021_3_df_row.nc
2021_03/0000064_2021_3_df_row.nc
2021_03/0000071_2021_3_df_row.nc
2021_03/0000077_2021_3_df_row.nc
2021_03/0000078_2021_3_df_row.nc
2021_03/0000081_2021_3_df_row.nc
2021_03/0000082_2021_3_df_row.nc
2021_03/0000084_2021_3_df_row.nc
2021_03/0000091_2021_3_df_row.nc
2021_03/0000095_2021_3_df_row.nc
2021_03/0000097_2021_3_df_row.nc
2021_03/0000103_2021_3_df_row.nc
2021_03/0000104_2021_3_df_row.nc
2021_03/0000106_2021_3_df_row.nc
2021_03/0000110_2021_3_df_row.nc
2021_03/0000115_2021_3_df_row.nc
2021_03/0000116_2021_3_df_row.nc
2021_03/0000117_2021_3_df_row.nc
2021_03/0000121_2021_3_df_row.nc
2021_03/0000126_2021_3_df_row.nc
2021_03/0000128_2021_3_df_row.nc
2021_03/0000130_2021_3_df_row.nc
2021_03/0000137_2021_3_df_row.nc
2021_03/0000139_2021_3_df_row.nc
2021_03/0000140_2021_3_df_row.nc
2021_03/0000142_2021_3_df_row.nc
2021_03/0000146_2021_3_df_row.nc
2021_03/0000147_2021_3_df_row.nc
2021_03/0000150_2021_3_df_row.nc
2021_03/0000153_2021_3_df_row.nc
2021_03/0000170_2021_3_df_row.nc
2021_03/0000172_2021_3_df_row.nc
2021_03/0000179_2021_3_df_row.nc
2021_03/0000182_2021_3_df_row.nc
2021_03/0000183_2021_3_df_row.nc
2021_03/0000187_2021_3_df_row.nc
2021_03/0000193_2021_3_df_row.nc
2021_03/0000195_2021_3_df_row.nc
2021_03/0000198_2021_3_df_row.nc
2021_03/0000202_2021_3_df_row.nc
2021_03/0000205_2021_3_df_row.nc
2021_03/0000211_2021_3_df_row.nc
2021_03/0000212_2021_3_df_row.nc
2021_03/0000213_2021_3_df_row.nc
2021_03/0000214_2021_3_df_row.nc
2021_03/0000215_2021_3_df_row.nc
2021_03/0000219_2021_3_df_row.nc
2021_03/0000220_2021_3_df_row.nc
2021_03/0000221_2021_3_df_row.nc
2021_03/0000224_2021_3_df_row.nc
2021_03/0000227_2021_3_df_row.nc
2021_03/0000228_2021_3_df_row.nc
2021_03/0000230_2021_3_df_row.nc
2021_03/0000239_2021_3_df_row.nc
2021_03/0000240_2021_3_df_row.nc
2021_03/0000241_2021_3_df_row.nc
2021_03/0000248_2021_3_df_row.nc
2021_03/0000260_2021_3_df_row.nc
2021_03/0000262_2021_3_df_row.nc
2021_03/0000264_2021_3_df_row.nc
2021_03/0000266_2021_3_df_row.nc
2021_03/0000269_2021_3_df_row.nc
2021_03/0000272_2021_3_df_row.nc
2021_03/0000274_2021_3_df_row.nc
2021_03/0000275_2021_3_df_row.nc
2021_03/0000276_2021_3_df_row.nc
2021_03/0000283_2021_3_df_row.nc
2021_03/0000284_2021_3_df_row.nc
2021_03/0000286_2021_3_df_row.nc
2021_03/0000298_2021_3_df_row.nc
2021_03/0000299_2021_3_df_row.nc
2021_03/0000303_2021_3_df_row.nc
2021_03/0000304_2021_3_df_row.nc
2021_03/0000305_2021_3_df_row.nc
2021_03/0000306_2021_3_df_row.nc
2021_03/0000310_2021_3_df_row.nc
2021_03/0000311_2021_3_df_row.nc
2021_03/0000314_2021_3_df_row.nc
2021_03/0000315_2021_3_df_row.nc
2021_03/0000316_2021_3_df_row.nc
2021_03/0000323_2021_3_df_row.nc
2021_03/0000325_2021_3_df_row.nc
2021_03/0000327_2021_3_df_row.nc
2021_03/0000340_2021_3_df_row.nc
2021_03/0000342_2021_3_df_row.nc
2021_03/0000343_2021_3_df_row.nc
2021_03/0000344_2021_3_df_row.nc
2021_03/0000346_2021_3_df_row.nc
2021_03/0000353_2021_3_df_row.nc
2021_03/0000354_2021_3_df_row.nc
2021_03/0000357_2021_3_df_row.nc
2021_03/0000358_2021_3_df_row.nc
2021_03/0000363_2021_3_df_row.nc
2021_03/0000367_2021_3_df_row.nc
2021_03/0000372_2021_3_df_row.nc
2021_03/0000375_2021_3_df_row.nc
2021_03/0000380_2021_3_df_row.nc
2021_03/0000382_2021_3_df_row.nc
2021_03/0000387_2021_3_df_row.nc
2021_03/0000393_2021_3_df_row.nc
2021_03/0000396_2021_3_df_row.nc
2021_03/0000399_2021_3_df_row.nc
2021_03/0000401_2021_3_df_row.nc
2021_03/0000407_2021_3_df_row.nc
2021_03/0000409_2021_3_df_row.nc
2021_03/0000412_2021_3_df_row.nc
2021_03/0000414_2021_3_df_row.nc
2021_03/0000416_2021_3_df_row.nc
2021_03/0000417_2021_3_df_row.nc
2021_03/0000419_2021_3_df_row.nc
2021_03/0000420_2021_3_df_row.nc
2021_03/0000425_2021_3_df_row.nc
2021_03/0000427_2021_3_df_row.nc
2021_03/0000428_2021_3_df_row.nc
2021_03/0000429_2021_3_df_row.nc
2021_03/0000431_2021_3_df_row.nc
2021_03/0000432_2021_3_df_row.nc
2021_03/0000436_2021_3_df_row.nc
2021_03/0000437_2021_3_df_row.nc
2021_03/0000438_2021_3_df_row.nc
2021_03/0000448_2021_3_df_row.nc
2021_03/0000450_2021_3_df_row.nc
2021_03/0000451_2021_3_df_row.nc
2021_03/0000459_2021_3_df_row.nc
2021_03/0000460_2021_3_df_row.nc
2021_03/0000468_2021_3_df_row.nc
2021_03/0000469_2021_3_df_row.nc
2021_03/0000475_2021_3_df_row.nc
2021_03/0000476_2021_3_df_row.nc
2021_03/0000477_2021_3_df_row.nc
2021_03/0000478_2021_3_df_row.nc
2021_03/0000480_2021_3_df_row.nc
2021_03/0000483_2021_3_df_row.nc
2021_03/0000484_2021_3_df_row.nc
2021_03/0000489_2021_3_df_row.nc
2021_03/0000490_2021_3_df_row.nc
2021_03/0000491_2021_3_df_row.nc
2021_03/0000494_2021_3_df_row.nc
2021_03/0000495_2021_3_df_row.nc
2021_03/0000499_2021_3_df_row.nc
2021_03/0000501_2021_3_df_row.nc
2021_03/0000510_2021_3_df_row.nc
2021_03/0000519_2021_3_df_row.nc
2021_03/0000520_2021_3_df_row.nc
2021_03/0000522_2021_3_df_row.nc
2021_03/0000523_2021_3_df_row.nc
2021_03/0000524_2021_3_df_row.nc
2021_03/0000528_2021_3_df_row.nc
2021_03/0000529_2021_3_df_row.nc
2021_03/0000531_2021_3_df_row.nc
2021_03/0000538_2021_3_df_row.nc
2021_03/0000551_2021_3_df_row.nc
2021_03/0000555_2021_3_df_row.nc
2021_03/0000556_2021_3_df_row.nc
2021_03/0000559_2021_3_df_row.nc
2021_03/0000560_2021_3_df_row.nc
2021_03/0000562_2021_3_df_row.nc
2021_03/0000563_2021_3_df_row.nc
2021_03/0000569_2021_3_df_row.nc
2021_03/0000571_2021_3_df_row.nc
2021_03/0000572_2021_3_df_row.nc
Removing uncompressed directory /cluster/tufts/capstone25skyblue/eelkus01/NEXRADTurbulencePrediction/model_inputs/2021_03
Deactivating conda environment (if any)
Purging all modules
Done! Environment has been torn down
All done!
