Resetting environment
Deactivating conda environment (if any)
Purging all modules
Done! Environment has been torn down
Allocating resources with slurm...
Loading cuda and miniforge...
Activating conda environment...
Redirecting into the NEXRAD repo...
Done! Environment has now been set up
Processing 2023/01
Running radar_data_to_model_input on /cluster/tufts/capstone25skyblue/eelkus01/NEXRADTurbulencePrediction/radars/pirep_with_radar_data/2023/01.csv
Reading from file: /cluster/tufts/capstone25skyblue/eelkus01/NEXRADTurbulencePrediction/radars/pirep_with_radar_data/2023/01.csv and outputting to directory: /cluster/tufts/capstone25skyblue/eelkus01/NEXRADTurbulencePrediction/model_inputs/2023_01
Completed 5% of df
Completed 10% of df
Completed 15% of df
Completed 20% of df
Completed 25% of df
Completed 30% of df
Completed 35% of df
Completed 40% of df
Completed 45% of df
Completed 50% of df
Completed 55% of df
Completed 60% of df
Completed 65% of df
Completed 70% of df
Completed 75% of df
Completed 80% of df
Completed 85% of df
Completed 90% of df
Completed 95% of df
Completed 100% of df
Python script exit code: 0
Compressing output directory into /cluster/tufts/capstone25skyblue/eelkus01/NEXRADTurbulencePrediction/model_inputs/compressed/2023_01.tar.xz
2023_01/
2023_01/0000005_2023_1_df_row.nc
2023_01/0000007_2023_1_df_row.nc
2023_01/0000008_2023_1_df_row.nc
2023_01/0000017_2023_1_df_row.nc
2023_01/0000020_2023_1_df_row.nc
2023_01/0000021_2023_1_df_row.nc
2023_01/0000023_2023_1_df_row.nc
2023_01/0000025_2023_1_df_row.nc
2023_01/0000028_2023_1_df_row.nc
2023_01/0000030_2023_1_df_row.nc
2023_01/0000039_2023_1_df_row.nc
2023_01/0000041_2023_1_df_row.nc
2023_01/0000042_2023_1_df_row.nc
2023_01/0000048_2023_1_df_row.nc
2023_01/0000050_2023_1_df_row.nc
2023_01/0000051_2023_1_df_row.nc
2023_01/0000052_2023_1_df_row.nc
2023_01/0000053_2023_1_df_row.nc
2023_01/0000057_2023_1_df_row.nc
2023_01/0000058_2023_1_df_row.nc
2023_01/0000059_2023_1_df_row.nc
2023_01/0000062_2023_1_df_row.nc
2023_01/0000063_2023_1_df_row.nc
2023_01/0000069_2023_1_df_row.nc
2023_01/0000073_2023_1_df_row.nc
2023_01/0000081_2023_1_df_row.nc
2023_01/0000082_2023_1_df_row.nc
2023_01/0000083_2023_1_df_row.nc
2023_01/0000086_2023_1_df_row.nc
2023_01/0000088_2023_1_df_row.nc
2023_01/0000092_2023_1_df_row.nc
2023_01/0000096_2023_1_df_row.nc
2023_01/0000097_2023_1_df_row.nc
2023_01/0000098_2023_1_df_row.nc
2023_01/0000099_2023_1_df_row.nc
2023_01/0000104_2023_1_df_row.nc
2023_01/0000106_2023_1_df_row.nc
2023_01/0000107_2023_1_df_row.nc
2023_01/0000108_2023_1_df_row.nc
2023_01/0000115_2023_1_df_row.nc
2023_01/0000116_2023_1_df_row.nc
2023_01/0000119_2023_1_df_row.nc
2023_01/0000120_2023_1_df_row.nc
2023_01/0000123_2023_1_df_row.nc
2023_01/0000128_2023_1_df_row.nc
2023_01/0000130_2023_1_df_row.nc
2023_01/0000133_2023_1_df_row.nc
2023_01/0000135_2023_1_df_row.nc
2023_01/0000136_2023_1_df_row.nc
2023_01/0000140_2023_1_df_row.nc
2023_01/0000143_2023_1_df_row.nc
2023_01/0000145_2023_1_df_row.nc
2023_01/0000150_2023_1_df_row.nc
2023_01/0000154_2023_1_df_row.nc
2023_01/0000155_2023_1_df_row.nc
2023_01/0000157_2023_1_df_row.nc
2023_01/0000158_2023_1_df_row.nc
2023_01/0000159_2023_1_df_row.nc
2023_01/0000161_2023_1_df_row.nc
2023_01/0000163_2023_1_df_row.nc
2023_01/0000165_2023_1_df_row.nc
2023_01/0000167_2023_1_df_row.nc
2023_01/0000169_2023_1_df_row.nc
2023_01/0000170_2023_1_df_row.nc
2023_01/0000173_2023_1_df_row.nc
2023_01/0000175_2023_1_df_row.nc
2023_01/0000176_2023_1_df_row.nc
2023_01/0000177_2023_1_df_row.nc
2023_01/0000182_2023_1_df_row.nc
2023_01/0000187_2023_1_df_row.nc
2023_01/0000189_2023_1_df_row.nc
2023_01/0000197_2023_1_df_row.nc
2023_01/0000200_2023_1_df_row.nc
2023_01/0000201_2023_1_df_row.nc
2023_01/0000203_2023_1_df_row.nc
2023_01/0000204_2023_1_df_row.nc
2023_01/0000208_2023_1_df_row.nc
2023_01/0000212_2023_1_df_row.nc
2023_01/0000214_2023_1_df_row.nc
2023_01/0000215_2023_1_df_row.nc
2023_01/0000216_2023_1_df_row.nc
2023_01/0000222_2023_1_df_row.nc
2023_01/0000225_2023_1_df_row.nc
2023_01/0000232_2023_1_df_row.nc
2023_01/0000234_2023_1_df_row.nc
2023_01/0000238_2023_1_df_row.nc
2023_01/0000242_2023_1_df_row.nc
2023_01/0000243_2023_1_df_row.nc
2023_01/0000249_2023_1_df_row.nc
2023_01/0000254_2023_1_df_row.nc
2023_01/0000255_2023_1_df_row.nc
2023_01/0000260_2023_1_df_row.nc
2023_01/0000261_2023_1_df_row.nc
2023_01/0000263_2023_1_df_row.nc
2023_01/0000264_2023_1_df_row.nc
2023_01/0000267_2023_1_df_row.nc
2023_01/0000268_2023_1_df_row.nc
2023_01/0000271_2023_1_df_row.nc
2023_01/0000274_2023_1_df_row.nc
2023_01/0000275_2023_1_df_row.nc
2023_01/0000281_2023_1_df_row.nc
2023_01/0000297_2023_1_df_row.nc
2023_01/0000306_2023_1_df_row.nc
2023_01/0000307_2023_1_df_row.nc
2023_01/0000308_2023_1_df_row.nc
2023_01/0000314_2023_1_df_row.nc
2023_01/0000318_2023_1_df_row.nc
2023_01/0000324_2023_1_df_row.nc
2023_01/0000329_2023_1_df_row.nc
2023_01/0000330_2023_1_df_row.nc
2023_01/0000331_2023_1_df_row.nc
2023_01/0000333_2023_1_df_row.nc
2023_01/0000337_2023_1_df_row.nc
2023_01/0000338_2023_1_df_row.nc
2023_01/0000339_2023_1_df_row.nc
2023_01/0000343_2023_1_df_row.nc
2023_01/0000344_2023_1_df_row.nc
2023_01/0000357_2023_1_df_row.nc
2023_01/0000359_2023_1_df_row.nc
2023_01/0000361_2023_1_df_row.nc
2023_01/0000363_2023_1_df_row.nc
2023_01/0000364_2023_1_df_row.nc
2023_01/0000365_2023_1_df_row.nc
2023_01/0000370_2023_1_df_row.nc
2023_01/0000371_2023_1_df_row.nc
2023_01/0000377_2023_1_df_row.nc
2023_01/0000383_2023_1_df_row.nc
2023_01/0000386_2023_1_df_row.nc
2023_01/0000393_2023_1_df_row.nc
2023_01/0000396_2023_1_df_row.nc
2023_01/0000399_2023_1_df_row.nc
2023_01/0000402_2023_1_df_row.nc
2023_01/0000403_2023_1_df_row.nc
2023_01/0000404_2023_1_df_row.nc
2023_01/0000407_2023_1_df_row.nc
2023_01/0000414_2023_1_df_row.nc
2023_01/0000415_2023_1_df_row.nc
2023_01/0000416_2023_1_df_row.nc
2023_01/0000418_2023_1_df_row.nc
2023_01/0000419_2023_1_df_row.nc
2023_01/0000422_2023_1_df_row.nc
2023_01/0000424_2023_1_df_row.nc
2023_01/0000427_2023_1_df_row.nc
2023_01/0000433_2023_1_df_row.nc
2023_01/0000438_2023_1_df_row.nc
2023_01/0000441_2023_1_df_row.nc
2023_01/0000442_2023_1_df_row.nc
2023_01/0000451_2023_1_df_row.nc
2023_01/0000453_2023_1_df_row.nc
2023_01/0000456_2023_1_df_row.nc
2023_01/0000457_2023_1_df_row.nc
2023_01/0000461_2023_1_df_row.nc
2023_01/0000465_2023_1_df_row.nc
2023_01/0000467_2023_1_df_row.nc
2023_01/0000469_2023_1_df_row.nc
2023_01/0000479_2023_1_df_row.nc
2023_01/0000480_2023_1_df_row.nc
2023_01/0000483_2023_1_df_row.nc
2023_01/0000484_2023_1_df_row.nc
2023_01/0000486_2023_1_df_row.nc
2023_01/0000488_2023_1_df_row.nc
2023_01/0000489_2023_1_df_row.nc
2023_01/0000493_2023_1_df_row.nc
2023_01/0000500_2023_1_df_row.nc
2023_01/0000501_2023_1_df_row.nc
2023_01/0000503_2023_1_df_row.nc
2023_01/0000505_2023_1_df_row.nc
2023_01/0000509_2023_1_df_row.nc
2023_01/0000516_2023_1_df_row.nc
2023_01/0000517_2023_1_df_row.nc
2023_01/0000520_2023_1_df_row.nc
2023_01/0000524_2023_1_df_row.nc
2023_01/0000527_2023_1_df_row.nc
2023_01/0000533_2023_1_df_row.nc
2023_01/0000537_2023_1_df_row.nc
2023_01/0000543_2023_1_df_row.nc
2023_01/0000545_2023_1_df_row.nc
2023_01/0000549_2023_1_df_row.nc
2023_01/0000550_2023_1_df_row.nc
2023_01/0000556_2023_1_df_row.nc
2023_01/0000562_2023_1_df_row.nc
2023_01/0000563_2023_1_df_row.nc
2023_01/0000565_2023_1_df_row.nc
2023_01/0000566_2023_1_df_row.nc
2023_01/0000567_2023_1_df_row.nc
2023_01/0000569_2023_1_df_row.nc
2023_01/0000572_2023_1_df_row.nc
2023_01/0000573_2023_1_df_row.nc
2023_01/0000574_2023_1_df_row.nc
2023_01/0000577_2023_1_df_row.nc
2023_01/0000582_2023_1_df_row.nc
2023_01/0000584_2023_1_df_row.nc
2023_01/0000591_2023_1_df_row.nc
2023_01/0000593_2023_1_df_row.nc
2023_01/0000594_2023_1_df_row.nc
2023_01/0000595_2023_1_df_row.nc
2023_01/0000596_2023_1_df_row.nc
2023_01/0000597_2023_1_df_row.nc
2023_01/0000599_2023_1_df_row.nc
2023_01/0000600_2023_1_df_row.nc
2023_01/0000615_2023_1_df_row.nc
2023_01/0000617_2023_1_df_row.nc
2023_01/0000620_2023_1_df_row.nc
2023_01/0000621_2023_1_df_row.nc
2023_01/0000622_2023_1_df_row.nc
2023_01/0000625_2023_1_df_row.nc
2023_01/0000627_2023_1_df_row.nc
2023_01/0000629_2023_1_df_row.nc
2023_01/0000632_2023_1_df_row.nc
2023_01/0000635_2023_1_df_row.nc
2023_01/0000638_2023_1_df_row.nc
2023_01/0000640_2023_1_df_row.nc
2023_01/0000642_2023_1_df_row.nc
2023_01/0000649_2023_1_df_row.nc
2023_01/0000651_2023_1_df_row.nc
2023_01/0000654_2023_1_df_row.nc
2023_01/0000655_2023_1_df_row.nc
2023_01/0000662_2023_1_df_row.nc
2023_01/0000664_2023_1_df_row.nc
2023_01/0000670_2023_1_df_row.nc
2023_01/0000677_2023_1_df_row.nc
2023_01/0000680_2023_1_df_row.nc
2023_01/0000687_2023_1_df_row.nc
2023_01/0000689_2023_1_df_row.nc
2023_01/0000690_2023_1_df_row.nc
2023_01/0000693_2023_1_df_row.nc
2023_01/0000694_2023_1_df_row.nc
2023_01/0000695_2023_1_df_row.nc
2023_01/0000696_2023_1_df_row.nc
Removing uncompressed directory /cluster/tufts/capstone25skyblue/eelkus01/NEXRADTurbulencePrediction/model_inputs/2023_01
Deactivating conda environment (if any)
Purging all modules
Done! Environment has been torn down
All done!
