Resetting environment
Deactivating conda environment (if any)
Purging all modules
Done! Environment has been torn down
Allocating resources with slurm...
Loading cuda and miniforge...
Activating conda environment...
Redirecting into the NEXRAD repo...
Done! Environment has now been set up
Processing 2014/11
Running radar_data_to_model_input on /cluster/tufts/capstone25skyblue/eelkus01/NEXRADTurbulencePrediction/radars/pirep_with_radar_data/2014/11.csv
Reading from file: /cluster/tufts/capstone25skyblue/eelkus01/NEXRADTurbulencePrediction/radars/pirep_with_radar_data/2014/11.csv and outputting to directory: /cluster/tufts/capstone25skyblue/eelkus01/NEXRADTurbulencePrediction/model_inputs/2014_11
ERROR: Failed to read radar file s3://unidata-nexrad-level2/2014/11/05/KVTX/KVTX20141105_170916_V06.gz: ValueError: No MSG31 records found, cannot read file
ERROR: Failed to read radar file s3://unidata-nexrad-level2/2014/11/23/KVAX/KVAX20141123_151130_V06.gz: OSError: unknown compression record
Completed 5% of df
ERROR: Failed to read radar file s3://unidata-nexrad-level2/2014/11/24/KNQA/KNQA20141124_222822_V06.gz: OSError: unknown compression record
ERROR: Failed to read radar file s3://unidata-nexrad-level2/2014/11/14/KFSX/KFSX20141114_160240_V06.gz: OSError: unknown compression record
Completed 10% of df
ERROR: Failed to read radar file s3://unidata-nexrad-level2/2014/11/25/KFSX/KFSX20141125_020424_V06.gz: OSError: unknown compression record
ERROR: Failed to read radar file s3://unidata-nexrad-level2/2014/11/25/KFSX/KFSX20141125_020424_V06.gz: OSError: unknown compression record
Completed 15% of df
ERROR: Failed to read radar file s3://unidata-nexrad-level2/2014/11/11/KSOX/KSOX20141111_220325_V06.gz: OSError: unknown compression record
Completed 20% of df
Completed 25% of df
Completed 30% of df
Completed 35% of df
ERROR: Failed to read radar file s3://unidata-nexrad-level2/2014/11/28/KGJX/KGJX20141128_185207_V06.gz: OSError: unknown compression record
Completed 40% of df
Completed 45% of df
Completed 50% of df
ERROR: Failed to read radar file s3://unidata-nexrad-level2/2014/11/14/PAHG/PAHG20141114_000702_V06.gz: OSError: unknown compression record
Completed 55% of df
ERROR: Failed to read radar file s3://unidata-nexrad-level2/2014/11/20/KAKQ/KAKQ20141120_201356_V06.gz: OSError: unknown compression record
Completed 60% of df
ERROR: Failed to read radar file s3://unidata-nexrad-level2/2014/11/28/KGJX/KGJX20141128_185207_V06.gz: OSError: unknown compression record
Completed 65% of df
Completed 70% of df
Completed 75% of df
Completed 80% of df
Completed 85% of df
ERROR: Failed to read radar file s3://unidata-nexrad-level2/2014/11/22/KGLD/KGLD20141122_150649_V06.gz: OSError: unknown compression record
Completed 90% of df
Completed 95% of df
Completed 100% of df
Python script exit code: 0
Compressing output directory into /cluster/tufts/capstone25skyblue/eelkus01/NEXRADTurbulencePrediction/model_inputs/compressed/2014_11.tar.xz
2014_11/
2014_11/0000000_2014_11_df_row.nc
2014_11/0000005_2014_11_df_row.nc
2014_11/0000017_2014_11_df_row.nc
2014_11/0000022_2014_11_df_row.nc
2014_11/0000029_2014_11_df_row.nc
2014_11/0000030_2014_11_df_row.nc
2014_11/0000039_2014_11_df_row.nc
2014_11/0000060_2014_11_df_row.nc
2014_11/0000065_2014_11_df_row.nc
2014_11/0000067_2014_11_df_row.nc
2014_11/0000073_2014_11_df_row.nc
2014_11/0000077_2014_11_df_row.nc
2014_11/0000086_2014_11_df_row.nc
2014_11/0000087_2014_11_df_row.nc
2014_11/0000092_2014_11_df_row.nc
2014_11/0000094_2014_11_df_row.nc
2014_11/0000098_2014_11_df_row.nc
2014_11/0000100_2014_11_df_row.nc
2014_11/0000108_2014_11_df_row.nc
2014_11/0000118_2014_11_df_row.nc
2014_11/0000119_2014_11_df_row.nc
2014_11/0000120_2014_11_df_row.nc
2014_11/0000129_2014_11_df_row.nc
2014_11/0000132_2014_11_df_row.nc
2014_11/0000135_2014_11_df_row.nc
2014_11/0000137_2014_11_df_row.nc
2014_11/0000142_2014_11_df_row.nc
2014_11/0000143_2014_11_df_row.nc
2014_11/0000144_2014_11_df_row.nc
2014_11/0000145_2014_11_df_row.nc
2014_11/0000146_2014_11_df_row.nc
2014_11/0000150_2014_11_df_row.nc
2014_11/0000151_2014_11_df_row.nc
2014_11/0000154_2014_11_df_row.nc
2014_11/0000155_2014_11_df_row.nc
2014_11/0000158_2014_11_df_row.nc
2014_11/0000161_2014_11_df_row.nc
2014_11/0000166_2014_11_df_row.nc
2014_11/0000167_2014_11_df_row.nc
2014_11/0000168_2014_11_df_row.nc
2014_11/0000181_2014_11_df_row.nc
2014_11/0000182_2014_11_df_row.nc
2014_11/0000183_2014_11_df_row.nc
2014_11/0000184_2014_11_df_row.nc
2014_11/0000185_2014_11_df_row.nc
2014_11/0000189_2014_11_df_row.nc
2014_11/0000192_2014_11_df_row.nc
2014_11/0000193_2014_11_df_row.nc
2014_11/0000202_2014_11_df_row.nc
2014_11/0000230_2014_11_df_row.nc
2014_11/0000231_2014_11_df_row.nc
2014_11/0000236_2014_11_df_row.nc
2014_11/0000237_2014_11_df_row.nc
2014_11/0000239_2014_11_df_row.nc
2014_11/0000243_2014_11_df_row.nc
2014_11/0000246_2014_11_df_row.nc
2014_11/0000253_2014_11_df_row.nc
2014_11/0000254_2014_11_df_row.nc
2014_11/0000256_2014_11_df_row.nc
2014_11/0000258_2014_11_df_row.nc
2014_11/0000268_2014_11_df_row.nc
2014_11/0000272_2014_11_df_row.nc
2014_11/0000274_2014_11_df_row.nc
2014_11/0000277_2014_11_df_row.nc
2014_11/0000278_2014_11_df_row.nc
2014_11/0000282_2014_11_df_row.nc
2014_11/0000283_2014_11_df_row.nc
2014_11/0000290_2014_11_df_row.nc
2014_11/0000299_2014_11_df_row.nc
2014_11/0000301_2014_11_df_row.nc
2014_11/0000302_2014_11_df_row.nc
2014_11/0000303_2014_11_df_row.nc
2014_11/0000307_2014_11_df_row.nc
2014_11/0000309_2014_11_df_row.nc
2014_11/0000310_2014_11_df_row.nc
2014_11/0000315_2014_11_df_row.nc
2014_11/0000317_2014_11_df_row.nc
2014_11/0000320_2014_11_df_row.nc
2014_11/0000330_2014_11_df_row.nc
2014_11/0000333_2014_11_df_row.nc
2014_11/0000336_2014_11_df_row.nc
2014_11/0000341_2014_11_df_row.nc
2014_11/0000347_2014_11_df_row.nc
2014_11/0000350_2014_11_df_row.nc
2014_11/0000351_2014_11_df_row.nc
2014_11/0000352_2014_11_df_row.nc
2014_11/0000353_2014_11_df_row.nc
2014_11/0000358_2014_11_df_row.nc
2014_11/0000368_2014_11_df_row.nc
2014_11/0000373_2014_11_df_row.nc
2014_11/0000375_2014_11_df_row.nc
2014_11/0000376_2014_11_df_row.nc
2014_11/0000379_2014_11_df_row.nc
2014_11/0000386_2014_11_df_row.nc
2014_11/0000391_2014_11_df_row.nc
2014_11/0000393_2014_11_df_row.nc
2014_11/0000401_2014_11_df_row.nc
2014_11/0000402_2014_11_df_row.nc
2014_11/0000405_2014_11_df_row.nc
2014_11/0000412_2014_11_df_row.nc
2014_11/0000414_2014_11_df_row.nc
2014_11/0000420_2014_11_df_row.nc
2014_11/0000421_2014_11_df_row.nc
2014_11/0000424_2014_11_df_row.nc
2014_11/0000428_2014_11_df_row.nc
2014_11/0000432_2014_11_df_row.nc
2014_11/0000441_2014_11_df_row.nc
2014_11/0000443_2014_11_df_row.nc
2014_11/0000445_2014_11_df_row.nc
2014_11/0000448_2014_11_df_row.nc
2014_11/0000456_2014_11_df_row.nc
2014_11/0000457_2014_11_df_row.nc
2014_11/0000458_2014_11_df_row.nc
2014_11/0000462_2014_11_df_row.nc
2014_11/0000465_2014_11_df_row.nc
2014_11/0000467_2014_11_df_row.nc
2014_11/0000470_2014_11_df_row.nc
2014_11/0000472_2014_11_df_row.nc
2014_11/0000473_2014_11_df_row.nc
2014_11/0000479_2014_11_df_row.nc
2014_11/0000484_2014_11_df_row.nc
2014_11/0000490_2014_11_df_row.nc
2014_11/0000493_2014_11_df_row.nc
2014_11/0000495_2014_11_df_row.nc
2014_11/0000496_2014_11_df_row.nc
2014_11/0000498_2014_11_df_row.nc
2014_11/0000504_2014_11_df_row.nc
2014_11/0000508_2014_11_df_row.nc
2014_11/0000509_2014_11_df_row.nc
2014_11/0000510_2014_11_df_row.nc
2014_11/0000515_2014_11_df_row.nc
2014_11/0000517_2014_11_df_row.nc
2014_11/0000520_2014_11_df_row.nc
2014_11/0000535_2014_11_df_row.nc
2014_11/0000536_2014_11_df_row.nc
2014_11/0000541_2014_11_df_row.nc
2014_11/0000552_2014_11_df_row.nc
2014_11/0000553_2014_11_df_row.nc
2014_11/0000555_2014_11_df_row.nc
2014_11/0000556_2014_11_df_row.nc
2014_11/0000557_2014_11_df_row.nc
2014_11/0000560_2014_11_df_row.nc
2014_11/0000565_2014_11_df_row.nc
2014_11/0000569_2014_11_df_row.nc
2014_11/0000571_2014_11_df_row.nc
2014_11/0000576_2014_11_df_row.nc
2014_11/0000581_2014_11_df_row.nc
2014_11/0000587_2014_11_df_row.nc
2014_11/0000590_2014_11_df_row.nc
2014_11/0000595_2014_11_df_row.nc
2014_11/0000597_2014_11_df_row.nc
2014_11/0000603_2014_11_df_row.nc
2014_11/0000610_2014_11_df_row.nc
2014_11/0000612_2014_11_df_row.nc
2014_11/0000613_2014_11_df_row.nc
2014_11/0000614_2014_11_df_row.nc
Removing uncompressed directory /cluster/tufts/capstone25skyblue/eelkus01/NEXRADTurbulencePrediction/model_inputs/2014_11
Deactivating conda environment (if any)
Purging all modules
Done! Environment has been torn down
All done!
