Resetting environment
Deactivating conda environment (if any)
Purging all modules
Done! Environment has been torn down
Allocating resources with slurm...
Loading cuda and miniforge...
Activating conda environment...
Redirecting into the NEXRAD repo...
Done! Environment has now been set up
Processing 2022/05
Running radar_data_to_model_input on /cluster/tufts/capstone25skyblue/eelkus01/NEXRADTurbulencePrediction/radars/pirep_with_radar_data/2022/05.csv
Reading from file: /cluster/tufts/capstone25skyblue/eelkus01/NEXRADTurbulencePrediction/radars/pirep_with_radar_data/2022/05.csv and outputting to directory: /cluster/tufts/capstone25skyblue/eelkus01/NEXRADTurbulencePrediction/model_inputs/2022_05
Completed 5% of df
Completed 10% of df
Completed 15% of df
Completed 20% of df
Completed 25% of df
Completed 30% of df
Completed 35% of df
Completed 40% of df
Completed 45% of df
Completed 50% of df
Completed 55% of df
Completed 60% of df
Completed 65% of df
Completed 70% of df
Completed 75% of df
Completed 80% of df
Completed 85% of df
Completed 90% of df
Completed 95% of df
Completed 100% of df
Python script exit code: 0
Compressing output directory into /cluster/tufts/capstone25skyblue/eelkus01/NEXRADTurbulencePrediction/model_inputs/compressed/2022_05.tar.xz
2022_05/
2022_05/0000005_2022_5_df_row.nc
2022_05/0000010_2022_5_df_row.nc
2022_05/0000012_2022_5_df_row.nc
2022_05/0000015_2022_5_df_row.nc
2022_05/0000016_2022_5_df_row.nc
2022_05/0000017_2022_5_df_row.nc
2022_05/0000026_2022_5_df_row.nc
2022_05/0000029_2022_5_df_row.nc
2022_05/0000031_2022_5_df_row.nc
2022_05/0000032_2022_5_df_row.nc
2022_05/0000035_2022_5_df_row.nc
2022_05/0000038_2022_5_df_row.nc
2022_05/0000039_2022_5_df_row.nc
2022_05/0000041_2022_5_df_row.nc
2022_05/0000048_2022_5_df_row.nc
2022_05/0000050_2022_5_df_row.nc
2022_05/0000053_2022_5_df_row.nc
2022_05/0000054_2022_5_df_row.nc
2022_05/0000057_2022_5_df_row.nc
2022_05/0000058_2022_5_df_row.nc
2022_05/0000060_2022_5_df_row.nc
2022_05/0000062_2022_5_df_row.nc
2022_05/0000063_2022_5_df_row.nc
2022_05/0000070_2022_5_df_row.nc
2022_05/0000072_2022_5_df_row.nc
2022_05/0000077_2022_5_df_row.nc
2022_05/0000078_2022_5_df_row.nc
2022_05/0000080_2022_5_df_row.nc
2022_05/0000081_2022_5_df_row.nc
2022_05/0000084_2022_5_df_row.nc
2022_05/0000090_2022_5_df_row.nc
2022_05/0000092_2022_5_df_row.nc
2022_05/0000095_2022_5_df_row.nc
2022_05/0000097_2022_5_df_row.nc
2022_05/0000098_2022_5_df_row.nc
2022_05/0000099_2022_5_df_row.nc
2022_05/0000100_2022_5_df_row.nc
2022_05/0000101_2022_5_df_row.nc
2022_05/0000102_2022_5_df_row.nc
2022_05/0000103_2022_5_df_row.nc
2022_05/0000105_2022_5_df_row.nc
2022_05/0000112_2022_5_df_row.nc
2022_05/0000113_2022_5_df_row.nc
2022_05/0000116_2022_5_df_row.nc
2022_05/0000118_2022_5_df_row.nc
2022_05/0000126_2022_5_df_row.nc
2022_05/0000129_2022_5_df_row.nc
2022_05/0000130_2022_5_df_row.nc
2022_05/0000131_2022_5_df_row.nc
2022_05/0000134_2022_5_df_row.nc
2022_05/0000136_2022_5_df_row.nc
2022_05/0000140_2022_5_df_row.nc
2022_05/0000146_2022_5_df_row.nc
2022_05/0000147_2022_5_df_row.nc
2022_05/0000149_2022_5_df_row.nc
2022_05/0000152_2022_5_df_row.nc
2022_05/0000153_2022_5_df_row.nc
2022_05/0000155_2022_5_df_row.nc
2022_05/0000156_2022_5_df_row.nc
2022_05/0000158_2022_5_df_row.nc
2022_05/0000164_2022_5_df_row.nc
2022_05/0000168_2022_5_df_row.nc
2022_05/0000173_2022_5_df_row.nc
2022_05/0000180_2022_5_df_row.nc
2022_05/0000185_2022_5_df_row.nc
2022_05/0000187_2022_5_df_row.nc
2022_05/0000190_2022_5_df_row.nc
2022_05/0000192_2022_5_df_row.nc
2022_05/0000195_2022_5_df_row.nc
2022_05/0000201_2022_5_df_row.nc
2022_05/0000205_2022_5_df_row.nc
2022_05/0000206_2022_5_df_row.nc
2022_05/0000208_2022_5_df_row.nc
2022_05/0000210_2022_5_df_row.nc
2022_05/0000212_2022_5_df_row.nc
2022_05/0000215_2022_5_df_row.nc
2022_05/0000220_2022_5_df_row.nc
2022_05/0000224_2022_5_df_row.nc
2022_05/0000226_2022_5_df_row.nc
2022_05/0000227_2022_5_df_row.nc
2022_05/0000234_2022_5_df_row.nc
2022_05/0000236_2022_5_df_row.nc
2022_05/0000237_2022_5_df_row.nc
2022_05/0000243_2022_5_df_row.nc
2022_05/0000245_2022_5_df_row.nc
2022_05/0000248_2022_5_df_row.nc
2022_05/0000257_2022_5_df_row.nc
2022_05/0000264_2022_5_df_row.nc
2022_05/0000267_2022_5_df_row.nc
2022_05/0000268_2022_5_df_row.nc
2022_05/0000273_2022_5_df_row.nc
2022_05/0000274_2022_5_df_row.nc
2022_05/0000275_2022_5_df_row.nc
2022_05/0000281_2022_5_df_row.nc
2022_05/0000287_2022_5_df_row.nc
2022_05/0000290_2022_5_df_row.nc
2022_05/0000305_2022_5_df_row.nc
2022_05/0000311_2022_5_df_row.nc
2022_05/0000314_2022_5_df_row.nc
2022_05/0000316_2022_5_df_row.nc
2022_05/0000318_2022_5_df_row.nc
2022_05/0000320_2022_5_df_row.nc
2022_05/0000322_2022_5_df_row.nc
2022_05/0000323_2022_5_df_row.nc
2022_05/0000326_2022_5_df_row.nc
2022_05/0000330_2022_5_df_row.nc
2022_05/0000331_2022_5_df_row.nc
2022_05/0000334_2022_5_df_row.nc
2022_05/0000335_2022_5_df_row.nc
2022_05/0000340_2022_5_df_row.nc
2022_05/0000343_2022_5_df_row.nc
2022_05/0000345_2022_5_df_row.nc
2022_05/0000346_2022_5_df_row.nc
2022_05/0000349_2022_5_df_row.nc
2022_05/0000350_2022_5_df_row.nc
2022_05/0000353_2022_5_df_row.nc
2022_05/0000360_2022_5_df_row.nc
2022_05/0000361_2022_5_df_row.nc
2022_05/0000362_2022_5_df_row.nc
2022_05/0000364_2022_5_df_row.nc
2022_05/0000365_2022_5_df_row.nc
2022_05/0000366_2022_5_df_row.nc
2022_05/0000368_2022_5_df_row.nc
2022_05/0000372_2022_5_df_row.nc
2022_05/0000376_2022_5_df_row.nc
2022_05/0000377_2022_5_df_row.nc
2022_05/0000384_2022_5_df_row.nc
2022_05/0000385_2022_5_df_row.nc
2022_05/0000386_2022_5_df_row.nc
2022_05/0000387_2022_5_df_row.nc
2022_05/0000392_2022_5_df_row.nc
2022_05/0000402_2022_5_df_row.nc
2022_05/0000404_2022_5_df_row.nc
2022_05/0000406_2022_5_df_row.nc
2022_05/0000409_2022_5_df_row.nc
2022_05/0000415_2022_5_df_row.nc
2022_05/0000417_2022_5_df_row.nc
2022_05/0000420_2022_5_df_row.nc
2022_05/0000422_2022_5_df_row.nc
2022_05/0000428_2022_5_df_row.nc
2022_05/0000431_2022_5_df_row.nc
2022_05/0000432_2022_5_df_row.nc
2022_05/0000438_2022_5_df_row.nc
2022_05/0000439_2022_5_df_row.nc
2022_05/0000445_2022_5_df_row.nc
2022_05/0000450_2022_5_df_row.nc
2022_05/0000455_2022_5_df_row.nc
2022_05/0000459_2022_5_df_row.nc
2022_05/0000461_2022_5_df_row.nc
2022_05/0000462_2022_5_df_row.nc
2022_05/0000463_2022_5_df_row.nc
2022_05/0000469_2022_5_df_row.nc
2022_05/0000474_2022_5_df_row.nc
2022_05/0000487_2022_5_df_row.nc
2022_05/0000489_2022_5_df_row.nc
2022_05/0000494_2022_5_df_row.nc
2022_05/0000498_2022_5_df_row.nc
2022_05/0000499_2022_5_df_row.nc
2022_05/0000502_2022_5_df_row.nc
2022_05/0000504_2022_5_df_row.nc
2022_05/0000506_2022_5_df_row.nc
2022_05/0000509_2022_5_df_row.nc
2022_05/0000513_2022_5_df_row.nc
2022_05/0000518_2022_5_df_row.nc
2022_05/0000520_2022_5_df_row.nc
2022_05/0000521_2022_5_df_row.nc
2022_05/0000525_2022_5_df_row.nc
2022_05/0000526_2022_5_df_row.nc
2022_05/0000528_2022_5_df_row.nc
2022_05/0000530_2022_5_df_row.nc
2022_05/0000534_2022_5_df_row.nc
2022_05/0000535_2022_5_df_row.nc
2022_05/0000539_2022_5_df_row.nc
2022_05/0000540_2022_5_df_row.nc
2022_05/0000543_2022_5_df_row.nc
2022_05/0000544_2022_5_df_row.nc
2022_05/0000546_2022_5_df_row.nc
2022_05/0000549_2022_5_df_row.nc
2022_05/0000553_2022_5_df_row.nc
2022_05/0000554_2022_5_df_row.nc
2022_05/0000555_2022_5_df_row.nc
2022_05/0000557_2022_5_df_row.nc
2022_05/0000561_2022_5_df_row.nc
2022_05/0000566_2022_5_df_row.nc
2022_05/0000567_2022_5_df_row.nc
2022_05/0000568_2022_5_df_row.nc
2022_05/0000571_2022_5_df_row.nc
2022_05/0000576_2022_5_df_row.nc
2022_05/0000579_2022_5_df_row.nc
2022_05/0000581_2022_5_df_row.nc
2022_05/0000584_2022_5_df_row.nc
2022_05/0000587_2022_5_df_row.nc
2022_05/0000588_2022_5_df_row.nc
2022_05/0000589_2022_5_df_row.nc
2022_05/0000592_2022_5_df_row.nc
2022_05/0000594_2022_5_df_row.nc
2022_05/0000602_2022_5_df_row.nc
2022_05/0000603_2022_5_df_row.nc
2022_05/0000610_2022_5_df_row.nc
2022_05/0000611_2022_5_df_row.nc
2022_05/0000614_2022_5_df_row.nc
2022_05/0000617_2022_5_df_row.nc
2022_05/0000621_2022_5_df_row.nc
2022_05/0000622_2022_5_df_row.nc
2022_05/0000626_2022_5_df_row.nc
2022_05/0000630_2022_5_df_row.nc
2022_05/0000634_2022_5_df_row.nc
2022_05/0000635_2022_5_df_row.nc
2022_05/0000636_2022_5_df_row.nc
2022_05/0000638_2022_5_df_row.nc
2022_05/0000641_2022_5_df_row.nc
Removing uncompressed directory /cluster/tufts/capstone25skyblue/eelkus01/NEXRADTurbulencePrediction/model_inputs/2022_05
Deactivating conda environment (if any)
Purging all modules
Done! Environment has been torn down
All done!
