Resetting environment
Deactivating conda environment (if any)
Purging all modules
Done! Environment has been torn down
Allocating resources with slurm...
Loading cuda and miniforge...
Activating conda environment...
Redirecting into the NEXRAD repo...
Done! Environment has now been set up
Processing 2008/07
Running radar_data_to_model_input on /cluster/tufts/capstone25skyblue/eelkus01/NEXRADTurbulencePrediction/radars/pirep_with_radar_data/2008/07.csv
Reading from file: /cluster/tufts/capstone25skyblue/eelkus01/NEXRADTurbulencePrediction/radars/pirep_with_radar_data/2008/07.csv and outputting to directory: /cluster/tufts/capstone25skyblue/eelkus01/NEXRADTurbulencePrediction/model_inputs/2008_07
Completed 5% of df
Completed 10% of df
Completed 15% of df
ERROR: Failed to read radar file s3://unidata-nexrad-level2/2008/07/31/KLTX/KLTX20080731_224141_V03.gz: OSError: unknown compression record
Completed 20% of df
Completed 25% of df
Completed 30% of df
Completed 35% of df
Completed 40% of df
Completed 45% of df
Completed 50% of df
Completed 55% of df
Completed 60% of df
Completed 65% of df
Completed 70% of df
ERROR: Failed to read radar file s3://unidata-nexrad-level2/2008/07/27/KDOX/KDOX20080727_185224_V03.gz: IndexError: Out of bounds on buffer access (axis 0)
Completed 75% of df
Completed 80% of df
Completed 85% of df
Completed 90% of df
Completed 95% of df
Completed 100% of df
ERROR: Failed to read radar file s3://unidata-nexrad-level2/2008/07/27/KDOX/KDOX20080727_193509_V03.gz: OSError: unknown compression record
Python script exit code: 0
Compressing output directory into /cluster/tufts/capstone25skyblue/eelkus01/NEXRADTurbulencePrediction/model_inputs/compressed/2008_07.tar.xz
2008_07/
2008_07/0000002_2008_7_df_row.nc
2008_07/0000004_2008_7_df_row.nc
2008_07/0000005_2008_7_df_row.nc
2008_07/0000006_2008_7_df_row.nc
2008_07/0000009_2008_7_df_row.nc
2008_07/0000010_2008_7_df_row.nc
2008_07/0000018_2008_7_df_row.nc
2008_07/0000022_2008_7_df_row.nc
2008_07/0000027_2008_7_df_row.nc
2008_07/0000029_2008_7_df_row.nc
2008_07/0000031_2008_7_df_row.nc
2008_07/0000036_2008_7_df_row.nc
2008_07/0000037_2008_7_df_row.nc
2008_07/0000044_2008_7_df_row.nc
2008_07/0000047_2008_7_df_row.nc
2008_07/0000052_2008_7_df_row.nc
2008_07/0000053_2008_7_df_row.nc
2008_07/0000054_2008_7_df_row.nc
2008_07/0000055_2008_7_df_row.nc
2008_07/0000056_2008_7_df_row.nc
2008_07/0000058_2008_7_df_row.nc
2008_07/0000059_2008_7_df_row.nc
2008_07/0000065_2008_7_df_row.nc
2008_07/0000067_2008_7_df_row.nc
2008_07/0000069_2008_7_df_row.nc
2008_07/0000070_2008_7_df_row.nc
2008_07/0000072_2008_7_df_row.nc
2008_07/0000076_2008_7_df_row.nc
2008_07/0000080_2008_7_df_row.nc
2008_07/0000081_2008_7_df_row.nc
2008_07/0000082_2008_7_df_row.nc
2008_07/0000090_2008_7_df_row.nc
2008_07/0000091_2008_7_df_row.nc
2008_07/0000092_2008_7_df_row.nc
2008_07/0000094_2008_7_df_row.nc
2008_07/0000103_2008_7_df_row.nc
2008_07/0000104_2008_7_df_row.nc
2008_07/0000108_2008_7_df_row.nc
2008_07/0000109_2008_7_df_row.nc
2008_07/0000116_2008_7_df_row.nc
2008_07/0000117_2008_7_df_row.nc
2008_07/0000118_2008_7_df_row.nc
2008_07/0000120_2008_7_df_row.nc
2008_07/0000124_2008_7_df_row.nc
2008_07/0000125_2008_7_df_row.nc
2008_07/0000127_2008_7_df_row.nc
2008_07/0000129_2008_7_df_row.nc
2008_07/0000131_2008_7_df_row.nc
2008_07/0000132_2008_7_df_row.nc
2008_07/0000134_2008_7_df_row.nc
2008_07/0000139_2008_7_df_row.nc
2008_07/0000140_2008_7_df_row.nc
2008_07/0000142_2008_7_df_row.nc
2008_07/0000144_2008_7_df_row.nc
2008_07/0000149_2008_7_df_row.nc
2008_07/0000152_2008_7_df_row.nc
2008_07/0000153_2008_7_df_row.nc
2008_07/0000156_2008_7_df_row.nc
2008_07/0000162_2008_7_df_row.nc
2008_07/0000164_2008_7_df_row.nc
2008_07/0000165_2008_7_df_row.nc
2008_07/0000173_2008_7_df_row.nc
2008_07/0000175_2008_7_df_row.nc
2008_07/0000177_2008_7_df_row.nc
2008_07/0000182_2008_7_df_row.nc
2008_07/0000184_2008_7_df_row.nc
2008_07/0000185_2008_7_df_row.nc
2008_07/0000187_2008_7_df_row.nc
Removing uncompressed directory /cluster/tufts/capstone25skyblue/eelkus01/NEXRADTurbulencePrediction/model_inputs/2008_07
Deactivating conda environment (if any)
Purging all modules
Done! Environment has been torn down
All done!
