Resetting environment
Deactivating conda environment (if any)
Purging all modules
Done! Environment has been torn down
Allocating resources with slurm...
Loading cuda and miniforge...
Activating conda environment...
Redirecting into the NEXRAD repo...
Done! Environment has now been set up
Processing 2021/09
Running radar_data_to_model_input on /cluster/tufts/capstone25skyblue/eelkus01/NEXRADTurbulencePrediction/radars/pirep_with_radar_data/2021/09.csv
Reading from file: /cluster/tufts/capstone25skyblue/eelkus01/NEXRADTurbulencePrediction/radars/pirep_with_radar_data/2021/09.csv and outputting to directory: /cluster/tufts/capstone25skyblue/eelkus01/NEXRADTurbulencePrediction/model_inputs/2021_09
ERROR: Timed out reading s3://unidata-nexrad-level2/2021/09/09/KCCX/KCCX20210909_221003_V06
ERROR: Timed out reading s3://unidata-nexrad-level2/2021/09/09/KLWX/KLWX20210909_221026_V06
ERROR: Timed out reading s3://unidata-nexrad-level2/2021/09/09/KBGM/KBGM20210909_221223_V06
ERROR: Timed out reading s3://unidata-nexrad-level2/2021/09/12/KDMX/KDMX20210912_154457_V06
ERROR: Timed out reading s3://unidata-nexrad-level2/2021/09/20/KCLX/KCLX20210920_172113_V06
ERROR: Timed out reading s3://unidata-nexrad-level2/2021/09/05/KMRX/KMRX20210905_135805_V06
Completed 5% of df
Completed 10% of df
Completed 15% of df
Completed 20% of df
Completed 25% of df
Completed 30% of df
Completed 35% of df
Completed 40% of df
Completed 45% of df
Completed 50% of df
Completed 55% of df
Completed 60% of df
Completed 65% of df
Completed 70% of df
Completed 75% of df
Completed 80% of df
Completed 85% of df
Completed 90% of df
Completed 95% of df
Completed 100% of df
Python script exit code: 0
Compressing output directory into /cluster/tufts/capstone25skyblue/eelkus01/NEXRADTurbulencePrediction/model_inputs/compressed/2021_09.tar.xz
2021_09/
2021_09/0000003_2021_9_df_row.nc
2021_09/0000006_2021_9_df_row.nc
2021_09/0000009_2021_9_df_row.nc
2021_09/0000010_2021_9_df_row.nc
2021_09/0000011_2021_9_df_row.nc
2021_09/0000012_2021_9_df_row.nc
2021_09/0000014_2021_9_df_row.nc
2021_09/0000016_2021_9_df_row.nc
2021_09/0000018_2021_9_df_row.nc
2021_09/0000028_2021_9_df_row.nc
2021_09/0000032_2021_9_df_row.nc
2021_09/0000038_2021_9_df_row.nc
2021_09/0000041_2021_9_df_row.nc
2021_09/0000043_2021_9_df_row.nc
2021_09/0000047_2021_9_df_row.nc
2021_09/0000050_2021_9_df_row.nc
2021_09/0000056_2021_9_df_row.nc
2021_09/0000057_2021_9_df_row.nc
2021_09/0000058_2021_9_df_row.nc
2021_09/0000061_2021_9_df_row.nc
2021_09/0000062_2021_9_df_row.nc
2021_09/0000063_2021_9_df_row.nc
2021_09/0000065_2021_9_df_row.nc
2021_09/0000066_2021_9_df_row.nc
2021_09/0000068_2021_9_df_row.nc
2021_09/0000076_2021_9_df_row.nc
2021_09/0000082_2021_9_df_row.nc
2021_09/0000085_2021_9_df_row.nc
2021_09/0000086_2021_9_df_row.nc
2021_09/0000087_2021_9_df_row.nc
2021_09/0000088_2021_9_df_row.nc
2021_09/0000091_2021_9_df_row.nc
2021_09/0000092_2021_9_df_row.nc
2021_09/0000093_2021_9_df_row.nc
2021_09/0000096_2021_9_df_row.nc
2021_09/0000099_2021_9_df_row.nc
2021_09/0000100_2021_9_df_row.nc
2021_09/0000101_2021_9_df_row.nc
2021_09/0000105_2021_9_df_row.nc
2021_09/0000110_2021_9_df_row.nc
2021_09/0000112_2021_9_df_row.nc
2021_09/0000113_2021_9_df_row.nc
2021_09/0000115_2021_9_df_row.nc
2021_09/0000122_2021_9_df_row.nc
2021_09/0000126_2021_9_df_row.nc
2021_09/0000128_2021_9_df_row.nc
2021_09/0000133_2021_9_df_row.nc
2021_09/0000134_2021_9_df_row.nc
2021_09/0000136_2021_9_df_row.nc
2021_09/0000137_2021_9_df_row.nc
2021_09/0000139_2021_9_df_row.nc
2021_09/0000142_2021_9_df_row.nc
2021_09/0000145_2021_9_df_row.nc
2021_09/0000153_2021_9_df_row.nc
2021_09/0000156_2021_9_df_row.nc
2021_09/0000158_2021_9_df_row.nc
2021_09/0000160_2021_9_df_row.nc
2021_09/0000161_2021_9_df_row.nc
2021_09/0000163_2021_9_df_row.nc
2021_09/0000164_2021_9_df_row.nc
2021_09/0000167_2021_9_df_row.nc
2021_09/0000169_2021_9_df_row.nc
2021_09/0000171_2021_9_df_row.nc
2021_09/0000174_2021_9_df_row.nc
2021_09/0000175_2021_9_df_row.nc
2021_09/0000177_2021_9_df_row.nc
2021_09/0000178_2021_9_df_row.nc
2021_09/0000183_2021_9_df_row.nc
2021_09/0000187_2021_9_df_row.nc
2021_09/0000194_2021_9_df_row.nc
2021_09/0000195_2021_9_df_row.nc
2021_09/0000196_2021_9_df_row.nc
2021_09/0000197_2021_9_df_row.nc
2021_09/0000199_2021_9_df_row.nc
2021_09/0000200_2021_9_df_row.nc
2021_09/0000202_2021_9_df_row.nc
2021_09/0000207_2021_9_df_row.nc
2021_09/0000210_2021_9_df_row.nc
2021_09/0000216_2021_9_df_row.nc
2021_09/0000220_2021_9_df_row.nc
2021_09/0000223_2021_9_df_row.nc
2021_09/0000226_2021_9_df_row.nc
2021_09/0000232_2021_9_df_row.nc
2021_09/0000234_2021_9_df_row.nc
2021_09/0000237_2021_9_df_row.nc
2021_09/0000246_2021_9_df_row.nc
2021_09/0000248_2021_9_df_row.nc
2021_09/0000249_2021_9_df_row.nc
2021_09/0000250_2021_9_df_row.nc
2021_09/0000251_2021_9_df_row.nc
2021_09/0000254_2021_9_df_row.nc
2021_09/0000256_2021_9_df_row.nc
2021_09/0000258_2021_9_df_row.nc
2021_09/0000259_2021_9_df_row.nc
2021_09/0000262_2021_9_df_row.nc
2021_09/0000263_2021_9_df_row.nc
2021_09/0000267_2021_9_df_row.nc
2021_09/0000277_2021_9_df_row.nc
2021_09/0000280_2021_9_df_row.nc
2021_09/0000281_2021_9_df_row.nc
2021_09/0000283_2021_9_df_row.nc
2021_09/0000293_2021_9_df_row.nc
2021_09/0000294_2021_9_df_row.nc
2021_09/0000296_2021_9_df_row.nc
2021_09/0000299_2021_9_df_row.nc
2021_09/0000308_2021_9_df_row.nc
2021_09/0000309_2021_9_df_row.nc
2021_09/0000314_2021_9_df_row.nc
2021_09/0000330_2021_9_df_row.nc
2021_09/0000331_2021_9_df_row.nc
2021_09/0000332_2021_9_df_row.nc
Removing uncompressed directory /cluster/tufts/capstone25skyblue/eelkus01/NEXRADTurbulencePrediction/model_inputs/2021_09
Deactivating conda environment (if any)
Purging all modules
Done! Environment has been torn down
All done!
