Resetting environment
Deactivating conda environment (if any)
Purging all modules
Done! Environment has been torn down
Allocating resources with slurm...
Loading cuda and miniforge...
Activating conda environment...
Redirecting into the NEXRAD repo...
Done! Environment has now been set up
Processing 2010/10
Running radar_data_to_model_input on /cluster/tufts/capstone25skyblue/eelkus01/NEXRADTurbulencePrediction/radars/pirep_with_radar_data/2010/10.csv
Reading from file: /cluster/tufts/capstone25skyblue/eelkus01/NEXRADTurbulencePrediction/radars/pirep_with_radar_data/2010/10.csv and outputting to directory: /cluster/tufts/capstone25skyblue/eelkus01/NEXRADTurbulencePrediction/model_inputs/2010_10
Completed 5% of df
Completed 10% of df
ERROR: Failed to read radar file s3://unidata-nexrad-level2/2010/10/22/KFDX/KFDX20101022_025348_V04.gz: IndexError: list index out of range
ERROR: Failed to read radar file s3://unidata-nexrad-level2/2010/10/22/KHDX/KHDX20101022_025538_V04.gz: IndexError: list index out of range
Completed 15% of df
Completed 20% of df
ERROR: Failed to read radar file s3://unidata-nexrad-level2/2010/10/01/KDOX/KDOX20101001_113119_V04.gz: IndexError: list index out of range
Completed 25% of df
ERROR: Failed to read radar file s3://unidata-nexrad-level2/2010/10/03/KDOX/KDOX20101003_190430_V04.gz: IndexError: list index out of range
ERROR: Failed to read radar file s3://unidata-nexrad-level2/2010/10/26/PHMO/PHMO20101026_164612_V04.gz: IndexError: list index out of range
Completed 30% of df
Completed 35% of df
ERROR: Failed to read radar file s3://unidata-nexrad-level2/2010/10/05/KDOX/KDOX20101005_003725_V04.gz: IndexError: list index out of range
Completed 40% of df
ERROR: Failed to read radar file s3://unidata-nexrad-level2/2010/10/03/KDOX/KDOX20101003_190430_V04.gz: IndexError: list index out of range
Completed 45% of df
Completed 50% of df
Completed 55% of df
ERROR: Failed to read radar file s3://unidata-nexrad-level2/2010/10/07/KEVX/KEVX20101007_230722_V04.gz: IndexError: list index out of range
Completed 60% of df
ERROR: Failed to read radar file s3://unidata-nexrad-level2/2010/10/01/KDOX/KDOX20101001_130304_V04.gz: IndexError: list index out of range
Completed 65% of df
Completed 70% of df
ERROR: Failed to read radar file s3://unidata-nexrad-level2/2010/10/04/KDOX/KDOX20101004_002640_V04.gz: IndexError: list index out of range
Completed 75% of df
ERROR: Failed to read radar file s3://unidata-nexrad-level2/2010/10/01/KDOX/KDOX20101001_125353_V04.gz: IndexError: list index out of range
ERROR: Failed to read radar file s3://unidata-nexrad-level2/2010/10/19/KDAX/KDAX20101019_223846_V03.gz: OSError: unknown compression record
Completed 80% of df
Completed 85% of df
Completed 90% of df
Completed 95% of df
Completed 100% of df
ERROR: Failed to read radar file s3://unidata-nexrad-level2/2010/10/01/KDOX/KDOX20101001_095503_V04.gz: IndexError: list index out of range
Completed 105% of df
Completed 110% of df
ERROR: Failed to read radar file s3://unidata-nexrad-level2/2010/10/03/KDOX/KDOX20101003_134113_V04.gz: IndexError: list index out of range
Python script exit code: 0
Compressing output directory into /cluster/tufts/capstone25skyblue/eelkus01/NEXRADTurbulencePrediction/model_inputs/compressed/2010_10.tar.xz
2010_10/
2010_10/0000003_2010_10_df_row.nc
2010_10/0000006_2010_10_df_row.nc
2010_10/0000008_2010_10_df_row.nc
2010_10/0000013_2010_10_df_row.nc
2010_10/0000016_2010_10_df_row.nc
2010_10/0000017_2010_10_df_row.nc
2010_10/0000019_2010_10_df_row.nc
2010_10/0000026_2010_10_df_row.nc
2010_10/0000030_2010_10_df_row.nc
2010_10/0000038_2010_10_df_row.nc
2010_10/0000040_2010_10_df_row.nc
2010_10/0000042_2010_10_df_row.nc
2010_10/0000045_2010_10_df_row.nc
2010_10/0000046_2010_10_df_row.nc
2010_10/0000048_2010_10_df_row.nc
2010_10/0000050_2010_10_df_row.nc
2010_10/0000053_2010_10_df_row.nc
2010_10/0000060_2010_10_df_row.nc
2010_10/0000061_2010_10_df_row.nc
2010_10/0000063_2010_10_df_row.nc
2010_10/0000067_2010_10_df_row.nc
2010_10/0000071_2010_10_df_row.nc
2010_10/0000072_2010_10_df_row.nc
2010_10/0000073_2010_10_df_row.nc
2010_10/0000074_2010_10_df_row.nc
2010_10/0000076_2010_10_df_row.nc
2010_10/0000079_2010_10_df_row.nc
2010_10/0000082_2010_10_df_row.nc
2010_10/0000085_2010_10_df_row.nc
2010_10/0000086_2010_10_df_row.nc
2010_10/0000087_2010_10_df_row.nc
2010_10/0000091_2010_10_df_row.nc
2010_10/0000094_2010_10_df_row.nc
2010_10/0000095_2010_10_df_row.nc
2010_10/0000096_2010_10_df_row.nc
2010_10/0000098_2010_10_df_row.nc
2010_10/0000101_2010_10_df_row.nc
2010_10/0000103_2010_10_df_row.nc
2010_10/0000105_2010_10_df_row.nc
2010_10/0000107_2010_10_df_row.nc
2010_10/0000110_2010_10_df_row.nc
2010_10/0000112_2010_10_df_row.nc
2010_10/0000113_2010_10_df_row.nc
2010_10/0000116_2010_10_df_row.nc
2010_10/0000117_2010_10_df_row.nc
2010_10/0000119_2010_10_df_row.nc
2010_10/0000121_2010_10_df_row.nc
2010_10/0000122_2010_10_df_row.nc
2010_10/0000123_2010_10_df_row.nc
2010_10/0000124_2010_10_df_row.nc
2010_10/0000127_2010_10_df_row.nc
2010_10/0000131_2010_10_df_row.nc
2010_10/0000132_2010_10_df_row.nc
Removing uncompressed directory /cluster/tufts/capstone25skyblue/eelkus01/NEXRADTurbulencePrediction/model_inputs/2010_10
Deactivating conda environment (if any)
Purging all modules
Done! Environment has been torn down
All done!
