Resetting environment
Deactivating conda environment (if any)
Purging all modules
Done! Environment has been torn down
Allocating resources with slurm...
Loading cuda and miniforge...
Activating conda environment...
Redirecting into the NEXRAD repo...
Done! Environment has now been set up
Processing 2023/07
Running radar_data_to_model_input on /cluster/tufts/capstone25skyblue/eelkus01/NEXRADTurbulencePrediction/radars/pirep_with_radar_data/2023/07.csv
Reading from file: /cluster/tufts/capstone25skyblue/eelkus01/NEXRADTurbulencePrediction/radars/pirep_with_radar_data/2023/07.csv and outputting to directory: /cluster/tufts/capstone25skyblue/eelkus01/NEXRADTurbulencePrediction/model_inputs/2023_07
Completed 5% of df
Completed 10% of df
Completed 15% of df
Completed 20% of df
Completed 25% of df
Completed 30% of df
Completed 35% of df
Completed 40% of df
Completed 45% of df
Completed 50% of df
Completed 55% of df
Completed 60% of df
Completed 65% of df
Completed 70% of df
Completed 75% of df
Completed 80% of df
Completed 85% of df
Completed 90% of df
ERROR: Timed out reading s3://unidata-nexrad-level2/2023/07/19/KOHX/KOHX20230719_105250_V06
Completed 95% of df
ERROR: Timed out reading s3://unidata-nexrad-level2/2023/07/23/KVAX/KVAX20230723_200317_V06
Completed 100% of df
Python script exit code: 0
Compressing output directory into /cluster/tufts/capstone25skyblue/eelkus01/NEXRADTurbulencePrediction/model_inputs/compressed/2023_07.tar.xz
2023_07/
2023_07/0000002_2023_7_df_row.nc
2023_07/0000006_2023_7_df_row.nc
2023_07/0000010_2023_7_df_row.nc
2023_07/0000012_2023_7_df_row.nc
2023_07/0000014_2023_7_df_row.nc
2023_07/0000018_2023_7_df_row.nc
2023_07/0000020_2023_7_df_row.nc
2023_07/0000021_2023_7_df_row.nc
2023_07/0000022_2023_7_df_row.nc
2023_07/0000024_2023_7_df_row.nc
2023_07/0000028_2023_7_df_row.nc
2023_07/0000030_2023_7_df_row.nc
2023_07/0000031_2023_7_df_row.nc
2023_07/0000035_2023_7_df_row.nc
2023_07/0000036_2023_7_df_row.nc
2023_07/0000037_2023_7_df_row.nc
2023_07/0000041_2023_7_df_row.nc
2023_07/0000043_2023_7_df_row.nc
2023_07/0000044_2023_7_df_row.nc
2023_07/0000045_2023_7_df_row.nc
2023_07/0000049_2023_7_df_row.nc
2023_07/0000057_2023_7_df_row.nc
2023_07/0000059_2023_7_df_row.nc
2023_07/0000063_2023_7_df_row.nc
2023_07/0000065_2023_7_df_row.nc
2023_07/0000067_2023_7_df_row.nc
2023_07/0000069_2023_7_df_row.nc
2023_07/0000070_2023_7_df_row.nc
2023_07/0000074_2023_7_df_row.nc
2023_07/0000075_2023_7_df_row.nc
2023_07/0000076_2023_7_df_row.nc
2023_07/0000077_2023_7_df_row.nc
2023_07/0000079_2023_7_df_row.nc
2023_07/0000080_2023_7_df_row.nc
2023_07/0000082_2023_7_df_row.nc
2023_07/0000084_2023_7_df_row.nc
2023_07/0000089_2023_7_df_row.nc
2023_07/0000095_2023_7_df_row.nc
2023_07/0000096_2023_7_df_row.nc
2023_07/0000098_2023_7_df_row.nc
2023_07/0000099_2023_7_df_row.nc
2023_07/0000102_2023_7_df_row.nc
2023_07/0000104_2023_7_df_row.nc
2023_07/0000105_2023_7_df_row.nc
2023_07/0000106_2023_7_df_row.nc
2023_07/0000108_2023_7_df_row.nc
2023_07/0000110_2023_7_df_row.nc
2023_07/0000114_2023_7_df_row.nc
2023_07/0000115_2023_7_df_row.nc
2023_07/0000119_2023_7_df_row.nc
2023_07/0000121_2023_7_df_row.nc
2023_07/0000123_2023_7_df_row.nc
2023_07/0000125_2023_7_df_row.nc
2023_07/0000126_2023_7_df_row.nc
2023_07/0000128_2023_7_df_row.nc
2023_07/0000129_2023_7_df_row.nc
2023_07/0000130_2023_7_df_row.nc
2023_07/0000132_2023_7_df_row.nc
2023_07/0000133_2023_7_df_row.nc
2023_07/0000134_2023_7_df_row.nc
2023_07/0000135_2023_7_df_row.nc
2023_07/0000138_2023_7_df_row.nc
2023_07/0000139_2023_7_df_row.nc
2023_07/0000140_2023_7_df_row.nc
2023_07/0000141_2023_7_df_row.nc
2023_07/0000146_2023_7_df_row.nc
2023_07/0000149_2023_7_df_row.nc
2023_07/0000150_2023_7_df_row.nc
2023_07/0000152_2023_7_df_row.nc
2023_07/0000153_2023_7_df_row.nc
2023_07/0000154_2023_7_df_row.nc
2023_07/0000157_2023_7_df_row.nc
2023_07/0000158_2023_7_df_row.nc
2023_07/0000159_2023_7_df_row.nc
2023_07/0000160_2023_7_df_row.nc
2023_07/0000162_2023_7_df_row.nc
2023_07/0000166_2023_7_df_row.nc
2023_07/0000167_2023_7_df_row.nc
2023_07/0000168_2023_7_df_row.nc
2023_07/0000169_2023_7_df_row.nc
2023_07/0000171_2023_7_df_row.nc
2023_07/0000173_2023_7_df_row.nc
2023_07/0000179_2023_7_df_row.nc
2023_07/0000181_2023_7_df_row.nc
2023_07/0000184_2023_7_df_row.nc
2023_07/0000185_2023_7_df_row.nc
2023_07/0000186_2023_7_df_row.nc
2023_07/0000189_2023_7_df_row.nc
2023_07/0000195_2023_7_df_row.nc
2023_07/0000197_2023_7_df_row.nc
2023_07/0000199_2023_7_df_row.nc
2023_07/0000201_2023_7_df_row.nc
2023_07/0000202_2023_7_df_row.nc
2023_07/0000206_2023_7_df_row.nc
2023_07/0000212_2023_7_df_row.nc
2023_07/0000213_2023_7_df_row.nc
2023_07/0000216_2023_7_df_row.nc
2023_07/0000217_2023_7_df_row.nc
2023_07/0000219_2023_7_df_row.nc
2023_07/0000220_2023_7_df_row.nc
2023_07/0000221_2023_7_df_row.nc
2023_07/0000222_2023_7_df_row.nc
2023_07/0000226_2023_7_df_row.nc
2023_07/0000227_2023_7_df_row.nc
2023_07/0000229_2023_7_df_row.nc
2023_07/0000230_2023_7_df_row.nc
2023_07/0000231_2023_7_df_row.nc
2023_07/0000232_2023_7_df_row.nc
2023_07/0000233_2023_7_df_row.nc
2023_07/0000236_2023_7_df_row.nc
2023_07/0000240_2023_7_df_row.nc
2023_07/0000244_2023_7_df_row.nc
2023_07/0000245_2023_7_df_row.nc
2023_07/0000249_2023_7_df_row.nc
2023_07/0000250_2023_7_df_row.nc
2023_07/0000253_2023_7_df_row.nc
2023_07/0000255_2023_7_df_row.nc
2023_07/0000258_2023_7_df_row.nc
2023_07/0000262_2023_7_df_row.nc
2023_07/0000263_2023_7_df_row.nc
2023_07/0000265_2023_7_df_row.nc
2023_07/0000266_2023_7_df_row.nc
2023_07/0000271_2023_7_df_row.nc
2023_07/0000274_2023_7_df_row.nc
2023_07/0000275_2023_7_df_row.nc
2023_07/0000277_2023_7_df_row.nc
2023_07/0000278_2023_7_df_row.nc
2023_07/0000279_2023_7_df_row.nc
2023_07/0000283_2023_7_df_row.nc
2023_07/0000285_2023_7_df_row.nc
2023_07/0000292_2023_7_df_row.nc
2023_07/0000300_2023_7_df_row.nc
2023_07/0000301_2023_7_df_row.nc
2023_07/0000305_2023_7_df_row.nc
2023_07/0000306_2023_7_df_row.nc
2023_07/0000307_2023_7_df_row.nc
2023_07/0000309_2023_7_df_row.nc
2023_07/0000311_2023_7_df_row.nc
2023_07/0000314_2023_7_df_row.nc
2023_07/0000317_2023_7_df_row.nc
2023_07/0000318_2023_7_df_row.nc
2023_07/0000319_2023_7_df_row.nc
2023_07/0000321_2023_7_df_row.nc
2023_07/0000323_2023_7_df_row.nc
2023_07/0000326_2023_7_df_row.nc
2023_07/0000329_2023_7_df_row.nc
2023_07/0000330_2023_7_df_row.nc
2023_07/0000334_2023_7_df_row.nc
2023_07/0000335_2023_7_df_row.nc
2023_07/0000337_2023_7_df_row.nc
2023_07/0000339_2023_7_df_row.nc
2023_07/0000341_2023_7_df_row.nc
2023_07/0000343_2023_7_df_row.nc
2023_07/0000351_2023_7_df_row.nc
2023_07/0000352_2023_7_df_row.nc
2023_07/0000355_2023_7_df_row.nc
2023_07/0000356_2023_7_df_row.nc
2023_07/0000357_2023_7_df_row.nc
2023_07/0000359_2023_7_df_row.nc
Removing uncompressed directory /cluster/tufts/capstone25skyblue/eelkus01/NEXRADTurbulencePrediction/model_inputs/2023_07
Deactivating conda environment (if any)
Purging all modules
Done! Environment has been torn down
All done!
