Resetting environment
Deactivating conda environment (if any)
Purging all modules
Done! Environment has been torn down
Allocating resources with slurm...
Loading cuda and miniforge...
Activating conda environment...
Redirecting into the NEXRAD repo...
Done! Environment has now been set up
Processing 2013/04
Running radar_data_to_model_input on /cluster/tufts/capstone25skyblue/eelkus01/NEXRADTurbulencePrediction/radars/pirep_with_radar_data/2013/04.csv
Reading from file: /cluster/tufts/capstone25skyblue/eelkus01/NEXRADTurbulencePrediction/radars/pirep_with_radar_data/2013/04.csv and outputting to directory: /cluster/tufts/capstone25skyblue/eelkus01/NEXRADTurbulencePrediction/model_inputs/2013_04
ERROR: Failed to read radar file s3://unidata-nexrad-level2/2013/04/16/KBOX/KBOX20130416_152057_V06.gz: OSError: unknown compression record
ERROR: Failed to read radar file s3://unidata-nexrad-level2/2013/04/03/KLSX/KLSX20130403_175602_V06.gz: OSError: unknown compression record
Completed 5% of df
Completed 10% of df
Completed 15% of df
Completed 20% of df
ERROR: Failed to read radar file s3://unidata-nexrad-level2/2013/04/18/KTWX/KTWX20130418_132926_V06.gz: OSError: unknown compression record
Completed 25% of df
ERROR: Failed to read radar file s3://unidata-nexrad-level2/2013/04/03/KJAX/KJAX20130403_200909_V06.gz: OSError: unknown compression record
Completed 30% of df
Completed 35% of df
Completed 40% of df
ERROR: Failed to read radar file s3://unidata-nexrad-level2/2013/04/09/KBGM/KBGM20130409_185229_V06.gz: OSError: unknown compression record
Completed 45% of df
ERROR: Failed to read radar file s3://unidata-nexrad-level2/2013/04/03/KJAX/KJAX20130403_200909_V06.gz: OSError: unknown compression record
ERROR: Failed to read radar file s3://unidata-nexrad-level2/2013/04/23/KMRX/KMRX20130423_104938_V06.gz: OSError: unknown compression record
Completed 50% of df
ERROR: Failed to read radar file s3://unidata-nexrad-level2/2013/04/15/KGWX/KGWX20130415_005559_V07.gz: OSError: unknown compression record
ERROR: Failed to read radar file s3://unidata-nexrad-level2/2013/04/14/KLTX/KLTX20130414_144316_V06.gz: OSError: unknown compression record
Completed 55% of df
Completed 60% of df
ERROR: Failed to read radar file s3://unidata-nexrad-level2/2013/04/19/KGSP/KGSP20130419_134549_V06.gz: OSError: unknown compression record
Completed 65% of df
ERROR: Failed to read radar file s3://unidata-nexrad-level2/2013/04/11/KTWX/KTWX20130411_181559_V06.gz: OSError: unknown compression record
Completed 70% of df
ERROR: Failed to read radar file s3://unidata-nexrad-level2/2013/04/11/KIND/KIND20130411_161126_V06.gz: OSError: unknown compression record
Completed 75% of df
Completed 80% of df
ERROR: Failed to read radar file s3://unidata-nexrad-level2/2013/04/17/KRGX/KRGX20130417_230143_V06.gz: OSError: unknown compression record
Completed 85% of df
Completed 90% of df
Completed 95% of df
ERROR: Failed to read radar file s3://unidata-nexrad-level2/2013/04/14/KGJX/KGJX20130414_015953_V06.gz: OSError: unknown compression record
Completed 100% of df
Python script exit code: 0
Compressing output directory into /cluster/tufts/capstone25skyblue/eelkus01/NEXRADTurbulencePrediction/model_inputs/compressed/2013_04.tar.xz
2013_04/
2013_04/0000002_2013_4_df_row.nc
2013_04/0000003_2013_4_df_row.nc
2013_04/0000008_2013_4_df_row.nc
2013_04/0000010_2013_4_df_row.nc
2013_04/0000015_2013_4_df_row.nc
2013_04/0000016_2013_4_df_row.nc
2013_04/0000020_2013_4_df_row.nc
2013_04/0000022_2013_4_df_row.nc
2013_04/0000024_2013_4_df_row.nc
2013_04/0000027_2013_4_df_row.nc
2013_04/0000030_2013_4_df_row.nc
2013_04/0000040_2013_4_df_row.nc
2013_04/0000043_2013_4_df_row.nc
2013_04/0000046_2013_4_df_row.nc
2013_04/0000049_2013_4_df_row.nc
2013_04/0000050_2013_4_df_row.nc
2013_04/0000054_2013_4_df_row.nc
2013_04/0000057_2013_4_df_row.nc
2013_04/0000060_2013_4_df_row.nc
2013_04/0000061_2013_4_df_row.nc
2013_04/0000063_2013_4_df_row.nc
2013_04/0000065_2013_4_df_row.nc
2013_04/0000068_2013_4_df_row.nc
2013_04/0000075_2013_4_df_row.nc
2013_04/0000077_2013_4_df_row.nc
2013_04/0000080_2013_4_df_row.nc
2013_04/0000081_2013_4_df_row.nc
2013_04/0000089_2013_4_df_row.nc
2013_04/0000091_2013_4_df_row.nc
2013_04/0000092_2013_4_df_row.nc
2013_04/0000096_2013_4_df_row.nc
2013_04/0000099_2013_4_df_row.nc
2013_04/0000107_2013_4_df_row.nc
2013_04/0000111_2013_4_df_row.nc
2013_04/0000119_2013_4_df_row.nc
2013_04/0000128_2013_4_df_row.nc
2013_04/0000130_2013_4_df_row.nc
2013_04/0000133_2013_4_df_row.nc
2013_04/0000134_2013_4_df_row.nc
2013_04/0000138_2013_4_df_row.nc
2013_04/0000145_2013_4_df_row.nc
2013_04/0000146_2013_4_df_row.nc
2013_04/0000149_2013_4_df_row.nc
2013_04/0000150_2013_4_df_row.nc
2013_04/0000151_2013_4_df_row.nc
2013_04/0000152_2013_4_df_row.nc
2013_04/0000159_2013_4_df_row.nc
2013_04/0000163_2013_4_df_row.nc
2013_04/0000166_2013_4_df_row.nc
2013_04/0000173_2013_4_df_row.nc
2013_04/0000178_2013_4_df_row.nc
2013_04/0000179_2013_4_df_row.nc
2013_04/0000182_2013_4_df_row.nc
2013_04/0000186_2013_4_df_row.nc
2013_04/0000188_2013_4_df_row.nc
2013_04/0000195_2013_4_df_row.nc
2013_04/0000197_2013_4_df_row.nc
2013_04/0000203_2013_4_df_row.nc
2013_04/0000205_2013_4_df_row.nc
2013_04/0000210_2013_4_df_row.nc
2013_04/0000213_2013_4_df_row.nc
2013_04/0000214_2013_4_df_row.nc
2013_04/0000216_2013_4_df_row.nc
2013_04/0000219_2013_4_df_row.nc
2013_04/0000221_2013_4_df_row.nc
2013_04/0000223_2013_4_df_row.nc
2013_04/0000224_2013_4_df_row.nc
2013_04/0000229_2013_4_df_row.nc
2013_04/0000230_2013_4_df_row.nc
2013_04/0000232_2013_4_df_row.nc
2013_04/0000233_2013_4_df_row.nc
2013_04/0000234_2013_4_df_row.nc
2013_04/0000238_2013_4_df_row.nc
2013_04/0000240_2013_4_df_row.nc
2013_04/0000241_2013_4_df_row.nc
2013_04/0000243_2013_4_df_row.nc
2013_04/0000245_2013_4_df_row.nc
2013_04/0000252_2013_4_df_row.nc
2013_04/0000258_2013_4_df_row.nc
2013_04/0000259_2013_4_df_row.nc
2013_04/0000263_2013_4_df_row.nc
2013_04/0000264_2013_4_df_row.nc
2013_04/0000276_2013_4_df_row.nc
2013_04/0000277_2013_4_df_row.nc
2013_04/0000284_2013_4_df_row.nc
2013_04/0000287_2013_4_df_row.nc
2013_04/0000290_2013_4_df_row.nc
2013_04/0000294_2013_4_df_row.nc
2013_04/0000298_2013_4_df_row.nc
2013_04/0000306_2013_4_df_row.nc
2013_04/0000308_2013_4_df_row.nc
2013_04/0000310_2013_4_df_row.nc
2013_04/0000311_2013_4_df_row.nc
2013_04/0000314_2013_4_df_row.nc
2013_04/0000315_2013_4_df_row.nc
2013_04/0000320_2013_4_df_row.nc
2013_04/0000327_2013_4_df_row.nc
2013_04/0000336_2013_4_df_row.nc
2013_04/0000338_2013_4_df_row.nc
2013_04/0000342_2013_4_df_row.nc
2013_04/0000343_2013_4_df_row.nc
2013_04/0000345_2013_4_df_row.nc
2013_04/0000352_2013_4_df_row.nc
2013_04/0000358_2013_4_df_row.nc
2013_04/0000359_2013_4_df_row.nc
2013_04/0000364_2013_4_df_row.nc
2013_04/0000365_2013_4_df_row.nc
2013_04/0000369_2013_4_df_row.nc
2013_04/0000370_2013_4_df_row.nc
2013_04/0000375_2013_4_df_row.nc
2013_04/0000380_2013_4_df_row.nc
2013_04/0000381_2013_4_df_row.nc
2013_04/0000382_2013_4_df_row.nc
2013_04/0000383_2013_4_df_row.nc
2013_04/0000387_2013_4_df_row.nc
2013_04/0000393_2013_4_df_row.nc
2013_04/0000399_2013_4_df_row.nc
2013_04/0000405_2013_4_df_row.nc
2013_04/0000412_2013_4_df_row.nc
2013_04/0000415_2013_4_df_row.nc
2013_04/0000419_2013_4_df_row.nc
2013_04/0000421_2013_4_df_row.nc
2013_04/0000427_2013_4_df_row.nc
2013_04/0000429_2013_4_df_row.nc
2013_04/0000431_2013_4_df_row.nc
2013_04/0000433_2013_4_df_row.nc
2013_04/0000434_2013_4_df_row.nc
2013_04/0000435_2013_4_df_row.nc
2013_04/0000449_2013_4_df_row.nc
2013_04/0000457_2013_4_df_row.nc
2013_04/0000466_2013_4_df_row.nc
2013_04/0000468_2013_4_df_row.nc
2013_04/0000470_2013_4_df_row.nc
2013_04/0000476_2013_4_df_row.nc
2013_04/0000477_2013_4_df_row.nc
2013_04/0000479_2013_4_df_row.nc
2013_04/0000485_2013_4_df_row.nc
2013_04/0000489_2013_4_df_row.nc
2013_04/0000493_2013_4_df_row.nc
2013_04/0000499_2013_4_df_row.nc
2013_04/0000503_2013_4_df_row.nc
2013_04/0000506_2013_4_df_row.nc
2013_04/0000507_2013_4_df_row.nc
2013_04/0000512_2013_4_df_row.nc
2013_04/0000520_2013_4_df_row.nc
2013_04/0000521_2013_4_df_row.nc
2013_04/0000526_2013_4_df_row.nc
2013_04/0000527_2013_4_df_row.nc
2013_04/0000532_2013_4_df_row.nc
2013_04/0000538_2013_4_df_row.nc
2013_04/0000540_2013_4_df_row.nc
2013_04/0000548_2013_4_df_row.nc
2013_04/0000550_2013_4_df_row.nc
2013_04/0000552_2013_4_df_row.nc
2013_04/0000555_2013_4_df_row.nc
2013_04/0000559_2013_4_df_row.nc
2013_04/0000565_2013_4_df_row.nc
2013_04/0000572_2013_4_df_row.nc
2013_04/0000582_2013_4_df_row.nc
2013_04/0000591_2013_4_df_row.nc
2013_04/0000592_2013_4_df_row.nc
2013_04/0000594_2013_4_df_row.nc
2013_04/0000601_2013_4_df_row.nc
2013_04/0000608_2013_4_df_row.nc
2013_04/0000613_2013_4_df_row.nc
Removing uncompressed directory /cluster/tufts/capstone25skyblue/eelkus01/NEXRADTurbulencePrediction/model_inputs/2013_04
Deactivating conda environment (if any)
Purging all modules
Done! Environment has been torn down
All done!
