Resetting environment
Deactivating conda environment (if any)
Purging all modules
Done! Environment has been torn down
Allocating resources with slurm...
Loading cuda and miniforge...
Activating conda environment...
Redirecting into the NEXRAD repo...
Done! Environment has now been set up
Processing 2018/12
Running radar_data_to_model_input on /cluster/tufts/capstone25skyblue/eelkus01/NEXRADTurbulencePrediction/radars/pirep_with_radar_data/2018/12.csv
Reading from file: /cluster/tufts/capstone25skyblue/eelkus01/NEXRADTurbulencePrediction/radars/pirep_with_radar_data/2018/12.csv and outputting to directory: /cluster/tufts/capstone25skyblue/eelkus01/NEXRADTurbulencePrediction/model_inputs/2018_12
Completed 5% of df
Completed 10% of df
Completed 15% of df
Completed 20% of df
Completed 25% of df
Completed 30% of df
Completed 35% of df
Completed 40% of df
Completed 45% of df
Completed 50% of df
Completed 55% of df
Completed 60% of df
Completed 65% of df
Completed 70% of df
Completed 75% of df
Completed 80% of df
Completed 85% of df
Completed 90% of df
Completed 95% of df
Completed 100% of df
Python script exit code: 0
Compressing output directory into /cluster/tufts/capstone25skyblue/eelkus01/NEXRADTurbulencePrediction/model_inputs/compressed/2018_12.tar.xz
2018_12/
2018_12/0000000_2018_12_df_row.nc
2018_12/0000003_2018_12_df_row.nc
2018_12/0000005_2018_12_df_row.nc
2018_12/0000011_2018_12_df_row.nc
2018_12/0000018_2018_12_df_row.nc
2018_12/0000040_2018_12_df_row.nc
2018_12/0000042_2018_12_df_row.nc
2018_12/0000043_2018_12_df_row.nc
2018_12/0000049_2018_12_df_row.nc
2018_12/0000051_2018_12_df_row.nc
2018_12/0000059_2018_12_df_row.nc
2018_12/0000063_2018_12_df_row.nc
2018_12/0000065_2018_12_df_row.nc
2018_12/0000066_2018_12_df_row.nc
2018_12/0000069_2018_12_df_row.nc
2018_12/0000071_2018_12_df_row.nc
2018_12/0000077_2018_12_df_row.nc
2018_12/0000078_2018_12_df_row.nc
2018_12/0000081_2018_12_df_row.nc
2018_12/0000084_2018_12_df_row.nc
2018_12/0000087_2018_12_df_row.nc
2018_12/0000088_2018_12_df_row.nc
2018_12/0000090_2018_12_df_row.nc
2018_12/0000092_2018_12_df_row.nc
2018_12/0000096_2018_12_df_row.nc
2018_12/0000098_2018_12_df_row.nc
2018_12/0000100_2018_12_df_row.nc
2018_12/0000103_2018_12_df_row.nc
2018_12/0000104_2018_12_df_row.nc
2018_12/0000106_2018_12_df_row.nc
2018_12/0000111_2018_12_df_row.nc
2018_12/0000113_2018_12_df_row.nc
2018_12/0000119_2018_12_df_row.nc
2018_12/0000120_2018_12_df_row.nc
2018_12/0000121_2018_12_df_row.nc
2018_12/0000124_2018_12_df_row.nc
2018_12/0000127_2018_12_df_row.nc
2018_12/0000129_2018_12_df_row.nc
2018_12/0000130_2018_12_df_row.nc
2018_12/0000132_2018_12_df_row.nc
2018_12/0000135_2018_12_df_row.nc
2018_12/0000137_2018_12_df_row.nc
2018_12/0000140_2018_12_df_row.nc
2018_12/0000151_2018_12_df_row.nc
2018_12/0000152_2018_12_df_row.nc
2018_12/0000154_2018_12_df_row.nc
2018_12/0000155_2018_12_df_row.nc
2018_12/0000156_2018_12_df_row.nc
2018_12/0000159_2018_12_df_row.nc
2018_12/0000165_2018_12_df_row.nc
2018_12/0000172_2018_12_df_row.nc
2018_12/0000175_2018_12_df_row.nc
2018_12/0000184_2018_12_df_row.nc
2018_12/0000187_2018_12_df_row.nc
2018_12/0000188_2018_12_df_row.nc
2018_12/0000190_2018_12_df_row.nc
2018_12/0000191_2018_12_df_row.nc
2018_12/0000194_2018_12_df_row.nc
2018_12/0000196_2018_12_df_row.nc
2018_12/0000200_2018_12_df_row.nc
2018_12/0000201_2018_12_df_row.nc
2018_12/0000204_2018_12_df_row.nc
2018_12/0000213_2018_12_df_row.nc
2018_12/0000231_2018_12_df_row.nc
2018_12/0000237_2018_12_df_row.nc
2018_12/0000241_2018_12_df_row.nc
2018_12/0000242_2018_12_df_row.nc
2018_12/0000243_2018_12_df_row.nc
2018_12/0000246_2018_12_df_row.nc
2018_12/0000247_2018_12_df_row.nc
2018_12/0000267_2018_12_df_row.nc
2018_12/0000269_2018_12_df_row.nc
2018_12/0000270_2018_12_df_row.nc
2018_12/0000272_2018_12_df_row.nc
2018_12/0000275_2018_12_df_row.nc
2018_12/0000281_2018_12_df_row.nc
2018_12/0000283_2018_12_df_row.nc
2018_12/0000284_2018_12_df_row.nc
2018_12/0000285_2018_12_df_row.nc
2018_12/0000287_2018_12_df_row.nc
2018_12/0000289_2018_12_df_row.nc
2018_12/0000292_2018_12_df_row.nc
2018_12/0000298_2018_12_df_row.nc
2018_12/0000301_2018_12_df_row.nc
2018_12/0000304_2018_12_df_row.nc
2018_12/0000306_2018_12_df_row.nc
2018_12/0000308_2018_12_df_row.nc
2018_12/0000309_2018_12_df_row.nc
2018_12/0000313_2018_12_df_row.nc
2018_12/0000315_2018_12_df_row.nc
2018_12/0000317_2018_12_df_row.nc
2018_12/0000320_2018_12_df_row.nc
2018_12/0000321_2018_12_df_row.nc
2018_12/0000325_2018_12_df_row.nc
2018_12/0000326_2018_12_df_row.nc
2018_12/0000328_2018_12_df_row.nc
2018_12/0000333_2018_12_df_row.nc
2018_12/0000334_2018_12_df_row.nc
2018_12/0000335_2018_12_df_row.nc
2018_12/0000336_2018_12_df_row.nc
2018_12/0000344_2018_12_df_row.nc
2018_12/0000349_2018_12_df_row.nc
2018_12/0000350_2018_12_df_row.nc
2018_12/0000351_2018_12_df_row.nc
2018_12/0000353_2018_12_df_row.nc
2018_12/0000354_2018_12_df_row.nc
2018_12/0000356_2018_12_df_row.nc
2018_12/0000361_2018_12_df_row.nc
2018_12/0000362_2018_12_df_row.nc
2018_12/0000363_2018_12_df_row.nc
2018_12/0000367_2018_12_df_row.nc
2018_12/0000370_2018_12_df_row.nc
2018_12/0000371_2018_12_df_row.nc
2018_12/0000376_2018_12_df_row.nc
2018_12/0000377_2018_12_df_row.nc
2018_12/0000382_2018_12_df_row.nc
2018_12/0000383_2018_12_df_row.nc
2018_12/0000392_2018_12_df_row.nc
2018_12/0000393_2018_12_df_row.nc
2018_12/0000395_2018_12_df_row.nc
2018_12/0000397_2018_12_df_row.nc
2018_12/0000399_2018_12_df_row.nc
2018_12/0000404_2018_12_df_row.nc
2018_12/0000406_2018_12_df_row.nc
2018_12/0000408_2018_12_df_row.nc
2018_12/0000411_2018_12_df_row.nc
2018_12/0000419_2018_12_df_row.nc
2018_12/0000426_2018_12_df_row.nc
2018_12/0000428_2018_12_df_row.nc
2018_12/0000432_2018_12_df_row.nc
2018_12/0000434_2018_12_df_row.nc
2018_12/0000436_2018_12_df_row.nc
2018_12/0000442_2018_12_df_row.nc
2018_12/0000443_2018_12_df_row.nc
2018_12/0000448_2018_12_df_row.nc
2018_12/0000450_2018_12_df_row.nc
2018_12/0000451_2018_12_df_row.nc
2018_12/0000454_2018_12_df_row.nc
2018_12/0000455_2018_12_df_row.nc
2018_12/0000457_2018_12_df_row.nc
2018_12/0000458_2018_12_df_row.nc
2018_12/0000459_2018_12_df_row.nc
2018_12/0000464_2018_12_df_row.nc
2018_12/0000472_2018_12_df_row.nc
2018_12/0000480_2018_12_df_row.nc
2018_12/0000483_2018_12_df_row.nc
2018_12/0000489_2018_12_df_row.nc
2018_12/0000494_2018_12_df_row.nc
2018_12/0000495_2018_12_df_row.nc
2018_12/0000498_2018_12_df_row.nc
2018_12/0000505_2018_12_df_row.nc
2018_12/0000507_2018_12_df_row.nc
2018_12/0000508_2018_12_df_row.nc
2018_12/0000517_2018_12_df_row.nc
2018_12/0000521_2018_12_df_row.nc
2018_12/0000526_2018_12_df_row.nc
2018_12/0000528_2018_12_df_row.nc
2018_12/0000545_2018_12_df_row.nc
2018_12/0000546_2018_12_df_row.nc
2018_12/0000548_2018_12_df_row.nc
2018_12/0000551_2018_12_df_row.nc
2018_12/0000552_2018_12_df_row.nc
2018_12/0000555_2018_12_df_row.nc
2018_12/0000557_2018_12_df_row.nc
2018_12/0000559_2018_12_df_row.nc
2018_12/0000564_2018_12_df_row.nc
2018_12/0000566_2018_12_df_row.nc
2018_12/0000573_2018_12_df_row.nc
2018_12/0000575_2018_12_df_row.nc
2018_12/0000576_2018_12_df_row.nc
2018_12/0000579_2018_12_df_row.nc
2018_12/0000580_2018_12_df_row.nc
2018_12/0000581_2018_12_df_row.nc
2018_12/0000582_2018_12_df_row.nc
2018_12/0000586_2018_12_df_row.nc
2018_12/0000592_2018_12_df_row.nc
2018_12/0000600_2018_12_df_row.nc
2018_12/0000602_2018_12_df_row.nc
2018_12/0000603_2018_12_df_row.nc
2018_12/0000604_2018_12_df_row.nc
2018_12/0000606_2018_12_df_row.nc
2018_12/0000608_2018_12_df_row.nc
2018_12/0000612_2018_12_df_row.nc
2018_12/0000618_2018_12_df_row.nc
2018_12/0000620_2018_12_df_row.nc
2018_12/0000622_2018_12_df_row.nc
2018_12/0000623_2018_12_df_row.nc
2018_12/0000631_2018_12_df_row.nc
2018_12/0000634_2018_12_df_row.nc
2018_12/0000636_2018_12_df_row.nc
2018_12/0000644_2018_12_df_row.nc
2018_12/0000645_2018_12_df_row.nc
2018_12/0000648_2018_12_df_row.nc
2018_12/0000649_2018_12_df_row.nc
2018_12/0000653_2018_12_df_row.nc
2018_12/0000656_2018_12_df_row.nc
2018_12/0000657_2018_12_df_row.nc
2018_12/0000662_2018_12_df_row.nc
2018_12/0000663_2018_12_df_row.nc
2018_12/0000668_2018_12_df_row.nc
2018_12/0000670_2018_12_df_row.nc
2018_12/0000674_2018_12_df_row.nc
2018_12/0000677_2018_12_df_row.nc
2018_12/0000679_2018_12_df_row.nc
2018_12/0000680_2018_12_df_row.nc
2018_12/0000681_2018_12_df_row.nc
2018_12/0000683_2018_12_df_row.nc
2018_12/0000684_2018_12_df_row.nc
2018_12/0000685_2018_12_df_row.nc
2018_12/0000691_2018_12_df_row.nc
2018_12/0000692_2018_12_df_row.nc
2018_12/0000693_2018_12_df_row.nc
2018_12/0000704_2018_12_df_row.nc
2018_12/0000709_2018_12_df_row.nc
2018_12/0000712_2018_12_df_row.nc
2018_12/0000718_2018_12_df_row.nc
2018_12/0000724_2018_12_df_row.nc
2018_12/0000725_2018_12_df_row.nc
2018_12/0000727_2018_12_df_row.nc
2018_12/0000731_2018_12_df_row.nc
2018_12/0000737_2018_12_df_row.nc
2018_12/0000741_2018_12_df_row.nc
2018_12/0000743_2018_12_df_row.nc
2018_12/0000747_2018_12_df_row.nc
2018_12/0000748_2018_12_df_row.nc
2018_12/0000756_2018_12_df_row.nc
2018_12/0000760_2018_12_df_row.nc
2018_12/0000761_2018_12_df_row.nc
2018_12/0000762_2018_12_df_row.nc
2018_12/0000763_2018_12_df_row.nc
2018_12/0000764_2018_12_df_row.nc
2018_12/0000765_2018_12_df_row.nc
2018_12/0000769_2018_12_df_row.nc
2018_12/0000773_2018_12_df_row.nc
2018_12/0000777_2018_12_df_row.nc
2018_12/0000778_2018_12_df_row.nc
2018_12/0000780_2018_12_df_row.nc
2018_12/0000786_2018_12_df_row.nc
2018_12/0000787_2018_12_df_row.nc
2018_12/0000788_2018_12_df_row.nc
2018_12/0000790_2018_12_df_row.nc
2018_12/0000791_2018_12_df_row.nc
2018_12/0000797_2018_12_df_row.nc
2018_12/0000804_2018_12_df_row.nc
2018_12/0000809_2018_12_df_row.nc
2018_12/0000813_2018_12_df_row.nc
2018_12/0000814_2018_12_df_row.nc
Removing uncompressed directory /cluster/tufts/capstone25skyblue/eelkus01/NEXRADTurbulencePrediction/model_inputs/2018_12
Deactivating conda environment (if any)
Purging all modules
Done! Environment has been torn down
All done!
