Resetting environment
Deactivating conda environment (if any)
Purging all modules
Done! Environment has been torn down
Allocating resources with slurm...
Loading cuda and miniforge...
Activating conda environment...
Redirecting into the NEXRAD repo...
Done! Environment has now been set up
Processing 2025/07
Running radar_data_to_model_input on /cluster/tufts/capstone25skyblue/eelkus01/NEXRADTurbulencePrediction/radars/pirep_with_radar_data/2025/07.csv
Reading from file: /cluster/tufts/capstone25skyblue/eelkus01/NEXRADTurbulencePrediction/radars/pirep_with_radar_data/2025/07.csv and outputting to directory: /cluster/tufts/capstone25skyblue/eelkus01/NEXRADTurbulencePrediction/model_inputs/2025_07
Completed 5% of df
Completed 10% of df
Completed 15% of df
Completed 20% of df
Completed 25% of df
Completed 30% of df
Error processing row 101: Plane weight must be 'L', 'M', 'H' or 'U.
Completed 35% of df
ERROR: Failed to read radar file s3://unidata-nexrad-level2/2025/07/11/KRLX/KRLX20250711_204312_V06: IndexError: index 0 is out of bounds for axis 0 with size 0
ERROR: Failed to read radar file s3://unidata-nexrad-level2/2025/07/16/KJKL/KJKL20250716_151316_V06: IndexError: index 0 is out of bounds for axis 0 with size 0
Completed 40% of df
Completed 45% of df
Completed 50% of df
Completed 55% of df
Completed 60% of df
Completed 65% of df
Completed 70% of df
ERROR: Failed to read radar file s3://unidata-nexrad-level2/2025/07/25/KEOX/KEOX20250725_223757_V06: IndexError: index 0 is out of bounds for axis 0 with size 0
Completed 75% of df
Completed 80% of df
Completed 85% of df
Completed 90% of df
Completed 95% of df
Completed 100% of df
Python script exit code: 0
Compressing output directory into /cluster/tufts/capstone25skyblue/eelkus01/NEXRADTurbulencePrediction/model_inputs/compressed/2025_07.tar.xz
2025_07/
2025_07/0000002_2025_7_df_row.nc
2025_07/0000005_2025_7_df_row.nc
2025_07/0000011_2025_7_df_row.nc
2025_07/0000013_2025_7_df_row.nc
2025_07/0000014_2025_7_df_row.nc
2025_07/0000015_2025_7_df_row.nc
2025_07/0000017_2025_7_df_row.nc
2025_07/0000026_2025_7_df_row.nc
2025_07/0000028_2025_7_df_row.nc
2025_07/0000040_2025_7_df_row.nc
2025_07/0000041_2025_7_df_row.nc
2025_07/0000044_2025_7_df_row.nc
2025_07/0000046_2025_7_df_row.nc
2025_07/0000047_2025_7_df_row.nc
2025_07/0000051_2025_7_df_row.nc
2025_07/0000053_2025_7_df_row.nc
2025_07/0000056_2025_7_df_row.nc
2025_07/0000057_2025_7_df_row.nc
2025_07/0000058_2025_7_df_row.nc
2025_07/0000061_2025_7_df_row.nc
2025_07/0000065_2025_7_df_row.nc
2025_07/0000066_2025_7_df_row.nc
2025_07/0000069_2025_7_df_row.nc
2025_07/0000070_2025_7_df_row.nc
2025_07/0000071_2025_7_df_row.nc
2025_07/0000072_2025_7_df_row.nc
2025_07/0000074_2025_7_df_row.nc
2025_07/0000075_2025_7_df_row.nc
2025_07/0000076_2025_7_df_row.nc
2025_07/0000078_2025_7_df_row.nc
2025_07/0000080_2025_7_df_row.nc
2025_07/0000081_2025_7_df_row.nc
2025_07/0000083_2025_7_df_row.nc
2025_07/0000086_2025_7_df_row.nc
2025_07/0000088_2025_7_df_row.nc
2025_07/0000090_2025_7_df_row.nc
2025_07/0000095_2025_7_df_row.nc
2025_07/0000096_2025_7_df_row.nc
2025_07/0000103_2025_7_df_row.nc
2025_07/0000105_2025_7_df_row.nc
2025_07/0000108_2025_7_df_row.nc
2025_07/0000112_2025_7_df_row.nc
2025_07/0000115_2025_7_df_row.nc
2025_07/0000116_2025_7_df_row.nc
2025_07/0000118_2025_7_df_row.nc
2025_07/0000120_2025_7_df_row.nc
2025_07/0000123_2025_7_df_row.nc
2025_07/0000124_2025_7_df_row.nc
2025_07/0000126_2025_7_df_row.nc
2025_07/0000128_2025_7_df_row.nc
2025_07/0000129_2025_7_df_row.nc
2025_07/0000131_2025_7_df_row.nc
2025_07/0000132_2025_7_df_row.nc
2025_07/0000133_2025_7_df_row.nc
2025_07/0000137_2025_7_df_row.nc
2025_07/0000144_2025_7_df_row.nc
2025_07/0000145_2025_7_df_row.nc
2025_07/0000146_2025_7_df_row.nc
2025_07/0000148_2025_7_df_row.nc
2025_07/0000150_2025_7_df_row.nc
2025_07/0000151_2025_7_df_row.nc
2025_07/0000155_2025_7_df_row.nc
2025_07/0000156_2025_7_df_row.nc
2025_07/0000166_2025_7_df_row.nc
2025_07/0000168_2025_7_df_row.nc
2025_07/0000169_2025_7_df_row.nc
2025_07/0000172_2025_7_df_row.nc
2025_07/0000175_2025_7_df_row.nc
2025_07/0000176_2025_7_df_row.nc
2025_07/0000177_2025_7_df_row.nc
2025_07/0000180_2025_7_df_row.nc
2025_07/0000184_2025_7_df_row.nc
2025_07/0000185_2025_7_df_row.nc
2025_07/0000186_2025_7_df_row.nc
2025_07/0000188_2025_7_df_row.nc
2025_07/0000192_2025_7_df_row.nc
2025_07/0000193_2025_7_df_row.nc
2025_07/0000194_2025_7_df_row.nc
2025_07/0000195_2025_7_df_row.nc
2025_07/0000197_2025_7_df_row.nc
2025_07/0000199_2025_7_df_row.nc
2025_07/0000201_2025_7_df_row.nc
2025_07/0000202_2025_7_df_row.nc
2025_07/0000204_2025_7_df_row.nc
2025_07/0000206_2025_7_df_row.nc
2025_07/0000207_2025_7_df_row.nc
2025_07/0000212_2025_7_df_row.nc
2025_07/0000214_2025_7_df_row.nc
2025_07/0000216_2025_7_df_row.nc
2025_07/0000224_2025_7_df_row.nc
2025_07/0000225_2025_7_df_row.nc
2025_07/0000227_2025_7_df_row.nc
2025_07/0000228_2025_7_df_row.nc
2025_07/0000230_2025_7_df_row.nc
2025_07/0000231_2025_7_df_row.nc
2025_07/0000235_2025_7_df_row.nc
2025_07/0000236_2025_7_df_row.nc
2025_07/0000238_2025_7_df_row.nc
2025_07/0000244_2025_7_df_row.nc
2025_07/0000251_2025_7_df_row.nc
2025_07/0000252_2025_7_df_row.nc
2025_07/0000254_2025_7_df_row.nc
2025_07/0000257_2025_7_df_row.nc
2025_07/0000258_2025_7_df_row.nc
2025_07/0000259_2025_7_df_row.nc
2025_07/0000260_2025_7_df_row.nc
2025_07/0000262_2025_7_df_row.nc
2025_07/0000264_2025_7_df_row.nc
2025_07/0000271_2025_7_df_row.nc
2025_07/0000272_2025_7_df_row.nc
2025_07/0000275_2025_7_df_row.nc
2025_07/0000276_2025_7_df_row.nc
2025_07/0000277_2025_7_df_row.nc
2025_07/0000278_2025_7_df_row.nc
2025_07/0000282_2025_7_df_row.nc
2025_07/0000284_2025_7_df_row.nc
2025_07/0000286_2025_7_df_row.nc
2025_07/0000288_2025_7_df_row.nc
2025_07/0000289_2025_7_df_row.nc
2025_07/0000292_2025_7_df_row.nc
2025_07/0000294_2025_7_df_row.nc
2025_07/0000297_2025_7_df_row.nc
2025_07/0000298_2025_7_df_row.nc
2025_07/0000300_2025_7_df_row.nc
2025_07/0000301_2025_7_df_row.nc
2025_07/0000305_2025_7_df_row.nc
2025_07/0000308_2025_7_df_row.nc
2025_07/0000313_2025_7_df_row.nc
2025_07/0000314_2025_7_df_row.nc
2025_07/0000319_2025_7_df_row.nc
2025_07/0000322_2025_7_df_row.nc
2025_07/0000324_2025_7_df_row.nc
2025_07/0000328_2025_7_df_row.nc
2025_07/0000331_2025_7_df_row.nc
Removing uncompressed directory /cluster/tufts/capstone25skyblue/eelkus01/NEXRADTurbulencePrediction/model_inputs/2025_07
Deactivating conda environment (if any)
Purging all modules
Done! Environment has been torn down
All done!
