Resetting environment
Deactivating conda environment (if any)
Purging all modules
Done! Environment has been torn down
Allocating resources with slurm...
Loading cuda and miniforge...
Activating conda environment...
Redirecting into the NEXRAD repo...
Done! Environment has now been set up
Processing 2025/12
Running radar_data_to_model_input on /cluster/tufts/capstone25skyblue/eelkus01/NEXRADTurbulencePrediction/radars/pirep_with_radar_data/2025/12.csv
Reading from file: /cluster/tufts/capstone25skyblue/eelkus01/NEXRADTurbulencePrediction/radars/pirep_with_radar_data/2025/12.csv and outputting to directory: /cluster/tufts/capstone25skyblue/eelkus01/NEXRADTurbulencePrediction/model_inputs/2025_12
Completed 5% of df
ERROR: Failed to read radar file s3://unidata-nexrad-level2/2025/12/05/KPAH/KPAH20251205_211233_V06: IndexError: index 0 is out of bounds for axis 0 with size 0
Completed 10% of df
Completed 15% of df
Completed 20% of df
Completed 25% of df
Completed 30% of df
Completed 35% of df
Completed 40% of df
Completed 45% of df
Completed 50% of df
ERROR: Failed to read radar file s3://unidata-nexrad-level2/2025/12/07/PAEC/PAEC20251207_205958_V06: ValueError: No MSG31 records found, cannot read file
Completed 55% of df
Completed 60% of df
Completed 65% of df
Completed 70% of df
Completed 75% of df
Completed 80% of df
Completed 85% of df
Completed 90% of df
Completed 95% of df
Completed 100% of df
Python script exit code: 0
Compressing output directory into /cluster/tufts/capstone25skyblue/eelkus01/NEXRADTurbulencePrediction/model_inputs/compressed/2025_12.tar.xz
2025_12/
2025_12/0000001_2025_12_df_row.nc
2025_12/0000004_2025_12_df_row.nc
2025_12/0000005_2025_12_df_row.nc
2025_12/0000006_2025_12_df_row.nc
2025_12/0000012_2025_12_df_row.nc
2025_12/0000015_2025_12_df_row.nc
2025_12/0000016_2025_12_df_row.nc
2025_12/0000017_2025_12_df_row.nc
2025_12/0000019_2025_12_df_row.nc
2025_12/0000023_2025_12_df_row.nc
2025_12/0000024_2025_12_df_row.nc
2025_12/0000025_2025_12_df_row.nc
2025_12/0000029_2025_12_df_row.nc
2025_12/0000035_2025_12_df_row.nc
2025_12/0000036_2025_12_df_row.nc
2025_12/0000038_2025_12_df_row.nc
2025_12/0000046_2025_12_df_row.nc
2025_12/0000047_2025_12_df_row.nc
2025_12/0000049_2025_12_df_row.nc
2025_12/0000050_2025_12_df_row.nc
2025_12/0000053_2025_12_df_row.nc
2025_12/0000055_2025_12_df_row.nc
2025_12/0000057_2025_12_df_row.nc
2025_12/0000058_2025_12_df_row.nc
2025_12/0000065_2025_12_df_row.nc
2025_12/0000071_2025_12_df_row.nc
2025_12/0000072_2025_12_df_row.nc
2025_12/0000078_2025_12_df_row.nc
2025_12/0000079_2025_12_df_row.nc
2025_12/0000089_2025_12_df_row.nc
2025_12/0000091_2025_12_df_row.nc
2025_12/0000098_2025_12_df_row.nc
2025_12/0000100_2025_12_df_row.nc
2025_12/0000101_2025_12_df_row.nc
2025_12/0000102_2025_12_df_row.nc
2025_12/0000104_2025_12_df_row.nc
2025_12/0000109_2025_12_df_row.nc
2025_12/0000111_2025_12_df_row.nc
2025_12/0000113_2025_12_df_row.nc
2025_12/0000119_2025_12_df_row.nc
2025_12/0000120_2025_12_df_row.nc
2025_12/0000122_2025_12_df_row.nc
2025_12/0000128_2025_12_df_row.nc
2025_12/0000142_2025_12_df_row.nc
2025_12/0000150_2025_12_df_row.nc
2025_12/0000151_2025_12_df_row.nc
2025_12/0000157_2025_12_df_row.nc
2025_12/0000161_2025_12_df_row.nc
2025_12/0000163_2025_12_df_row.nc
2025_12/0000164_2025_12_df_row.nc
2025_12/0000165_2025_12_df_row.nc
2025_12/0000168_2025_12_df_row.nc
2025_12/0000169_2025_12_df_row.nc
2025_12/0000170_2025_12_df_row.nc
2025_12/0000172_2025_12_df_row.nc
2025_12/0000176_2025_12_df_row.nc
2025_12/0000178_2025_12_df_row.nc
2025_12/0000179_2025_12_df_row.nc
2025_12/0000187_2025_12_df_row.nc
2025_12/0000189_2025_12_df_row.nc
2025_12/0000196_2025_12_df_row.nc
2025_12/0000201_2025_12_df_row.nc
2025_12/0000206_2025_12_df_row.nc
2025_12/0000207_2025_12_df_row.nc
2025_12/0000211_2025_12_df_row.nc
2025_12/0000218_2025_12_df_row.nc
2025_12/0000219_2025_12_df_row.nc
2025_12/0000220_2025_12_df_row.nc
2025_12/0000223_2025_12_df_row.nc
2025_12/0000225_2025_12_df_row.nc
2025_12/0000227_2025_12_df_row.nc
2025_12/0000233_2025_12_df_row.nc
2025_12/0000239_2025_12_df_row.nc
2025_12/0000242_2025_12_df_row.nc
2025_12/0000243_2025_12_df_row.nc
2025_12/0000245_2025_12_df_row.nc
2025_12/0000246_2025_12_df_row.nc
2025_12/0000248_2025_12_df_row.nc
2025_12/0000251_2025_12_df_row.nc
2025_12/0000252_2025_12_df_row.nc
2025_12/0000260_2025_12_df_row.nc
2025_12/0000262_2025_12_df_row.nc
2025_12/0000263_2025_12_df_row.nc
2025_12/0000266_2025_12_df_row.nc
2025_12/0000272_2025_12_df_row.nc
2025_12/0000273_2025_12_df_row.nc
2025_12/0000283_2025_12_df_row.nc
2025_12/0000290_2025_12_df_row.nc
2025_12/0000295_2025_12_df_row.nc
2025_12/0000298_2025_12_df_row.nc
2025_12/0000308_2025_12_df_row.nc
2025_12/0000310_2025_12_df_row.nc
2025_12/0000316_2025_12_df_row.nc
2025_12/0000318_2025_12_df_row.nc
2025_12/0000319_2025_12_df_row.nc
2025_12/0000325_2025_12_df_row.nc
2025_12/0000327_2025_12_df_row.nc
2025_12/0000335_2025_12_df_row.nc
2025_12/0000339_2025_12_df_row.nc
2025_12/0000343_2025_12_df_row.nc
2025_12/0000347_2025_12_df_row.nc
2025_12/0000360_2025_12_df_row.nc
2025_12/0000364_2025_12_df_row.nc
2025_12/0000367_2025_12_df_row.nc
2025_12/0000372_2025_12_df_row.nc
2025_12/0000382_2025_12_df_row.nc
2025_12/0000383_2025_12_df_row.nc
2025_12/0000386_2025_12_df_row.nc
2025_12/0000391_2025_12_df_row.nc
2025_12/0000394_2025_12_df_row.nc
2025_12/0000406_2025_12_df_row.nc
2025_12/0000412_2025_12_df_row.nc
2025_12/0000416_2025_12_df_row.nc
2025_12/0000423_2025_12_df_row.nc
2025_12/0000430_2025_12_df_row.nc
2025_12/0000433_2025_12_df_row.nc
2025_12/0000434_2025_12_df_row.nc
2025_12/0000435_2025_12_df_row.nc
2025_12/0000440_2025_12_df_row.nc
2025_12/0000445_2025_12_df_row.nc
2025_12/0000449_2025_12_df_row.nc
2025_12/0000451_2025_12_df_row.nc
2025_12/0000459_2025_12_df_row.nc
2025_12/0000461_2025_12_df_row.nc
2025_12/0000462_2025_12_df_row.nc
2025_12/0000463_2025_12_df_row.nc
2025_12/0000464_2025_12_df_row.nc
2025_12/0000468_2025_12_df_row.nc
2025_12/0000469_2025_12_df_row.nc
2025_12/0000473_2025_12_df_row.nc
2025_12/0000476_2025_12_df_row.nc
2025_12/0000478_2025_12_df_row.nc
2025_12/0000479_2025_12_df_row.nc
2025_12/0000480_2025_12_df_row.nc
2025_12/0000481_2025_12_df_row.nc
2025_12/0000483_2025_12_df_row.nc
2025_12/0000485_2025_12_df_row.nc
2025_12/0000486_2025_12_df_row.nc
2025_12/0000493_2025_12_df_row.nc
2025_12/0000498_2025_12_df_row.nc
2025_12/0000499_2025_12_df_row.nc
2025_12/0000501_2025_12_df_row.nc
2025_12/0000504_2025_12_df_row.nc
2025_12/0000509_2025_12_df_row.nc
2025_12/0000511_2025_12_df_row.nc
2025_12/0000517_2025_12_df_row.nc
2025_12/0000524_2025_12_df_row.nc
2025_12/0000525_2025_12_df_row.nc
2025_12/0000526_2025_12_df_row.nc
2025_12/0000528_2025_12_df_row.nc
2025_12/0000533_2025_12_df_row.nc
2025_12/0000534_2025_12_df_row.nc
2025_12/0000535_2025_12_df_row.nc
2025_12/0000536_2025_12_df_row.nc
2025_12/0000537_2025_12_df_row.nc
2025_12/0000539_2025_12_df_row.nc
2025_12/0000543_2025_12_df_row.nc
2025_12/0000557_2025_12_df_row.nc
2025_12/0000558_2025_12_df_row.nc
2025_12/0000559_2025_12_df_row.nc
2025_12/0000570_2025_12_df_row.nc
2025_12/0000576_2025_12_df_row.nc
2025_12/0000578_2025_12_df_row.nc
2025_12/0000587_2025_12_df_row.nc
2025_12/0000590_2025_12_df_row.nc
2025_12/0000598_2025_12_df_row.nc
2025_12/0000601_2025_12_df_row.nc
2025_12/0000605_2025_12_df_row.nc
2025_12/0000608_2025_12_df_row.nc
2025_12/0000609_2025_12_df_row.nc
2025_12/0000610_2025_12_df_row.nc
2025_12/0000611_2025_12_df_row.nc
2025_12/0000612_2025_12_df_row.nc
2025_12/0000613_2025_12_df_row.nc
2025_12/0000617_2025_12_df_row.nc
2025_12/0000618_2025_12_df_row.nc
2025_12/0000628_2025_12_df_row.nc
2025_12/0000636_2025_12_df_row.nc
2025_12/0000637_2025_12_df_row.nc
2025_12/0000640_2025_12_df_row.nc
2025_12/0000642_2025_12_df_row.nc
2025_12/0000646_2025_12_df_row.nc
2025_12/0000648_2025_12_df_row.nc
2025_12/0000653_2025_12_df_row.nc
2025_12/0000655_2025_12_df_row.nc
2025_12/0000662_2025_12_df_row.nc
2025_12/0000667_2025_12_df_row.nc
2025_12/0000668_2025_12_df_row.nc
2025_12/0000671_2025_12_df_row.nc
2025_12/0000675_2025_12_df_row.nc
2025_12/0000680_2025_12_df_row.nc
2025_12/0000683_2025_12_df_row.nc
2025_12/0000684_2025_12_df_row.nc
2025_12/0000685_2025_12_df_row.nc
2025_12/0000686_2025_12_df_row.nc
2025_12/0000690_2025_12_df_row.nc
2025_12/0000697_2025_12_df_row.nc
2025_12/0000708_2025_12_df_row.nc
2025_12/0000710_2025_12_df_row.nc
2025_12/0000720_2025_12_df_row.nc
2025_12/0000723_2025_12_df_row.nc
2025_12/0000724_2025_12_df_row.nc
2025_12/0000727_2025_12_df_row.nc
2025_12/0000733_2025_12_df_row.nc
2025_12/0000735_2025_12_df_row.nc
2025_12/0000736_2025_12_df_row.nc
2025_12/0000738_2025_12_df_row.nc
2025_12/0000742_2025_12_df_row.nc
2025_12/0000749_2025_12_df_row.nc
2025_12/0000752_2025_12_df_row.nc
2025_12/0000755_2025_12_df_row.nc
2025_12/0000756_2025_12_df_row.nc
2025_12/0000759_2025_12_df_row.nc
2025_12/0000761_2025_12_df_row.nc
2025_12/0000767_2025_12_df_row.nc
2025_12/0000770_2025_12_df_row.nc
2025_12/0000775_2025_12_df_row.nc
2025_12/0000778_2025_12_df_row.nc
2025_12/0000780_2025_12_df_row.nc
2025_12/0000781_2025_12_df_row.nc
2025_12/0000783_2025_12_df_row.nc
2025_12/0000785_2025_12_df_row.nc
2025_12/0000791_2025_12_df_row.nc
2025_12/0000799_2025_12_df_row.nc
2025_12/0000800_2025_12_df_row.nc
2025_12/0000801_2025_12_df_row.nc
2025_12/0000809_2025_12_df_row.nc
2025_12/0000811_2025_12_df_row.nc
2025_12/0000812_2025_12_df_row.nc
2025_12/0000813_2025_12_df_row.nc
2025_12/0000815_2025_12_df_row.nc
2025_12/0000816_2025_12_df_row.nc
2025_12/0000820_2025_12_df_row.nc
2025_12/0000823_2025_12_df_row.nc
2025_12/0000824_2025_12_df_row.nc
2025_12/0000825_2025_12_df_row.nc
2025_12/0000828_2025_12_df_row.nc
2025_12/0000835_2025_12_df_row.nc
2025_12/0000841_2025_12_df_row.nc
2025_12/0000842_2025_12_df_row.nc
2025_12/0000843_2025_12_df_row.nc
2025_12/0000844_2025_12_df_row.nc
2025_12/0000845_2025_12_df_row.nc
2025_12/0000849_2025_12_df_row.nc
2025_12/0000855_2025_12_df_row.nc
2025_12/0000856_2025_12_df_row.nc
2025_12/0000860_2025_12_df_row.nc
2025_12/0000866_2025_12_df_row.nc
2025_12/0000868_2025_12_df_row.nc
Removing uncompressed directory /cluster/tufts/capstone25skyblue/eelkus01/NEXRADTurbulencePrediction/model_inputs/2025_12
Deactivating conda environment (if any)
Purging all modules
Done! Environment has been torn down
All done!
