Resetting environment
Deactivating conda environment (if any)
Purging all modules
Done! Environment has been torn down
Allocating resources with slurm...
Loading cuda and miniforge...
Activating conda environment...
Redirecting into the NEXRAD repo...
Done! Environment has now been set up
Processing 2013/03
Running radar_data_to_model_input on /cluster/tufts/capstone25skyblue/eelkus01/NEXRADTurbulencePrediction/radars/pirep_with_radar_data/2013/03.csv
Reading from file: /cluster/tufts/capstone25skyblue/eelkus01/NEXRADTurbulencePrediction/radars/pirep_with_radar_data/2013/03.csv and outputting to directory: /cluster/tufts/capstone25skyblue/eelkus01/NEXRADTurbulencePrediction/model_inputs/2013_03
Completed 5% of df
Completed 10% of df
Completed 15% of df
ERROR: Failed to read radar file s3://unidata-nexrad-level2/2013/03/10/KOAX/KOAX20130310_154029_V03.gz: OSError: unknown compression record
Completed 20% of df
Completed 25% of df
Completed 30% of df
ERROR: Failed to read radar file s3://unidata-nexrad-level2/2013/03/18/KMAX/KMAX20130318_154937_V06.gz: OSError: unknown compression record
Completed 35% of df
Completed 40% of df
Completed 45% of df
Completed 50% of df
Completed 55% of df
Completed 60% of df
Completed 65% of df
Completed 70% of df
ERROR: Failed to read radar file s3://unidata-nexrad-level2/2013/03/06/KTLH/KTLH20130306_163501_V06.gz: OSError: unknown compression record
Completed 75% of df
Completed 80% of df
Completed 85% of df
Completed 90% of df
Completed 95% of df
Completed 100% of df
Python script exit code: 0
Compressing output directory into /cluster/tufts/capstone25skyblue/eelkus01/NEXRADTurbulencePrediction/model_inputs/compressed/2013_03.tar.xz
2013_03/
2013_03/0000001_2013_3_df_row.nc
2013_03/0000008_2013_3_df_row.nc
2013_03/0000010_2013_3_df_row.nc
2013_03/0000015_2013_3_df_row.nc
2013_03/0000022_2013_3_df_row.nc
2013_03/0000027_2013_3_df_row.nc
2013_03/0000036_2013_3_df_row.nc
2013_03/0000042_2013_3_df_row.nc
2013_03/0000043_2013_3_df_row.nc
2013_03/0000048_2013_3_df_row.nc
2013_03/0000050_2013_3_df_row.nc
2013_03/0000056_2013_3_df_row.nc
2013_03/0000064_2013_3_df_row.nc
2013_03/0000066_2013_3_df_row.nc
2013_03/0000067_2013_3_df_row.nc
2013_03/0000069_2013_3_df_row.nc
2013_03/0000070_2013_3_df_row.nc
2013_03/0000081_2013_3_df_row.nc
2013_03/0000091_2013_3_df_row.nc
2013_03/0000096_2013_3_df_row.nc
2013_03/0000097_2013_3_df_row.nc
2013_03/0000099_2013_3_df_row.nc
2013_03/0000106_2013_3_df_row.nc
2013_03/0000108_2013_3_df_row.nc
2013_03/0000113_2013_3_df_row.nc
2013_03/0000114_2013_3_df_row.nc
2013_03/0000119_2013_3_df_row.nc
2013_03/0000124_2013_3_df_row.nc
2013_03/0000127_2013_3_df_row.nc
2013_03/0000131_2013_3_df_row.nc
2013_03/0000134_2013_3_df_row.nc
2013_03/0000141_2013_3_df_row.nc
2013_03/0000142_2013_3_df_row.nc
2013_03/0000144_2013_3_df_row.nc
2013_03/0000145_2013_3_df_row.nc
2013_03/0000146_2013_3_df_row.nc
2013_03/0000147_2013_3_df_row.nc
2013_03/0000152_2013_3_df_row.nc
2013_03/0000165_2013_3_df_row.nc
2013_03/0000174_2013_3_df_row.nc
2013_03/0000176_2013_3_df_row.nc
2013_03/0000177_2013_3_df_row.nc
2013_03/0000180_2013_3_df_row.nc
2013_03/0000185_2013_3_df_row.nc
2013_03/0000187_2013_3_df_row.nc
2013_03/0000192_2013_3_df_row.nc
2013_03/0000193_2013_3_df_row.nc
2013_03/0000194_2013_3_df_row.nc
2013_03/0000195_2013_3_df_row.nc
2013_03/0000207_2013_3_df_row.nc
2013_03/0000218_2013_3_df_row.nc
2013_03/0000219_2013_3_df_row.nc
2013_03/0000220_2013_3_df_row.nc
2013_03/0000221_2013_3_df_row.nc
2013_03/0000222_2013_3_df_row.nc
2013_03/0000232_2013_3_df_row.nc
2013_03/0000263_2013_3_df_row.nc
2013_03/0000268_2013_3_df_row.nc
2013_03/0000269_2013_3_df_row.nc
2013_03/0000274_2013_3_df_row.nc
2013_03/0000275_2013_3_df_row.nc
2013_03/0000276_2013_3_df_row.nc
2013_03/0000277_2013_3_df_row.nc
2013_03/0000280_2013_3_df_row.nc
2013_03/0000296_2013_3_df_row.nc
2013_03/0000300_2013_3_df_row.nc
2013_03/0000302_2013_3_df_row.nc
2013_03/0000308_2013_3_df_row.nc
2013_03/0000316_2013_3_df_row.nc
2013_03/0000327_2013_3_df_row.nc
2013_03/0000328_2013_3_df_row.nc
2013_03/0000329_2013_3_df_row.nc
2013_03/0000333_2013_3_df_row.nc
2013_03/0000334_2013_3_df_row.nc
2013_03/0000339_2013_3_df_row.nc
2013_03/0000340_2013_3_df_row.nc
Removing uncompressed directory /cluster/tufts/capstone25skyblue/eelkus01/NEXRADTurbulencePrediction/model_inputs/2013_03
Deactivating conda environment (if any)
Purging all modules
Done! Environment has been torn down
All done!
