Resetting environment
Deactivating conda environment (if any)
Purging all modules
Done! Environment has been torn down
Allocating resources with slurm...
Loading cuda and miniforge...
Activating conda environment...
Redirecting into the NEXRAD repo...
Done! Environment has now been set up
Processing 2014/01
Running radar_data_to_model_input on /cluster/tufts/capstone25skyblue/eelkus01/NEXRADTurbulencePrediction/radars/pirep_with_radar_data/2014/01.csv
Reading from file: /cluster/tufts/capstone25skyblue/eelkus01/NEXRADTurbulencePrediction/radars/pirep_with_radar_data/2014/01.csv and outputting to directory: /cluster/tufts/capstone25skyblue/eelkus01/NEXRADTurbulencePrediction/model_inputs/2014_01
Completed 5% of df
ERROR: Failed to read radar file s3://unidata-nexrad-level2/2014/01/11/KDYX/KDYX20140111_171535_V06.gz: OSError: unknown compression record
ERROR: Failed to read radar file s3://unidata-nexrad-level2/2014/01/06/KBMX/KBMX20140106_010358_V06.gz: OSError: unknown compression record
Completed 10% of df
Completed 15% of df
Completed 20% of df
ERROR: Failed to read radar file s3://unidata-nexrad-level2/2014/01/03/KRTX/KRTX20140103_205804_V06.gz: OSError: unknown compression record
ERROR: Failed to read radar file s3://unidata-nexrad-level2/2014/01/17/KRLX/KRLX20140117_231400_V06.gz: OSError: unknown compression record
Completed 25% of df
ERROR: Failed to read radar file s3://unidata-nexrad-level2/2014/01/25/KBOX/KBOX20140125_135101_V06.gz: OSError: unknown compression record
Completed 30% of df
ERROR: Failed to read radar file s3://unidata-nexrad-level2/2014/01/01/KRGX/KRGX20140101_153213_V06.gz: OSError: unknown compression record
Completed 35% of df
Completed 40% of df
ERROR: Failed to read radar file s3://unidata-nexrad-level2/2014/01/24/KVAX/KVAX20140124_143411_V06.gz: OSError: unknown compression record
Completed 45% of df
Completed 50% of df
Completed 55% of df
ERROR: Failed to read radar file s3://unidata-nexrad-level2/2014/01/14/KJKL/KJKL20140114_204311_V06.gz: OSError: unknown compression record
Completed 60% of df
ERROR: Failed to read radar file s3://unidata-nexrad-level2/2014/01/12/PAHG/PAHG20140112_011701_V06.gz: OSError: unknown compression record
ERROR: Failed to read radar file s3://unidata-nexrad-level2/2014/01/27/KSJT/KSJT20140127_185149_V06.gz: OSError: unknown compression record
ERROR: Failed to read radar file s3://unidata-nexrad-level2/2014/01/27/KDFX/KDFX20140127_185532_V07.gz: OSError: unknown compression record
ERROR: Failed to read radar file s3://unidata-nexrad-level2/2014/01/27/KEWX/KEWX20140127_185213_V06.gz: OSError: unknown compression record
ERROR: Failed to read radar file s3://unidata-nexrad-level2/2014/01/27/KGRK/KGRK20140127_185139_V06.gz: OSError: unknown compression record
Completed 65% of df
ERROR: Failed to read radar file s3://unidata-nexrad-level2/2014/01/25/KBOX/KBOX20140125_135101_V06.gz: OSError: unknown compression record
ERROR: Failed to read radar file s3://unidata-nexrad-level2/2014/01/05/PAIH/PAIH20140105_030201_V06.gz: ValueError: No MSG31 records found, cannot read file
ERROR: Failed to read radar file s3://unidata-nexrad-level2/2014/01/05/PAIH/PAIH20140105_030201_V06.gz: ValueError: No MSG31 records found, cannot read file
ERROR: Failed to read radar file s3://unidata-nexrad-level2/2014/01/23/KBHX/KBHX20140123_053953_V06.gz: OSError: unknown compression record
Completed 70% of df
ERROR: Failed to read radar file s3://unidata-nexrad-level2/2014/01/11/KJKL/KJKL20140111_192409_V06.gz: OSError: unknown compression record
Completed 75% of df
ERROR: Failed to read radar file s3://unidata-nexrad-level2/2014/01/05/PAKC/PAKC20140105_095303_V06.gz: OSError: unknown compression record
Completed 80% of df
ERROR: Failed to read radar file s3://unidata-nexrad-level2/2014/01/17/KHTX/KHTX20140117_194750_V06.gz: OSError: unknown compression record
Completed 85% of df
Completed 90% of df
ERROR: Failed to read radar file s3://unidata-nexrad-level2/2014/01/30/KBOX/KBOX20140130_142212_V06.gz: OSError: unknown compression record
Completed 95% of df
Completed 100% of df
Python script exit code: 0
Compressing output directory into /cluster/tufts/capstone25skyblue/eelkus01/NEXRADTurbulencePrediction/model_inputs/compressed/2014_01.tar.xz
2014_01/
2014_01/0000001_2014_1_df_row.nc
2014_01/0000015_2014_1_df_row.nc
2014_01/0000023_2014_1_df_row.nc
2014_01/0000028_2014_1_df_row.nc
2014_01/0000039_2014_1_df_row.nc
2014_01/0000043_2014_1_df_row.nc
2014_01/0000047_2014_1_df_row.nc
2014_01/0000050_2014_1_df_row.nc
2014_01/0000073_2014_1_df_row.nc
2014_01/0000078_2014_1_df_row.nc
2014_01/0000083_2014_1_df_row.nc
2014_01/0000094_2014_1_df_row.nc
2014_01/0000104_2014_1_df_row.nc
2014_01/0000112_2014_1_df_row.nc
2014_01/0000126_2014_1_df_row.nc
2014_01/0000128_2014_1_df_row.nc
2014_01/0000132_2014_1_df_row.nc
2014_01/0000143_2014_1_df_row.nc
2014_01/0000147_2014_1_df_row.nc
2014_01/0000149_2014_1_df_row.nc
2014_01/0000150_2014_1_df_row.nc
2014_01/0000151_2014_1_df_row.nc
2014_01/0000154_2014_1_df_row.nc
2014_01/0000156_2014_1_df_row.nc
2014_01/0000160_2014_1_df_row.nc
2014_01/0000166_2014_1_df_row.nc
2014_01/0000169_2014_1_df_row.nc
2014_01/0000171_2014_1_df_row.nc
2014_01/0000177_2014_1_df_row.nc
2014_01/0000181_2014_1_df_row.nc
2014_01/0000192_2014_1_df_row.nc
2014_01/0000193_2014_1_df_row.nc
2014_01/0000197_2014_1_df_row.nc
2014_01/0000199_2014_1_df_row.nc
2014_01/0000204_2014_1_df_row.nc
2014_01/0000219_2014_1_df_row.nc
2014_01/0000220_2014_1_df_row.nc
2014_01/0000223_2014_1_df_row.nc
2014_01/0000233_2014_1_df_row.nc
2014_01/0000236_2014_1_df_row.nc
2014_01/0000239_2014_1_df_row.nc
2014_01/0000240_2014_1_df_row.nc
2014_01/0000243_2014_1_df_row.nc
2014_01/0000248_2014_1_df_row.nc
2014_01/0000251_2014_1_df_row.nc
2014_01/0000252_2014_1_df_row.nc
2014_01/0000254_2014_1_df_row.nc
2014_01/0000256_2014_1_df_row.nc
2014_01/0000260_2014_1_df_row.nc
2014_01/0000266_2014_1_df_row.nc
2014_01/0000268_2014_1_df_row.nc
2014_01/0000275_2014_1_df_row.nc
2014_01/0000285_2014_1_df_row.nc
2014_01/0000317_2014_1_df_row.nc
2014_01/0000325_2014_1_df_row.nc
2014_01/0000327_2014_1_df_row.nc
2014_01/0000332_2014_1_df_row.nc
2014_01/0000340_2014_1_df_row.nc
2014_01/0000341_2014_1_df_row.nc
2014_01/0000344_2014_1_df_row.nc
2014_01/0000348_2014_1_df_row.nc
2014_01/0000362_2014_1_df_row.nc
2014_01/0000363_2014_1_df_row.nc
2014_01/0000378_2014_1_df_row.nc
2014_01/0000380_2014_1_df_row.nc
2014_01/0000382_2014_1_df_row.nc
2014_01/0000384_2014_1_df_row.nc
2014_01/0000386_2014_1_df_row.nc
2014_01/0000389_2014_1_df_row.nc
2014_01/0000393_2014_1_df_row.nc
2014_01/0000413_2014_1_df_row.nc
2014_01/0000425_2014_1_df_row.nc
2014_01/0000436_2014_1_df_row.nc
2014_01/0000447_2014_1_df_row.nc
2014_01/0000448_2014_1_df_row.nc
2014_01/0000450_2014_1_df_row.nc
2014_01/0000458_2014_1_df_row.nc
2014_01/0000462_2014_1_df_row.nc
2014_01/0000476_2014_1_df_row.nc
2014_01/0000482_2014_1_df_row.nc
2014_01/0000488_2014_1_df_row.nc
2014_01/0000494_2014_1_df_row.nc
2014_01/0000497_2014_1_df_row.nc
2014_01/0000530_2014_1_df_row.nc
2014_01/0000533_2014_1_df_row.nc
2014_01/0000538_2014_1_df_row.nc
2014_01/0000547_2014_1_df_row.nc
2014_01/0000548_2014_1_df_row.nc
2014_01/0000549_2014_1_df_row.nc
Removing uncompressed directory /cluster/tufts/capstone25skyblue/eelkus01/NEXRADTurbulencePrediction/model_inputs/2014_01
Deactivating conda environment (if any)
Purging all modules
Done! Environment has been torn down
All done!
