srun: error: Unable to create step for job 368389: Invalid generic resource (gres) specification
Beginning to get radars for pirep from april 2019
Traceback (most recent call last):
  File "/cluster/tufts/capstone25skyblue/eelkus01/NEXRADTurbulencePrediction/radars/get_radars_for_pirep.py", line 438, in <module>
    loop.run_until_complete(main())
  File "/cluster/tufts/capstone25skyblue/condaenv26/nexrad_env/lib/python3.12/asyncio/base_events.py", line 691, in run_until_complete
    return future.result()
           ^^^^^^^^^^^^^^^
  File "/cluster/tufts/capstone25skyblue/eelkus01/NEXRADTurbulencePrediction/radars/get_radars_for_pirep.py", line 406, in main
    pireps_df = pd.read_csv(pirep_file)
                ^^^^^^^^^^^^^^^^^^^^^^^
  File "/cluster/tufts/capstone25skyblue/condaenv26/nexrad_env/lib/python3.12/site-packages/pandas/io/parsers/readers.py", line 873, in read_csv
    return _read(filepath_or_buffer, kwds)
           ^^^^^^^^^^^^^^^^^^^^^^^^^^^^^^^
  File "/cluster/tufts/capstone25skyblue/condaenv26/nexrad_env/lib/python3.12/site-packages/pandas/io/parsers/readers.py", line 300, in _read
    parser = TextFileReader(filepath_or_buffer, **kwds)
             ^^^^^^^^^^^^^^^^^^^^^^^^^^^^^^^^^^^^^^^^^^
  File "/cluster/tufts/capstone25skyblue/condaenv26/nexrad_env/lib/python3.12/site-packages/pandas/io/parsers/readers.py", line 1645, in __init__
    self._engine = self._make_engine(f, self.engine)
                   ^^^^^^^^^^^^^^^^^^^^^^^^^^^^^^^^^
  File "/cluster/tufts/capstone25skyblue/condaenv26/nexrad_env/lib/python3.12/site-packages/pandas/io/parsers/readers.py", line 1904, in _make_engine
    self.handles = get_handle(
                   ^^^^^^^^^^^
  File "/cluster/tufts/capstone25skyblue/condaenv26/nexrad_env/lib/python3.12/site-packages/pandas/io/common.py", line 926, in get_handle
    handle = open(
             ^^^^^
FileNotFoundError: [Errno 2] No such file or directory: '/cluster/tufts/capstone25skyblue/eelkus01/NEXRADTurbulencePrediction/pireps/clean_pirep_data/2019/04_turb_pireps.csv'
