Resetting environment
Deactivating conda environment (if any)
Purging all modules
Done! Environment has been torn down
Allocating resources with slurm...
Loading cuda and miniforge...
Activating conda environment...
Redirecting into the NEXRAD repo...
Done! Environment has now been set up
Operating on 212
Making directory /cluster/tufts/capstone25skyblue/eelkus01/NEXRADTurbulencePrediction/model_inputs/212
Running radar_data_to_model_input on /cluster/tufts/capstone25skyblue/eelkus01/NEXRADTurbulencePrediction/radars/split_radar_data/part_212.csv
================================================================================
SCRIPT STARTED: radar_data_to_model_input.py
================================================================================
Python executable: /cluster/tufts/capstone25skyblue/condaenv26/nexrad_env/bin/python3
Python version: 3.12.12 | packaged by conda-forge | (main, Jan 26 2026, 23:51:32) [GCC 14.3.0]
Current working directory: /cluster/tufts/capstone25skyblue/eelkus01/NEXRADTurbulencePrediction
Number of arguments: 3
Arguments received: ['/cluster/tufts/capstone25skyblue/eelkus01/NEXRADTurbulencePrediction/radars/radar_data_to_model_input.py', '/cluster/tufts/capstone25skyblue/eelkus01/NEXRADTurbulencePrediction/radars/split_radar_data/part_212.csv', '/cluster/tufts/capstone25skyblue/eelkus01/NEXRADTurbulencePrediction/model_inputs/212']
Input file: /cluster/tufts/capstone25skyblue/eelkus01/NEXRADTurbulencePrediction/radars/split_radar_data/part_212.csv
Input file exists: True
Output directory: /cluster/tufts/capstone25skyblue/eelkus01/NEXRADTurbulencePrediction/model_inputs/212
Output directory exists: True
================================================================================

Reading from file: /cluster/tufts/capstone25skyblue/eelkus01/NEXRADTurbulencePrediction/radars/split_radar_data/part_212.csv and outputting to directory: /cluster/tufts/capstone25skyblue/eelkus01/NEXRADTurbulencePrediction/model_inputs/212
Completed 5% of df
Completed 10% of df
Completed 15% of df
Completed 20% of df
Completed 25% of df
Completed 30% of df
Completed 35% of df
Completed 40% of df
Completed 45% of df
Completed 50% of df
Completed 55% of df
Error processing row 100273: Plane weight must be 'L', 'M', 'H' or 'U.
Error processing row 100275: Plane weight must be 'L', 'M', 'H' or 'U.
Completed 60% of df
Completed 65% of df
Error processing row 100313: Plane weight must be 'L', 'M', 'H' or 'U.
Completed 70% of df
Completed 75% of df
Completed 80% of df
Completed 85% of df
Completed 90% of df
Completed 95% of df
Completed 100% of df
Finished running radar_data_to_model_input.py on part! Compressing output directory into /cluster/tufts/capstone25skyblue/eelkus01/NEXRADTurbulencePrediction/model_inputs/compressed/212.tar.xz
212/
212/0100016_2025_3_df_row.nc
212/0100023_2025_3_df_row.nc
212/0100024_2025_3_df_row.nc
212/0100033_2025_3_df_row.nc
212/0100034_2025_3_df_row.nc
212/0100038_2025_3_df_row.nc
212/0100040_2025_3_df_row.nc
212/0100041_2025_3_df_row.nc
212/0100044_2025_3_df_row.nc
212/0100045_2025_3_df_row.nc
212/0100046_2025_3_df_row.nc
212/0100047_2025_3_df_row.nc
212/0100052_2025_3_df_row.nc
212/0100053_2025_3_df_row.nc
212/0100054_2025_3_df_row.nc
212/0100055_2025_3_df_row.nc
212/0100056_2025_3_df_row.nc
212/0100057_2025_3_df_row.nc
212/0100058_2025_3_df_row.nc
212/0100062_2025_3_df_row.nc
212/0100064_2025_3_df_row.nc
212/0100065_2025_3_df_row.nc
212/0100066_2025_3_df_row.nc
212/0100067_2025_3_df_row.nc
212/0100068_2025_3_df_row.nc
212/0100074_2025_3_df_row.nc
212/0100075_2025_3_df_row.nc
212/0100077_2025_3_df_row.nc
212/0100078_2025_3_df_row.nc
212/0100083_2025_3_df_row.nc
212/0100089_2025_3_df_row.nc
212/0100091_2025_3_df_row.nc
212/0100092_2025_3_df_row.nc
212/0100093_2025_3_df_row.nc
212/0100094_2025_3_df_row.nc
212/0100098_2025_3_df_row.nc
212/0100099_2025_3_df_row.nc
212/0100108_2025_3_df_row.nc
212/0100110_2025_3_df_row.nc
212/0100111_2025_3_df_row.nc
212/0100113_2025_3_df_row.nc
212/0100116_2025_3_df_row.nc
212/0100122_2025_3_df_row.nc
212/0100125_2025_3_df_row.nc
212/0100130_2025_3_df_row.nc
212/0100131_2025_3_df_row.nc
212/0100138_2025_3_df_row.nc
212/0100139_2025_3_df_row.nc
212/0100143_2025_3_df_row.nc
212/0100146_2025_3_df_row.nc
212/0100147_2025_3_df_row.nc
212/0100148_2025_3_df_row.nc
212/0100150_2025_3_df_row.nc
212/0100151_2025_3_df_row.nc
212/0100154_2025_3_df_row.nc
212/0100159_2025_3_df_row.nc
212/0100160_2025_3_df_row.nc
212/0100161_2025_3_df_row.nc
212/0100163_2025_3_df_row.nc
212/0100165_2025_3_df_row.nc
212/0100169_2025_3_df_row.nc
212/0100171_2025_3_df_row.nc
212/0100172_2025_3_df_row.nc
212/0100175_2025_3_df_row.nc
212/0100177_2025_3_df_row.nc
212/0100178_2025_3_df_row.nc
212/0100179_2025_3_df_row.nc
212/0100180_2025_3_df_row.nc
212/0100181_2025_3_df_row.nc
212/0100182_2025_3_df_row.nc
212/0100183_2025_3_df_row.nc
212/0100185_2025_3_df_row.nc
212/0100186_2025_3_df_row.nc
212/0100190_2025_3_df_row.nc
212/0100193_2025_3_df_row.nc
212/0100194_2025_3_df_row.nc
212/0100198_2025_3_df_row.nc
212/0100199_2025_3_df_row.nc
212/0100201_2025_3_df_row.nc
212/0100202_2025_3_df_row.nc
212/0100203_2025_3_df_row.nc
212/0100205_2025_3_df_row.nc
212/0100209_2025_3_df_row.nc
212/0100213_2025_3_df_row.nc
212/0100214_2025_3_df_row.nc
212/0100219_2025_3_df_row.nc
212/0100220_2025_3_df_row.nc
212/0100221_2025_3_df_row.nc
212/0100224_2025_3_df_row.nc
212/0100225_2025_3_df_row.nc
212/0100227_2025_3_df_row.nc
212/0100228_2025_3_df_row.nc
212/0100229_2025_3_df_row.nc
212/0100230_2025_3_df_row.nc
212/0100233_2025_3_df_row.nc
212/0100239_2025_3_df_row.nc
212/0100242_2025_3_df_row.nc
212/0100243_2025_3_df_row.nc
212/0100248_2025_3_df_row.nc
212/0100251_2025_3_df_row.nc
212/0100252_2025_3_df_row.nc
212/0100255_2025_3_df_row.nc
212/0100256_2025_3_df_row.nc
212/0100257_2025_3_df_row.nc
212/0100259_2025_3_df_row.nc
212/0100262_2025_3_df_row.nc
212/0100263_2025_3_df_row.nc
212/0100265_2025_3_df_row.nc
212/0100267_2025_3_df_row.nc
212/0100270_2025_3_df_row.nc
212/0100271_2025_3_df_row.nc
212/0100272_2025_3_df_row.nc
212/0100274_2025_3_df_row.nc
212/0100277_2025_3_df_row.nc
212/0100278_2025_3_df_row.nc
212/0100280_2025_3_df_row.nc
212/0100282_2025_3_df_row.nc
212/0100286_2025_3_df_row.nc
212/0100289_2025_3_df_row.nc
212/0100291_2025_3_df_row.nc
212/0100300_2025_3_df_row.nc
212/0100301_2025_3_df_row.nc
212/0100306_2025_3_df_row.nc
212/0100307_2025_3_df_row.nc
212/0100312_2025_3_df_row.nc
212/0100314_2025_3_df_row.nc
212/0100318_2025_3_df_row.nc
212/0100319_2025_3_df_row.nc
212/0100320_2025_3_df_row.nc
212/0100322_2025_3_df_row.nc
212/0100326_2025_3_df_row.nc
212/0100327_2025_3_df_row.nc
212/0100329_2025_3_df_row.nc
212/0100330_2025_3_df_row.nc
212/0100331_2025_3_df_row.nc
212/0100332_2025_3_df_row.nc
212/0100334_2025_3_df_row.nc
212/0100337_2025_3_df_row.nc
212/0100340_2025_3_df_row.nc
212/0100343_2025_3_df_row.nc
212/0100344_2025_3_df_row.nc
212/0100346_2025_3_df_row.nc
212/0100347_2025_3_df_row.nc
212/0100349_2025_3_df_row.nc
212/0100351_2025_3_df_row.nc
212/0100352_2025_3_df_row.nc
212/0100353_2025_3_df_row.nc
212/0100354_2025_3_df_row.nc
212/0100355_2025_3_df_row.nc
212/0100360_2025_3_df_row.nc
212/0100364_2025_3_df_row.nc
212/0100367_2025_3_df_row.nc
212/0100370_2025_3_df_row.nc
212/0100374_2025_3_df_row.nc
212/0100377_2025_3_df_row.nc
212/0100380_2025_3_df_row.nc
212/0100381_2025_3_df_row.nc
212/0100382_2025_3_df_row.nc
212/0100385_2025_3_df_row.nc
212/0100389_2025_3_df_row.nc
212/0100390_2025_3_df_row.nc
212/0100394_2025_3_df_row.nc
212/0100398_2025_3_df_row.nc
212/0100401_2025_3_df_row.nc
212/0100402_2025_3_df_row.nc
212/0100403_2025_3_df_row.nc
212/0100404_2025_3_df_row.nc
212/0100408_2025_3_df_row.nc
212/0100409_2025_3_df_row.nc
212/0100411_2025_3_df_row.nc
212/0100412_2025_3_df_row.nc
212/0100419_2025_3_df_row.nc
212/0100424_2025_3_df_row.nc
212/0100429_2025_3_df_row.nc
212/0100431_2025_3_df_row.nc
212/0100433_2025_3_df_row.nc
212/0100441_2025_3_df_row.nc
212/0100444_2025_3_df_row.nc
212/0100445_2025_3_df_row.nc
212/0100446_2025_3_df_row.nc
212/0100447_2025_3_df_row.nc
212/0100450_2025_3_df_row.nc
212/0100451_2025_3_df_row.nc
212/0100452_2025_3_df_row.nc
212/0100453_2025_3_df_row.nc
212/0100454_2025_3_df_row.nc
212/0100456_2025_3_df_row.nc
212/0100457_2025_3_df_row.nc
212/0100459_2025_3_df_row.nc
212/0100462_2025_3_df_row.nc
212/0100464_2025_3_df_row.nc
212/0100466_2025_3_df_row.nc
212/0100469_2025_3_df_row.nc
212/0100473_2025_3_df_row.nc
212/0100477_2025_3_df_row.nc
212/0100478_2025_3_df_row.nc
212/0100479_2025_3_df_row.nc
212/0100481_2025_3_df_row.nc
212/0100486_2025_3_df_row.nc
All done with compression. Removing /cluster/tufts/capstone25skyblue/eelkus01/NEXRADTurbulencePrediction/model_inputs/212 directory
Deactivating conda environment (if any)
Purging all modules
Done! Environment has been torn down
All done!
