Resetting environment
Deactivating conda environment (if any)
Purging all modules
Done! Environment has been torn down
Allocating resources with slurm...
Loading cuda and miniforge...
Activating conda environment...
Redirecting into the NEXRAD repo...
Done! Environment has now been set up
Operating on 227
Making directory /cluster/tufts/capstone25skyblue/eelkus01/NEXRADTurbulencePrediction/model_inputs/227
Running radar_data_to_model_input on /cluster/tufts/capstone25skyblue/eelkus01/NEXRADTurbulencePrediction/radars/split_radar_data/part_227.csv
================================================================================
SCRIPT STARTED: radar_data_to_model_input.py
================================================================================
Python executable: /cluster/tufts/capstone25skyblue/condaenv26/nexrad_env/bin/python3
Python version: 3.12.12 | packaged by conda-forge | (main, Jan 26 2026, 23:51:32) [GCC 14.3.0]
Current working directory: /cluster/tufts/capstone25skyblue/eelkus01/NEXRADTurbulencePrediction
Number of arguments: 3
Arguments received: ['/cluster/tufts/capstone25skyblue/eelkus01/NEXRADTurbulencePrediction/radars/radar_data_to_model_input.py', '/cluster/tufts/capstone25skyblue/eelkus01/NEXRADTurbulencePrediction/radars/split_radar_data/part_227.csv', '/cluster/tufts/capstone25skyblue/eelkus01/NEXRADTurbulencePrediction/model_inputs/227']
Input file: /cluster/tufts/capstone25skyblue/eelkus01/NEXRADTurbulencePrediction/radars/split_radar_data/part_227.csv
Input file exists: True
Output directory: /cluster/tufts/capstone25skyblue/eelkus01/NEXRADTurbulencePrediction/model_inputs/227
Output directory exists: True
================================================================================

Reading from file: /cluster/tufts/capstone25skyblue/eelkus01/NEXRADTurbulencePrediction/radars/split_radar_data/part_227.csv and outputting to directory: /cluster/tufts/capstone25skyblue/eelkus01/NEXRADTurbulencePrediction/model_inputs/227
Error processing row 107129: Plane weight must be 'L', 'M', 'H' or 'U.
Completed 5% of df
Completed 10% of df
Completed 15% of df
Completed 20% of df
Completed 25% of df
Completed 30% of df
Completed 35% of df
Completed 40% of df
Completed 45% of df
Completed 50% of df
Completed 55% of df
Completed 60% of df
Completed 65% of df
Completed 70% of df
Error processing row 107450: Plane weight must be 'L', 'M', 'H' or 'U.
Completed 75% of df
Completed 80% of df
Completed 85% of df
Completed 90% of df
Completed 95% of df
Completed 100% of df
Finished running radar_data_to_model_input.py on part! Compressing output directory into /cluster/tufts/capstone25skyblue/eelkus01/NEXRADTurbulencePrediction/model_inputs/compressed/227.tar.xz
227/
227/0107125_2025_3_df_row.nc
227/0107126_2025_3_df_row.nc
227/0107127_2025_3_df_row.nc
227/0107133_2025_3_df_row.nc
227/0107134_2025_3_df_row.nc
227/0107137_2025_3_df_row.nc
227/0107138_2025_3_df_row.nc
227/0107139_2025_3_df_row.nc
227/0107140_2025_3_df_row.nc
227/0107141_2025_3_df_row.nc
227/0107142_2025_3_df_row.nc
227/0107144_2025_3_df_row.nc
227/0107145_2025_3_df_row.nc
227/0107147_2025_3_df_row.nc
227/0107150_2025_3_df_row.nc
227/0107153_2025_3_df_row.nc
227/0107154_2025_3_df_row.nc
227/0107155_2025_3_df_row.nc
227/0107156_2025_3_df_row.nc
227/0107157_2025_3_df_row.nc
227/0107161_2025_3_df_row.nc
227/0107163_2025_3_df_row.nc
227/0107164_2025_3_df_row.nc
227/0107165_2025_3_df_row.nc
227/0107166_2025_3_df_row.nc
227/0107167_2025_3_df_row.nc
227/0107168_2025_3_df_row.nc
227/0107169_2025_3_df_row.nc
227/0107170_2025_3_df_row.nc
227/0107171_2025_3_df_row.nc
227/0107175_2025_3_df_row.nc
227/0107176_2025_3_df_row.nc
227/0107177_2025_3_df_row.nc
227/0107178_2025_3_df_row.nc
227/0107179_2025_3_df_row.nc
227/0107180_2025_3_df_row.nc
227/0107182_2025_3_df_row.nc
227/0107183_2025_3_df_row.nc
227/0107189_2025_3_df_row.nc
227/0107191_2025_3_df_row.nc
227/0107192_2025_3_df_row.nc
227/0107198_2025_3_df_row.nc
227/0107199_2025_3_df_row.nc
227/0107200_2025_3_df_row.nc
227/0107201_2025_3_df_row.nc
227/0107202_2025_3_df_row.nc
227/0107203_2025_3_df_row.nc
227/0107204_2025_3_df_row.nc
227/0107205_2025_3_df_row.nc
227/0107206_2025_3_df_row.nc
227/0107209_2025_3_df_row.nc
227/0107211_2025_3_df_row.nc
227/0107212_2025_3_df_row.nc
227/0107213_2025_3_df_row.nc
227/0107214_2025_3_df_row.nc
227/0107216_2025_3_df_row.nc
227/0107218_2025_3_df_row.nc
227/0107222_2025_3_df_row.nc
227/0107223_2025_3_df_row.nc
227/0107224_2025_3_df_row.nc
227/0107226_2025_3_df_row.nc
227/0107229_2025_3_df_row.nc
227/0107230_2025_3_df_row.nc
227/0107231_2025_3_df_row.nc
227/0107233_2025_3_df_row.nc
227/0107234_2025_3_df_row.nc
227/0107236_2025_3_df_row.nc
227/0107237_2025_3_df_row.nc
227/0107242_2025_3_df_row.nc
227/0107243_2025_3_df_row.nc
227/0107244_2025_3_df_row.nc
227/0107248_2025_3_df_row.nc
227/0107253_2025_3_df_row.nc
227/0107254_2025_3_df_row.nc
227/0107255_2025_3_df_row.nc
227/0107261_2025_3_df_row.nc
227/0107262_2025_3_df_row.nc
227/0107263_2025_3_df_row.nc
227/0107264_2025_3_df_row.nc
227/0107266_2025_3_df_row.nc
227/0107268_2025_3_df_row.nc
227/0107269_2025_3_df_row.nc
227/0107271_2025_3_df_row.nc
227/0107273_2025_3_df_row.nc
227/0107276_2025_3_df_row.nc
227/0107277_2025_3_df_row.nc
227/0107279_2025_3_df_row.nc
227/0107281_2025_3_df_row.nc
227/0107282_2025_3_df_row.nc
227/0107283_2025_3_df_row.nc
227/0107285_2025_3_df_row.nc
227/0107287_2025_3_df_row.nc
227/0107288_2025_3_df_row.nc
227/0107289_2025_3_df_row.nc
227/0107290_2025_3_df_row.nc
227/0107291_2025_3_df_row.nc
227/0107293_2025_3_df_row.nc
227/0107294_2025_3_df_row.nc
227/0107295_2025_3_df_row.nc
227/0107297_2025_3_df_row.nc
227/0107298_2025_3_df_row.nc
227/0107299_2025_3_df_row.nc
227/0107300_2025_3_df_row.nc
227/0107302_2025_3_df_row.nc
227/0107308_2025_3_df_row.nc
227/0107310_2025_3_df_row.nc
227/0107311_2025_3_df_row.nc
227/0107312_2025_3_df_row.nc
227/0107313_2025_3_df_row.nc
227/0107316_2025_3_df_row.nc
227/0107319_2025_3_df_row.nc
227/0107320_2025_3_df_row.nc
227/0107321_2025_3_df_row.nc
227/0107324_2025_3_df_row.nc
227/0107334_2025_3_df_row.nc
227/0107335_2025_3_df_row.nc
227/0107337_2025_3_df_row.nc
227/0107338_2025_3_df_row.nc
227/0107339_2025_3_df_row.nc
227/0107340_2025_3_df_row.nc
227/0107341_2025_3_df_row.nc
227/0107346_2025_3_df_row.nc
227/0107347_2025_3_df_row.nc
227/0107348_2025_3_df_row.nc
227/0107350_2025_3_df_row.nc
227/0107351_2025_3_df_row.nc
227/0107352_2025_3_df_row.nc
227/0107355_2025_3_df_row.nc
227/0107357_2025_3_df_row.nc
227/0107360_2025_3_df_row.nc
227/0107361_2025_3_df_row.nc
227/0107363_2025_3_df_row.nc
227/0107364_2025_3_df_row.nc
227/0107365_2025_3_df_row.nc
227/0107369_2025_3_df_row.nc
227/0107370_2025_3_df_row.nc
227/0107371_2025_3_df_row.nc
227/0107372_2025_3_df_row.nc
227/0107374_2025_3_df_row.nc
227/0107376_2025_3_df_row.nc
227/0107377_2025_3_df_row.nc
227/0107380_2025_3_df_row.nc
227/0107381_2025_3_df_row.nc
227/0107382_2025_3_df_row.nc
227/0107383_2025_3_df_row.nc
227/0107384_2025_3_df_row.nc
227/0107386_2025_3_df_row.nc
227/0107387_2025_3_df_row.nc
227/0107389_2025_3_df_row.nc
227/0107390_2025_3_df_row.nc
227/0107392_2025_3_df_row.nc
227/0107395_2025_3_df_row.nc
227/0107396_2025_3_df_row.nc
227/0107397_2025_3_df_row.nc
227/0107398_2025_3_df_row.nc
227/0107404_2025_3_df_row.nc
227/0107405_2025_3_df_row.nc
227/0107406_2025_3_df_row.nc
227/0107407_2025_3_df_row.nc
227/0107409_2025_3_df_row.nc
227/0107412_2025_3_df_row.nc
227/0107414_2025_3_df_row.nc
227/0107415_2025_3_df_row.nc
227/0107416_2025_3_df_row.nc
227/0107417_2025_3_df_row.nc
227/0107422_2025_3_df_row.nc
227/0107424_2025_3_df_row.nc
227/0107426_2025_3_df_row.nc
227/0107427_2025_3_df_row.nc
227/0107429_2025_3_df_row.nc
227/0107430_2025_3_df_row.nc
227/0107431_2025_3_df_row.nc
227/0107433_2025_3_df_row.nc
227/0107435_2025_3_df_row.nc
227/0107436_2025_3_df_row.nc
227/0107437_2025_3_df_row.nc
227/0107442_2025_3_df_row.nc
227/0107443_2025_3_df_row.nc
227/0107444_2025_3_df_row.nc
227/0107446_2025_3_df_row.nc
227/0107447_2025_3_df_row.nc
227/0107448_2025_3_df_row.nc
227/0107449_2025_3_df_row.nc
227/0107452_2025_3_df_row.nc
227/0107453_2025_3_df_row.nc
227/0107462_2025_3_df_row.nc
227/0107463_2025_3_df_row.nc
227/0107464_2025_3_df_row.nc
227/0107465_2025_3_df_row.nc
227/0107466_2025_3_df_row.nc
227/0107467_2025_3_df_row.nc
227/0107469_2025_3_df_row.nc
227/0107470_2025_3_df_row.nc
227/0107472_2025_3_df_row.nc
227/0107473_2025_3_df_row.nc
227/0107475_2025_3_df_row.nc
227/0107476_2025_3_df_row.nc
227/0107479_2025_3_df_row.nc
227/0107488_2025_3_df_row.nc
227/0107489_2025_3_df_row.nc
227/0107491_2025_3_df_row.nc
227/0107494_2025_3_df_row.nc
227/0107497_2025_3_df_row.nc
227/0107499_2025_3_df_row.nc
227/0107501_2025_3_df_row.nc
227/0107503_2025_3_df_row.nc
227/0107504_2025_3_df_row.nc
227/0107506_2025_3_df_row.nc
227/0107507_2025_3_df_row.nc
227/0107508_2025_3_df_row.nc
227/0107509_2025_3_df_row.nc
227/0107510_2025_3_df_row.nc
227/0107513_2025_3_df_row.nc
227/0107514_2025_3_df_row.nc
227/0107516_2025_3_df_row.nc
227/0107518_2025_3_df_row.nc
227/0107519_2025_3_df_row.nc
227/0107520_2025_3_df_row.nc
227/0107523_2025_3_df_row.nc
227/0107524_2025_3_df_row.nc
227/0107531_2025_3_df_row.nc
227/0107532_2025_3_df_row.nc
227/0107539_2025_3_df_row.nc
227/0107540_2025_3_df_row.nc
227/0107541_2025_3_df_row.nc
227/0107542_2025_3_df_row.nc
227/0107543_2025_3_df_row.nc
227/0107544_2025_3_df_row.nc
227/0107545_2025_3_df_row.nc
227/0107546_2025_3_df_row.nc
227/0107553_2025_3_df_row.nc
227/0107557_2025_3_df_row.nc
227/0107558_2025_3_df_row.nc
227/0107560_2025_3_df_row.nc
227/0107563_2025_3_df_row.nc
227/0107564_2025_3_df_row.nc
227/0107567_2025_3_df_row.nc
227/0107568_2025_3_df_row.nc
227/0107569_2025_3_df_row.nc
227/0107572_2025_3_df_row.nc
227/0107573_2025_3_df_row.nc
227/0107575_2025_3_df_row.nc
227/0107577_2025_3_df_row.nc
227/0107582_2025_3_df_row.nc
227/0107586_2025_3_df_row.nc
227/0107589_2025_3_df_row.nc
227/0107591_2025_3_df_row.nc
227/0107592_2025_3_df_row.nc
227/0107594_2025_3_df_row.nc
227/0107597_2025_3_df_row.nc
All done with compression. Removing /cluster/tufts/capstone25skyblue/eelkus01/NEXRADTurbulencePrediction/model_inputs/227 directory
Deactivating conda environment (if any)
Purging all modules
Done! Environment has been torn down
All done!
