Resetting environment
Deactivating conda environment (if any)
Purging all modules
Done! Environment has been torn down
Allocating resources with slurm...
Loading cuda and miniforge...
Activating conda environment...
Redirecting into the NEXRAD repo...
Done! Environment has now been set up
Operating on 224
Making directory /cluster/tufts/capstone25skyblue/eelkus01/NEXRADTurbulencePrediction/model_inputs/224
Running radar_data_to_model_input on /cluster/tufts/capstone25skyblue/eelkus01/NEXRADTurbulencePrediction/radars/split_radar_data/part_224.csv
================================================================================
SCRIPT STARTED: radar_data_to_model_input.py
================================================================================
Python executable: /cluster/tufts/capstone25skyblue/condaenv26/nexrad_env/bin/python3
Python version: 3.12.12 | packaged by conda-forge | (main, Jan 26 2026, 23:51:32) [GCC 14.3.0]
Current working directory: /cluster/tufts/capstone25skyblue/eelkus01/NEXRADTurbulencePrediction
Number of arguments: 3
Arguments received: ['/cluster/tufts/capstone25skyblue/eelkus01/NEXRADTurbulencePrediction/radars/radar_data_to_model_input.py', '/cluster/tufts/capstone25skyblue/eelkus01/NEXRADTurbulencePrediction/radars/split_radar_data/part_224.csv', '/cluster/tufts/capstone25skyblue/eelkus01/NEXRADTurbulencePrediction/model_inputs/224']
Input file: /cluster/tufts/capstone25skyblue/eelkus01/NEXRADTurbulencePrediction/radars/split_radar_data/part_224.csv
Input file exists: True
Output directory: /cluster/tufts/capstone25skyblue/eelkus01/NEXRADTurbulencePrediction/model_inputs/224
Output directory exists: True
================================================================================

Reading from file: /cluster/tufts/capstone25skyblue/eelkus01/NEXRADTurbulencePrediction/radars/split_radar_data/part_224.csv and outputting to directory: /cluster/tufts/capstone25skyblue/eelkus01/NEXRADTurbulencePrediction/model_inputs/224
Completed 5% of df
Completed 10% of df
Completed 15% of df
Completed 20% of df
Completed 25% of df
Completed 30% of df
Completed 35% of df
Completed 40% of df
Completed 45% of df
Completed 50% of df
Completed 55% of df
Completed 60% of df
Completed 65% of df
Error processing row 106022: Plane weight must be 'L', 'M', 'H' or 'U.
Completed 70% of df
Completed 75% of df
Completed 80% of df
Completed 85% of df
ERROR: Failed to read radar file s3://unidata-nexrad-level2/2025/03/25/KPUX/KPUX20250325_221916_V06: IndexError: index 0 is out of bounds for axis 0 with size 0
Completed 90% of df
Completed 95% of df
Completed 100% of df
Finished running radar_data_to_model_input.py on part! Compressing output directory into /cluster/tufts/capstone25skyblue/eelkus01/NEXRADTurbulencePrediction/model_inputs/compressed/224.tar.xz
224/
224/0105702_2025_3_df_row.nc
224/0105703_2025_3_df_row.nc
224/0105709_2025_3_df_row.nc
224/0105712_2025_3_df_row.nc
224/0105715_2025_3_df_row.nc
224/0105716_2025_3_df_row.nc
224/0105717_2025_3_df_row.nc
224/0105719_2025_3_df_row.nc
224/0105720_2025_3_df_row.nc
224/0105722_2025_3_df_row.nc
224/0105728_2025_3_df_row.nc
224/0105729_2025_3_df_row.nc
224/0105731_2025_3_df_row.nc
224/0105733_2025_3_df_row.nc
224/0105735_2025_3_df_row.nc
224/0105736_2025_3_df_row.nc
224/0105738_2025_3_df_row.nc
224/0105740_2025_3_df_row.nc
224/0105741_2025_3_df_row.nc
224/0105742_2025_3_df_row.nc
224/0105743_2025_3_df_row.nc
224/0105744_2025_3_df_row.nc
224/0105745_2025_3_df_row.nc
224/0105748_2025_3_df_row.nc
224/0105749_2025_3_df_row.nc
224/0105750_2025_3_df_row.nc
224/0105753_2025_3_df_row.nc
224/0105754_2025_3_df_row.nc
224/0105755_2025_3_df_row.nc
224/0105756_2025_3_df_row.nc
224/0105757_2025_3_df_row.nc
224/0105758_2025_3_df_row.nc
224/0105759_2025_3_df_row.nc
224/0105762_2025_3_df_row.nc
224/0105763_2025_3_df_row.nc
224/0105765_2025_3_df_row.nc
224/0105766_2025_3_df_row.nc
224/0105768_2025_3_df_row.nc
224/0105769_2025_3_df_row.nc
224/0105770_2025_3_df_row.nc
224/0105771_2025_3_df_row.nc
224/0105772_2025_3_df_row.nc
224/0105774_2025_3_df_row.nc
224/0105790_2025_3_df_row.nc
224/0105791_2025_3_df_row.nc
224/0105793_2025_3_df_row.nc
224/0105794_2025_3_df_row.nc
224/0105795_2025_3_df_row.nc
224/0105797_2025_3_df_row.nc
224/0105798_2025_3_df_row.nc
224/0105803_2025_3_df_row.nc
224/0105805_2025_3_df_row.nc
224/0105806_2025_3_df_row.nc
224/0105809_2025_3_df_row.nc
224/0105811_2025_3_df_row.nc
224/0105812_2025_3_df_row.nc
224/0105813_2025_3_df_row.nc
224/0105815_2025_3_df_row.nc
224/0105818_2025_3_df_row.nc
224/0105819_2025_3_df_row.nc
224/0105820_2025_3_df_row.nc
224/0105821_2025_3_df_row.nc
224/0105822_2025_3_df_row.nc
224/0105825_2025_3_df_row.nc
224/0105826_2025_3_df_row.nc
224/0105828_2025_3_df_row.nc
224/0105829_2025_3_df_row.nc
224/0105832_2025_3_df_row.nc
224/0105833_2025_3_df_row.nc
224/0105834_2025_3_df_row.nc
224/0105835_2025_3_df_row.nc
224/0105836_2025_3_df_row.nc
224/0105837_2025_3_df_row.nc
224/0105838_2025_3_df_row.nc
224/0105840_2025_3_df_row.nc
224/0105845_2025_3_df_row.nc
224/0105846_2025_3_df_row.nc
224/0105847_2025_3_df_row.nc
224/0105849_2025_3_df_row.nc
224/0105850_2025_3_df_row.nc
224/0105851_2025_3_df_row.nc
224/0105852_2025_3_df_row.nc
224/0105853_2025_3_df_row.nc
224/0105855_2025_3_df_row.nc
224/0105856_2025_3_df_row.nc
224/0105857_2025_3_df_row.nc
224/0105858_2025_3_df_row.nc
224/0105859_2025_3_df_row.nc
224/0105860_2025_3_df_row.nc
224/0105861_2025_3_df_row.nc
224/0105862_2025_3_df_row.nc
224/0105864_2025_3_df_row.nc
224/0105868_2025_3_df_row.nc
224/0105869_2025_3_df_row.nc
224/0105870_2025_3_df_row.nc
224/0105871_2025_3_df_row.nc
224/0105873_2025_3_df_row.nc
224/0105874_2025_3_df_row.nc
224/0105877_2025_3_df_row.nc
224/0105878_2025_3_df_row.nc
224/0105879_2025_3_df_row.nc
224/0105880_2025_3_df_row.nc
224/0105882_2025_3_df_row.nc
224/0105884_2025_3_df_row.nc
224/0105889_2025_3_df_row.nc
224/0105891_2025_3_df_row.nc
224/0105894_2025_3_df_row.nc
224/0105900_2025_3_df_row.nc
224/0105901_2025_3_df_row.nc
224/0105902_2025_3_df_row.nc
224/0105903_2025_3_df_row.nc
224/0105904_2025_3_df_row.nc
224/0105905_2025_3_df_row.nc
224/0105906_2025_3_df_row.nc
224/0105910_2025_3_df_row.nc
224/0105911_2025_3_df_row.nc
224/0105913_2025_3_df_row.nc
224/0105914_2025_3_df_row.nc
224/0105915_2025_3_df_row.nc
224/0105916_2025_3_df_row.nc
224/0105917_2025_3_df_row.nc
224/0105918_2025_3_df_row.nc
224/0105920_2025_3_df_row.nc
224/0105927_2025_3_df_row.nc
224/0105928_2025_3_df_row.nc
224/0105930_2025_3_df_row.nc
224/0105933_2025_3_df_row.nc
224/0105934_2025_3_df_row.nc
224/0105935_2025_3_df_row.nc
224/0105939_2025_3_df_row.nc
224/0105943_2025_3_df_row.nc
224/0105944_2025_3_df_row.nc
224/0105945_2025_3_df_row.nc
224/0105947_2025_3_df_row.nc
224/0105948_2025_3_df_row.nc
224/0105950_2025_3_df_row.nc
224/0105957_2025_3_df_row.nc
224/0105958_2025_3_df_row.nc
224/0105962_2025_3_df_row.nc
224/0105963_2025_3_df_row.nc
224/0105968_2025_3_df_row.nc
224/0105970_2025_3_df_row.nc
224/0105971_2025_3_df_row.nc
224/0105973_2025_3_df_row.nc
224/0105975_2025_3_df_row.nc
224/0105977_2025_3_df_row.nc
224/0105979_2025_3_df_row.nc
224/0105981_2025_3_df_row.nc
224/0105982_2025_3_df_row.nc
224/0105983_2025_3_df_row.nc
224/0105984_2025_3_df_row.nc
224/0105985_2025_3_df_row.nc
224/0105988_2025_3_df_row.nc
224/0105994_2025_3_df_row.nc
224/0105997_2025_3_df_row.nc
224/0106000_2025_3_df_row.nc
224/0106001_2025_3_df_row.nc
224/0106003_2025_3_df_row.nc
224/0106009_2025_3_df_row.nc
224/0106010_2025_3_df_row.nc
224/0106012_2025_3_df_row.nc
224/0106016_2025_3_df_row.nc
224/0106017_2025_3_df_row.nc
224/0106019_2025_3_df_row.nc
224/0106020_2025_3_df_row.nc
224/0106021_2025_3_df_row.nc
224/0106026_2025_3_df_row.nc
224/0106027_2025_3_df_row.nc
224/0106029_2025_3_df_row.nc
224/0106030_2025_3_df_row.nc
224/0106031_2025_3_df_row.nc
224/0106033_2025_3_df_row.nc
224/0106034_2025_3_df_row.nc
224/0106035_2025_3_df_row.nc
224/0106037_2025_3_df_row.nc
224/0106039_2025_3_df_row.nc
224/0106040_2025_3_df_row.nc
224/0106041_2025_3_df_row.nc
224/0106043_2025_3_df_row.nc
224/0106046_2025_3_df_row.nc
224/0106049_2025_3_df_row.nc
224/0106051_2025_3_df_row.nc
224/0106054_2025_3_df_row.nc
224/0106055_2025_3_df_row.nc
224/0106056_2025_3_df_row.nc
224/0106059_2025_3_df_row.nc
224/0106062_2025_3_df_row.nc
224/0106063_2025_3_df_row.nc
224/0106064_2025_3_df_row.nc
224/0106065_2025_3_df_row.nc
224/0106069_2025_3_df_row.nc
224/0106070_2025_3_df_row.nc
224/0106071_2025_3_df_row.nc
224/0106072_2025_3_df_row.nc
224/0106073_2025_3_df_row.nc
224/0106075_2025_3_df_row.nc
224/0106076_2025_3_df_row.nc
224/0106081_2025_3_df_row.nc
224/0106083_2025_3_df_row.nc
224/0106084_2025_3_df_row.nc
224/0106086_2025_3_df_row.nc
224/0106090_2025_3_df_row.nc
224/0106095_2025_3_df_row.nc
224/0106100_2025_3_df_row.nc
224/0106101_2025_3_df_row.nc
224/0106106_2025_3_df_row.nc
224/0106108_2025_3_df_row.nc
224/0106109_2025_3_df_row.nc
224/0106110_2025_3_df_row.nc
224/0106111_2025_3_df_row.nc
224/0106117_2025_3_df_row.nc
224/0106118_2025_3_df_row.nc
224/0106121_2025_3_df_row.nc
224/0106123_2025_3_df_row.nc
224/0106124_2025_3_df_row.nc
224/0106127_2025_3_df_row.nc
224/0106130_2025_3_df_row.nc
224/0106132_2025_3_df_row.nc
224/0106133_2025_3_df_row.nc
224/0106134_2025_3_df_row.nc
224/0106139_2025_3_df_row.nc
224/0106140_2025_3_df_row.nc
224/0106143_2025_3_df_row.nc
224/0106148_2025_3_df_row.nc
224/0106149_2025_3_df_row.nc
224/0106150_2025_3_df_row.nc
224/0106152_2025_3_df_row.nc
224/0106155_2025_3_df_row.nc
224/0106158_2025_3_df_row.nc
224/0106162_2025_3_df_row.nc
224/0106163_2025_3_df_row.nc
224/0106164_2025_3_df_row.nc
224/0106167_2025_3_df_row.nc
224/0106171_2025_3_df_row.nc
224/0106174_2025_3_df_row.nc
All done with compression. Removing /cluster/tufts/capstone25skyblue/eelkus01/NEXRADTurbulencePrediction/model_inputs/224 directory
Deactivating conda environment (if any)
Purging all modules
Done! Environment has been torn down
All done!
