Resetting environment
Deactivating conda environment (if any)
Purging all modules
Done! Environment has been torn down
Allocating resources with slurm...
Loading cuda and miniforge...
Activating conda environment...
Redirecting into the NEXRAD repo...
Done! Environment has now been set up
Operating on 078
Making directory /cluster/tufts/capstone25skyblue/eelkus01/NEXRADTurbulencePrediction/model_inputs/078
Running radar_data_to_model_input on /cluster/tufts/capstone25skyblue/eelkus01/NEXRADTurbulencePrediction/radars/split_radar_data/part_078.csv
================================================================================
SCRIPT STARTED: radar_data_to_model_input.py
================================================================================
Python executable: /cluster/tufts/capstone25skyblue/condaenv26/nexrad_env/bin/python3
Python version: 3.12.12 | packaged by conda-forge | (main, Jan 26 2026, 23:51:32) [GCC 14.3.0]
Current working directory: /cluster/tufts/capstone25skyblue/eelkus01/NEXRADTurbulencePrediction
Number of arguments: 3
Arguments received: ['/cluster/tufts/capstone25skyblue/eelkus01/NEXRADTurbulencePrediction/radars/radar_data_to_model_input.py', '/cluster/tufts/capstone25skyblue/eelkus01/NEXRADTurbulencePrediction/radars/split_radar_data/part_078.csv', '/cluster/tufts/capstone25skyblue/eelkus01/NEXRADTurbulencePrediction/model_inputs/078']
Input file: /cluster/tufts/capstone25skyblue/eelkus01/NEXRADTurbulencePrediction/radars/split_radar_data/part_078.csv
Input file exists: True
Output directory: /cluster/tufts/capstone25skyblue/eelkus01/NEXRADTurbulencePrediction/model_inputs/078
Output directory exists: True
================================================================================

Reading from file: /cluster/tufts/capstone25skyblue/eelkus01/NEXRADTurbulencePrediction/radars/split_radar_data/part_078.csv and outputting to directory: /cluster/tufts/capstone25skyblue/eelkus01/NEXRADTurbulencePrediction/model_inputs/078
Completed 5% of df
Completed 10% of df
Completed 15% of df
Completed 20% of df
Completed 25% of df
Completed 30% of df
Completed 35% of df
Completed 40% of df
Completed 45% of df
ERROR: Failed to read radar file s3://unidata-nexrad-level2/2024/02/23/KCAE/KCAE20240223_111509_V06: IndexError: index 0 is out of bounds for axis 0 with size 0
Completed 50% of df
ERROR: Failed to read radar file s3://unidata-nexrad-level2/2024/02/23/KCAE/KCAE20240223_112327_V06: IndexError: index 0 is out of bounds for axis 0 with size 0
Completed 55% of df
Completed 60% of df
Completed 65% of df
Completed 70% of df
Completed 75% of df
Completed 80% of df
Completed 85% of df
Completed 90% of df
Completed 95% of df
Completed 100% of df
Finished running radar_data_to_model_input.py on part! Compressing output directory into /cluster/tufts/capstone25skyblue/eelkus01/NEXRADTurbulencePrediction/model_inputs/compressed/078.tar.xz
078/
078/0036498_2024_2_df_row.nc
078/0036499_2024_2_df_row.nc
078/0036510_2024_2_df_row.nc
078/0036511_2024_2_df_row.nc
078/0036515_2024_2_df_row.nc
078/0036516_2024_2_df_row.nc
078/0036520_2024_2_df_row.nc
078/0036524_2024_2_df_row.nc
078/0036525_2024_2_df_row.nc
078/0036526_2024_2_df_row.nc
078/0036530_2024_2_df_row.nc
078/0036532_2024_2_df_row.nc
078/0036534_2024_2_df_row.nc
078/0036535_2024_2_df_row.nc
078/0036537_2024_2_df_row.nc
078/0036542_2024_2_df_row.nc
078/0036545_2024_2_df_row.nc
078/0036546_2024_2_df_row.nc
078/0036548_2024_2_df_row.nc
078/0036549_2024_2_df_row.nc
078/0036554_2024_2_df_row.nc
078/0036556_2024_2_df_row.nc
078/0036558_2024_2_df_row.nc
078/0036562_2024_2_df_row.nc
078/0036563_2024_2_df_row.nc
078/0036565_2024_2_df_row.nc
078/0036566_2024_2_df_row.nc
078/0036567_2024_2_df_row.nc
078/0036570_2024_2_df_row.nc
078/0036572_2024_2_df_row.nc
078/0036577_2024_2_df_row.nc
078/0036578_2024_2_df_row.nc
078/0036580_2024_2_df_row.nc
078/0036581_2024_2_df_row.nc
078/0036585_2024_2_df_row.nc
078/0036586_2024_2_df_row.nc
078/0036587_2024_2_df_row.nc
078/0036589_2024_2_df_row.nc
078/0036590_2024_2_df_row.nc
078/0036591_2024_2_df_row.nc
078/0036592_2024_2_df_row.nc
078/0036593_2024_2_df_row.nc
078/0036597_2024_2_df_row.nc
078/0036598_2024_2_df_row.nc
078/0036599_2024_2_df_row.nc
078/0036604_2024_2_df_row.nc
078/0036605_2024_2_df_row.nc
078/0036613_2024_2_df_row.nc
078/0036615_2024_2_df_row.nc
078/0036616_2024_2_df_row.nc
078/0036622_2024_2_df_row.nc
078/0036625_2024_2_df_row.nc
078/0036637_2024_2_df_row.nc
078/0036641_2024_2_df_row.nc
078/0036645_2024_2_df_row.nc
078/0036646_2024_2_df_row.nc
078/0036647_2024_2_df_row.nc
078/0036648_2024_2_df_row.nc
078/0036651_2024_2_df_row.nc
078/0036652_2024_2_df_row.nc
078/0036654_2024_2_df_row.nc
078/0036656_2024_2_df_row.nc
078/0036657_2024_2_df_row.nc
078/0036664_2024_2_df_row.nc
078/0036671_2024_2_df_row.nc
078/0036672_2024_2_df_row.nc
078/0036677_2024_2_df_row.nc
078/0036682_2024_2_df_row.nc
078/0036683_2024_2_df_row.nc
078/0036684_2024_2_df_row.nc
078/0036686_2024_2_df_row.nc
078/0036691_2024_2_df_row.nc
078/0036693_2024_2_df_row.nc
078/0036699_2024_2_df_row.nc
078/0036700_2024_2_df_row.nc
078/0036701_2024_2_df_row.nc
078/0036702_2024_2_df_row.nc
078/0036704_2024_2_df_row.nc
078/0036706_2024_2_df_row.nc
078/0036707_2024_2_df_row.nc
078/0036708_2024_2_df_row.nc
078/0036711_2024_2_df_row.nc
078/0036713_2024_2_df_row.nc
078/0036714_2024_2_df_row.nc
078/0036715_2024_2_df_row.nc
078/0036716_2024_2_df_row.nc
078/0036718_2024_2_df_row.nc
078/0036720_2024_2_df_row.nc
078/0036721_2024_2_df_row.nc
078/0036723_2024_2_df_row.nc
078/0036726_2024_2_df_row.nc
078/0036727_2024_2_df_row.nc
078/0036728_2024_2_df_row.nc
078/0036729_2024_2_df_row.nc
078/0036734_2024_2_df_row.nc
078/0036736_2024_2_df_row.nc
078/0036739_2024_2_df_row.nc
078/0036741_2024_2_df_row.nc
078/0036742_2024_2_df_row.nc
078/0036744_2024_2_df_row.nc
078/0036745_2024_2_df_row.nc
078/0036746_2024_2_df_row.nc
078/0036747_2024_2_df_row.nc
078/0036748_2024_2_df_row.nc
078/0036749_2024_2_df_row.nc
078/0036751_2024_2_df_row.nc
078/0036756_2024_2_df_row.nc
078/0036763_2024_2_df_row.nc
078/0036764_2024_2_df_row.nc
078/0036765_2024_2_df_row.nc
078/0036766_2024_2_df_row.nc
078/0036768_2024_2_df_row.nc
078/0036772_2024_2_df_row.nc
078/0036774_2024_2_df_row.nc
078/0036775_2024_2_df_row.nc
078/0036777_2024_2_df_row.nc
078/0036778_2024_2_df_row.nc
078/0036779_2024_2_df_row.nc
078/0036780_2024_2_df_row.nc
078/0036783_2024_2_df_row.nc
078/0036785_2024_2_df_row.nc
078/0036786_2024_2_df_row.nc
078/0036787_2024_2_df_row.nc
078/0036788_2024_2_df_row.nc
078/0036793_2024_2_df_row.nc
078/0036796_2024_2_df_row.nc
078/0036797_2024_2_df_row.nc
078/0036802_2024_2_df_row.nc
078/0036803_2024_2_df_row.nc
078/0036807_2024_2_df_row.nc
078/0036808_2024_2_df_row.nc
078/0036809_2024_2_df_row.nc
078/0036812_2024_2_df_row.nc
078/0036813_2024_2_df_row.nc
078/0036814_2024_2_df_row.nc
078/0036817_2024_2_df_row.nc
078/0036819_2024_2_df_row.nc
078/0036826_2024_2_df_row.nc
078/0036829_2024_2_df_row.nc
078/0036832_2024_2_df_row.nc
078/0036834_2024_2_df_row.nc
078/0036835_2024_2_df_row.nc
078/0036838_2024_2_df_row.nc
078/0036839_2024_2_df_row.nc
078/0036841_2024_2_df_row.nc
078/0036844_2024_2_df_row.nc
078/0036849_2024_2_df_row.nc
078/0036852_2024_2_df_row.nc
078/0036854_2024_2_df_row.nc
078/0036855_2024_2_df_row.nc
078/0036860_2024_2_df_row.nc
078/0036863_2024_2_df_row.nc
078/0036871_2024_2_df_row.nc
078/0036881_2024_2_df_row.nc
078/0036884_2024_2_df_row.nc
078/0036889_2024_2_df_row.nc
078/0036890_2024_2_df_row.nc
078/0036893_2024_2_df_row.nc
078/0036896_2024_2_df_row.nc
078/0036897_2024_2_df_row.nc
078/0036903_2024_2_df_row.nc
078/0036905_2024_2_df_row.nc
078/0036907_2024_2_df_row.nc
078/0036910_2024_2_df_row.nc
078/0036911_2024_2_df_row.nc
078/0036913_2024_2_df_row.nc
078/0036917_2024_2_df_row.nc
078/0036925_2024_2_df_row.nc
078/0036929_2024_2_df_row.nc
078/0036930_2024_2_df_row.nc
078/0036932_2024_2_df_row.nc
078/0036933_2024_2_df_row.nc
078/0036935_2024_2_df_row.nc
078/0036936_2024_2_df_row.nc
078/0036939_2024_2_df_row.nc
078/0036941_2024_2_df_row.nc
078/0036942_2024_2_df_row.nc
078/0036945_2024_2_df_row.nc
078/0036947_2024_2_df_row.nc
078/0036948_2024_2_df_row.nc
078/0036949_2024_2_df_row.nc
078/0036955_2024_2_df_row.nc
078/0036957_2024_2_df_row.nc
078/0036962_2024_2_df_row.nc
078/0036964_2024_2_df_row.nc
078/0036966_2024_2_df_row.nc
078/0036968_2024_2_df_row.nc
078/0036969_2024_2_df_row.nc
078/0036970_2024_2_df_row.nc
All done with compression. Removing /cluster/tufts/capstone25skyblue/eelkus01/NEXRADTurbulencePrediction/model_inputs/078 directory
Deactivating conda environment (if any)
Purging all modules
Done! Environment has been torn down
All done!
