Resetting environment
Deactivating conda environment (if any)
Purging all modules
Done! Environment has been torn down
Allocating resources with slurm...
Loading cuda and miniforge...
Activating conda environment...
Redirecting into the NEXRAD repo...
Done! Environment has now been set up
Operating on 080
Making directory /cluster/tufts/capstone25skyblue/eelkus01/NEXRADTurbulencePrediction/model_inputs/080
Running radar_data_to_model_input on /cluster/tufts/capstone25skyblue/eelkus01/NEXRADTurbulencePrediction/radars/split_radar_data/part_080.csv
================================================================================
SCRIPT STARTED: radar_data_to_model_input.py
================================================================================
Python executable: /cluster/tufts/capstone25skyblue/condaenv26/nexrad_env/bin/python3
Python version: 3.12.12 | packaged by conda-forge | (main, Jan 26 2026, 23:51:32) [GCC 14.3.0]
Current working directory: /cluster/tufts/capstone25skyblue/eelkus01/NEXRADTurbulencePrediction
Number of arguments: 3
Arguments received: ['/cluster/tufts/capstone25skyblue/eelkus01/NEXRADTurbulencePrediction/radars/radar_data_to_model_input.py', '/cluster/tufts/capstone25skyblue/eelkus01/NEXRADTurbulencePrediction/radars/split_radar_data/part_080.csv', '/cluster/tufts/capstone25skyblue/eelkus01/NEXRADTurbulencePrediction/model_inputs/080']
Input file: /cluster/tufts/capstone25skyblue/eelkus01/NEXRADTurbulencePrediction/radars/split_radar_data/part_080.csv
Input file exists: True
Output directory: /cluster/tufts/capstone25skyblue/eelkus01/NEXRADTurbulencePrediction/model_inputs/080
Output directory exists: True
================================================================================

Reading from file: /cluster/tufts/capstone25skyblue/eelkus01/NEXRADTurbulencePrediction/radars/split_radar_data/part_080.csv and outputting to directory: /cluster/tufts/capstone25skyblue/eelkus01/NEXRADTurbulencePrediction/model_inputs/080
Completed 5% of df
Completed 10% of df
Completed 15% of df
Completed 20% of df
Completed 25% of df
Completed 30% of df
Completed 35% of df
Completed 40% of df
ERROR: Failed to read radar file s3://unidata-nexrad-level2/2024/02/23/KCAE/KCAE20240223_204310_V06: IndexError: index 0 is out of bounds for axis 0 with size 0
Completed 45% of df
Completed 50% of df
Completed 55% of df
Completed 60% of df
ERROR: Failed to read radar file s3://unidata-nexrad-level2/2024/02/23/KCAE/KCAE20240223_211952_V06: IndexError: index 0 is out of bounds for axis 0 with size 0
Completed 65% of df
Completed 70% of df
Completed 75% of df
Completed 80% of df
Completed 85% of df
Completed 90% of df
Completed 95% of df
Completed 100% of df
Finished running radar_data_to_model_input.py on part! Compressing output directory into /cluster/tufts/capstone25skyblue/eelkus01/NEXRADTurbulencePrediction/model_inputs/compressed/080.tar.xz
080/
080/0037449_2024_2_df_row.nc
080/0037450_2024_2_df_row.nc
080/0037451_2024_2_df_row.nc
080/0037453_2024_2_df_row.nc
080/0037455_2024_2_df_row.nc
080/0037458_2024_2_df_row.nc
080/0037459_2024_2_df_row.nc
080/0037469_2024_2_df_row.nc
080/0037472_2024_2_df_row.nc
080/0037473_2024_2_df_row.nc
080/0037474_2024_2_df_row.nc
080/0037475_2024_2_df_row.nc
080/0037478_2024_2_df_row.nc
080/0037480_2024_2_df_row.nc
080/0037481_2024_2_df_row.nc
080/0037484_2024_2_df_row.nc
080/0037490_2024_2_df_row.nc
080/0037492_2024_2_df_row.nc
080/0037493_2024_2_df_row.nc
080/0037494_2024_2_df_row.nc
080/0037496_2024_2_df_row.nc
080/0037499_2024_2_df_row.nc
080/0037501_2024_2_df_row.nc
080/0037502_2024_2_df_row.nc
080/0037503_2024_2_df_row.nc
080/0037504_2024_2_df_row.nc
080/0037507_2024_2_df_row.nc
080/0037509_2024_2_df_row.nc
080/0037510_2024_2_df_row.nc
080/0037511_2024_2_df_row.nc
080/0037515_2024_2_df_row.nc
080/0037518_2024_2_df_row.nc
080/0037520_2024_2_df_row.nc
080/0037521_2024_2_df_row.nc
080/0037523_2024_2_df_row.nc
080/0037525_2024_2_df_row.nc
080/0037529_2024_2_df_row.nc
080/0037530_2024_2_df_row.nc
080/0037532_2024_2_df_row.nc
080/0037535_2024_2_df_row.nc
080/0037536_2024_2_df_row.nc
080/0037537_2024_2_df_row.nc
080/0037539_2024_2_df_row.nc
080/0037542_2024_2_df_row.nc
080/0037543_2024_2_df_row.nc
080/0037546_2024_2_df_row.nc
080/0037547_2024_2_df_row.nc
080/0037548_2024_2_df_row.nc
080/0037549_2024_2_df_row.nc
080/0037553_2024_2_df_row.nc
080/0037554_2024_2_df_row.nc
080/0037555_2024_2_df_row.nc
080/0037558_2024_2_df_row.nc
080/0037560_2024_2_df_row.nc
080/0037561_2024_2_df_row.nc
080/0037565_2024_2_df_row.nc
080/0037566_2024_2_df_row.nc
080/0037567_2024_2_df_row.nc
080/0037568_2024_2_df_row.nc
080/0037571_2024_2_df_row.nc
080/0037573_2024_2_df_row.nc
080/0037576_2024_2_df_row.nc
080/0037578_2024_2_df_row.nc
080/0037583_2024_2_df_row.nc
080/0037584_2024_2_df_row.nc
080/0037585_2024_2_df_row.nc
080/0037591_2024_2_df_row.nc
080/0037593_2024_2_df_row.nc
080/0037594_2024_2_df_row.nc
080/0037596_2024_2_df_row.nc
080/0037597_2024_2_df_row.nc
080/0037598_2024_2_df_row.nc
080/0037599_2024_2_df_row.nc
080/0037600_2024_2_df_row.nc
080/0037601_2024_2_df_row.nc
080/0037602_2024_2_df_row.nc
080/0037603_2024_2_df_row.nc
080/0037605_2024_2_df_row.nc
080/0037607_2024_2_df_row.nc
080/0037609_2024_2_df_row.nc
080/0037610_2024_2_df_row.nc
080/0037611_2024_2_df_row.nc
080/0037616_2024_2_df_row.nc
080/0037618_2024_2_df_row.nc
080/0037619_2024_2_df_row.nc
080/0037621_2024_2_df_row.nc
080/0037623_2024_2_df_row.nc
080/0037624_2024_2_df_row.nc
080/0037626_2024_2_df_row.nc
080/0037628_2024_2_df_row.nc
080/0037629_2024_2_df_row.nc
080/0037630_2024_2_df_row.nc
080/0037635_2024_2_df_row.nc
080/0037636_2024_2_df_row.nc
080/0037642_2024_2_df_row.nc
080/0037643_2024_2_df_row.nc
080/0037644_2024_2_df_row.nc
080/0037647_2024_2_df_row.nc
080/0037648_2024_2_df_row.nc
080/0037649_2024_2_df_row.nc
080/0037650_2024_2_df_row.nc
080/0037652_2024_2_df_row.nc
080/0037653_2024_2_df_row.nc
080/0037655_2024_2_df_row.nc
080/0037656_2024_2_df_row.nc
080/0037657_2024_2_df_row.nc
080/0037658_2024_2_df_row.nc
080/0037660_2024_2_df_row.nc
080/0037662_2024_2_df_row.nc
080/0037663_2024_2_df_row.nc
080/0037664_2024_2_df_row.nc
080/0037665_2024_2_df_row.nc
080/0037668_2024_2_df_row.nc
080/0037670_2024_2_df_row.nc
080/0037672_2024_2_df_row.nc
080/0037673_2024_2_df_row.nc
080/0037674_2024_2_df_row.nc
080/0037675_2024_2_df_row.nc
080/0037678_2024_2_df_row.nc
080/0037681_2024_2_df_row.nc
080/0037682_2024_2_df_row.nc
080/0037684_2024_2_df_row.nc
080/0037692_2024_2_df_row.nc
080/0037693_2024_2_df_row.nc
080/0037694_2024_2_df_row.nc
080/0037697_2024_2_df_row.nc
080/0037701_2024_2_df_row.nc
080/0037702_2024_2_df_row.nc
080/0037704_2024_2_df_row.nc
080/0037706_2024_2_df_row.nc
080/0037707_2024_2_df_row.nc
080/0037708_2024_2_df_row.nc
080/0037709_2024_2_df_row.nc
080/0037713_2024_2_df_row.nc
080/0037714_2024_2_df_row.nc
080/0037715_2024_2_df_row.nc
080/0037716_2024_2_df_row.nc
080/0037717_2024_2_df_row.nc
080/0037718_2024_2_df_row.nc
080/0037720_2024_2_df_row.nc
080/0037721_2024_2_df_row.nc
080/0037722_2024_2_df_row.nc
080/0037723_2024_2_df_row.nc
080/0037732_2024_2_df_row.nc
080/0037737_2024_2_df_row.nc
080/0037741_2024_2_df_row.nc
080/0037744_2024_2_df_row.nc
080/0037745_2024_2_df_row.nc
080/0037747_2024_2_df_row.nc
080/0037750_2024_2_df_row.nc
080/0037754_2024_2_df_row.nc
080/0037755_2024_2_df_row.nc
080/0037758_2024_2_df_row.nc
080/0037760_2024_2_df_row.nc
080/0037761_2024_2_df_row.nc
080/0037764_2024_2_df_row.nc
080/0037766_2024_2_df_row.nc
080/0037768_2024_2_df_row.nc
080/0037774_2024_2_df_row.nc
080/0037776_2024_2_df_row.nc
080/0037777_2024_2_df_row.nc
080/0037778_2024_2_df_row.nc
080/0037779_2024_2_df_row.nc
080/0037780_2024_2_df_row.nc
080/0037781_2024_2_df_row.nc
080/0037782_2024_2_df_row.nc
080/0037785_2024_2_df_row.nc
080/0037788_2024_2_df_row.nc
080/0037790_2024_2_df_row.nc
080/0037792_2024_2_df_row.nc
080/0037794_2024_2_df_row.nc
080/0037795_2024_2_df_row.nc
080/0037796_2024_2_df_row.nc
080/0037802_2024_2_df_row.nc
080/0037805_2024_2_df_row.nc
080/0037806_2024_2_df_row.nc
080/0037807_2024_2_df_row.nc
080/0037808_2024_2_df_row.nc
080/0037813_2024_2_df_row.nc
080/0037815_2024_2_df_row.nc
080/0037818_2024_2_df_row.nc
080/0037822_2024_2_df_row.nc
080/0037826_2024_2_df_row.nc
080/0037830_2024_2_df_row.nc
080/0037833_2024_2_df_row.nc
080/0037835_2024_2_df_row.nc
080/0037838_2024_2_df_row.nc
080/0037839_2024_2_df_row.nc
080/0037841_2024_2_df_row.nc
080/0037844_2024_2_df_row.nc
080/0037845_2024_2_df_row.nc
080/0037846_2024_2_df_row.nc
080/0037848_2024_2_df_row.nc
080/0037849_2024_2_df_row.nc
080/0037850_2024_2_df_row.nc
080/0037851_2024_2_df_row.nc
080/0037853_2024_2_df_row.nc
080/0037854_2024_2_df_row.nc
080/0037857_2024_2_df_row.nc
080/0037858_2024_2_df_row.nc
080/0037860_2024_2_df_row.nc
080/0037861_2024_2_df_row.nc
080/0037862_2024_2_df_row.nc
080/0037864_2024_2_df_row.nc
080/0037865_2024_2_df_row.nc
080/0037867_2024_2_df_row.nc
080/0037871_2024_2_df_row.nc
080/0037872_2024_2_df_row.nc
080/0037876_2024_2_df_row.nc
080/0037877_2024_2_df_row.nc
080/0037880_2024_2_df_row.nc
080/0037881_2024_2_df_row.nc
080/0037882_2024_2_df_row.nc
080/0037885_2024_2_df_row.nc
080/0037886_2024_2_df_row.nc
080/0037887_2024_2_df_row.nc
080/0037889_2024_2_df_row.nc
080/0037893_2024_2_df_row.nc
080/0037898_2024_2_df_row.nc
080/0037901_2024_2_df_row.nc
080/0037905_2024_2_df_row.nc
080/0037906_2024_2_df_row.nc
080/0037908_2024_2_df_row.nc
080/0037909_2024_2_df_row.nc
080/0037911_2024_2_df_row.nc
080/0037914_2024_2_df_row.nc
080/0037915_2024_2_df_row.nc
080/0037916_2024_2_df_row.nc
080/0037917_2024_2_df_row.nc
080/0037918_2024_2_df_row.nc
080/0037919_2024_2_df_row.nc
All done with compression. Removing /cluster/tufts/capstone25skyblue/eelkus01/NEXRADTurbulencePrediction/model_inputs/080 directory
Deactivating conda environment (if any)
Purging all modules
Done! Environment has been torn down
All done!
