Resetting environment
Deactivating conda environment (if any)
Purging all modules
Done! Environment has been torn down
Allocating resources with slurm...
Loading cuda and miniforge...
Activating conda environment...
Redirecting into the NEXRAD repo...
Done! Environment has now been set up
Operating on 060
Making directory /cluster/tufts/capstone25skyblue/eelkus01/NEXRADTurbulencePrediction/model_inputs/060
Running radar_data_to_model_input on /cluster/tufts/capstone25skyblue/eelkus01/NEXRADTurbulencePrediction/radars/split_radar_data/part_060.csv
================================================================================
SCRIPT STARTED: radar_data_to_model_input.py
================================================================================
Python executable: /cluster/tufts/capstone25skyblue/condaenv26/nexrad_env/bin/python3
Python version: 3.12.12 | packaged by conda-forge | (main, Jan 26 2026, 23:51:32) [GCC 14.3.0]
Current working directory: /cluster/tufts/capstone25skyblue/eelkus01/NEXRADTurbulencePrediction
Number of arguments: 3
Arguments received: ['/cluster/tufts/capstone25skyblue/eelkus01/NEXRADTurbulencePrediction/radars/radar_data_to_model_input.py', '/cluster/tufts/capstone25skyblue/eelkus01/NEXRADTurbulencePrediction/radars/split_radar_data/part_060.csv', '/cluster/tufts/capstone25skyblue/eelkus01/NEXRADTurbulencePrediction/model_inputs/060']
Input file: /cluster/tufts/capstone25skyblue/eelkus01/NEXRADTurbulencePrediction/radars/split_radar_data/part_060.csv
Input file exists: True
Output directory: /cluster/tufts/capstone25skyblue/eelkus01/NEXRADTurbulencePrediction/model_inputs/060
Output directory exists: True
================================================================================

Reading from file: /cluster/tufts/capstone25skyblue/eelkus01/NEXRADTurbulencePrediction/radars/split_radar_data/part_060.csv and outputting to directory: /cluster/tufts/capstone25skyblue/eelkus01/NEXRADTurbulencePrediction/model_inputs/060
Completed 5% of df
Completed 10% of df
Completed 15% of df
Completed 20% of df
Completed 25% of df
Completed 30% of df
Completed 35% of df
Completed 40% of df
Completed 45% of df
Completed 50% of df
Completed 55% of df
Completed 60% of df
Completed 65% of df
Completed 70% of df
Completed 75% of df
Completed 80% of df
Completed 85% of df
Completed 90% of df
Completed 95% of df
Completed 100% of df
Finished running radar_data_to_model_input.py on part! Compressing output directory into /cluster/tufts/capstone25skyblue/eelkus01/NEXRADTurbulencePrediction/model_inputs/compressed/060.tar.xz
060/
060/0027966_2024_2_df_row.nc
060/0027967_2024_2_df_row.nc
060/0027968_2024_2_df_row.nc
060/0027972_2024_2_df_row.nc
060/0027973_2024_2_df_row.nc
060/0027974_2024_2_df_row.nc
060/0027977_2024_2_df_row.nc
060/0027979_2024_2_df_row.nc
060/0027982_2024_2_df_row.nc
060/0027988_2024_2_df_row.nc
060/0027989_2024_2_df_row.nc
060/0027999_2024_2_df_row.nc
060/0028000_2024_2_df_row.nc
060/0028002_2024_2_df_row.nc
060/0028004_2024_2_df_row.nc
060/0028007_2024_2_df_row.nc
060/0028009_2024_2_df_row.nc
060/0028010_2024_2_df_row.nc
060/0028012_2024_2_df_row.nc
060/0028014_2024_2_df_row.nc
060/0028015_2024_2_df_row.nc
060/0028020_2024_2_df_row.nc
060/0028023_2024_2_df_row.nc
060/0028024_2024_2_df_row.nc
060/0028025_2024_2_df_row.nc
060/0028026_2024_2_df_row.nc
060/0028038_2024_2_df_row.nc
060/0028039_2024_2_df_row.nc
060/0028046_2024_2_df_row.nc
060/0028048_2024_2_df_row.nc
060/0028049_2024_2_df_row.nc
060/0028050_2024_2_df_row.nc
060/0028051_2024_2_df_row.nc
060/0028052_2024_2_df_row.nc
060/0028054_2024_2_df_row.nc
060/0028055_2024_2_df_row.nc
060/0028056_2024_2_df_row.nc
060/0028057_2024_2_df_row.nc
060/0028060_2024_2_df_row.nc
060/0028062_2024_2_df_row.nc
060/0028063_2024_2_df_row.nc
060/0028065_2024_2_df_row.nc
060/0028067_2024_2_df_row.nc
060/0028075_2024_2_df_row.nc
060/0028076_2024_2_df_row.nc
060/0028077_2024_2_df_row.nc
060/0028081_2024_2_df_row.nc
060/0028088_2024_2_df_row.nc
060/0028089_2024_2_df_row.nc
060/0028090_2024_2_df_row.nc
060/0028093_2024_2_df_row.nc
060/0028094_2024_2_df_row.nc
060/0028100_2024_2_df_row.nc
060/0028103_2024_2_df_row.nc
060/0028108_2024_2_df_row.nc
060/0028109_2024_2_df_row.nc
060/0028112_2024_2_df_row.nc
060/0028115_2024_2_df_row.nc
060/0028117_2024_2_df_row.nc
060/0028118_2024_2_df_row.nc
060/0028119_2024_2_df_row.nc
060/0028123_2024_2_df_row.nc
060/0028124_2024_2_df_row.nc
060/0028126_2024_2_df_row.nc
060/0028127_2024_2_df_row.nc
060/0028131_2024_2_df_row.nc
060/0028134_2024_2_df_row.nc
060/0028136_2024_2_df_row.nc
060/0028141_2024_2_df_row.nc
060/0028147_2024_2_df_row.nc
060/0028149_2024_2_df_row.nc
060/0028150_2024_2_df_row.nc
060/0028153_2024_2_df_row.nc
060/0028155_2024_2_df_row.nc
060/0028156_2024_2_df_row.nc
060/0028158_2024_2_df_row.nc
060/0028160_2024_2_df_row.nc
060/0028161_2024_2_df_row.nc
060/0028164_2024_2_df_row.nc
060/0028165_2024_2_df_row.nc
060/0028166_2024_2_df_row.nc
060/0028167_2024_2_df_row.nc
060/0028172_2024_2_df_row.nc
060/0028173_2024_2_df_row.nc
060/0028175_2024_2_df_row.nc
060/0028177_2024_2_df_row.nc
060/0028182_2024_2_df_row.nc
060/0028189_2024_2_df_row.nc
060/0028190_2024_2_df_row.nc
060/0028192_2024_2_df_row.nc
060/0028193_2024_2_df_row.nc
060/0028194_2024_2_df_row.nc
060/0028195_2024_2_df_row.nc
060/0028197_2024_2_df_row.nc
060/0028199_2024_2_df_row.nc
060/0028201_2024_2_df_row.nc
060/0028202_2024_2_df_row.nc
060/0028205_2024_2_df_row.nc
060/0028206_2024_2_df_row.nc
060/0028207_2024_2_df_row.nc
060/0028208_2024_2_df_row.nc
060/0028209_2024_2_df_row.nc
060/0028210_2024_2_df_row.nc
060/0028213_2024_2_df_row.nc
060/0028215_2024_2_df_row.nc
060/0028217_2024_2_df_row.nc
060/0028219_2024_2_df_row.nc
060/0028220_2024_2_df_row.nc
060/0028222_2024_2_df_row.nc
060/0028224_2024_2_df_row.nc
060/0028226_2024_2_df_row.nc
060/0028227_2024_2_df_row.nc
060/0028229_2024_2_df_row.nc
060/0028230_2024_2_df_row.nc
060/0028232_2024_2_df_row.nc
060/0028234_2024_2_df_row.nc
060/0028239_2024_2_df_row.nc
060/0028240_2024_2_df_row.nc
060/0028242_2024_2_df_row.nc
060/0028249_2024_2_df_row.nc
060/0028250_2024_2_df_row.nc
060/0028251_2024_2_df_row.nc
060/0028262_2024_2_df_row.nc
060/0028263_2024_2_df_row.nc
060/0028268_2024_2_df_row.nc
060/0028269_2024_2_df_row.nc
060/0028271_2024_2_df_row.nc
060/0028277_2024_2_df_row.nc
060/0028279_2024_2_df_row.nc
060/0028282_2024_2_df_row.nc
060/0028286_2024_2_df_row.nc
060/0028288_2024_2_df_row.nc
060/0028289_2024_2_df_row.nc
060/0028290_2024_2_df_row.nc
060/0028291_2024_2_df_row.nc
060/0028292_2024_2_df_row.nc
060/0028298_2024_2_df_row.nc
060/0028300_2024_2_df_row.nc
060/0028304_2024_2_df_row.nc
060/0028306_2024_2_df_row.nc
060/0028307_2024_2_df_row.nc
060/0028309_2024_2_df_row.nc
060/0028310_2024_2_df_row.nc
060/0028313_2024_2_df_row.nc
060/0028315_2024_2_df_row.nc
060/0028316_2024_2_df_row.nc
060/0028318_2024_2_df_row.nc
060/0028322_2024_2_df_row.nc
060/0028323_2024_2_df_row.nc
060/0028325_2024_2_df_row.nc
060/0028327_2024_2_df_row.nc
060/0028329_2024_2_df_row.nc
060/0028330_2024_2_df_row.nc
060/0028332_2024_2_df_row.nc
060/0028333_2024_2_df_row.nc
060/0028335_2024_2_df_row.nc
060/0028337_2024_2_df_row.nc
060/0028338_2024_2_df_row.nc
060/0028339_2024_2_df_row.nc
060/0028345_2024_2_df_row.nc
060/0028348_2024_2_df_row.nc
060/0028351_2024_2_df_row.nc
060/0028358_2024_2_df_row.nc
060/0028361_2024_2_df_row.nc
060/0028364_2024_2_df_row.nc
060/0028368_2024_2_df_row.nc
060/0028375_2024_2_df_row.nc
060/0028377_2024_2_df_row.nc
060/0028379_2024_2_df_row.nc
060/0028380_2024_2_df_row.nc
060/0028381_2024_2_df_row.nc
060/0028383_2024_2_df_row.nc
060/0028385_2024_2_df_row.nc
060/0028393_2024_2_df_row.nc
060/0028394_2024_2_df_row.nc
060/0028395_2024_2_df_row.nc
060/0028398_2024_2_df_row.nc
060/0028400_2024_2_df_row.nc
060/0028401_2024_2_df_row.nc
060/0028407_2024_2_df_row.nc
060/0028409_2024_2_df_row.nc
060/0028413_2024_2_df_row.nc
060/0028416_2024_2_df_row.nc
060/0028418_2024_2_df_row.nc
060/0028421_2024_2_df_row.nc
060/0028422_2024_2_df_row.nc
060/0028423_2024_2_df_row.nc
060/0028427_2024_2_df_row.nc
060/0028428_2024_2_df_row.nc
060/0028429_2024_2_df_row.nc
060/0028430_2024_2_df_row.nc
060/0028432_2024_2_df_row.nc
060/0028438_2024_2_df_row.nc
All done with compression. Removing /cluster/tufts/capstone25skyblue/eelkus01/NEXRADTurbulencePrediction/model_inputs/060 directory
Deactivating conda environment (if any)
Purging all modules
Done! Environment has been torn down
All done!
